
> focus-flow@0.1.0 build
> next build

Γû▓ Next.js 16.1.6 (Turbopack)

  Creating an optimized production build ...
npm : 
At line:1 char:1
+ npm run build > buil
d_output.txt 2>&1
+ ~~~~~~~~~~~~~~~~~~~~
~~~~~~~~~~~~~~~~~
    + CategoryInfo    
          : NotSpeci  
  fied: (:String) [   
 ], RemoteExceptio    
n
    + FullyQualifiedE 
   rrorId : NativeCo  
  mmandError
 
> Build error occurred
Error: Turbopack build
 failed with 2 errors:
./node_modules/@tensor
flow-models/face-landm
arks-detection/dist/fa
ce-landmarks-detection
.esm.js:17:1
Export FaceMesh doesn'
t exist in target modu
le
[0m [90m 15 |[39m 
[90m    * ============
======================
======================
=====================
[39m
 [90m 16 |[39m [90m
    */[39m
[31m[1m>[22m[39m[
90m 17 |[39m [36mimp
ort[39m[33m*[39m[3
6mas[39m t [36mfrom
[39m[32m"@mediapipe/f
ace_mesh"[39m[33m;[
39m[36mimport[39m[3
3m*[39m[36mas[39m e
 [36mfrom[39m[32m"@
tensorflow/tfjs-core"
[39m[33m;[39m[36mim
port[39m{[33mTensor
[39m [36mas[39m n[3
3m,[39mbrowser [36ma
s[39m r[33m,[39mten
sor1d [36mas[39m i[
33m,[39mdispose [36m
as[39m o[33m,[39mte
nsor2d [36mas[39m a
[33m,[39mimage [36ma
s[39m u[33m,[39mtid
y [36mas[39m s[33m,
[39mcast [36mas[39m
 c[33m,[39msqueeze 
[36mas[39m h[33m,[3
9mexpandDims [36mas[
39m l[33m,[39mslice 
[36mas[39m f[33m,[
39madd [36mas[39m d
[33m,[39mmul [36mas
[39m p[33m,[39mdiv 
[36mas[39m g[33m,[3
9mexp [36mas[39m v[
33m,[39msub [36mas[
39m m[33m,[39mconcat
 [36mas[39m y[33m,
[39mreshape [36mas[3
9m w[33m,[39mclipByV
alue [36mas[39m b[3
3m,[39msigmoid [36ma
s[39m x[33m,[39muti
l [36mas[39m [33mM
[39m}[36mfrom[39m[3
2m"@tensorflow/tfjs-co
re"[39m[33m;[39m[3
6mimport[39m[33m*[3
9m[36mas[39m [33mA
[39m [36mfrom[39m[3
2m"@tensorflow/tfjs-co
nverter"[39m[33m;[3
9m[36mimport[39m{loa
dGraphModel [36mas[3
9m [33mT[39m}[36mfr
om[39m[32m"@tensorfl
ow/tfjs-converter"[39
m[33m;[39m[36mvar[
39m [33mE[39m[33m=
[39m[36mfunction[39m
(){[36mreturn[39m [
33mE[39m[33m=[39m[
33mObject[39m[33m.[
39massign[33m||[39m
[36mfunction[39m(t){
[36mfor[39m([36mvar
[39m e[33m,[39mn[33
m=[39m[35m1[39m[33
m,[39mr[33m=[39marg
uments[33m.[39mlengt
h[33m;[39mn[33m<[3
9m[33mr[39m[33m;[3
9mn[33m++[39m)[36mf
or[39m([36mvar[39m 
i [36min[39m e[33m=
[39marguments[n])[33
mObject[39m[33m.[39
mprototype[33m.[39mh
asOwnProperty[33m.[3
9mcall(e[33m,[39mi)
[33m&&[39m(t[i][33m=
[39me[i])[33m;[39m
[36mreturn[39m t}[33
m,[39m[33mE[39m[33
m.[39mapply([36mthis
[39m[33m,[39margume
nts)}[33m;[39m[36mf
unction[39m [33mS[3
9m(t[33m,[39me[33m,
[39mn[33m,[39mr){[
36mreturn[39m [36mne
w[39m(n[33m||[39m(n
[33m=[39m[33mPromis
e[39m))(([36mfunctio
n[39m(i[33m,[39mo){
[36mfunction[39m a(t
){[36mtry[39m{s(r[3
3m.[39mnext(t))}[36m
catch[39m(t){o(t)}}[
36mfunction[39m u(t){
[36mtry[39m{s(r[33m
.[39m[36mthrow[39m(
t))}[36mcatch[39m(t)
{o(t)}}[36mfunction[
39m s(t){[36mvar[39m
 e[33m;[39mt[33m.[
39mdone[33m?[39mi(t
[33m.[39mvalue)[33m:
[39m(e[33m=[39mt[3
3m.[39mvalue[33m,[3
9me [36minstanceof[3
9m n[33m?[39me[33m:
[39m[36mnew[39m n((
[36mfunction[39m(t){
t(e)})))[33m.[39mthe
n(a[33m,[39mu)}s((r
[33m=[39mr[33m.[39m
apply(t[33m,[39me[3
3m||[39m[]))[33m.[3
9mnext())}))}[36mfunc
tion[39m [33mF[39m(
t[33m,[39me){[36mva
r[39m n[33m,[39mr[
33m,[39mi[33m,[39mo
[33m,[39ma[33m=[39
m{label[33m:[39m[35
m0[39m[33m,[39msent
[33m:[39m[36mfuncti
on[39m(){[36mif[39m
([35m1[39m[33m&[39
mi[[35m0[39m])[36mt
hrow[39m i[[35m1[39
m][33m;[39m[36mretu
rn[39m i[[35m1[39m]
}[33m,[39mtrys[33m:
[39m[][33m,[39mops
[33m:[39m[]}[33m;[3
9m[36mreturn[39m o[
33m=[39m{next[33m:[
39mu([35m0[39m)[33m
,[39m[36mthrow[39m
[33m:[39mu([35m1[39
m)[33m,[39m[36mretu
rn[39m[33m:[39mu([
35m2[39m)}[33m,[39m
[32m"function"[39m[
33m==[39m[36mtypeof
[39m [33mSymbol[39m
[33m&&[39m(o[[33mSym
bol[39m[33m.[39mite
rator][33m=[39m[36m
function[39m(){[36mr
eturn[39m [36mthis[
39m})[33m,[39mo[33m
;[39m[36mfunction[3
9m u(o){[36mreturn[3
9m [36mfunction[39m(
u){[36mreturn[39m [
36mfunction[39m(o){[
36mif[39m(n)[36mthro
w[39m [36mnew[39m 
[33mTypeError[39m([3
2m"Generator is alread
y executing."[39m)[3
3m;[39m[36mfor[39m(
[33m;[39ma[33m;[39
m)[36mtry[39m{[36mi
f[39m(n[33m=[39m[3
5m1[39m[33m,[39mr[
33m&&[39m(i[33m=[39
m[35m2[39m[33m&[39
mo[[35m0[39m][33m?
[39mr[33m.[39m[36mr
eturn[39m[33m:[39mo
[[35m0[39m][33m?[3
9mr[33m.[39m[36mthr
ow[39m[33m||[39m((i
[33m=[39mr[33m.[39
m[36mreturn[39m)[33
m&&[39mi[33m.[39mca
ll(r)[33m,[39m[35m0
[39m)[33m:[39mr[33
m.[39mnext)[33m&&[3
9m[33m![39m(i[33m=
[39mi[33m.[39mcall(r
[33m,[39mo[[35m1[3
9m]))[33m.[39mdone)
[36mreturn[39m i[33m
;[39m[36mswitch[39m
(r[33m=[39m[35m0[3
9m[33m,[39mi[33m&&
[39m(o[33m=[39m[[35
m2[39m[33m&[39mo[[
35m0[39m][33m,[39mi
[33m.[39mvalue])[33
m,[39mo[[35m0[39m])
{[36mcase[39m [35m0
[39m[33m:[39m[36mc
ase[39m [35m1[39m[
33m:[39mi[33m=[39mo
[33m;[39m[36mbreak
[39m[33m;[39m[36mca
se[39m [35m4[39m[3
3m:[39m[36mreturn[3
9m a[33m.[39mlabel[
33m++[39m[33m,[39m{
value[33m:[39mo[[35
m1[39m][33m,[39mdon
e[33m:[39m[33m![39
m[35m1[39m}[33m;[3
9m[36mcase[39m [35m
5[39m[33m:[39ma[33
m.[39mlabel[33m++[3
9m[33m,[39mr[33m=[
39mo[[35m1[39m][33m
,[39mo[33m=[39m[[3
5m0[39m][33m;[39m[
36mcontinue[39m[33m;
[39m[36mcase[39m [
35m7[39m[33m:[39mo
[33m=[39ma[33m.[39m
ops[33m.[39mpop()[3
3m,[39ma[33m.[39mtr
ys[33m.[39mpop()[33
m;[39m[36mcontinue[
39m[33m;[39m[36mdef
ault[39m[33m:[39m[
36mif[39m([33m![39m
(i[33m=[39ma[33m.[
39mtrys[33m,[39m(i[
33m=[39mi[33m.[39ml
ength[33m>[39m[35m0
[39m[33m&&[39mi[i[
33m.[39mlength[33m-
[39m[35m1[39m])[33m
||[39m[35m6[39m[33
m!==[39mo[[35m0[39m
][33m&&[39m[35m2[3
9m[33m!==[39mo[[35m
0[39m])){a[33m=[39m
[35m0[39m[33m;[39m
[36mcontinue[39m}[3
6mif[39m([35m3[39m
[33m===[39mo[[35m0[
39m][33m&&[39m([33m
![39mi[33m||[39mo[
[35m1[39m][33m>[39m
i[[35m0[39m][33m&&
[39mo[[35m1[39m][33
m<[39m[33mi[39m[[3
5m3[39m])){a[33m.[3
9mlabel[33m=[39mo[[
35m1[39m][33m;[39m
[36mbreak[39m}[36mif
[39m([35m6[39m[33m
===[39mo[[35m0[39m]
[33m&&[39ma[33m.[3
9mlabel[33m<[39m[33
mi[39m[[35m1[39m]){
a[33m.[39mlabel[33m
=[39mi[[35m1[39m][
33m,[39mi[33m=[39mo
[33m;[39m[36mbreak
[39m}[36mif[39m(i[3
3m&&[39ma[33m.[39ml
abel[33m<[39m[33mi
[39m[[35m2[39m]){a[
33m.[39mlabel[33m=[
39mi[[35m2[39m][33m
,[39ma[33m.[39mops
[33m.[39mpush(o)[33m
;[39m[36mbreak[39m}
i[[35m2[39m][33m&&
[39ma[33m.[39mops[3
3m.[39mpop()[33m,[3
9ma[33m.[39mtrys[33
m.[39mpop()[33m;[39
m[36mcontinue[39m}o
[33m=[39me[33m.[39m
call(t[33m,[39ma)}[
36mcatch[39m(t){o[33
m=[39m[[35m6[39m[3
3m,[39mt][33m,[39mr
[33m=[39m[35m0[39m
}[36mfinally[39m{n[
33m=[39mi[33m=[39m
[35m0[39m}[36mif[39
m([35m5[39m[33m&[3
9mo[[35m0[39m])[36m
throw[39m o[[35m1[3
9m][33m;[39m[36mret
urn[39m{value[33m:[
39mo[[35m0[39m][33m
?[39mo[[35m1[39m][
33m:[39m[36mvoid[39
m [35m0[39m[33m,[3
9mdone[33m:[39m[33m
![39m[35m0[39m}}([o
[33m,[39mu])}}}[36m
function[39m [33mC[
39m(t){[36mvar[39m e
[33m=[39mt[33m.[39
mmap(([36mfunction[3
9m(t){[36mreturn[39m
 t[[35m0[39m]}))[33
m;[39m[36mreturn[39
m e[33m.[39mpush(t[t
[33m.[39mlength[33m
-[39m[35m1[39m][[3
5m1[39m])[33m,[39me
}[36mvar[39m [33mO
[39m[33m=[39m{lips[
33m:[39m[33mC[39m([
[[35m61[39m[33m,[3
9m[35m146[39m][33m,
[39m[[35m146[39m[3
3m,[39m[35m91[39m]
[33m,[39m[[35m91[39
m[33m,[39m[35m181[
39m][33m,[39m[[35m1
81[39m[33m,[39m[35
m84[39m][33m,[39m[
[35m84[39m[33m,[39m
[35m17[39m][33m,[3
9m[[35m17[39m[33m,
[39m[35m314[39m][33
m,[39m[[35m314[39m
[33m,[39m[35m405[39
m][33m,[39m[[35m405
[39m[33m,[39m[35m3
21[39m][33m,[39m[[
35m321[39m[33m,[39m
[35m375[39m][33m,[
39m[[35m375[39m[33m
,[39m[35m291[39m][
33m,[39m[[35m61[39m
[33m,[39m[35m185[3
9m][33m,[39m[[35m18
5[39m[33m,[39m[35m
40[39m][33m,[39m[[
35m40[39m[33m,[39m
[35m39[39m][33m,[39
m[[35m39[39m[33m,[
39m[35m37[39m][33m,
[39m[[35m37[39m[33
m,[39m[35m0[39m][3
3m,[39m[[35m0[39m[
33m,[39m[35m267[39m
][33m,[39m[[35m267
[39m[33m,[39m[35m26
9[39m][33m,[39m[[3
5m269[39m[33m,[39m
[35m270[39m][33m,[3
9m[[35m270[39m[33m,
[39m[35m409[39m][3
3m,[39m[[35m409[39m
[33m,[39m[35m291[3
9m][33m,[39m[[35m78
[39m[33m,[39m[35m9
5[39m][33m,[39m[[3
5m95[39m[33m,[39m[
35m88[39m][33m,[39m
[[35m88[39m[33m,[3
9m[35m178[39m][33m,
[39m[[35m178[39m[3
3m,[39m[35m87[39m]
[33m,[39m[[35m87[39
m[33m,[39m[35m14[3
9m][33m,[39m[[35m14
[39m[33m,[39m[35m3
17[39m][33m,[39m[[
35m317[39m[33m,[39m
[35m402[39m][33m,[
39m[[35m402[39m[33m
,[39m[35m318[39m][
33m,[39m[[35m318[39
m[33m,[39m[35m324[
39m][33m,[39m[[35m3
24[39m[33m,[39m[35
m308[39m][33m,[39m[
[35m78[39m[33m,[39
m[35m191[39m][33m,
[39m[[35m191[39m[33
m,[39m[35m80[39m][
33m,[39m[[35m80[39m
[33m,[39m[35m81[39
m][33m,[39m[[35m81
[39m[33m,[39m[35m82
[39m][33m,[39m[[35
m82[39m[33m,[39m[3
5m13[39m][33m,[39m[
[35m13[39m[33m,[39
m[35m312[39m][33m,
[39m[[35m312[39m[33
m,[39m[35m311[39m]
[33m,[39m[[35m311[3
9m[33m,[39m[35m310
[39m][33m,[39m[[35m
310[39m[33m,[39m[3
5m415[39m][33m,[39m
[[35m415[39m[33m,[
39m[35m308[39m]])[3
3m,[39mleftEye[33m:
[39m[33mC[39m([[[35
m263[39m[33m,[39m[
35m249[39m][33m,[39
m[[35m249[39m[33m,
[39m[35m390[39m][33
m,[39m[[35m390[39m
[33m,[39m[35m373[39
m][33m,[39m[[35m373
[39m[33m,[39m[35m3
74[39m][33m,[39m[[
35m374[39m[33m,[39m
[35m380[39m][33m,[
39m[[35m380[39m[33m
,[39m[35m381[39m][
33m,[39m[[35m381[39
m[33m,[39m[35m382[
39m][33m,[39m[[35m3
82[39m[33m,[39m[35
m362[39m][33m,[39m[
[35m263[39m[33m,[3
9m[35m466[39m][33m,
[39m[[35m466[39m[3
3m,[39m[35m388[39m]
[33m,[39m[[35m388[
39m[33m,[39m[35m387
[39m][33m,[39m[[35
m387[39m[33m,[39m[
35m386[39m][33m,[39
m[[35m386[39m[33m,
[39m[35m385[39m][33
m,[39m[[35m385[39m
[33m,[39m[35m384[39
m][33m,[39m[[35m384
[39m[33m,[39m[35m3
98[39m][33m,[39m[[
35m398[39m[33m,[39m
[35m362[39m]])[33m,
[39mleftEyebrow[33m:
[39m[33mC[39m([[[3
5m276[39m[33m,[39m
[35m283[39m][33m,[3
9m[[35m283[39m[33m,
[39m[35m282[39m][3
3m,[39m[[35m282[39m
[33m,[39m[35m295[3
9m][33m,[39m[[35m29
5[39m[33m,[39m[35m
285[39m][33m,[39m[
[35m300[39m[33m,[39
m[35m293[39m][33m,
[39m[[35m293[39m[33
m,[39m[35m334[39m]
[33m,[39m[[35m334[3
9m[33m,[39m[35m296
[39m][33m,[39m[[35m
296[39m[33m,[39m[3
5m336[39m]])[33m,[3
9mleftIris[33m:[39m
[33mC[39m([[[35m474
[39m[33m,[39m[35m47
5[39m][33m,[39m[[3
5m475[39m[33m,[39m
[35m476[39m][33m,[3
9m[[35m476[39m[33m,
[39m[35m477[39m][3
3m,[39m[[35m477[39m
[33m,[39m[35m474[3
9m]])[33m,[39mrightE
ye[33m:[39m[33mC[3
9m([[[35m33[39m[33m
,[39m[35m7[39m][33
m,[39m[[35m7[39m[3
3m,[39m[35m163[39m]
[33m,[39m[[35m163[
39m[33m,[39m[35m144
[39m][33m,[39m[[35
m144[39m[33m,[39m[
35m145[39m][33m,[39
m[[35m145[39m[33m,
[39m[35m153[39m][33
m,[39m[[35m153[39m
[33m,[39m[35m154[39
m][33m,[39m[[35m154
[39m[33m,[39m[35m1
55[39m][33m,[39m[[
35m155[39m[33m,[39m
[35m133[39m][33m,[
39m[[35m33[39m[33m,
[39m[35m246[39m][3
3m,[39m[[35m246[39m
[33m,[39m[35m161[3
9m][33m,[39m[[35m16
1[39m[33m,[39m[35m
160[39m][33m,[39m[
[35m160[39m[33m,[39
m[35m159[39m][33m,
[39m[[35m159[39m[33
m,[39m[35m158[39m]
[33m,[39m[[35m158[3
9m[33m,[39m[35m157
[39m][33m,[39m[[35m
157[39m[33m,[39m[3
5m173[39m][33m,[39m
[[35m173[39m[33m,[
39m[35m133[39m]])[3
3m,[39mrightEyebrow[
33m:[39m[33mC[39m([
[[35m46[39m[33m,[3
9m[35m53[39m][33m,
[39m[[35m53[39m[33m
,[39m[35m52[39m][3
3m,[39m[[35m52[39m
[33m,[39m[35m65[39m
][33m,[39m[[35m65[
39m[33m,[39m[35m55
[39m][33m,[39m[[35m
70[39m[33m,[39m[35
m63[39m][33m,[39m[
[35m63[39m[33m,[39m
[35m105[39m][33m,[
39m[[35m105[39m[33m
,[39m[35m66[39m][3
3m,[39m[[35m66[39m
[33m,[39m[35m107[39
m]])[33m,[39mrightIr
is[33m:[39m[33mC[3
9m([[[35m469[39m[33
m,[39m[35m470[39m]
[33m,[39m[[35m470[3
9m[33m,[39m[35m471
[39m][33m,[39m[[35m
471[39m[33m,[39m[3
5m472[39m][33m,[39m
[[35m472[39m[33m,[
39m[35m469[39m]])[3
3m,[39mfaceOval[33m:
[39m[33mC[39m([[[3
5m10[39m[33m,[39m[
35m338[39m][33m,[39
m[[35m338[39m[33m,
[39m[35m297[39m][33
m,[39m[[35m297[39m
[33m,[39m[35m332[39
m][33m,[39m[[35m332
[39m[33m,[39m[35m2
84[39m][33m,[39m[[
35m284[39m[33m,[39m
[35m251[39m][33m,[
39m[[35m251[39m[33m
,[39m[35m389[39m][
33m,[39m[[35m389[39
m[33m,[39m[35m356[
39m][33m,[39m[[35m3
56[39m[33m,[39m[35
m454[39m][33m,[39m[
[35m454[39m[33m,[3
9m[35m323[39m][33m,
[39m[[35m323[39m[3
3m,[39m[35m361[39m]
[33m,[39m[[35m361[
39m[33m,[39m[35m288
[39m][33m,[39m[[35
m288[39m[33m,[39m[
35m397[39m][33m,[39
m[[35m397[39m[33m,
[39m[35m365[39m][33
m,[39m[[35m365[39m
[33m,[39m[35m379[39
m][33m,[39m[[35m379
[39m[33m,[39m[35m3
78[39m][33m,[39m[[
35m378[39m[33m,[39m
[35m400[39m][33m,[
39m[[35m400[39m[33m
,[39m[35m377[39m][
33m,[39m[[35m377[39
m[33m,[39m[35m152[
39m][33m,[39m[[35m1
52[39m[33m,[39m[35
m148[39m][33m,[39m[
[35m148[39m[33m,[3
9m[35m176[39m][33m,
[39m[[35m176[39m[3
3m,[39m[35m149[39m]
[33m,[39m[[35m149[
39m[33m,[39m[35m150
[39m][33m,[39m[[35
m150[39m[33m,[39m[
35m136[39m][33m,[39
m[[35m136[39m[33m,
[39m[35m172[39m][33
m,[39m[[35m172[39m
[33m,[39m[35m58[39m
][33m,[39m[[35m58[
39m[33m,[39m[35m132
[39m][33m,[39m[[35
m132[39m[33m,[39m[
35m93[39m][33m,[39m
[[35m93[39m[33m,[3
9m[35m234[39m][33m,
[39m[[35m234[39m[3
3m,[39m[35m127[39m]
[33m,[39m[[35m127[
39m[33m,[39m[35m162
[39m][33m,[39m[[35
m162[39m[33m,[39m[
35m21[39m][33m,[39m
[[35m21[39m[33m,[3
9m[35m54[39m][33m,
[39m[[35m54[39m[33m
,[39m[35m103[39m][
33m,[39m[[35m103[39
m[33m,[39m[35m67[3
9m][33m,[39m[[35m67
[39m[33m,[39m[35m1
09[39m][33m,[39m[[
35m109[39m[33m,[39m
[35m10[39m]])}[33m,
[39m_[33m=[39m[[[3
5m127[39m[33m,[39m
[35m34[39m][33m,[39
m[[35m34[39m[33m,[
39m[35m139[39m][33m
,[39m[[35m139[39m[
33m,[39m[35m127[39m
][33m,[39m[[35m11[
39m[33m,[39m[35m0[
39m][33m,[39m[[35m0
[39m[33m,[39m[35m3
7[39m][33m,[39m[[3
5m37[39m[33m,[39m[
35m11[39m][33m,[39m
[[35m232[39m[33m,[
39m[35m231[39m][33m
,[39m[[35m231[39m[
33m,[39m[35m120[39m
][33m,[39m[[35m120
[39m[33m,[39m[35m23
2[39m][33m,[39m[[3
5m72[39m[33m,[39m[
35m37[39m][33m,[39m
[[35m37[39m[33m,[3
9m[35m39[39m][33m,
[39m[[35m39[39m[33m
,[39m[35m72[39m][3
3m,[39m[[35m128[39m
[33m,[39m[35m121[3
9m][33m,[39m[[35m12
1[39m[33m,[39m[35m
47[39m][33m,[39m[[
35m47[39m[33m,[39m
[35m128[39m][33m,[3
9m[[35m232[39m[33m,
[39m[35m121[39m][3
3m,[39m[[35m121[39m
[33m,[39m[35m128[3
9m][33m,[39m[[35m12
8[39m[33m,[39m[35m
232[39m][33m,[39m[
[35m104[39m[33m,[39
m[35m69[39m][33m,[
39m[[35m69[39m[33m,
[39m[35m67[39m][33
m,[39m[[35m67[39m[
33m,[39m[35m104[39m
][33m,[39m[[35m175
[39m[33m,[39m[35m17
1[39m][33m,[39m[[3
5m171[39m[33m,[39m
[35m148[39m][33m,[3
9m[[35m148[39m[33m,
[39m[35m175[39m][3
3m,[39m[[35m118[39m
[33m,[39m[35m50[39
m][33m,[39m[[35m50
[39m[33m,[39m[35m10
1[39m][33m,[39m[[3
5m101[39m[33m,[39m
[35m118[39m][33m,[3
9m[[35m73[39m[33m,
[39m[35m39[39m][33m
,[39m[[35m39[39m[3
3m,[39m[35m40[39m]
[33m,[39m[[35m40[39
m[33m,[39m[35m73[3
9m][33m,[39m[[35m9
[39m[33m,[39m[35m15
1[39m][33m,[39m[[3
5m151[39m[33m,[39m
[35m108[39m][33m,[3
9m[[35m108[39m[33m,
[39m[35m9[39m][33m
,[39m[[35m48[39m[3
3m,[39m[35m115[39m]
[33m,[39m[[35m115[
39m[33m,[39m[35m131
[39m][33m,[39m[[35
m131[39m[33m,[39m[
35m48[39m][33m,[39m
[[35m194[39m[33m,[
39m[35m204[39m][33m
,[39m[[35m204[39m[
33m,[39m[35m211[39m
][33m,[39m[[35m211
[39m[33m,[39m[35m19
4[39m][33m,[39m[[3
5m74[39m[33m,[39m[
35m40[39m][33m,[39m
[[35m40[39m[33m,[3
9m[35m185[39m][33m,
[39m[[35m185[39m[3
3m,[39m[35m74[39m]
[33m,[39m[[35m80[39
m[33m,[39m[35m42[3
9m][33m,[39m[[35m42
[39m[33m,[39m[35m1
83[39m][33m,[39m[[
35m183[39m[33m,[39m
[35m80[39m][33m,[3
9m[[35m40[39m[33m,
[39m[35m92[39m][33m
,[39m[[35m92[39m[3
3m,[39m[35m186[39m]
[33m,[39m[[35m186[
39m[33m,[39m[35m40
[39m][33m,[39m[[35m
230[39m[33m,[39m[3
5m229[39m][33m,[39m
[[35m229[39m[33m,[
39m[35m118[39m][33m
,[39m[[35m118[39m[
33m,[39m[35m230[39m
][33m,[39m[[35m202
[39m[33m,[39m[35m21
2[39m][33m,[39m[[3
5m212[39m[33m,[39m
[35m214[39m][33m,[3
9m[[35m214[39m[33m,
[39m[35m202[39m][3
3m,[39m[[35m83[39m
[33m,[39m[35m18[39m
][33m,[39m[[35m18[
39m[33m,[39m[35m17
[39m][33m,[39m[[35m
17[39m[33m,[39m[35
m83[39m][33m,[39m[
[35m76[39m[33m,[39m
[35m61[39m][33m,[3
9m[[35m61[39m[33m,
[39m[35m146[39m][33
m,[39m[[35m146[39m
[33m,[39m[35m76[39m
][33m,[39m[[35m160
[39m[33m,[39m[35m29
[39m][33m,[39m[[35
m29[39m[33m,[39m[3
5m30[39m][33m,[39m[
[35m30[39m[33m,[39
m[35m160[39m][33m,
[39m[[35m56[39m[33m
,[39m[35m157[39m][
33m,[39m[[35m157[39
m[33m,[39m[35m173[
39m][33m,[39m[[35m1
73[39m[33m,[39m[35
m56[39m][33m,[39m[
[35m106[39m[33m,[39
m[35m204[39m][33m,
[39m[[35m204[39m[33
m,[39m[35m194[39m]
[33m,[39m[[35m194[3
9m[33m,[39m[35m106
[39m][33m,[39m[[35m
135[39m[33m,[39m[3
5m214[39m][33m,[39m
[[35m214[39m[33m,[
39m[35m192[39m][33m
,[39m[[35m192[39m[
33m,[39m[35m135[39m
][33m,[39m[[35m203
[39m[33m,[39m[35m16
5[39m][33m,[39m[[3
5m165[39m[33m,[39m
[35m98[39m][33m,[39
m[[35m98[39m[33m,[
39m[35m203[39m][33m
,[39m[[35m21[39m[3
3m,[39m[35m71[39m]
[33m,[39m[[35m71[39
m[33m,[39m[35m68[3
9m][33m,[39m[[35m68
[39m[33m,[39m[35m2
1[39m][33m,[39m[[3
5m51[39m[33m,[39m[
35m45[39m][33m,[39m
[[35m45[39m[33m,[3
9m[35m4[39m][33m,[
39m[[35m4[39m[33m,
[39m[35m51[39m][33m
,[39m[[35m144[39m[
33m,[39m[35m24[39m]
[33m,[39m[[35m24[3
9m[33m,[39m[35m23[
39m][33m,[39m[[35m2
3[39m[33m,[39m[35m
144[39m][33m,[39m[
[35m77[39m[33m,[39m
[35m146[39m][33m,[
39m[[35m146[39m[33m
,[39m[35m91[39m][3
3m,[39m[[35m91[39m
[33m,[39m[35m77[39m
][33m,[39m[[35m205
[39m[33m,[39m[35m50
[39m][33m,[39m[[35
m50[39m[33m,[39m[3
5m187[39m][33m,[39m
[[35m187[39m[33m,[
39m[35m205[39m][33m
,[39m[[35m201[39m[
33m,[39m[35m200[39m
][33m,[39m[[35m200
[39m[33m,[39m[35m18
[39m][33m,[39m[[35
m18[39m[33m,[39m[3
5m201[39m][33m,[39m
[[35m91[39m[33m,[3
9m[35m106[39m][33m,
[39m[[35m106[39m[3
3m,[39m[35m182[39m]
[33m,[39m[[35m182[
39m[33m,[39m[35m91
[39m][33m,[39m[[35m
90[39m[33m,[39m[35
m91[39m][33m,[39m[
[35m91[39m[33m,[39m
[35m181[39m][33m,[
39m[[35m181[39m[33m
,[39m[35m90[39m][3
3m,[39m[[35m85[39m
[33m,[39m[35m84[39m
][33m,[39m[[35m84[
39m[33m,[39m[35m17
[39m][33m,[39m[[35m
17[39m[33m,[39m[35
m85[39m][33m,[39m[
[35m206[39m[33m,[39
m[35m203[39m][33m,
[39m[[35m203[39m[33
m,[39m[35m36[39m][
33m,[39m[[35m36[39m
[33m,[39m[35m206[3
9m][33m,[39m[[35m14
8[39m[33m,[39m[35m
171[39m][33m,[39m[
[35m171[39m[33m,[39
m[35m140[39m][33m,
[39m[[35m140[39m[33
m,[39m[35m148[39m]
[33m,[39m[[35m92[39
m[33m,[39m[35m40[3
9m][33m,[39m[[35m40
[39m[33m,[39m[35m3
9[39m][33m,[39m[[3
5m39[39m[33m,[39m[
35m92[39m][33m,[39m
[[35m193[39m[33m,[
39m[35m189[39m][33m
,[39m[[35m189[39m[
33m,[39m[35m244[39m
][33m,[39m[[35m244
[39m[33m,[39m[35m19
3[39m][33m,[39m[[3
5m159[39m[33m,[39m
[35m158[39m][33m,[3
9m[[35m158[39m[33m,
[39m[35m28[39m][33
m,[39m[[35m28[39m[
33m,[39m[35m159[39m
][33m,[39m[[35m247
[39m[33m,[39m[35m24
6[39m][33m,[39m[[3
5m246[39m[33m,[39m
[35m161[39m][33m,[3
9m[[35m161[39m[33m,
[39m[35m247[39m][3
3m,[39m[[35m236[39m
[33m,[39m[35m3[39m
][33m,[39m[[35m3[3
9m[33m,[39m[35m196
[39m][33m,[39m[[35m
196[39m[33m,[39m[3
5m236[39m][33m,[39m
[[35m54[39m[33m,[3
9m[35m68[39m][33m,
[39m[[35m68[39m[33m
,[39m[35m104[39m][
33m,[39m[[35m104[39
m[33m,[39m[35m54[3
9m][33m,[39m[[35m19
3[39m[33m,[39m[35m
168[39m][33m,[39m[
[35m168[39m[33m,[39
m[35m8[39m][33m,[3
9m[[35m8[39m[33m,[
39m[35m193[39m][33m
,[39m[[35m117[39m[
33m,[39m[35m228[39m
][33m,[39m[[35m228
[39m[33m,[39m[35m31
[39m][33m,[39m[[35
m31[39m[33m,[39m[3
5m117[39m][33m,[39m
[[35m189[39m[33m,[
39m[35m193[39m][33m
,[39m[[35m193[39m[
33m,[39m[35m55[39m]
[33m,[39m[[35m55[3
9m[33m,[39m[35m189
[39m][33m,[39m[[35m
98[39m[33m,[39m[35
m97[39m][33m,[39m[
[35m97[39m[33m,[39m
[35m99[39m][33m,[3
9m[[35m99[39m[33m,
[39m[35m98[39m][33m
,[39m[[35m126[39m[
33m,[39m[35m47[39m]
[33m,[39m[[35m47[3
9m[33m,[39m[35m100
[39m][33m,[39m[[35m
100[39m[33m,[39m[3
5m126[39m][33m,[39m
[[35m166[39m[33m,[
39m[35m79[39m][33m,
[39m[[35m79[39m[33
m,[39m[35m218[39m]
[33m,[39m[[35m218[3
9m[33m,[39m[35m166
[39m][33m,[39m[[35m
155[39m[33m,[39m[3
5m154[39m][33m,[39m
[[35m154[39m[33m,[
39m[35m26[39m][33m,
[39m[[35m26[39m[33
m,[39m[35m155[39m]
[33m,[39m[[35m209[3
9m[33m,[39m[35m49[
39m][33m,[39m[[35m4
9[39m[33m,[39m[35m
131[39m][33m,[39m[
[35m131[39m[33m,[39
m[35m209[39m][33m,
[39m[[35m135[39m[33
m,[39m[35m136[39m]
[33m,[39m[[35m136[3
9m[33m,[39m[35m150
[39m][33m,[39m[[35m
150[39m[33m,[39m[3
5m135[39m][33m,[39m
[[35m47[39m[33m,[3
9m[35m126[39m][33m,
[39m[[35m126[39m[3
3m,[39m[35m217[39m]
[33m,[39m[[35m217[
39m[33m,[39m[35m47
[39m][33m,[39m[[35m
223[39m[33m,[39m[3
5m52[39m][33m,[39m[
[35m52[39m[33m,[39
m[35m53[39m][33m,[
39m[[35m53[39m[33m,
[39m[35m223[39m][3
3m,[39m[[35m45[39m
[33m,[39m[35m51[39m
][33m,[39m[[35m51[
39m[33m,[39m[35m134
[39m][33m,[39m[[35
m134[39m[33m,[39m[
35m45[39m][33m,[39m
[[35m211[39m[33m,[
39m[35m170[39m][33m
,[39m[[35m170[39m[
33m,[39m[35m140[39m
][33m,[39m[[35m140
[39m[33m,[39m[35m21
1[39m][33m,[39m[[3
5m67[39m[33m,[39m[
35m69[39m][33m,[39m
[[35m69[39m[33m,[3
9m[35m108[39m][33m,
[39m[[35m108[39m[3
3m,[39m[35m67[39m]
[33m,[39m[[35m43[39
m[33m,[39m[35m106[
39m][33m,[39m[[35m1
06[39m[33m,[39m[35
m91[39m][33m,[39m[
[35m91[39m[33m,[39m
[35m43[39m][33m,[3
9m[[35m230[39m[33m,
[39m[35m119[39m][3
3m,[39m[[35m119[39m
[33m,[39m[35m120[3
9m][33m,[39m[[35m12
0[39m[33m,[39m[35m
230[39m][33m,[39m[
[35m226[39m[33m,[39
m[35m130[39m][33m,
[39m[[35m130[39m[33
m,[39m[35m247[39m]
[33m,[39m[[35m247[3
9m[33m,[39m[35m226
[39m][33m,[39m[[35m
63[39m[33m,[39m[35
m53[39m][33m,[39m[
[35m53[39m[33m,[39m
[35m52[39m][33m,[3
9m[[35m52[39m[33m,
[39m[35m63[39m][33m
,[39m[[35m238[39m[
33m,[39m[35m20[39m]
[33m,[39m[[35m20[3
9m[33m,[39m[35m242
[39m][33m,[39m[[35m
242[39m[33m,[39m[3
5m238[39m][33m,[39m
[[35m46[39m[33m,[3
9m[35m70[39m][33m,
[39m[[35m70[39m[33m
,[39m[35m156[39m][
33m,[39m[[35m156[39
m[33m,[39m[35m46[3
9m][33m,[39m[[35m78
[39m[33m,[39m[35m6
2[39m][33m,[39m[[3
5m62[39m[33m,[39m[
35m96[39m][33m,[39m
[[35m96[39m[33m,[3
9m[35m78[39m][33m,
[39m[[35m46[39m[33m
,[39m[35m53[39m][3
3m,[39m[[35m53[39m
[33m,[39m[35m63[39m
][33m,[39m[[35m63[
39m[33m,[39m[35m46
[39m][33m,[39m[[35m
143[39m[33m,[39m[3
5m34[39m][33m,[39m[
[35m34[39m[33m,[39
m[35m227[39m][33m,
[39m[[35m227[39m[33
m,[39m[35m143[39m]
[33m,[39m[[35m123[3
9m[33m,[39m[35m117
[39m][33m,[39m[[35m
117[39m[33m,[39m[3
5m111[39m][33m,[39m
[[35m111[39m[33m,[
39m[35m123[39m][33m
,[39m[[35m44[39m[3
3m,[39m[35m125[39m]
[33m,[39m[[35m125[
39m[33m,[39m[35m19
[39m][33m,[39m[[35m
19[39m[33m,[39m[35
m44[39m][33m,[39m[
[35m236[39m[33m,[39
m[35m134[39m][33m,
[39m[[35m134[39m[33
m,[39m[35m51[39m][
33m,[39m[[35m51[39m
[33m,[39m[35m236[3
9m][33m,[39m[[35m21
6[39m[33m,[39m[35m
206[39m][33m,[39m[
[35m206[39m[33m,[39
m[35m205[39m][33m,
[39m[[35m205[39m[33
m,[39m[35m216[39m]
[33m,[39m[[35m154[3
9m[33m,[39m[35m153
[39m][33m,[39m[[35m
153[39m[33m,[39m[3
5m22[39m][33m,[39m[
[35m22[39m[33m,[39
m[35m154[39m][33m,
[39m[[35m39[39m[33m
,[39m[35m37[39m][3
3m,[39m[[35m37[39m
[33m,[39m[35m167[39
m][33m,[39m[[35m167
[39m[33m,[39m[35m3
9[39m][33m,[39m[[3
5m200[39m[33m,[39m
[35m201[39m][33m,[3
9m[[35m201[39m[33m,
[39m[35m208[39m][3
3m,[39m[[35m208[39m
[33m,[39m[35m200[3
9m][33m,[39m[[35m36
[39m[33m,[39m[35m1
42[39m][33m,[39m[[
35m142[39m[33m,[39m
[35m100[39m][33m,[
39m[[35m100[39m[33m
,[39m[35m36[39m][3
3m,[39m[[35m57[39m
[33m,[39m[35m212[39
m][33m,[39m[[35m212
[39m[33m,[39m[35m2
02[39m][33m,[39m[[
35m202[39m[33m,[39m
[35m57[39m][33m,[3
9m[[35m20[39m[33m,
[39m[35m60[39m][33m
,[39m[[35m60[39m[3
3m,[39m[35m99[39m]
[33m,[39m[[35m99[39
m[33m,[39m[35m20[3
9m][33m,[39m[[35m28
[39m[33m,[39m[35m1
58[39m][33m,[39m[[
35m158[39m[33m,[39m
[35m157[39m][33m,[
39m[[35m157[39m[33m
,[39m[35m28[39m][3
3m,[39m[[35m35[39m
[33m,[39m[35m226[39
m][33m,[39m[[35m226
[39m[33m,[39m[35m1
13[39m][33m,[39m[[
35m113[39m[33m,[39m
[35m35[39m][33m,[3
9m[[35m160[39m[33m,
[39m[35m159[39m][3
3m,[39m[[35m159[39m
[33m,[39m[35m27[39
m][33m,[39m[[35m27
[39m[33m,[39m[35m16
0[39m][33m,[39m[[3
5m204[39m[33m,[39m
[35m202[39m][33m,[3
9m[[35m202[39m[33m,
[39m[35m210[39m][3
3m,[39m[[35m210[39m
[33m,[39m[35m204[3
9m][33m,[39m[[35m11
3[39m[33m,[39m[35m
225[39m][33m,[39m[
[35m225[39m[33m,[39
m[35m46[39m][33m,[
39m[[35m46[39m[33m,
[39m[35m113[39m][3
3m,[39m[[35m43[39m
[33m,[39m[35m202[39
m][33m,[39m[[35m202
[39m[33m,[39m[35m2
04[39m][33m,[39m[[
35m204[39m[33m,[39m
[35m43[39m][33m,[3
9m[[35m62[39m[33m,
[39m[35m76[39m][33m
,[39m[[35m76[39m[3
3m,[39m[35m77[39m]
[33m,[39m[[35m77[39
m[33m,[39m[35m62[3
9m][33m,[39m[[35m13
7[39m[33m,[39m[35m
123[39m][33m,[39m[
[35m123[39m[33m,[39
m[35m116[39m][33m,
[39m[[35m116[39m[33
m,[39m[35m137[39m]
[33m,[39m[[35m41[39
m[33m,[39m[35m38[3
9m][33m,[39m[[35m38
[39m[33m,[39m[35m7
2[39m][33m,[39m[[3
5m72[39m[33m,[39m[
35m41[39m][33m,[39m
[[35m203[39m[33m,[
39m[35m129[39m][33m
,[39m[[35m129[39m[
33m,[39m[35m142[39m
][33m,[39m[[35m142
[39m[33m,[39m[35m20
3[39m][33m,[39m[[3
5m64[39m[33m,[39m[
35m98[39m][33m,[39m
[[35m98[39m[33m,[3
9m[35m240[39m][33m,
[39m[[35m240[39m[3
3m,[39m[35m64[39m]
[33m,[39m[[35m49[39
m[33m,[39m[35m102[
39m][33m,[39m[[35m1
02[39m[33m,[39m[35
m64[39m][33m,[39m[
[35m64[39m[33m,[39m
[35m49[39m][33m,[3
9m[[35m41[39m[33m,
[39m[35m73[39m][33m
,[39m[[35m73[39m[3
3m,[39m[35m74[39m]
[33m,[39m[[35m74[39
m[33m,[39m[35m41[3
9m][33m,[39m[[35m21
2[39m[33m,[39m[35m
216[39m][33m,[39m[
[35m216[39m[33m,[39
m[35m207[39m][33m,
[39m[[35m207[39m[33
m,[39m[35m212[39m]
[33m,[39m[[35m42[39
m[33m,[39m[35m74[3
9m][33m,[39m[[35m74
[39m[33m,[39m[35m1
84[39m][33m,[39m[[
35m184[39m[33m,[39m
[35m42[39m][33m,[3
9m[[35m169[39m[33m,
[39m[35m170[39m][3
3m,[39m[[35m170[39m
[33m,[39m[35m211[3
9m][33m,[39m[[35m21
1[39m[33m,[39m[35m
169[39m][33m,[39m[
[35m170[39m[33m,[39
m[35m149[39m][33m,
[39m[[35m149[39m[33
m,[39m[35m176[39m]
[33m,[39m[[35m176[3
9m[33m,[39m[35m170
[39m][33m,[39m[[35m
105[39m[33m,[39m[3
5m66[39m][33m,[39m[
[35m66[39m[33m,[39
m[35m69[39m][33m,[
39m[[35m69[39m[33m,
[39m[35m105[39m][3
3m,[39m[[35m122[39m
[33m,[39m[35m6[39m
][33m,[39m[[35m6[3
9m[33m,[39m[35m168
[39m][33m,[39m[[35m
168[39m[33m,[39m[3
5m122[39m][33m,[39m
[[35m123[39m[33m,[
39m[35m147[39m][33m
,[39m[[35m147[39m[
33m,[39m[35m187[39m
][33m,[39m[[35m187
[39m[33m,[39m[35m12
3[39m][33m,[39m[[3
5m96[39m[33m,[39m[
35m77[39m][33m,[39m
[[35m77[39m[33m,[3
9m[35m90[39m][33m,
[39m[[35m90[39m[33m
,[39m[35m96[39m][3
3m,[39m[[35m65[39m
[33m,[39m[35m55[39m
][33m,[39m[[35m55[
39m[33m,[39m[35m107
[39m][33m,[39m[[35
m107[39m[33m,[39m[
35m65[39m][33m,[39m
[[35m89[39m[33m,[3
9m[35m90[39m][33m,
[39m[[35m90[39m[33m
,[39m[35m180[39m][
33m,[39m[[35m180[39
m[33m,[39m[35m89[3
9m][33m,[39m[[35m10
1[39m[33m,[39m[35m
100[39m][33m,[39m[
[35m100[39m[33m,[39
m[35m120[39m][33m,
[39m[[35m120[39m[33
m,[39m[35m101[39m]
[33m,[39m[[35m63[39
m[33m,[39m[35m105[
39m][33m,[39m[[35m1
05[39m[33m,[39m[35
m104[39m][33m,[39m[
[35m104[39m[33m,[3
9m[35m63[39m][33m,
[39m[[35m93[39m[33m
,[39m[35m137[39m][
33m,[39m[[35m137[39
m[33m,[39m[35m227[
39m][33m,[39m[[35m2
27[39m[33m,[39m[35
m93[39m][33m,[39m[
[35m15[39m[33m,[39m
[35m86[39m][33m,[3
9m[[35m86[39m[33m,
[39m[35m85[39m][33m
,[39m[[35m85[39m[3
3m,[39m[35m15[39m]
[33m,[39m[[35m129[3
9m[33m,[39m[35m102
[39m][33m,[39m[[35m
102[39m[33m,[39m[3
5m49[39m][33m,[39m[
[35m49[39m[33m,[39
m[35m129[39m][33m,
[39m[[35m14[39m[33m
,[39m[35m87[39m][3
3m,[39m[[35m87[39m
[33m,[39m[35m86[39m
][33m,[39m[[35m86[
39m[33m,[39m[35m14
[39m][33m,[39m[[35m
55[39m[33m,[39m[35
m8[39m][33m,[39m[[
35m8[39m[33m,[39m[
35m9[39m][33m,[39m[
[35m9[39m[33m,[39m
[35m55[39m][33m,[3
9m[[35m100[39m[33m,
[39m[35m47[39m][33
m,[39m[[35m47[39m[
33m,[39m[35m121[39m
][33m,[39m[[35m121
[39m[33m,[39m[35m10
0[39m][33m,[39m[[3
5m145[39m[33m,[39m
[35m23[39m][33m,[39
m[[35m23[39m[33m,[
39m[35m22[39m][33m,
[39m[[35m22[39m[33
m,[39m[35m145[39m]
[33m,[39m[[35m88[39
m[33m,[39m[35m89[3
9m][33m,[39m[[35m89
[39m[33m,[39m[35m1
79[39m][33m,[39m[[
35m179[39m[33m,[39m
[35m88[39m][33m,[3
9m[[35m6[39m[33m,[
39m[35m122[39m][33m
,[39m[[35m122[39m[
33m,[39m[35m196[39m
][33m,[39m[[35m196
[39m[33m,[39m[35m6
[39m][33m,[39m[[35m
88[39m[33m,[39m[35
m95[39m][33m,[39m[
[35m95[39m[33m,[39m
[35m96[39m][33m,[3
9m[[35m96[39m[33m,
[39m[35m88[39m][33m
,[39m[[35m138[39m[
33m,[39m[35m172[39m
][33m,[39m[[35m172
[39m[33m,[39m[35m13
6[39m][33m,[39m[[3
5m136[39m[33m,[39m
[35m138[39m][33m,[3
9m[[35m215[39m[33m,
[39m[35m58[39m][33
m,[39m[[35m58[39m[
33m,[39m[35m172[39m
][33m,[39m[[35m172
[39m[33m,[39m[35m21
5[39m][33m,[39m[[3
5m115[39m[33m,[39m
[35m48[39m][33m,[39
m[[35m48[39m[33m,[
39m[35m219[39m][33m
,[39m[[35m219[39m[
33m,[39m[35m115[39m
][33m,[39m[[35m42[
39m[33m,[39m[35m80
[39m][33m,[39m[[35m
80[39m[33m,[39m[35
m81[39m][33m,[39m[
[35m81[39m[33m,[39m
[35m42[39m][33m,[3
9m[[35m195[39m[33m,
[39m[35m3[39m][33m
,[39m[[35m3[39m[33
m,[39m[35m51[39m][
33m,[39m[[35m51[39m
[33m,[39m[35m195[3
9m][33m,[39m[[35m43
[39m[33m,[39m[35m1
46[39m][33m,[39m[[
35m146[39m[33m,[39m
[35m61[39m][33m,[3
9m[[35m61[39m[33m,
[39m[35m43[39m][33m
,[39m[[35m171[39m[
33m,[39m[35m175[39m
][33m,[39m[[35m175
[39m[33m,[39m[35m19
9[39m][33m,[39m[[3
5m199[39m[33m,[39m
[35m171[39m][33m,[3
9m[[35m81[39m[33m,
[39m[35m82[39m][33m
,[39m[[35m82[39m[3
3m,[39m[35m38[39m]
[33m,[39m[[35m38[39
m[33m,[39m[35m81[3
9m][33m,[39m[[35m53
[39m[33m,[39m[35m4
6[39m][33m,[39m[[3
5m46[39m[33m,[39m[
35m225[39m][33m,[39
m[[35m225[39m[33m,
[39m[35m53[39m][33m
,[39m[[35m144[39m[
33m,[39m[35m163[39m
][33m,[39m[[35m163
[39m[33m,[39m[35m11
0[39m][33m,[39m[[3
5m110[39m[33m,[39m
[35m144[39m][33m,[3
9m[[35m52[39m[33m,
[39m[35m65[39m][33m
,[39m[[35m65[39m[3
3m,[39m[35m66[39m]
[33m,[39m[[35m66[39
m[33m,[39m[35m52[3
9m][33m,[39m[[35m22
9[39m[33m,[39m[35m
228[39m][33m,[39m[
[35m228[39m[33m,[39
m[35m117[39m][33m,
[39m[[35m117[39m[33
m,[39m[35m229[39m]
[33m,[39m[[35m34[39
m[33m,[39m[35m127[
39m][33m,[39m[[35m1
27[39m[33m,[39m[35
m234[39m][33m,[39m[
[35m234[39m[33m,[3
9m[35m34[39m][33m,
[39m[[35m107[39m[33
m,[39m[35m108[39m]
[33m,[39m[[35m108[3
9m[33m,[39m[35m69[
39m][33m,[39m[[35m6
9[39m[33m,[39m[35m
107[39m][33m,[39m[
[35m109[39m[33m,[39
m[35m108[39m][33m,
[39m[[35m108[39m[33
m,[39m[35m151[39m]
[33m,[39m[[35m151[3
9m[33m,[39m[35m109
[39m][33m,[39m[[35m
48[39m[33m,[39m[35
m64[39m][33m,[39m[
[35m64[39m[33m,[39m
[35m235[39m][33m,[
39m[[35m235[39m[33m
,[39m[35m48[39m][3
3m,[39m[[35m62[39m
[33m,[39m[35m78[39m
][33m,[39m[[35m78[
39m[33m,[39m[35m191
[39m][33m,[39m[[35
m191[39m[33m,[39m[
35m62[39m][33m,[39m
[[35m129[39m[33m,[
39m[35m209[39m][33m
,[39m[[35m209[39m[
33m,[39m[35m126[39m
][33m,[39m[[35m126
[39m[33m,[39m[35m12
9[39m][33m,[39m[[3
5m111[39m[33m,[39m
[35m35[39m][33m,[39
m[[35m35[39m[33m,[
39m[35m143[39m][33m
,[39m[[35m143[39m[
33m,[39m[35m111[39m
][33m,[39m[[35m117
[39m[33m,[39m[35m12
3[39m][33m,[39m[[3
5m123[39m[33m,[39m
[35m50[39m][33m,[39
m[[35m50[39m[33m,[
39m[35m117[39m][33m
,[39m[[35m222[39m[
33m,[39m[35m65[39m]
[33m,[39m[[35m65[3
9m[33m,[39m[35m52[
39m][33m,[39m[[35m5
2[39m[33m,[39m[35m
222[39m][33m,[39m[
[35m19[39m[33m,[39m
[35m125[39m][33m,[
39m[[35m125[39m[33m
,[39m[35m141[39m][
33m,[39m[[35m141[39
m[33m,[39m[35m19[3
9m][33m,[39m[[35m22
1[39m[33m,[39m[35m
55[39m][33m,[39m[[
35m55[39m[33m,[39m
[35m65[39m][33m,[39
m[[35m65[39m[33m,[
39m[35m221[39m][33m
,[39m[[35m3[39m[33
m,[39m[35m195[39m]
[33m,[39m[[35m195[3
9m[33m,[39m[35m197
[39m][33m,[39m[[35m
197[39m[33m,[39m[3
5m3[39m][33m,[39m[
[35m25[39m[33m,[39m
[35m7[39m][33m,[39
m[[35m7[39m[33m,[3
9m[35m33[39m][33m,
[39m[[35m33[39m[33m
,[39m[35m25[39m][3
3m,[39m[[35m220[39m
[33m,[39m[35m237[3
9m][33m,[39m[[35m23
7[39m[33m,[39m[35m
44[39m][33m,[39m[[
35m44[39m[33m,[39m
[35m220[39m][33m,[3
9m[[35m70[39m[33m,
[39m[35m71[39m][33m
,[39m[[35m71[39m[3
3m,[39m[35m139[39m]
[33m,[39m[[35m139[
39m[33m,[39m[35m70
[39m][33m,[39m[[35m
122[39m[33m,[39m[3
5m193[39m][33m,[39m
[[35m193[39m[33m,[
39m[35m245[39m][33m
,[39m[[35m245[39m[
33m,[39m[35m122[39m
][33m,[39m[[35m247
[39m[33m,[39m[35m13
0[39m][33m,[39m[[3
5m130[39m[33m,[39m
[35m33[39m][33m,[39
m[[35m33[39m[33m,[
39m[35m247[39m][33m
,[39m[[35m71[39m[3
3m,[39m[35m21[39m]
[33m,[39m[[35m21[39
m[33m,[39m[35m162[
39m][33m,[39m[[35m1
62[39m[33m,[39m[35
m71[39m][33m,[39m[
[35m170[39m[33m,[39
m[35m169[39m][33m,
[39m[[35m169[39m[33
m,[39m[35m150[39m]
[33m,[39m[[35m150[3
9m[33m,[39m[35m170
[39m][33m,[39m[[35m
188[39m[33m,[39m[3
5m174[39m][33m,[39m
[[35m174[39m[33m,[
39m[35m196[39m][33m
,[39m[[35m196[39m[
33m,[39m[35m188[39m
][33m,[39m[[35m216
[39m[33m,[39m[35m18
6[39m][33m,[39m[[3
5m186[39m[33m,[39m
[35m92[39m][33m,[39
m[[35m92[39m[33m,[
39m[35m216[39m][33m
,[39m[[35m2[39m[33
m,[39m[35m97[39m][
33m,[39m[[35m97[39m
[33m,[39m[35m167[3
9m][33m,[39m[[35m16
7[39m[33m,[39m[35m
2[39m][33m,[39m[[3
5m141[39m[33m,[39m
[35m125[39m][33m,[3
9m[[35m125[39m[33m,
[39m[35m241[39m][3
3m,[39m[[35m241[39m
[33m,[39m[35m141[3
9m][33m,[39m[[35m16
4[39m[33m,[39m[35m
167[39m][33m,[39m[
[35m167[39m[33m,[39
m[35m37[39m][33m,[
39m[[35m37[39m[33m,
[39m[35m164[39m][3
3m,[39m[[35m72[39m
[33m,[39m[35m38[39m
][33m,[39m[[35m38[
39m[33m,[39m[35m12
[39m][33m,[39m[[35m
12[39m[33m,[39m[35
m72[39m][33m,[39m[
[35m38[39m[33m,[39m
[35m82[39m][33m,[3
9m[[35m82[39m[33m,
[39m[35m13[39m][33m
,[39m[[35m13[39m[3
3m,[39m[35m38[39m]
[33m,[39m[[35m63[39
m[33m,[39m[35m68[3
9m][33m,[39m[[35m68
[39m[33m,[39m[35m7
1[39m][33m,[39m[[3
5m71[39m[33m,[39m[
35m63[39m][33m,[39m
[[35m226[39m[33m,[
39m[35m35[39m][33m,
[39m[[35m35[39m[33
m,[39m[35m111[39m]
[33m,[39m[[35m111[3
9m[33m,[39m[35m226
[39m][33m,[39m[[35m
101[39m[33m,[39m[3
5m50[39m][33m,[39m[
[35m50[39m[33m,[39
m[35m205[39m][33m,
[39m[[35m205[39m[33
m,[39m[35m101[39m]
[33m,[39m[[35m206[3
9m[33m,[39m[35m92[
39m][33m,[39m[[35m9
2[39m[33m,[39m[35m
165[39m][33m,[39m[
[35m165[39m[33m,[39
m[35m206[39m][33m,
[39m[[35m209[39m[33
m,[39m[35m198[39m]
[33m,[39m[[35m198[3
9m[33m,[39m[35m217
[39m][33m,[39m[[35m
217[39m[33m,[39m[3
5m209[39m][33m,[39m
[[35m165[39m[33m,[
39m[35m167[39m][33m
,[39m[[35m167[39m[
33m,[39m[35m97[39m]
[33m,[39m[[35m97[3
9m[33m,[39m[35m165
[39m][33m,[39m[[35m
220[39m[33m,[39m[3
5m115[39m][33m,[39m
[[35m115[39m[33m,[
39m[35m218[39m][33m
,[39m[[35m218[39m[
33m,[39m[35m220[39m
][33m,[39m[[35m133
[39m[33m,[39m[35m11
2[39m][33m,[39m[[3
5m112[39m[33m,[39m
[35m243[39m][33m,[3
9m[[35m243[39m[33m,
[39m[35m133[39m][3
3m,[39m[[35m239[39m
[33m,[39m[35m238[3
9m][33m,[39m[[35m23
8[39m[33m,[39m[35m
241[39m][33m,[39m[
[35m241[39m[33m,[39
m[35m239[39m][33m,
[39m[[35m214[39m[33
m,[39m[35m135[39m]
[33m,[39m[[35m135[3
9m[33m,[39m[35m169
[39m][33m,[39m[[35m
169[39m[33m,[39m[3
5m214[39m][33m,[39m
[[35m190[39m[33m,[
39m[35m173[39m][33m
,[39m[[35m173[39m[
33m,[39m[35m133[39m
][33m,[39m[[35m133
[39m[33m,[39m[35m19
0[39m][33m,[39m[[3
5m171[39m[33m,[39m
[35m208[39m][33m,[3
9m[[35m208[39m[33m,
[39m[35m32[39m][33
m,[39m[[35m32[39m[
33m,[39m[35m171[39m
][33m,[39m[[35m125
[39m[33m,[39m[35m44
[39m][33m,[39m[[35
m44[39m[33m,[39m[3
5m237[39m][33m,[39m
[[35m237[39m[33m,[
39m[35m125[39m][33m
,[39m[[35m86[39m[3
3m,[39m[35m87[39m]
[33m,[39m[[35m87[39
m[33m,[39m[35m178[
39m][33m,[39m[[35m1
78[39m[33m,[39m[35
m86[39m][33m,[39m[
[35m85[39m[33m,[39m
[35m86[39m][33m,[3
9m[[35m86[39m[33m,
[39m[35m179[39m][33
m,[39m[[35m179[39m
[33m,[39m[35m85[39m
][33m,[39m[[35m84[
39m[33m,[39m[35m85
[39m][33m,[39m[[35m
85[39m[33m,[39m[35
m180[39m][33m,[39m[
[35m180[39m[33m,[3
9m[35m84[39m][33m,
[39m[[35m83[39m[33m
,[39m[35m84[39m][3
3m,[39m[[35m84[39m
[33m,[39m[35m181[39
m][33m,[39m[[35m181
[39m[33m,[39m[35m8
3[39m][33m,[39m[[3
5m201[39m[33m,[39m
[35m83[39m][33m,[39
m[[35m83[39m[33m,[
39m[35m182[39m][33m
,[39m[[35m182[39m[
33m,[39m[35m201[39m
][33m,[39m[[35m137
[39m[33m,[39m[35m93
[39m][33m,[39m[[35
m93[39m[33m,[39m[3
5m132[39m][33m,[39m
[[35m132[39m[33m,[
39m[35m137[39m][33m
,[39m[[35m76[39m[3
3m,[39m[35m62[39m]
[33m,[39m[[35m62[39
m[33m,[39m[35m183[
39m][33m,[39m[[35m1
83[39m[33m,[39m[35
m76[39m][33m,[39m[
[35m61[39m[33m,[39m
[35m76[39m][33m,[3
9m[[35m76[39m[33m,
[39m[35m184[39m][33
m,[39m[[35m184[39m
[33m,[39m[35m61[39m
][33m,[39m[[35m57[
39m[33m,[39m[35m61
[39m][33m,[39m[[35m
61[39m[33m,[39m[35
m185[39m][33m,[39m[
[35m185[39m[33m,[3
9m[35m57[39m][33m,
[39m[[35m212[39m[33
m,[39m[35m57[39m][
33m,[39m[[35m57[39m
[33m,[39m[35m186[3
9m][33m,[39m[[35m18
6[39m[33m,[39m[35m
212[39m][33m,[39m[
[35m214[39m[33m,[39
m[35m207[39m][33m,
[39m[[35m207[39m[33
m,[39m[35m187[39m]
[33m,[39m[[35m187[3
9m[33m,[39m[35m214
[39m][33m,[39m[[35m
34[39m[33m,[39m[35
m143[39m][33m,[39m[
[35m143[39m[33m,[3
9m[35m156[39m][33m,
[39m[[35m156[39m[3
3m,[39m[35m34[39m]
[33m,[39m[[35m79[39
m[33m,[39m[35m239[
39m][33m,[39m[[35m2
39[39m[33m,[39m[35
m237[39m][33m,[39m[
[35m237[39m[33m,[3
9m[35m79[39m][33m,
[39m[[35m123[39m[33
m,[39m[35m137[39m]
[33m,[39m[[35m137[3
9m[33m,[39m[35m177
[39m][33m,[39m[[35m
177[39m[33m,[39m[3
5m123[39m][33m,[39m
[[35m44[39m[33m,[3
9m[35m1[39m][33m,[
39m[[35m1[39m[33m,
[39m[35m4[39m][33m,
[39m[[35m4[39m[33m
,[39m[35m44[39m][3
3m,[39m[[35m201[39m
[33m,[39m[35m194[3
9m][33m,[39m[[35m19
4[39m[33m,[39m[35m
32[39m][33m,[39m[[
35m32[39m[33m,[39m
[35m201[39m][33m,[3
9m[[35m64[39m[33m,
[39m[35m102[39m][33
m,[39m[[35m102[39m
[33m,[39m[35m129[39
m][33m,[39m[[35m129
[39m[33m,[39m[35m6
4[39m][33m,[39m[[3
5m213[39m[33m,[39m
[35m215[39m][33m,[3
9m[[35m215[39m[33m,
[39m[35m138[39m][3
3m,[39m[[35m138[39m
[33m,[39m[35m213[3
9m][33m,[39m[[35m59
[39m[33m,[39m[35m1
66[39m][33m,[39m[[
35m166[39m[33m,[39m
[35m219[39m][33m,[
39m[[35m219[39m[33m
,[39m[35m59[39m][3
3m,[39m[[35m242[39m
[33m,[39m[35m99[39
m][33m,[39m[[35m99
[39m[33m,[39m[35m97
[39m][33m,[39m[[35
m97[39m[33m,[39m[3
5m242[39m][33m,[39m
[[35m2[39m[33m,[39
m[35m94[39m][33m,[
39m[[35m94[39m[33m,
[39m[35m141[39m][3
3m,[39m[[35m141[39m
[33m,[39m[35m2[39m
][33m,[39m[[35m75[
39m[33m,[39m[35m59
[39m][33m,[39m[[35m
59[39m[33m,[39m[35
m235[39m][33m,[39m[
[35m235[39m[33m,[3
9m[35m75[39m][33m,
[39m[[35m24[39m[33m
,[39m[35m110[39m][
33m,[39m[[35m110[39
m[33m,[39m[35m228[
39m][33m,[39m[[35m2
28[39m[33m,[39m[35
m24[39m][33m,[39m[
[35m25[39m[33m,[39m
[35m130[39m][33m,[
39m[[35m130[39m[33m
,[39m[35m226[39m][
33m,[39m[[35m226[39
m[33m,[39m[35m25[3
9m][33m,[39m[[35m23
[39m[33m,[39m[35m2
4[39m][33m,[39m[[3
5m24[39m[33m,[39m[
35m229[39m][33m,[39
m[[35m229[39m[33m,
[39m[35m23[39m][33m
,[39m[[35m22[39m[3
3m,[39m[35m23[39m]
[33m,[39m[[35m23[39
m[33m,[39m[35m230[
39m][33m,[39m[[35m2
30[39m[33m,[39m[35
m22[39m][33m,[39m[
[35m26[39m[33m,[39m
[35m22[39m][33m,[3
9m[[35m22[39m[33m,
[39m[35m231[39m][33
m,[39m[[35m231[39m
[33m,[39m[35m26[39m
][33m,[39m[[35m112
[39m[33m,[39m[35m26
[39m][33m,[39m[[35
m26[39m[33m,[39m[3
5m232[39m][33m,[39m
[[35m232[39m[33m,[
39m[35m112[39m][33m
,[39m[[35m189[39m[
33m,[39m[35m190[39m
][33m,[39m[[35m190
[39m[33m,[39m[35m24
3[39m][33m,[39m[[3
5m243[39m[33m,[39m
[35m189[39m][33m,[3
9m[[35m221[39m[33m,
[39m[35m56[39m][33
m,[39m[[35m56[39m[
33m,[39m[35m190[39m
][33m,[39m[[35m190
[39m[33m,[39m[35m22
1[39m][33m,[39m[[3
5m28[39m[33m,[39m[
35m56[39m][33m,[39m
[[35m56[39m[33m,[3
9m[35m221[39m][33m,
[39m[[35m221[39m[3
3m,[39m[35m28[39m]
[33m,[39m[[35m27[39
m[33m,[39m[35m28[3
9m][33m,[39m[[35m28
[39m[33m,[39m[35m2
22[39m][33m,[39m[[
35m222[39m[33m,[39m
[35m27[39m][33m,[3
9m[[35m29[39m[33m,
[39m[35m27[39m][33m
,[39m[[35m27[39m[3
3m,[39m[35m223[39m]
[33m,[39m[[35m223[
39m[33m,[39m[35m29
[39m][33m,[39m[[35m
30[39m[33m,[39m[35
m29[39m][33m,[39m[
[35m29[39m[33m,[39m
[35m224[39m][33m,[
39m[[35m224[39m[33m
,[39m[35m30[39m][3
3m,[39m[[35m247[39m
[33m,[39m[35m30[39
m][33m,[39m[[35m30
[39m[33m,[39m[35m22
5[39m][33m,[39m[[3
5m225[39m[33m,[39m
[35m247[39m][33m,[3
9m[[35m238[39m[33m,
[39m[35m79[39m][33
m,[39m[[35m79[39m[
33m,[39m[35m20[39m]
[33m,[39m[[35m20[3
9m[33m,[39m[35m238
[39m][33m,[39m[[35m
166[39m[33m,[39m[3
5m59[39m][33m,[39m[
[35m59[39m[33m,[39
m[35m75[39m][33m,[
39m[[35m75[39m[33m,
[39m[35m166[39m][3
3m,[39m[[35m60[39m
[33m,[39m[35m75[39m
][33m,[39m[[35m75[
39m[33m,[39m[35m240
[39m][33m,[39m[[35
m240[39m[33m,[39m[
35m60[39m][33m,[39m
[[35m147[39m[33m,[
39m[35m177[39m][33m
,[39m[[35m177[39m[
33m,[39m[35m215[39m
][33m,[39m[[35m215
[39m[33m,[39m[35m14
7[39m][33m,[39m[[3
5m20[39m[33m,[39m[
35m79[39m][33m,[39m
[[35m79[39m[33m,[3
9m[35m166[39m][33m,
[39m[[35m166[39m[3
3m,[39m[35m20[39m]
[33m,[39m[[35m187[3
9m[33m,[39m[35m147
[39m][33m,[39m[[35m
147[39m[33m,[39m[3
5m213[39m][33m,[39m
[[35m213[39m[33m,[
39m[35m187[39m][33m
,[39m[[35m112[39m[
33m,[39m[35m233[39m
][33m,[39m[[35m233
[39m[33m,[39m[35m24
4[39m][33m,[39m[[3
5m244[39m[33m,[39m
[35m112[39m][33m,[3
9m[[35m233[39m[33m,
[39m[35m128[39m][3
3m,[39m[[35m128[39m
[33m,[39m[35m245[3
9m][33m,[39m[[35m24
5[39m[33m,[39m[35m
233[39m][33m,[39m[
[35m128[39m[33m,[39
m[35m114[39m][33m,
[39m[[35m114[39m[33
m,[39m[35m188[39m]
[33m,[39m[[35m188[3
9m[33m,[39m[35m128
[39m][33m,[39m[[35m
114[39m[33m,[39m[3
5m217[39m][33m,[39m
[[35m217[39m[33m,[
39m[35m174[39m][33m
,[39m[[35m174[39m[
33m,[39m[35m114[39m
][33m,[39m[[35m131
[39m[33m,[39m[35m11
5[39m][33m,[39m[[3
5m115[39m[33m,[39m
[35m220[39m][33m,[3
9m[[35m220[39m[33m,
[39m[35m131[39m][3
3m,[39m[[35m217[39m
[33m,[39m[35m198[3
9m][33m,[39m[[35m19
8[39m[33m,[39m[35m
236[39m][33m,[39m[
[35m236[39m[33m,[39
m[35m217[39m][33m,
[39m[[35m198[39m[33
m,[39m[35m131[39m]
[33m,[39m[[35m131[3
9m[33m,[39m[35m134
[39m][33m,[39m[[35m
134[39m[33m,[39m[3
5m198[39m][33m,[39m
[[35m177[39m[33m,[
39m[35m132[39m][33m
,[39m[[35m132[39m[
33m,[39m[35m58[39m]
[33m,[39m[[35m58[3
9m[33m,[39m[35m177
[39m][33m,[39m[[35m
143[39m[33m,[39m[3
5m35[39m][33m,[39m[
[35m35[39m[33m,[39
m[35m124[39m][33m,
[39m[[35m124[39m[33
m,[39m[35m143[39m]
[33m,[39m[[35m110[3
9m[33m,[39m[35m163
[39m][33m,[39m[[35m
163[39m[33m,[39m[3
5m7[39m][33m,[39m[
[35m7[39m[33m,[39m
[35m110[39m][33m,[3
9m[[35m228[39m[33m,
[39m[35m110[39m][3
3m,[39m[[35m110[39m
[33m,[39m[35m25[39
m][33m,[39m[[35m25
[39m[33m,[39m[35m22
8[39m][33m,[39m[[3
5m356[39m[33m,[39m
[35m389[39m][33m,[3
9m[[35m389[39m[33m,
[39m[35m368[39m][3
3m,[39m[[35m368[39m
[33m,[39m[35m356[3
9m][33m,[39m[[35m11
[39m[33m,[39m[35m3
02[39m][33m,[39m[[
35m302[39m[33m,[39m
[35m267[39m][33m,[
39m[[35m267[39m[33m
,[39m[35m11[39m][3
3m,[39m[[35m452[39m
[33m,[39m[35m350[3
9m][33m,[39m[[35m35
0[39m[33m,[39m[35m
349[39m][33m,[39m[
[35m349[39m[33m,[39
m[35m452[39m][33m,
[39m[[35m302[39m[33
m,[39m[35m303[39m]
[33m,[39m[[35m303[3
9m[33m,[39m[35m269
[39m][33m,[39m[[35m
269[39m[33m,[39m[3
5m302[39m][33m,[39m
[[35m357[39m[33m,[
39m[35m343[39m][33m
,[39m[[35m343[39m[
33m,[39m[35m277[39m
][33m,[39m[[35m277
[39m[33m,[39m[35m35
7[39m][33m,[39m[[3
5m452[39m[33m,[39m
[35m453[39m][33m,[3
9m[[35m453[39m[33m,
[39m[35m357[39m][3
3m,[39m[[35m357[39m
[33m,[39m[35m452[3
9m][33m,[39m[[35m33
3[39m[33m,[39m[35m
332[39m][33m,[39m[
[35m332[39m[33m,[39
m[35m297[39m][33m,
[39m[[35m297[39m[33
m,[39m[35m333[39m]
[33m,[39m[[35m175[3
9m[33m,[39m[35m152
[39m][33m,[39m[[35m
152[39m[33m,[39m[3
5m377[39m][33m,[39m
[[35m377[39m[33m,[
39m[35m175[39m][33m
,[39m[[35m347[39m[
33m,[39m[35m348[39m
][33m,[39m[[35m348
[39m[33m,[39m[35m33
0[39m][33m,[39m[[3
5m330[39m[33m,[39m
[35m347[39m][33m,[3
9m[[35m303[39m[33m,
[39m[35m304[39m][3
3m,[39m[[35m304[39m
[33m,[39m[35m270[3
9m][33m,[39m[[35m27
0[39m[33m,[39m[35m
303[39m][33m,[39m[
[35m9[39m[33m,[39m
[35m336[39m][33m,[3
9m[[35m336[39m[33m,
[39m[35m337[39m][3
3m,[39m[[35m337[39m
[33m,[39m[35m9[39m
][33m,[39m[[35m278
[39m[33m,[39m[35m27
9[39m][33m,[39m[[3
5m279[39m[33m,[39m
[35m360[39m][33m,[3
9m[[35m360[39m[33m,
[39m[35m278[39m][3
3m,[39m[[35m418[39m
[33m,[39m[35m262[3
9m][33m,[39m[[35m26
2[39m[33m,[39m[35m
431[39m][33m,[39m[
[35m431[39m[33m,[39
m[35m418[39m][33m,
[39m[[35m304[39m[33
m,[39m[35m408[39m]
[33m,[39m[[35m408[3
9m[33m,[39m[35m409
[39m][33m,[39m[[35m
409[39m[33m,[39m[3
5m304[39m][33m,[39m
[[35m310[39m[33m,[
39m[35m415[39m][33m
,[39m[[35m415[39m[
33m,[39m[35m407[39m
][33m,[39m[[35m407
[39m[33m,[39m[35m31
0[39m][33m,[39m[[3
5m270[39m[33m,[39m
[35m409[39m][33m,[3
9m[[35m409[39m[33m,
[39m[35m410[39m][3
3m,[39m[[35m410[39m
[33m,[39m[35m270[3
9m][33m,[39m[[35m45
0[39m[33m,[39m[35m
348[39m][33m,[39m[
[35m348[39m[33m,[39
m[35m347[39m][33m,
[39m[[35m347[39m[33
m,[39m[35m450[39m]
[33m,[39m[[35m422[3
9m[33m,[39m[35m430
[39m][33m,[39m[[35m
430[39m[33m,[39m[3
5m434[39m][33m,[39m
[[35m434[39m[33m,[
39m[35m422[39m][33m
,[39m[[35m313[39m[
33m,[39m[35m314[39m
][33m,[39m[[35m314
[39m[33m,[39m[35m17
[39m][33m,[39m[[35
m17[39m[33m,[39m[3
5m313[39m][33m,[39m
[[35m306[39m[33m,[
39m[35m307[39m][33m
,[39m[[35m307[39m[
33m,[39m[35m375[39m
][33m,[39m[[35m375
[39m[33m,[39m[35m30
6[39m][33m,[39m[[3
5m387[39m[33m,[39m
[35m388[39m][33m,[3
9m[[35m388[39m[33m,
[39m[35m260[39m][3
3m,[39m[[35m260[39m
[33m,[39m[35m387[3
9m][33m,[39m[[35m28
6[39m[33m,[39m[35m
414[39m][33m,[39m[
[35m414[39m[33m,[39
m[35m398[39m][33m,
[39m[[35m398[39m[33
m,[39m[35m286[39m]
[33m,[39m[[35m335[3
9m[33m,[39m[35m406
[39m][33m,[39m[[35m
406[39m[33m,[39m[3
5m418[39m][33m,[39m
[[35m418[39m[33m,[
39m[35m335[39m][33m
,[39m[[35m364[39m[
33m,[39m[35m367[39m
][33m,[39m[[35m367
[39m[33m,[39m[35m41
6[39m][33m,[39m[[3
5m416[39m[33m,[39m
[35m364[39m][33m,[3
9m[[35m423[39m[33m,
[39m[35m358[39m][3
3m,[39m[[35m358[39m
[33m,[39m[35m327[3
9m][33m,[39m[[35m32
7[39m[33m,[39m[35m
423[39m][33m,[39m[
[35m251[39m[33m,[39
m[35m284[39m][33m,
[39m[[35m284[39m[33
m,[39m[35m298[39m]
[33m,[39m[[35m298[3
9m[33m,[39m[35m251
[39m][33m,[39m[[35m
281[39m[33m,[39m[3
5m5[39m][33m,[39m[
[35m5[39m[33m,[39m
[35m4[39m][33m,[39m
[[35m4[39m[33m,[39
m[35m281[39m][33m,
[39m[[35m373[39m[33
m,[39m[35m374[39m]
[33m,[39m[[35m374[3
9m[33m,[39m[35m253
[39m][33m,[39m[[35m
253[39m[33m,[39m[3
5m373[39m][33m,[39m
[[35m307[39m[33m,[
39m[35m320[39m][33m
,[39m[[35m320[39m[
33m,[39m[35m321[39m
][33m,[39m[[35m321
[39m[33m,[39m[35m30
7[39m][33m,[39m[[3
5m425[39m[33m,[39m
[35m427[39m][33m,[3
9m[[35m427[39m[33m,
[39m[35m411[39m][3
3m,[39m[[35m411[39m
[33m,[39m[35m425[3
9m][33m,[39m[[35m42
1[39m[33m,[39m[35m
313[39m][33m,[39m[
[35m313[39m[33m,[39
m[35m18[39m][33m,[
39m[[35m18[39m[33m,
[39m[35m421[39m][3
3m,[39m[[35m321[39m
[33m,[39m[35m405[3
9m][33m,[39m[[35m40
5[39m[33m,[39m[35m
406[39m][33m,[39m[
[35m406[39m[33m,[39
m[35m321[39m][33m,
[39m[[35m320[39m[33
m,[39m[35m404[39m]
[33m,[39m[[35m404[3
9m[33m,[39m[35m405
[39m][33m,[39m[[35m
405[39m[33m,[39m[3
5m320[39m][33m,[39m
[[35m315[39m[33m,[
39m[35m16[39m][33m,
[39m[[35m16[39m[33
m,[39m[35m17[39m][
33m,[39m[[35m17[39m
[33m,[39m[35m315[3
9m][33m,[39m[[35m42
6[39m[33m,[39m[35m
425[39m][33m,[39m[
[35m425[39m[33m,[39
m[35m266[39m][33m,
[39m[[35m266[39m[33
m,[39m[35m426[39m]
[33m,[39m[[35m377[3
9m[33m,[39m[35m400
[39m][33m,[39m[[35m
400[39m[33m,[39m[3
5m369[39m][33m,[39m
[[35m369[39m[33m,[
39m[35m377[39m][33m
,[39m[[35m322[39m[
33m,[39m[35m391[39m
][33m,[39m[[35m391
[39m[33m,[39m[35m26
9[39m][33m,[39m[[3
5m269[39m[33m,[39m
[35m322[39m][33m,[3
9m[[35m417[39m[33m,
[39m[35m465[39m][3
3m,[39m[[35m465[39m
[33m,[39m[35m464[3
9m][33m,[39m[[35m46
4[39m[33m,[39m[35m
417[39m][33m,[39m[
[35m386[39m[33m,[39
m[35m257[39m][33m,
[39m[[35m257[39m[33
m,[39m[35m258[39m]
[33m,[39m[[35m258[3
9m[33m,[39m[35m386
[39m][33m,[39m[[35m
466[39m[33m,[39m[3
5m260[39m][33m,[39m
[[35m260[39m[33m,[
39m[35m388[39m][33m
,[39m[[35m388[39m[
33m,[39m[35m466[39m
][33m,[39m[[35m456
[39m[33m,[39m[35m39
9[39m][33m,[39m[[3
5m399[39m[33m,[39m
[35m419[39m][33m,[3
9m[[35m419[39m[33m,
[39m[35m456[39m][3
3m,[39m[[35m284[39m
[33m,[39m[35m332[3
9m][33m,[39m[[35m33
2[39m[33m,[39m[35m
333[39m][33m,[39m[
[35m333[39m[33m,[39
m[35m284[39m][33m,
[39m[[35m417[39m[33
m,[39m[35m285[39m]
[33m,[39m[[35m285[3
9m[33m,[39m[35m8[3
9m][33m,[39m[[35m8
[39m[33m,[39m[35m41
7[39m][33m,[39m[[3
5m346[39m[33m,[39m
[35m340[39m][33m,[3
9m[[35m340[39m[33m,
[39m[35m261[39m][3
3m,[39m[[35m261[39m
[33m,[39m[35m346[3
9m][33m,[39m[[35m41
3[39m[33m,[39m[35m
441[39m][33m,[39m[
[35m441[39m[33m,[39
m[35m285[39m][33m,
[39m[[35m285[39m[33
m,[39m[35m413[39m]
[33m,[39m[[35m327[3
9m[33m,[39m[35m460
[39m][33m,[39m[[35m
460[39m[33m,[39m[3
5m328[39m][33m,[39m
[[35m328[39m[33m,[
39m[35m327[39m][33m
,[39m[[35m355[39m[
33m,[39m[35m371[39m
][33m,[39m[[35m371
[39m[33m,[39m[35m32
9[39m][33m,[39m[[3
5m329[39m[33m,[39m
[35m355[39m][33m,[3
9m[[35m392[39m[33m,
[39m[35m439[39m][3
3m,[39m[[35m439[39m
[33m,[39m[35m438[3
9m][33m,[39m[[35m43
8[39m[33m,[39m[35m
392[39m][33m,[39m[
[35m382[39m[33m,[39
m[35m341[39m][33m,
[39m[[35m341[39m[33
m,[39m[35m256[39m]
[33m,[39m[[35m256[3
9m[33m,[39m[35m382
[39m][33m,[39m[[35m
429[39m[33m,[39m[3
5m420[39m][33m,[39m
[[35m420[39m[33m,[
39m[35m360[39m][33m
,[39m[[35m360[39m[
33m,[39m[35m429[39m
][33m,[39m[[35m364
[39m[33m,[39m[35m39
4[39m][33m,[39m[[3
5m394[39m[33m,[39m
[35m379[39m][33m,[3
9m[[35m379[39m[33m,
[39m[35m364[39m][3
3m,[39m[[35m277[39m
[33m,[39m[35m343[3
9m][33m,[39m[[35m34
3[39m[33m,[39m[35m
437[39m][33m,[39m[
[35m437[39m[33m,[39
m[35m277[39m][33m,
[39m[[35m443[39m[33
m,[39m[35m444[39m]
[33m,[39m[[35m444[3
9m[33m,[39m[35m283
[39m][33m,[39m[[35m
283[39m[33m,[39m[3
5m443[39m][33m,[39m
[[35m275[39m[33m,[
39m[35m440[39m][33m
,[39m[[35m440[39m[
33m,[39m[35m363[39m
][33m,[39m[[35m363
[39m[33m,[39m[35m27
5[39m][33m,[39m[[3
5m431[39m[33m,[39m
[35m262[39m][33m,[3
9m[[35m262[39m[33m,
[39m[35m369[39m][3
3m,[39m[[35m369[39m
[33m,[39m[35m431[3
9m][33m,[39m[[35m29
7[39m[33m,[39m[35m
338[39m][33m,[39m[
[35m338[39m[33m,[39
m[35m337[39m][33m,
[39m[[35m337[39m[33
m,[39m[35m297[39m]
[33m,[39m[[35m273[3
9m[33m,[39m[35m375
[39m][33m,[39m[[35m
375[39m[33m,[39m[3
5m321[39m][33m,[39m
[[35m321[39m[33m,[
39m[35m273[39m][33m
,[39m[[35m450[39m[
33m,[39m[35m451[39m
][33m,[39m[[35m451
[39m[33m,[39m[35m34
9[39m][33m,[39m[[3
5m349[39m[33m,[39m
[35m450[39m][33m,[3
9m[[35m446[39m[33m,
[39m[35m342[39m][3
3m,[39m[[35m342[39m
[33m,[39m[35m467[3
9m][33m,[39m[[35m46
7[39m[33m,[39m[35m
446[39m][33m,[39m[
[35m293[39m[33m,[39
m[35m334[39m][33m,
[39m[[35m334[39m[33
m,[39m[35m282[39m]
[33m,[39m[[35m282[3
9m[33m,[39m[35m293
[39m][33m,[39m[[35m
458[39m[33m,[39m[3
5m461[39m][33m,[39m
[[35m461[39m[33m,[
39m[35m462[39m][33m
,[39m[[35m462[39m[
33m,[39m[35m458[39m
][33m,[39m[[35m276
[39m[33m,[39m[35m35
3[39m][33m,[39m[[3
5m353[39m[33m,[39m
[35m383[39m][33m,[3
9m[[35m383[39m[33m,
[39m[35m276[39m][3
3m,[39m[[35m308[39m
[33m,[39m[35m324[3
9m][33m,[39m[[35m32
4[39m[33m,[39m[35m
325[39m][33m,[39m[
[35m325[39m[33m,[39
m[35m308[39m][33m,
[39m[[35m276[39m[33
m,[39m[35m300[39m]
[33m,[39m[[35m300[3
9m[33m,[39m[35m293
[39m][33m,[39m[[35m
293[39m[33m,[39m[3
5m276[39m][33m,[39m
[[35m372[39m[33m,[
39m[35m345[39m][33m
,[39m[[35m345[39m[
33m,[39m[35m447[39m
][33m,[39m[[35m447
[39m[33m,[39m[35m37
2[39m][33m,[39m[[3
5m352[39m[33m,[39m
[35m345[39m][33m,[3
9m[[35m345[39m[33m,
[39m[35m340[39m][3
3m,[39m[[35m340[39m
[33m,[39m[35m352[3
9m][33m,[39m[[35m27
4[39m[33m,[39m[35m
1[39m][33m,[39m[[3
5m1[39m[33m,[39m[3
5m19[39m][33m,[39m[
[35m19[39m[33m,[39
m[35m274[39m][33m,
[39m[[35m456[39m[33
m,[39m[35m248[39m]
[33m,[39m[[35m248[3
9m[33m,[39m[35m281
[39m][33m,[39m[[35m
281[39m[33m,[39m[3
5m456[39m][33m,[39m
[[35m436[39m[33m,[
39m[35m427[39m][33m
,[39m[[35m427[39m[
33m,[39m[35m425[39m
][33m,[39m[[35m425
[39m[33m,[39m[35m43
6[39m][33m,[39m[[3
5m381[39m[33m,[39m
[35m256[39m][33m,[3
9m[[35m256[39m[33m,
[39m[35m252[39m][3
3m,[39m[[35m252[39m
[33m,[39m[35m381[3
9m][33m,[39m[[35m26
9[39m[33m,[39m[35m
391[39m][33m,[39m[
[35m391[39m[33m,[39
m[35m393[39m][33m,
[39m[[35m393[39m[33
m,[39m[35m269[39m]
[33m,[39m[[35m200[3
9m[33m,[39m[35m199
[39m][33m,[39m[[35m
199[39m[33m,[39m[3
5m428[39m][33m,[39m
[[35m428[39m[33m,[
39m[35m200[39m][33m
,[39m[[35m266[39m[
33m,[39m[35m330[39m
][33m,[39m[[35m330
[39m[33m,[39m[35m32
9[39m][33m,[39m[[3
5m329[39m[33m,[39m
[35m266[39m][33m,[3
9m[[35m287[39m[33m,
[39m[35m273[39m][3
3m,[39m[[35m273[39m
[33m,[39m[35m422[3
9m][33m,[39m[[35m42
2[39m[33m,[39m[35m
287[39m][33m,[39m[
[35m250[39m[33m,[39
m[35m462[39m][33m,
[39m[[35m462[39m[33
m,[39m[35m328[39m]
[33m,[39m[[35m328[3
9m[33m,[39m[35m250
[39m][33m,[39m[[35m
258[39m[33m,[39m[3
5m286[39m][33m,[39m
[[35m286[39m[33m,[
39m[35m384[39m][33m
,[39m[[35m384[39m[
33m,[39m[35m258[39m
][33m,[39m[[35m265
[39m[33m,[39m[35m35
3[39m][33m,[39m[[3
5m353[39m[33m,[39m
[35m342[39m][33m,[3
9m[[35m342[39m[33m,
[39m[35m265[39m][3
3m,[39m[[35m387[39m
[33m,[39m[35m259[3
9m][33m,[39m[[35m25
9[39m[33m,[39m[35m
257[39m][33m,[39m[
[35m257[39m[33m,[39
m[35m387[39m][33m,
[39m[[35m424[39m[33
m,[39m[35m431[39m]
[33m,[39m[[35m431[3
9m[33m,[39m[35m430
[39m][33m,[39m[[35m
430[39m[33m,[39m[3
5m424[39m][33m,[39m
[[35m342[39m[33m,[
39m[35m353[39m][33m
,[39m[[35m353[39m[
33m,[39m[35m276[39m
][33m,[39m[[35m276
[39m[33m,[39m[35m34
2[39m][33m,[39m[[3
5m273[39m[33m,[39m
[35m335[39m][33m,[3
9m[[35m335[39m[33m,
[39m[35m424[39m][3
3m,[39m[[35m424[39m
[33m,[39m[35m273[3
9m][33m,[39m[[35m29
2[39m[33m,[39m[35m
325[39m][33m,[39m[
[35m325[39m[33m,[39
m[35m307[39m][33m,
[39m[[35m307[39m[33
m,[39m[35m292[39m]
[33m,[39m[[35m366[3
9m[33m,[39m[35m447
[39m][33m,[39m[[35m
447[39m[33m,[39m[3
5m345[39m][33m,[39m
[[35m345[39m[33m,[
39m[35m366[39m][33m
,[39m[[35m271[39m[
33m,[39m[35m303[39m
][33m,[39m[[35m303
[39m[33m,[39m[35m30
2[39m][33m,[39m[[3
5m302[39m[33m,[39m
[35m271[39m][33m,[3
9m[[35m423[39m[33m,
[39m[35m266[39m][3
3m,[39m[[35m266[39m
[33m,[39m[35m371[3
9m][33m,[39m[[35m37
1[39m[33m,[39m[35m
423[39m][33m,[39m[
[35m294[39m[33m,[39
m[35m455[39m][33m,
[39m[[35m455[39m[33
m,[39m[35m460[39m]
[33m,[39m[[35m460[3
9m[33m,[39m[35m294
[39m][33m,[39m[[35m
279[39m[33m,[39m[3
5m278[39m][33m,[39m
[[35m278[39m[33m,[
39m[35m294[39m][33m
,[39m[[35m294[39m[
33m,[39m[35m279[39m
][33m,[39m[[35m271
[39m[33m,[39m[35m27
2[39m][33m,[39m[[3
5m272[39m[33m,[39m
[35m304[39m][33m,[3
9m[[35m304[39m[33m,
[39m[35m271[39m][3
3m,[39m[[35m432[39m
[33m,[39m[35m434[3
9m][33m,[39m[[35m43
4[39m[33m,[39m[35m
427[39m][33m,[39m[
[35m427[39m[33m,[39
m[35m432[39m][33m,
[39m[[35m272[39m[33
m,[39m[35m407[39m]
[33m,[39m[[35m407[3
9m[33m,[39m[35m408
[39m][33m,[39m[[35m
408[39m[33m,[39m[3
5m272[39m][33m,[39m
[[35m394[39m[33m,[
39m[35m430[39m][33m
,[39m[[35m430[39m[
33m,[39m[35m431[39m
][33m,[39m[[35m431
[39m[33m,[39m[35m39
4[39m][33m,[39m[[3
5m395[39m[33m,[39m
[35m369[39m][33m,[3
9m[[35m369[39m[33m,
[39m[35m400[39m][3
3m,[39m[[35m400[39m
[33m,[39m[35m395[3
9m][33m,[39m[[35m33
4[39m[33m,[39m[35m
333[39m][33m,[39m[
[35m333[39m[33m,[39
m[35m299[39m][33m,
[39m[[35m299[39m[33
m,[39m[35m334[39m]
[33m,[39m[[35m351[3
9m[33m,[39m[35m417
[39m][33m,[39m[[35m
417[39m[33m,[39m[3
5m168[39m][33m,[39m
[[35m168[39m[33m,[
39m[35m351[39m][33m
,[39m[[35m352[39m[
33m,[39m[35m280[39m
][33m,[39m[[35m280
[39m[33m,[39m[35m41
1[39m][33m,[39m[[3
5m411[39m[33m,[39m
[35m352[39m][33m,[3
9m[[35m325[39m[33m,
[39m[35m319[39m][3
3m,[39m[[35m319[39m
[33m,[39m[35m320[3
9m][33m,[39m[[35m32
0[39m[33m,[39m[35m
325[39m][33m,[39m[
[35m295[39m[33m,[39
m[35m296[39m][33m,
[39m[[35m296[39m[33
m,[39m[35m336[39m]
[33m,[39m[[35m336[3
9m[33m,[39m[35m295
[39m][33m,[39m[[35m
319[39m[33m,[39m[3
5m403[39m][33m,[39m
[[35m403[39m[33m,[
39m[35m404[39m][33m
,[39m[[35m404[39m[
33m,[39m[35m319[39m
][33m,[39m[[35m330
[39m[33m,[39m[35m34
8[39m][33m,[39m[[3
5m348[39m[33m,[39m
[35m349[39m][33m,[3
9m[[35m349[39m[33m,
[39m[35m330[39m][3
3m,[39m[[35m293[39m
[33m,[39m[35m298[3
9m][33m,[39m[[35m29
8[39m[33m,[39m[35m
333[39m][33m,[39m[
[35m333[39m[33m,[39
m[35m293[39m][33m,
[39m[[35m323[39m[33
m,[39m[35m454[39m]
[33m,[39m[[35m454[3
9m[33m,[39m[35m447
[39m][33m,[39m[[35m
447[39m[33m,[39m[3
5m323[39m][33m,[39m
[[35m15[39m[33m,[3
9m[35m16[39m][33m,
[39m[[35m16[39m[33m
,[39m[35m315[39m][
33m,[39m[[35m315[39
m[33m,[39m[35m15[3
9m][33m,[39m[[35m35
8[39m[33m,[39m[35m
429[39m][33m,[39m[
[35m429[39m[33m,[39
m[35m279[39m][33m,
[39m[[35m279[39m[33
m,[39m[35m358[39m]
[33m,[39m[[35m14[39
m[33m,[39m[35m15[3
9m][33m,[39m[[35m15
[39m[33m,[39m[35m3
16[39m][33m,[39m[[
35m316[39m[33m,[39m
[35m14[39m][33m,[3
9m[[35m285[39m[33m,
[39m[35m336[39m][3
3m,[39m[[35m336[39m
[33m,[39m[35m9[39m
][33m,[39m[[35m9[3
9m[33m,[39m[35m285
[39m][33m,[39m[[35m
329[39m[33m,[39m[3
5m349[39m][33m,[39m
[[35m349[39m[33m,[
39m[35m350[39m][33m
,[39m[[35m350[39m[
33m,[39m[35m329[39m
][33m,[39m[[35m374
[39m[33m,[39m[35m38
0[39m][33m,[39m[[3
5m380[39m[33m,[39m
[35m252[39m][33m,[3
9m[[35m252[39m[33m,
[39m[35m374[39m][3
3m,[39m[[35m318[39m
[33m,[39m[35m402[3
9m][33m,[39m[[35m40
2[39m[33m,[39m[35m
403[39m][33m,[39m[
[35m403[39m[33m,[39
m[35m318[39m][33m,
[39m[[35m6[39m[33m,
[39m[35m197[39m][3
3m,[39m[[35m197[39m
[33m,[39m[35m419[3
9m][33m,[39m[[35m41
9[39m[33m,[39m[35m
6[39m][33m,[39m[[3
5m318[39m[33m,[39m
[35m319[39m][33m,[3
9m[[35m319[39m[33m,
[39m[35m325[39m][3
3m,[39m[[35m325[39m
[33m,[39m[35m318[3
9m][33m,[39m[[35m36
7[39m[33m,[39m[35m
364[39m][33m,[39m[
[35m364[39m[33m,[39
m[35m365[39m][33m,
[39m[[35m365[39m[33
m,[39m[35m367[39m]
[33m,[39m[[35m435[3
9m[33m,[39m[35m367
[39m][33m,[39m[[35m
367[39m[33m,[39m[3
5m397[39m][33m,[39m
[[35m397[39m[33m,[
39m[35m435[39m][33m
,[39m[[35m344[39m[
33m,[39m[35m438[39m
][33m,[39m[[35m438
[39m[33m,[39m[35m43
9[39m][33m,[39m[[3
5m439[39m[33m,[39m
[35m344[39m][33m,[3
9m[[35m272[39m[33m,
[39m[35m271[39m][3
3m,[39m[[35m271[39m
[33m,[39m[35m311[3
9m][33m,[39m[[35m31
1[39m[33m,[39m[35m
272[39m][33m,[39m[
[35m195[39m[33m,[39
m[35m5[39m][33m,[3
9m[[35m5[39m[33m,[
39m[35m281[39m][33m
,[39m[[35m281[39m[
33m,[39m[35m195[39m
][33m,[39m[[35m273
[39m[33m,[39m[35m28
7[39m][33m,[39m[[3
5m287[39m[33m,[39m
[35m291[39m][33m,[3
9m[[35m291[39m[33m,
[39m[35m273[39m][3
3m,[39m[[35m396[39m
[33m,[39m[35m428[3
9m][33m,[39m[[35m42
8[39m[33m,[39m[35m
199[39m][33m,[39m[
[35m199[39m[33m,[39
m[35m396[39m][33m,
[39m[[35m311[39m[33
m,[39m[35m271[39m]
[33m,[39m[[35m271[3
9m[33m,[39m[35m268
[39m][33m,[39m[[35m
268[39m[33m,[39m[3
5m311[39m][33m,[39m
[[35m283[39m[33m,[
39m[35m444[39m][33m
,[39m[[35m444[39m[
33m,[39m[35m445[39m
][33m,[39m[[35m445
[39m[33m,[39m[35m28
3[39m][33m,[39m[[3
5m373[39m[33m,[39m
[35m254[39m][33m,[3
9m[[35m254[39m[33m,
[39m[35m339[39m][3
3m,[39m[[35m339[39m
[33m,[39m[35m373[3
9m][33m,[39m[[35m28
2[39m[33m,[39m[35m
334[39m][33m,[39m[
[35m334[39m[33m,[39
m[35m296[39m][33m,
[39m[[35m296[39m[33
m,[39m[35m282[39m]
[33m,[39m[[35m449[3
9m[33m,[39m[35m347
[39m][33m,[39m[[35m
347[39m[33m,[39m[3
5m346[39m][33m,[39m
[[35m346[39m[33m,[
39m[35m449[39m][33m
,[39m[[35m264[39m[
33m,[39m[35m447[39m
][33m,[39m[[35m447
[39m[33m,[39m[35m45
4[39m][33m,[39m[[3
5m454[39m[33m,[39m
[35m264[39m][33m,[3
9m[[35m336[39m[33m,
[39m[35m296[39m][3
3m,[39m[[35m296[39m
[33m,[39m[35m299[3
9m][33m,[39m[[35m29
9[39m[33m,[39m[35m
336[39m][33m,[39m[
[35m338[39m[33m,[39
m[35m10[39m][33m,[
39m[[35m10[39m[33m,
[39m[35m151[39m][3
3m,[39m[[35m151[39m
[33m,[39m[35m338[3
9m][33m,[39m[[35m27
8[39m[33m,[39m[35m
439[39m][33m,[39m[
[35m439[39m[33m,[39
m[35m455[39m][33m,
[39m[[35m455[39m[33
m,[39m[35m278[39m]
[33m,[39m[[35m292[3
9m[33m,[39m[35m407
[39m][33m,[39m[[35m
407[39m[33m,[39m[3
5m415[39m][33m,[39m
[[35m415[39m[33m,[
39m[35m292[39m][33m
,[39m[[35m358[39m[
33m,[39m[35m371[39m
][33m,[39m[[35m371
[39m[33m,[39m[35m35
5[39m][33m,[39m[[3
5m355[39m[33m,[39m
[35m358[39m][33m,[3
9m[[35m340[39m[33m,
[39m[35m345[39m][3
3m,[39m[[35m345[39m
[33m,[39m[35m372[3
9m][33m,[39m[[35m37
2[39m[33m,[39m[35m
340[39m][33m,[39m[
[35m346[39m[33m,[39
m[35m347[39m][33m,
[39m[[35m347[39m[33
m,[39m[35m280[39m]
[33m,[39m[[35m280[3
9m[33m,[39m[35m346
[39m][33m,[39m[[35m
442[39m[33m,[39m[3
5m443[39m][33m,[39m
[[35m443[39m[33m,[
39m[35m282[39m][33m
,[39m[[35m282[39m[
33m,[39m[35m442[39m
][33m,[39m[[35m19[
39m[33m,[39m[35m94
[39m][33m,[39m[[35m
94[39m[33m,[39m[35
m370[39m][33m,[39m[
[35m370[39m[33m,[3
9m[35m19[39m][33m,
[39m[[35m441[39m[33
m,[39m[35m442[39m]
[33m,[39m[[35m442[3
9m[33m,[39m[35m295
[39m][33m,[39m[[35m
295[39m[33m,[39m[3
5m441[39m][33m,[39m
[[35m248[39m[33m,[
39m[35m419[39m][33m
,[39m[[35m419[39m[
33m,[39m[35m197[39m
][33m,[39m[[35m197
[39m[33m,[39m[35m24
8[39m][33m,[39m[[3
5m263[39m[33m,[39m
[35m255[39m][33m,[3
9m[[35m255[39m[33m,
[39m[35m359[39m][3
3m,[39m[[35m359[39m
[33m,[39m[35m263[3
9m][33m,[39m[[35m44
0[39m[33m,[39m[35m
275[39m][33m,[39m[
[35m275[39m[33m,[39
m[35m274[39m][33m,
[39m[[35m274[39m[33
m,[39m[35m440[39m]
[33m,[39m[[35m300[3
9m[33m,[39m[35m383
[39m][33m,[39m[[35m
383[39m[33m,[39m[3
5m368[39m][33m,[39m
[[35m368[39m[33m,[
39m[35m300[39m][33m
,[39m[[35m351[39m[
33m,[39m[35m412[39m
][33m,[39m[[35m412
[39m[33m,[39m[35m46
5[39m][33m,[39m[[3
5m465[39m[33m,[39m
[35m351[39m][33m,[3
9m[[35m263[39m[33m,
[39m[35m467[39m][3
3m,[39m[[35m467[39m
[33m,[39m[35m466[3
9m][33m,[39m[[35m46
6[39m[33m,[39m[35m
263[39m][33m,[39m[
[35m301[39m[33m,[39
m[35m368[39m][33m,
[39m[[35m368[39m[33
m,[39m[35m389[39m]
[33m,[39m[[35m389[3
9m[33m,[39m[35m301
[39m][33m,[39m[[35m
395[39m[33m,[39m[3
5m378[39m][33m,[39m
[[35m378[39m[33m,[
39m[35m379[39m][33m
,[39m[[35m379[39m[
33m,[39m[35m395[39m
][33m,[39m[[35m412
[39m[33m,[39m[35m35
1[39m][33m,[39m[[3
5m351[39m[33m,[39m
[35m419[39m][33m,[3
9m[[35m419[39m[33m,
[39m[35m412[39m][3
3m,[39m[[35m436[39m
[33m,[39m[35m426[3
9m][33m,[39m[[35m42
6[39m[33m,[39m[35m
322[39m][33m,[39m[
[35m322[39m[33m,[39
m[35m436[39m][33m,
[39m[[35m2[39m[33m,
[39m[35m164[39m][3
3m,[39m[[35m164[39m
[33m,[39m[35m393[3
9m][33m,[39m[[35m39
3[39m[33m,[39m[35m
2[39m][33m,[39m[[3
5m370[39m[33m,[39m
[35m462[39m][33m,[3
9m[[35m462[39m[33m,
[39m[35m461[39m][3
3m,[39m[[35m461[39m
[33m,[39m[35m370[3
9m][33m,[39m[[35m16
4[39m[33m,[39m[35m
0[39m][33m,[39m[[3
5m0[39m[33m,[39m[3
5m267[39m][33m,[39m
[[35m267[39m[33m,[
39m[35m164[39m][33m
,[39m[[35m302[39m[
33m,[39m[35m11[39m]
[33m,[39m[[35m11[3
9m[33m,[39m[35m12[
39m][33m,[39m[[35m1
2[39m[33m,[39m[35m
302[39m][33m,[39m[
[35m268[39m[33m,[39
m[35m12[39m][33m,[
39m[[35m12[39m[33m,
[39m[35m13[39m][33
m,[39m[[35m13[39m[
33m,[39m[35m268[39m
][33m,[39m[[35m293
[39m[33m,[39m[35m30
0[39m][33m,[39m[[3
5m300[39m[33m,[39m
[35m301[39m][33m,[3
9m[[35m301[39m[33m,
[39m[35m293[39m][3
3m,[39m[[35m446[39m
[33m,[39m[35m261[3
9m][33m,[39m[[35m26
1[39m[33m,[39m[35m
340[39m][33m,[39m[
[35m340[39m[33m,[39
m[35m446[39m][33m,
[39m[[35m330[39m[33
m,[39m[35m266[39m]
[33m,[39m[[35m266[3
9m[33m,[39m[35m425
[39m][33m,[39m[[35m
425[39m[33m,[39m[3
5m330[39m][33m,[39m
[[35m426[39m[33m,[
39m[35m423[39m][33m
,[39m[[35m423[39m[
33m,[39m[35m391[39m
][33m,[39m[[35m391
[39m[33m,[39m[35m42
6[39m][33m,[39m[[3
5m429[39m[33m,[39m
[35m355[39m][33m,[3
9m[[35m355[39m[33m,
[39m[35m437[39m][3
3m,[39m[[35m437[39m
[33m,[39m[35m429[3
9m][33m,[39m[[35m39
1[39m[33m,[39m[35m
327[39m][33m,[39m[
[35m327[39m[33m,[39
m[35m326[39m][33m,
[39m[[35m326[39m[33
m,[39m[35m391[39m]
[33m,[39m[[35m440[3
9m[33m,[39m[35m457
[39m][33m,[39m[[35m
457[39m[33m,[39m[3
5m438[39m][33m,[39m
[[35m438[39m[33m,[
39m[35m440[39m][33m
,[39m[[35m341[39m[
33m,[39m[35m382[39m
][33m,[39m[[35m382
[39m[33m,[39m[35m36
2[39m][33m,[39m[[3
5m362[39m[33m,[39m
[35m341[39m][33m,[3
9m[[35m459[39m[33m,
[39m[35m457[39m][3
3m,[39m[[35m457[39m
[33m,[39m[35m461[3
9m][33m,[39m[[35m46
1[39m[33m,[39m[35m
459[39m][33m,[39m[
[35m434[39m[33m,[39
m[35m430[39m][33m,
[39m[[35m430[39m[33
m,[39m[35m394[39m]
[33m,[39m[[35m394[3
9m[33m,[39m[35m434
[39m][33m,[39m[[35m
414[39m[33m,[39m[3
5m463[39m][33m,[39m
[[35m463[39m[33m,[
39m[35m362[39m][33m
,[39m[[35m362[39m[
33m,[39m[35m414[39m
][33m,[39m[[35m396
[39m[33m,[39m[35m36
9[39m][33m,[39m[[3
5m369[39m[33m,[39m
[35m262[39m][33m,[3
9m[[35m262[39m[33m,
[39m[35m396[39m][3
3m,[39m[[35m354[39m
[33m,[39m[35m461[3
9m][33m,[39m[[35m46
1[39m[33m,[39m[35m
457[39m][33m,[39m[
[35m457[39m[33m,[39
m[35m354[39m][33m,
[39m[[35m316[39m[33
m,[39m[35m403[39m]
[33m,[39m[[35m403[3
9m[33m,[39m[35m402
[39m][33m,[39m[[35m
402[39m[33m,[39m[3
5m316[39m][33m,[39m
[[35m315[39m[33m,[
39m[35m404[39m][33m
,[39m[[35m404[39m[
33m,[39m[35m403[39m
][33m,[39m[[35m403
[39m[33m,[39m[35m31
5[39m][33m,[39m[[3
5m314[39m[33m,[39m
[35m405[39m][33m,[3
9m[[35m405[39m[33m,
[39m[35m404[39m][3
3m,[39m[[35m404[39m
[33m,[39m[35m314[3
9m][33m,[39m[[35m31
3[39m[33m,[39m[35m
406[39m][33m,[39m[
[35m406[39m[33m,[39
m[35m405[39m][33m,
[39m[[35m405[39m[33
m,[39m[35m313[39m]
[33m,[39m[[35m421[3
9m[33m,[39m[35m418
[39m][33m,[39m[[35m
418[39m[33m,[39m[3
5m406[39m][33m,[39m
[[35m406[39m[33m,[
39m[35m421[39m][33m
,[39m[[35m366[39m[
33m,[39m[35m401[39m
][33m,[39m[[35m401
[39m[33m,[39m[35m36
1[39m][33m,[39m[[3
5m361[39m[33m,[39m
[35m366[39m][33m,[3
9m[[35m306[39m[33m,
[39m[35m408[39m][3
3m,[39m[[35m408[39m
[33m,[39m[35m407[3
9m][33m,[39m[[35m40
7[39m[33m,[39m[35m
306[39m][33m,[39m[
[35m291[39m[33m,[39
m[35m409[39m][33m,
[39m[[35m409[39m[33
m,[39m[35m408[39m]
[33m,[39m[[35m408[3
9m[33m,[39m[35m291
[39m][33m,[39m[[35m
287[39m[33m,[39m[3
5m410[39m][33m,[39m
[[35m410[39m[33m,[
39m[35m409[39m][33m
,[39m[[35m409[39m[
33m,[39m[35m287[39m
][33m,[39m[[35m432
[39m[33m,[39m[35m43
6[39m][33m,[39m[[3
5m436[39m[33m,[39m
[35m410[39m][33m,[3
9m[[35m410[39m[33m,
[39m[35m432[39m][3
3m,[39m[[35m434[39m
[33m,[39m[35m416[3
9m][33m,[39m[[35m41
6[39m[33m,[39m[35m
411[39m][33m,[39m[
[35m411[39m[33m,[39
m[35m434[39m][33m,
[39m[[35m264[39m[33
m,[39m[35m368[39m]
[33m,[39m[[35m368[3
9m[33m,[39m[35m383
[39m][33m,[39m[[35m
383[39m[33m,[39m[3
5m264[39m][33m,[39m
[[35m309[39m[33m,[
39m[35m438[39m][33m
,[39m[[35m438[39m[
33m,[39m[35m457[39m
][33m,[39m[[35m457
[39m[33m,[39m[35m30
9[39m][33m,[39m[[3
5m352[39m[33m,[39m
[35m376[39m][33m,[3
9m[[35m376[39m[33m,
[39m[35m401[39m][3
3m,[39m[[35m401[39m
[33m,[39m[35m352[3
9m][33m,[39m[[35m27
4[39m[33m,[39m[35m
275[39m][33m,[39m[
[35m275[39m[33m,[39
m[35m4[39m][33m,[3
9m[[35m4[39m[33m,[
39m[35m274[39m][33m
,[39m[[35m421[39m[
33m,[39m[35m428[39m
][33m,[39m[[35m428
[39m[33m,[39m[35m26
2[39m][33m,[39m[[3
5m262[39m[33m,[39m
[35m421[39m][33m,[3
9m[[35m294[39m[33m,
[39m[35m327[39m][3
3m,[39m[[35m327[39m
[33m,[39m[35m358[3
9m][33m,[39m[[35m35
8[39m[33m,[39m[35m
294[39m][33m,[39m[
[35m433[39m[33m,[39
m[35m416[39m][33m,
[39m[[35m416[39m[33
m,[39m[35m367[39m]
[33m,[39m[[35m367[3
9m[33m,[39m[35m433
[39m][33m,[39m[[35m
289[39m[33m,[39m[3
5m455[39m][33m,[39m
[[35m455[39m[33m,[
39m[35m439[39m][33m
,[39m[[35m439[39m[
33m,[39m[35m289[39m
][33m,[39m[[35m462
[39m[33m,[39m[35m37
0[39m][33m,[39m[[3
5m370[39m[33m,[39m
[35m326[39m][33m,[3
9m[[35m326[39m[33m,
[39m[35m462[39m][3
3m,[39m[[35m2[39m[
33m,[39m[35m326[39m
][33m,[39m[[35m326
[39m[33m,[39m[35m37
0[39m][33m,[39m[[3
5m370[39m[33m,[39m
[35m2[39m][33m,[39m
[[35m305[39m[33m,[
39m[35m460[39m][33m
,[39m[[35m460[39m[
33m,[39m[35m455[39m
][33m,[39m[[35m455
[39m[33m,[39m[35m30
5[39m][33m,[39m[[3
5m254[39m[33m,[39m
[35m449[39m][33m,[3
9m[[35m449[39m[33m,
[39m[35m448[39m][3
3m,[39m[[35m448[39m
[33m,[39m[35m254[3
9m][33m,[39m[[35m25
5[39m[33m,[39m[35m
261[39m][33m,[39m[
[35m261[39m[33m,[39
m[35m446[39m][33m,
[39m[[35m446[39m[33
m,[39m[35m255[39m]
[33m,[39m[[35m253[3
9m[33m,[39m[35m450
[39m][33m,[39m[[35m
450[39m[33m,[39m[3
5m449[39m][33m,[39m
[[35m449[39m[33m,[
39m[35m253[39m][33m
,[39m[[35m252[39m[
33m,[39m[35m451[39m
][33m,[39m[[35m451
[39m[33m,[39m[35m45
0[39m][33m,[39m[[3
5m450[39m[33m,[39m
[35m252[39m][33m,[3
9m[[35m256[39m[33m,
[39m[35m452[39m][3
3m,[39m[[35m452[39m
[33m,[39m[35m451[3
9m][33m,[39m[[35m45
1[39m[33m,[39m[35m
256[39m][33m,[39m[
[35m341[39m[33m,[39
m[35m453[39m][33m,
[39m[[35m453[39m[33
m,[39m[35m452[39m]
[33m,[39m[[35m452[3
9m[33m,[39m[35m341
[39m][33m,[39m[[35m
413[39m[33m,[39m[3
5m464[39m][33m,[39m
[[35m464[39m[33m,[
39m[35m463[39m][33m
,[39m[[35m463[39m[
33m,[39m[35m413[39m
][33m,[39m[[35m441
[39m[33m,[39m[35m41
3[39m][33m,[39m[[3
5m413[39m[33m,[39m
[35m414[39m][33m,[3
9m[[35m414[39m[33m,
[39m[35m441[39m][3
3m,[39m[[35m258[39m
[33m,[39m[35m442[3
9m][33m,[39m[[35m44
2[39m[33m,[39m[35m
441[39m][33m,[39m[
[35m441[39m[33m,[39
m[35m258[39m][33m,
[39m[[35m257[39m[33
m,[39m[35m443[39m]
[33m,[39m[[35m443[3
9m[33m,[39m[35m442
[39m][33m,[39m[[35m
442[39m[33m,[39m[3
5m257[39m][33m,[39m
[[35m259[39m[33m,[
39m[35m444[39m][33m
,[39m[[35m444[39m[
33m,[39m[35m443[39m
][33m,[39m[[35m443
[39m[33m,[39m[35m25
9[39m][33m,[39m[[3
5m260[39m[33m,[39m
[35m445[39m][33m,[3
9m[[35m445[39m[33m,
[39m[35m444[39m][3
3m,[39m[[35m444[39m
[33m,[39m[35m260[3
9m][33m,[39m[[35m46
7[39m[33m,[39m[35m
342[39m][33m,[39m[
[35m342[39m[33m,[39
m[35m445[39m][33m,
[39m[[35m445[39m[33
m,[39m[35m467[39m]
[33m,[39m[[35m459[3
9m[33m,[39m[35m458
[39m][33m,[39m[[35m
458[39m[33m,[39m[3
5m250[39m][33m,[39m
[[35m250[39m[33m,[
39m[35m459[39m][33m
,[39m[[35m289[39m[
33m,[39m[35m392[39m
][33m,[39m[[35m392
[39m[33m,[39m[35m29
0[39m][33m,[39m[[3
5m290[39m[33m,[39m
[35m289[39m][33m,[3
9m[[35m290[39m[33m,
[39m[35m328[39m][3
3m,[39m[[35m328[39m
[33m,[39m[35m460[3
9m][33m,[39m[[35m46
0[39m[33m,[39m[35m
290[39m][33m,[39m[
[35m376[39m[33m,[39
m[35m433[39m][33m,
[39m[[35m433[39m[33
m,[39m[35m435[39m]
[33m,[39m[[35m435[3
9m[33m,[39m[35m376
[39m][33m,[39m[[35m
250[39m[33m,[39m[3
5m290[39m][33m,[39m
[[35m290[39m[33m,[
39m[35m392[39m][33m
,[39m[[35m392[39m[
33m,[39m[35m250[39m
][33m,[39m[[35m411
[39m[33m,[39m[35m41
6[39m][33m,[39m[[3
5m416[39m[33m,[39m
[35m433[39m][33m,[3
9m[[35m433[39m[33m,
[39m[35m411[39m][3
3m,[39m[[35m341[39m
[33m,[39m[35m463[3
9m][33m,[39m[[35m46
3[39m[33m,[39m[35m
464[39m][33m,[39m[
[35m464[39m[33m,[39
m[35m341[39m][33m,
[39m[[35m453[39m[33
m,[39m[35m464[39m]
[33m,[39m[[35m464[3
9m[33m,[39m[35m465
[39m][33m,[39m[[35m
465[39m[33m,[39m[3
5m453[39m][33m,[39m
[[35m357[39m[33m,[
39m[35m465[39m][33m
,[39m[[35m465[39m[
33m,[39m[35m412[39m
][33m,[39m[[35m412
[39m[33m,[39m[35m35
7[39m][33m,[39m[[3
5m343[39m[33m,[39m
[35m412[39m][33m,[3
9m[[35m412[39m[33m,
[39m[35m399[39m][3
3m,[39m[[35m399[39m
[33m,[39m[35m343[3
9m][33m,[39m[[35m36
0[39m[33m,[39m[35m
363[39m][33m,[39m[
[35m363[39m[33m,[39
m[35m440[39m][33m,
[39m[[35m440[39m[33
m,[39m[35m360[39m]
[33m,[39m[[35m437[3
9m[33m,[39m[35m399
[39m][33m,[39m[[35m
399[39m[33m,[39m[3
5m456[39m][33m,[39m
[[35m456[39m[33m,[
39m[35m437[39m][33m
,[39m[[35m420[39m[
33m,[39m[35m456[39m
][33m,[39m[[35m456
[39m[33m,[39m[35m36
3[39m][33m,[39m[[3
5m363[39m[33m,[39m
[35m420[39m][33m,[3
9m[[35m401[39m[33m,
[39m[35m435[39m][3
3m,[39m[[35m435[39m
[33m,[39m[35m288[3
9m][33m,[39m[[35m28
8[39m[33m,[39m[35m
401[39m][33m,[39m[
[35m372[39m[33m,[39
m[35m383[39m][33m,
[39m[[35m383[39m[33
m,[39m[35m353[39m]
[33m,[39m[[35m353[3
9m[33m,[39m[35m372
[39m][33m,[39m[[35m
339[39m[33m,[39m[3
5m255[39m][33m,[39m
[[35m255[39m[33m,[
39m[35m249[39m][33m
,[39m[[35m249[39m[
33m,[39m[35m339[39m
][33m,[39m[[35m448
[39m[33m,[39m[35m26
1[39m][33m,[39m[[3
5m261[39m[33m,[39m
[35m255[39m][33m,[3
9m[[35m255[39m[33m,
[39m[35m448[39m][3
3m,[39m[[35m133[39m
[33m,[39m[35m243[3
9m][33m,[39m[[35m24
3[39m[33m,[39m[35m
190[39m][33m,[39m[
[35m190[39m[33m,[39
m[35m133[39m][33m,
[39m[[35m133[39m[33
m,[39m[35m155[39m]
[33m,[39m[[35m155[3
9m[33m,[39m[35m112
[39m][33m,[39m[[35m
112[39m[33m,[39m[3
5m133[39m][33m,[39m
[[35m33[39m[33m,[3
9m[35m246[39m][33m,
[39m[[35m246[39m[3
3m,[39m[35m247[39m]
[33m,[39m[[35m247[
39m[33m,[39m[35m33
[39m][33m,[39m[[35m
33[39m[33m,[39m[35
m130[39m][33m,[39m[
[35m130[39m[33m,[3
9m[35m25[39m][33m,
[39m[[35m25[39m[33m
,[39m[35m33[39m][3
3m,[39m[[35m398[39m
[33m,[39m[35m384[3
9m][33m,[39m[[35m38
4[39m[33m,[39m[35m
286[39m][33m,[39m[
[35m286[39m[33m,[39
m[35m398[39m][33m,
[39m[[35m362[39m[33
m,[39m[35m398[39m]
[33m,[39m[[35m398[3
9m[33m,[39m[35m414
[39m][33m,[39m[[35m
414[39m[33m,[39m[3
5m362[39m][33m,[39m
[[35m362[39m[33m,[
39m[35m463[39m][33m
,[39m[[35m463[39m[
33m,[39m[35m341[39m
][33m,[39m[[35m341
[39m[33m,[39m[35m36
2[39m][33m,[39m[[3
5m263[39m[33m,[39m
[35m359[39m][33m,[3
9m[[35m359[39m[33m,
[39m[35m467[39m][3
3m,[39m[[35m467[39m
[33m,[39m[35m263[3
9m][33m,[39m[[35m26
3[39m[33m,[39m[35m
249[39m][33m,[39m[
[35m249[39m[33m,[39
m[35m255[39m][33m,
[39m[[35m255[39m[33
m,[39m[35m263[39m]
[33m,[39m[[35m466[3
9m[33m,[39m[35m467
[39m][33m,[39m[[35m
467[39m[33m,[39m[3
5m260[39m][33m,[39m
[[35m260[39m[33m,[
39m[35m466[39m][33m
,[39m[[35m75[39m[3
3m,[39m[35m60[39m]
[33m,[39m[[35m60[39
m[33m,[39m[35m166[
39m][33m,[39m[[35m1
66[39m[33m,[39m[35
m75[39m][33m,[39m[
[35m238[39m[33m,[39
m[35m239[39m][33m,
[39m[[35m239[39m[33
m,[39m[35m79[39m][
33m,[39m[[35m79[39m
[33m,[39m[35m238[3
9m][33m,[39m[[35m16
2[39m[33m,[39m[35m
127[39m][33m,[39m[
[35m127[39m[33m,[39
m[35m139[39m][33m,
[39m[[35m139[39m[33
m,[39m[35m162[39m]
[33m,[39m[[35m72[39
m[33m,[39m[35m11[3
9m][33m,[39m[[35m11
[39m[33m,[39m[35m3
7[39m][33m,[39m[[3
5m37[39m[33m,[39m[
35m72[39m][33m,[39m
[[35m121[39m[33m,[
39m[35m232[39m][33m
,[39m[[35m232[39m[
33m,[39m[35m120[39m
][33m,[39m[[35m120
[39m[33m,[39m[35m12
1[39m][33m,[39m[[3
5m73[39m[33m,[39m[
35m72[39m][33m,[39m
[[35m72[39m[33m,[3
9m[35m39[39m][33m,
[39m[[35m39[39m[33m
,[39m[35m73[39m][3
3m,[39m[[35m114[39m
[33m,[39m[35m128[3
9m][33m,[39m[[35m12
8[39m[33m,[39m[35m
47[39m][33m,[39m[[
35m47[39m[33m,[39m
[35m114[39m][33m,[3
9m[[35m233[39m[33m,
[39m[35m232[39m][3
3m,[39m[[35m232[39m
[33m,[39m[35m128[3
9m][33m,[39m[[35m12
8[39m[33m,[39m[35m
233[39m][33m,[39m[
[35m103[39m[33m,[39
m[35m104[39m][33m,
[39m[[35m104[39m[33
m,[39m[35m67[39m][
33m,[39m[[35m67[39m
[33m,[39m[35m103[3
9m][33m,[39m[[35m15
2[39m[33m,[39m[35m
175[39m][33m,[39m[
[35m175[39m[33m,[39
m[35m148[39m][33m,
[39m[[35m148[39m[33
m,[39m[35m152[39m]
[33m,[39m[[35m119[3
9m[33m,[39m[35m118
[39m][33m,[39m[[35m
118[39m[33m,[39m[3
5m101[39m][33m,[39m
[[35m101[39m[33m,[
39m[35m119[39m][33m
,[39m[[35m74[39m[3
3m,[39m[35m73[39m]
[33m,[39m[[35m73[39
m[33m,[39m[35m40[3
9m][33m,[39m[[35m40
[39m[33m,[39m[35m7
4[39m][33m,[39m[[3
5m107[39m[33m,[39m
[35m9[39m][33m,[39m
[[35m9[39m[33m,[39
m[35m108[39m][33m,
[39m[[35m108[39m[33
m,[39m[35m107[39m]
[33m,[39m[[35m49[39
m[33m,[39m[35m48[3
9m][33m,[39m[[35m48
[39m[33m,[39m[35m1
31[39m][33m,[39m[[
35m131[39m[33m,[39m
[35m49[39m][33m,[3
9m[[35m32[39m[33m,
[39m[35m194[39m][33
m,[39m[[35m194[39m
[33m,[39m[35m211[39
m][33m,[39m[[35m211
[39m[33m,[39m[35m3
2[39m][33m,[39m[[3
5m184[39m[33m,[39m
[35m74[39m][33m,[39
m[[35m74[39m[33m,[
39m[35m185[39m][33m
,[39m[[35m185[39m[
33m,[39m[35m184[39m
][33m,[39m[[35m191
[39m[33m,[39m[35m80
[39m][33m,[39m[[35
m80[39m[33m,[39m[3
5m183[39m][33m,[39m
[[35m183[39m[33m,[
39m[35m191[39m][33m
,[39m[[35m185[39m[
33m,[39m[35m40[39m]
[33m,[39m[[35m40[3
9m[33m,[39m[35m186
[39m][33m,[39m[[35m
186[39m[33m,[39m[3
5m185[39m][33m,[39m
[[35m119[39m[33m,[
39m[35m230[39m][33m
,[39m[[35m230[39m[
33m,[39m[35m118[39m
][33m,[39m[[35m118
[39m[33m,[39m[35m11
9[39m][33m,[39m[[3
5m210[39m[33m,[39m
[35m202[39m][33m,[3
9m[[35m202[39m[33m,
[39m[35m214[39m][3
3m,[39m[[35m214[39m
[33m,[39m[35m210[3
9m][33m,[39m[[35m84
[39m[33m,[39m[35m8
3[39m][33m,[39m[[3
5m83[39m[33m,[39m[
35m17[39m][33m,[39m
[[35m17[39m[33m,[3
9m[35m84[39m][33m,
[39m[[35m77[39m[33m
,[39m[35m76[39m][3
3m,[39m[[35m76[39m
[33m,[39m[35m146[39
m][33m,[39m[[35m146
[39m[33m,[39m[35m7
7[39m][33m,[39m[[3
5m161[39m[33m,[39m
[35m160[39m][33m,[3
9m[[35m160[39m[33m,
[39m[35m30[39m][33
m,[39m[[35m30[39m[
33m,[39m[35m161[39m
][33m,[39m[[35m190
[39m[33m,[39m[35m56
[39m][33m,[39m[[35
m56[39m[33m,[39m[3
5m173[39m][33m,[39m
[[35m173[39m[33m,[
39m[35m190[39m][33m
,[39m[[35m182[39m[
33m,[39m[35m106[39m
][33m,[39m[[35m106
[39m[33m,[39m[35m19
4[39m][33m,[39m[[3
5m194[39m[33m,[39m
[35m182[39m][33m,[3
9m[[35m138[39m[33m,
[39m[35m135[39m][3
3m,[39m[[35m135[39m
[33m,[39m[35m192[3
9m][33m,[39m[[35m19
2[39m[33m,[39m[35m
138[39m][33m,[39m[
[35m129[39m[33m,[39
m[35m203[39m][33m,
[39m[[35m203[39m[33
m,[39m[35m98[39m][
33m,[39m[[35m98[39m
[33m,[39m[35m129[3
9m][33m,[39m[[35m54
[39m[33m,[39m[35m2
1[39m][33m,[39m[[3
5m21[39m[33m,[39m[
35m68[39m][33m,[39m
[[35m68[39m[33m,[3
9m[35m54[39m][33m,
[39m[[35m5[39m[33m,
[39m[35m51[39m][33
m,[39m[[35m51[39m[
33m,[39m[35m4[39m]
[33m,[39m[[35m4[39m
[33m,[39m[35m5[39m
][33m,[39m[[35m145
[39m[33m,[39m[35m14
4[39m][33m,[39m[[3
5m144[39m[33m,[39m
[35m23[39m][33m,[39
m[[35m23[39m[33m,[
39m[35m145[39m][33m
,[39m[[35m90[39m[3
3m,[39m[35m77[39m]
[33m,[39m[[35m77[39
m[33m,[39m[35m91[3
9m][33m,[39m[[35m91
[39m[33m,[39m[35m9
0[39m][33m,[39m[[3
5m207[39m[33m,[39m
[35m205[39m][33m,[3
9m[[35m205[39m[33m,
[39m[35m187[39m][3
3m,[39m[[35m187[39m
[33m,[39m[35m207[3
9m][33m,[39m[[35m83
[39m[33m,[39m[35m2
01[39m][33m,[39m[[
35m201[39m[33m,[39m
[35m18[39m][33m,[3
9m[[35m18[39m[33m,
[39m[35m83[39m][33m
,[39m[[35m181[39m[
33m,[39m[35m91[39m]
[33m,[39m[[35m91[3
9m[33m,[39m[35m182
[39m][33m,[39m[[35m
182[39m[33m,[39m[3
5m181[39m][33m,[39m
[[35m180[39m[33m,[
39m[35m90[39m][33m,
[39m[[35m90[39m[33
m,[39m[35m181[39m]
[33m,[39m[[35m181[3
9m[33m,[39m[35m180
[39m][33m,[39m[[35m
16[39m[33m,[39m[35
m85[39m][33m,[39m[
[35m85[39m[33m,[39m
[35m17[39m][33m,[3
9m[[35m17[39m[33m,
[39m[35m16[39m][33m
,[39m[[35m205[39m[
33m,[39m[35m206[39m
][33m,[39m[[35m206
[39m[33m,[39m[35m36
[39m][33m,[39m[[35
m36[39m[33m,[39m[3
5m205[39m][33m,[39m
[[35m176[39m[33m,[
39m[35m148[39m][33m
,[39m[[35m148[39m[
33m,[39m[35m140[39m
][33m,[39m[[35m140
[39m[33m,[39m[35m17
6[39m][33m,[39m[[3
5m165[39m[33m,[39m
[35m92[39m][33m,[39
m[[35m92[39m[33m,[
39m[35m39[39m][33m,
[39m[[35m39[39m[33
m,[39m[35m165[39m]
[33m,[39m[[35m245[3
9m[33m,[39m[35m193
[39m][33m,[39m[[35m
193[39m[33m,[39m[3
5m244[39m][33m,[39m
[[35m244[39m[33m,[
39m[35m245[39m][33m
,[39m[[35m27[39m[3
3m,[39m[35m159[39m]
[33m,[39m[[35m159[
39m[33m,[39m[35m28
[39m][33m,[39m[[35m
28[39m[33m,[39m[35
m27[39m][33m,[39m[
[35m30[39m[33m,[39m
[35m247[39m][33m,[
39m[[35m247[39m[33m
,[39m[35m161[39m][
33m,[39m[[35m161[39
m[33m,[39m[35m30[3
9m][33m,[39m[[35m17
4[39m[33m,[39m[35m
236[39m][33m,[39m[
[35m236[39m[33m,[39
m[35m196[39m][33m,
[39m[[35m196[39m[33
m,[39m[35m174[39m]
[33m,[39m[[35m103[3
9m[33m,[39m[35m54[
39m][33m,[39m[[35m5
4[39m[33m,[39m[35m
104[39m][33m,[39m[
[35m104[39m[33m,[39
m[35m103[39m][33m,
[39m[[35m55[39m[33m
,[39m[35m193[39m][
33m,[39m[[35m193[39
m[33m,[39m[35m8[39
m][33m,[39m[[35m8[
39m[33m,[39m[35m55
[39m][33m,[39m[[35m
111[39m[33m,[39m[3
5m117[39m][33m,[39m
[[35m117[39m[33m,[
39m[35m31[39m][33m,
[39m[[35m31[39m[33
m,[39m[35m111[39m]
[33m,[39m[[35m221[3
9m[33m,[39m[35m189
[39m][33m,[39m[[35m
189[39m[33m,[39m[3
5m55[39m][33m,[39m[
[35m55[39m[33m,[39
m[35m221[39m][33m,
[39m[[35m240[39m[33
m,[39m[35m98[39m][
33m,[39m[[35m98[39m
[33m,[39m[35m99[39
m][33m,[39m[[35m99
[39m[33m,[39m[35m24
0[39m][33m,[39m[[3
5m142[39m[33m,[39m
[35m126[39m][33m,[3
9m[[35m126[39m[33m,
[39m[35m100[39m][3
3m,[39m[[35m100[39m
[33m,[39m[35m142[3
9m][33m,[39m[[35m21
9[39m[33m,[39m[35m
166[39m][33m,[39m[
[35m166[39m[33m,[39
m[35m218[39m][33m,
[39m[[35m218[39m[33
m,[39m[35m219[39m]
[33m,[39m[[35m112[3
9m[33m,[39m[35m155
[39m][33m,[39m[[35m
155[39m[33m,[39m[3
5m26[39m][33m,[39m[
[35m26[39m[33m,[39
m[35m112[39m][33m,
[39m[[35m198[39m[33
m,[39m[35m209[39m]
[33m,[39m[[35m209[3
9m[33m,[39m[35m131
[39m][33m,[39m[[35m
131[39m[33m,[39m[3
5m198[39m][33m,[39m
[[35m169[39m[33m,[
39m[35m135[39m][33m
,[39m[[35m135[39m[
33m,[39m[35m150[39m
][33m,[39m[[35m150
[39m[33m,[39m[35m16
9[39m][33m,[39m[[3
5m114[39m[33m,[39m
[35m47[39m][33m,[39
m[[35m47[39m[33m,[
39m[35m217[39m][33m
,[39m[[35m217[39m[
33m,[39m[35m114[39m
][33m,[39m[[35m224
[39m[33m,[39m[35m22
3[39m][33m,[39m[[3
5m223[39m[33m,[39m
[35m53[39m][33m,[39
m[[35m53[39m[33m,[
39m[35m224[39m][33m
,[39m[[35m220[39m[
33m,[39m[35m45[39m]
[33m,[39m[[35m45[3
9m[33m,[39m[35m134
[39m][33m,[39m[[35m
134[39m[33m,[39m[3
5m220[39m][33m,[39m
[[35m32[39m[33m,[3
9m[35m211[39m][33m,
[39m[[35m211[39m[3
3m,[39m[35m140[39m]
[33m,[39m[[35m140[
39m[33m,[39m[35m32
[39m][33m,[39m[[35m
109[39m[33m,[39m[3
5m67[39m][33m,[39m[
[35m67[39m[33m,[39
m[35m108[39m][33m,
[39m[[35m108[39m[33
m,[39m[35m109[39m]
[33m,[39m[[35m146[3
9m[33m,[39m[35m43[
39m][33m,[39m[[35m4
3[39m[33m,[39m[35m
91[39m][33m,[39m[[
35m91[39m[33m,[39m
[35m146[39m][33m,[3
9m[[35m231[39m[33m,
[39m[35m230[39m][3
3m,[39m[[35m230[39m
[33m,[39m[35m120[3
9m][33m,[39m[[35m12
0[39m[33m,[39m[35m
231[39m][33m,[39m[
[35m113[39m[33m,[39
m[35m226[39m][33m,
[39m[[35m226[39m[33
m,[39m[35m247[39m]
[33m,[39m[[35m247[3
9m[33m,[39m[35m113
[39m][33m,[39m[[35m
105[39m[33m,[39m[3
5m63[39m][33m,[39m[
[35m63[39m[33m,[39
m[35m52[39m][33m,[
39m[[35m52[39m[33m,
[39m[35m105[39m][3
3m,[39m[[35m241[39m
[33m,[39m[35m238[3
9m][33m,[39m[[35m23
8[39m[33m,[39m[35m
242[39m][33m,[39m[
[35m242[39m[33m,[39
m[35m241[39m][33m,
[39m[[35m124[39m[33
m,[39m[35m46[39m][
33m,[39m[[35m46[39m
[33m,[39m[35m156[3
9m][33m,[39m[[35m15
6[39m[33m,[39m[35m
124[39m][33m,[39m[
[35m95[39m[33m,[39m
[35m78[39m][33m,[3
9m[[35m78[39m[33m,
[39m[35m96[39m][33m
,[39m[[35m96[39m[3
3m,[39m[35m95[39m]
[33m,[39m[[35m70[39
m[33m,[39m[35m46[3
9m][33m,[39m[[35m46
[39m[33m,[39m[35m6
3[39m][33m,[39m[[3
5m63[39m[33m,[39m[
35m70[39m][33m,[39m
[[35m116[39m[33m,[
39m[35m143[39m][33m
,[39m[[35m143[39m[
33m,[39m[35m227[39m
][33m,[39m[[35m227
[39m[33m,[39m[35m11
6[39m][33m,[39m[[3
5m116[39m[33m,[39m
[35m123[39m][33m,[3
9m[[35m123[39m[33m,
[39m[35m111[39m][3
3m,[39m[[35m111[39m
[33m,[39m[35m116[3
9m][33m,[39m[[35m1
[39m[33m,[39m[35m44
[39m][33m,[39m[[35
m44[39m[33m,[39m[3
5m19[39m][33m,[39m[
[35m19[39m[33m,[39
m[35m1[39m][33m,[3
9m[[35m3[39m[33m,[
39m[35m236[39m][33m
,[39m[[35m236[39m[
33m,[39m[35m51[39m]
[33m,[39m[[35m51[3
9m[33m,[39m[35m3[3
9m][33m,[39m[[35m20
7[39m[33m,[39m[35m
216[39m][33m,[39m[
[35m216[39m[33m,[39
m[35m205[39m][33m,
[39m[[35m205[39m[33
m,[39m[35m207[39m]
[33m,[39m[[35m26[39
m[33m,[39m[35m154[
39m][33m,[39m[[35m1
54[39m[33m,[39m[35
m22[39m][33m,[39m[
[35m22[39m[33m,[39m
[35m26[39m][33m,[3
9m[[35m165[39m[33m,
[39m[35m39[39m][33
m,[39m[[35m39[39m[
33m,[39m[35m167[39m
][33m,[39m[[35m167
[39m[33m,[39m[35m16
5[39m][33m,[39m[[3
5m199[39m[33m,[39m
[35m200[39m][33m,[3
9m[[35m200[39m[33m,
[39m[35m208[39m][3
3m,[39m[[35m208[39m
[33m,[39m[35m199[3
9m][33m,[39m[[35m10
1[39m[33m,[39m[35m
36[39m][33m,[39m[[
35m36[39m[33m,[39m
[35m100[39m][33m,[3
9m[[35m100[39m[33m,
[39m[35m101[39m][3
3m,[39m[[35m43[39m
[33m,[39m[35m57[39m
][33m,[39m[[35m57[
39m[33m,[39m[35m202
[39m][33m,[39m[[35
m202[39m[33m,[39m[
35m43[39m][33m,[39m
[[35m242[39m[33m,[
39m[35m20[39m][33m,
[39m[[35m20[39m[33
m,[39m[35m99[39m][
33m,[39m[[35m99[39m
[33m,[39m[35m242[3
9m][33m,[39m[[35m56
[39m[33m,[39m[35m2
8[39m][33m,[39m[[3
5m28[39m[33m,[39m[
35m157[39m][33m,[39
m[[35m157[39m[33m,
[39m[35m56[39m][33m
,[39m[[35m124[39m[
33m,[39m[35m35[39m]
[33m,[39m[[35m35[3
9m[33m,[39m[35m113
[39m][33m,[39m[[35m
113[39m[33m,[39m[3
5m124[39m][33m,[39m
[[35m29[39m[33m,[3
9m[35m160[39m][33m,
[39m[[35m160[39m[3
3m,[39m[35m27[39m]
[33m,[39m[[35m27[39
m[33m,[39m[35m29[3
9m][33m,[39m[[35m21
1[39m[33m,[39m[35m
204[39m][33m,[39m[
[35m204[39m[33m,[39
m[35m210[39m][33m,
[39m[[35m210[39m[33
m,[39m[35m211[39m]
[33m,[39m[[35m124[3
9m[33m,[39m[35m113
[39m][33m,[39m[[35m
113[39m[33m,[39m[3
5m46[39m][33m,[39m[
[35m46[39m[33m,[39
m[35m124[39m][33m,
[39m[[35m106[39m[33
m,[39m[35m43[39m][
33m,[39m[[35m43[39m
[33m,[39m[35m204[3
9m][33m,[39m[[35m20
4[39m[33m,[39m[35m
106[39m][33m,[39m[
[35m96[39m[33m,[39m
[35m62[39m][33m,[3
9m[[35m62[39m[33m,
[39m[35m77[39m][33m
,[39m[[35m77[39m[3
3m,[39m[35m96[39m]
[33m,[39m[[35m227[3
9m[33m,[39m[35m137
[39m][33m,[39m[[35m
137[39m[33m,[39m[3
5m116[39m][33m,[39m
[[35m116[39m[33m,[
39m[35m227[39m][33m
,[39m[[35m73[39m[3
3m,[39m[35m41[39m]
[33m,[39m[[35m41[39
m[33m,[39m[35m72[3
9m][33m,[39m[[35m72
[39m[33m,[39m[35m7
3[39m][33m,[39m[[3
5m36[39m[33m,[39m[
35m203[39m][33m,[39
m[[35m203[39m[33m,
[39m[35m142[39m][33
m,[39m[[35m142[39m
[33m,[39m[35m36[39m
][33m,[39m[[35m235
[39m[33m,[39m[35m64
[39m][33m,[39m[[35
m64[39m[33m,[39m[3
5m240[39m][33m,[39m
[[35m240[39m[33m,[
39m[35m235[39m][33m
,[39m[[35m48[39m[3
3m,[39m[35m49[39m]
[33m,[39m[[35m49[39
m[33m,[39m[35m64[3
9m][33m,[39m[[35m64
[39m[33m,[39m[35m4
8[39m][33m,[39m[[3
5m42[39m[33m,[39m[
35m41[39m][33m,[39m
[[35m41[39m[33m,[3
9m[35m74[39m][33m,
[39m[[35m74[39m[33m
,[39m[35m42[39m][3
3m,[39m[[35m214[39m
[33m,[39m[35m212[3
9m][33m,[39m[[35m21
2[39m[33m,[39m[35m
207[39m][33m,[39m[
[35m207[39m[33m,[39
m[35m214[39m][33m,
[39m[[35m183[39m[33
m,[39m[35m42[39m][
33m,[39m[[35m42[39m
[33m,[39m[35m184[3
9m][33m,[39m[[35m18
4[39m[33m,[39m[35m
183[39m][33m,[39m[
[35m210[39m[33m,[39
m[35m169[39m][33m,
[39m[[35m169[39m[33
m,[39m[35m211[39m]
[33m,[39m[[35m211[3
9m[33m,[39m[35m210
[39m][33m,[39m[[35m
140[39m[33m,[39m[3
5m170[39m][33m,[39m
[[35m170[39m[33m,[
39m[35m176[39m][33m
,[39m[[35m176[39m[
33m,[39m[35m140[39m
][33m,[39m[[35m104
[39m[33m,[39m[35m10
5[39m][33m,[39m[[3
5m105[39m[33m,[39m
[35m69[39m][33m,[39
m[[35m69[39m[33m,[
39m[35m104[39m][33m
,[39m[[35m193[39m[
33m,[39m[35m122[39m
][33m,[39m[[35m122
[39m[33m,[39m[35m16
8[39m][33m,[39m[[3
5m168[39m[33m,[39m
[35m193[39m][33m,[3
9m[[35m50[39m[33m,
[39m[35m123[39m][33
m,[39m[[35m123[39m
[33m,[39m[35m187[39
m][33m,[39m[[35m187
[39m[33m,[39m[35m5
0[39m][33m,[39m[[3
5m89[39m[33m,[39m[
35m96[39m][33m,[39m
[[35m96[39m[33m,[3
9m[35m90[39m][33m,
[39m[[35m90[39m[33m
,[39m[35m89[39m][3
3m,[39m[[35m66[39m
[33m,[39m[35m65[39m
][33m,[39m[[35m65[
39m[33m,[39m[35m107
[39m][33m,[39m[[35
m107[39m[33m,[39m[
35m66[39m][33m,[39m
[[35m179[39m[33m,[
39m[35m89[39m][33m,
[39m[[35m89[39m[33
m,[39m[35m180[39m]
[33m,[39m[[35m180[3
9m[33m,[39m[35m179
[39m][33m,[39m[[35m
119[39m[33m,[39m[3
5m101[39m][33m,[39m
[[35m101[39m[33m,[
39m[35m120[39m][33m
,[39m[[35m120[39m[
33m,[39m[35m119[39m
][33m,[39m[[35m68[
39m[33m,[39m[35m63
[39m][33m,[39m[[35m
63[39m[33m,[39m[35
m104[39m][33m,[39m[
[35m104[39m[33m,[3
9m[35m68[39m][33m,
[39m[[35m234[39m[33
m,[39m[35m93[39m][
33m,[39m[[35m93[39m
[33m,[39m[35m227[3
9m][33m,[39m[[35m22
7[39m[33m,[39m[35m
234[39m][33m,[39m[
[35m16[39m[33m,[39m
[35m15[39m][33m,[3
9m[[35m15[39m[33m,
[39m[35m85[39m][33m
,[39m[[35m85[39m[3
3m,[39m[35m16[39m]
[33m,[39m[[35m209[3
9m[33m,[39m[35m129
[39m][33m,[39m[[35m
129[39m[33m,[39m[3
5m49[39m][33m,[39m[
[35m49[39m[33m,[39
m[35m209[39m][33m,
[39m[[35m15[39m[33m
,[39m[35m14[39m][3
3m,[39m[[35m14[39m
[33m,[39m[35m86[39m
][33m,[39m[[35m86[
39m[33m,[39m[35m15
[39m][33m,[39m[[35m
107[39m[33m,[39m[3
5m55[39m][33m,[39m[
[35m55[39m[33m,[39
m[35m9[39m][33m,[3
9m[[35m9[39m[33m,[
39m[35m107[39m][33m
,[39m[[35m120[39m[
33m,[39m[35m100[39m
][33m,[39m[[35m100
[39m[33m,[39m[35m12
1[39m][33m,[39m[[3
5m121[39m[33m,[39m
[35m120[39m][33m,[3
9m[[35m153[39m[33m,
[39m[35m145[39m][3
3m,[39m[[35m145[39m
[33m,[39m[35m22[39
m][33m,[39m[[35m22
[39m[33m,[39m[35m15
3[39m][33m,[39m[[3
5m178[39m[33m,[39m
[35m88[39m][33m,[39
m[[35m88[39m[33m,[
39m[35m179[39m][33m
,[39m[[35m179[39m[
33m,[39m[35m178[39m
][33m,[39m[[35m197
[39m[33m,[39m[35m6
[39m][33m,[39m[[35m
6[39m[33m,[39m[35m
196[39m][33m,[39m[
[35m196[39m[33m,[39
m[35m197[39m][33m,
[39m[[35m89[39m[33m
,[39m[35m88[39m][3
3m,[39m[[35m88[39m
[33m,[39m[35m96[39m
][33m,[39m[[35m96[
39m[33m,[39m[35m89
[39m][33m,[39m[[35m
135[39m[33m,[39m[3
5m138[39m][33m,[39m
[[35m138[39m[33m,[
39m[35m136[39m][33m
,[39m[[35m136[39m[
33m,[39m[35m135[39m
][33m,[39m[[35m138
[39m[33m,[39m[35m21
5[39m][33m,[39m[[3
5m215[39m[33m,[39m
[35m172[39m][33m,[3
9m[[35m172[39m[33m,
[39m[35m138[39m][3
3m,[39m[[35m218[39m
[33m,[39m[35m115[3
9m][33m,[39m[[35m11
5[39m[33m,[39m[35m
219[39m][33m,[39m[
[35m219[39m[33m,[39
m[35m218[39m][33m,
[39m[[35m41[39m[33m
,[39m[35m42[39m][3
3m,[39m[[35m42[39m
[33m,[39m[35m81[39m
][33m,[39m[[35m81[
39m[33m,[39m[35m41
[39m][33m,[39m[[35m
5[39m[33m,[39m[35m
195[39m][33m,[39m[
[35m195[39m[33m,[39
m[35m51[39m][33m,[
39m[[35m51[39m[33m,
[39m[35m5[39m][33m
,[39m[[35m57[39m[3
3m,[39m[35m43[39m]
[33m,[39m[[35m43[39
m[33m,[39m[35m61[3
9m][33m,[39m[[35m61
[39m[33m,[39m[35m5
7[39m][33m,[39m[[3
5m208[39m[33m,[39m
[35m171[39m][33m,[3
9m[[35m171[39m[33m,
[39m[35m199[39m][3
3m,[39m[[35m199[39m
[33m,[39m[35m208[3
9m][33m,[39m[[35m41
[39m[33m,[39m[35m8
1[39m][33m,[39m[[3
5m81[39m[33m,[39m[
35m38[39m][33m,[39m
[[35m38[39m[33m,[3
9m[35m41[39m][33m,
[39m[[35m224[39m[33
m,[39m[35m53[39m][
33m,[39m[[35m53[39m
[33m,[39m[35m225[3
9m][33m,[39m[[35m22
5[39m[33m,[39m[35m
224[39m][33m,[39m[
[35m24[39m[33m,[39m
[35m144[39m][33m,[
39m[[35m144[39m[33m
,[39m[35m110[39m][
33m,[39m[[35m110[39
m[33m,[39m[35m24[3
9m][33m,[39m[[35m10
5[39m[33m,[39m[35m
52[39m][33m,[39m[[
35m52[39m[33m,[39m
[35m66[39m][33m,[39
m[[35m66[39m[33m,[
39m[35m105[39m][33m
,[39m[[35m118[39m[
33m,[39m[35m229[39m
][33m,[39m[[35m229
[39m[33m,[39m[35m11
7[39m][33m,[39m[[3
5m117[39m[33m,[39m
[35m118[39m][33m,[3
9m[[35m227[39m[33m,
[39m[35m34[39m][33
m,[39m[[35m34[39m[
33m,[39m[35m234[39m
][33m,[39m[[35m234
[39m[33m,[39m[35m22
7[39m][33m,[39m[[3
5m66[39m[33m,[39m[
35m107[39m][33m,[39
m[[35m107[39m[33m,
[39m[35m69[39m][33m
,[39m[[35m69[39m[3
3m,[39m[35m66[39m]
[33m,[39m[[35m10[39
m[33m,[39m[35m109[
39m][33m,[39m[[35m1
09[39m[33m,[39m[35
m151[39m][33m,[39m[
[35m151[39m[33m,[3
9m[35m10[39m][33m,
[39m[[35m219[39m[33
m,[39m[35m48[39m][
33m,[39m[[35m48[39m
[33m,[39m[35m235[3
9m][33m,[39m[[35m23
5[39m[33m,[39m[35m
219[39m][33m,[39m[
[35m183[39m[33m,[39
m[35m62[39m][33m,[
39m[[35m62[39m[33m,
[39m[35m191[39m][3
3m,[39m[[35m191[39m
[33m,[39m[35m183[3
9m][33m,[39m[[35m14
2[39m[33m,[39m[35m
129[39m][33m,[39m[
[35m129[39m[33m,[39
m[35m126[39m][33m,
[39m[[35m126[39m[33
m,[39m[35m142[39m]
[33m,[39m[[35m116[3
9m[33m,[39m[35m111
[39m][33m,[39m[[35m
111[39m[33m,[39m[3
5m143[39m][33m,[39m
[[35m143[39m[33m,[
39m[35m116[39m][33m
,[39m[[35m118[39m[
33m,[39m[35m117[39m
][33m,[39m[[35m117
[39m[33m,[39m[35m50
[39m][33m,[39m[[35
m50[39m[33m,[39m[3
5m118[39m][33m,[39m
[[35m223[39m[33m,[
39m[35m222[39m][33m
,[39m[[35m222[39m[
33m,[39m[35m52[39m]
[33m,[39m[[35m52[3
9m[33m,[39m[35m223
[39m][33m,[39m[[35m
94[39m[33m,[39m[35
m19[39m][33m,[39m[
[35m19[39m[33m,[39m
[35m141[39m][33m,[
39m[[35m141[39m[33m
,[39m[35m94[39m][3
3m,[39m[[35m222[39m
[33m,[39m[35m221[3
9m][33m,[39m[[35m22
1[39m[33m,[39m[35m
65[39m][33m,[39m[[
35m65[39m[33m,[39m
[35m222[39m][33m,[3
9m[[35m196[39m[33m,
[39m[35m3[39m][33m
,[39m[[35m3[39m[33
m,[39m[35m197[39m]
[33m,[39m[[35m197[3
9m[33m,[39m[35m196
[39m][33m,[39m[[35m
45[39m[33m,[39m[35
m220[39m][33m,[39m[
[35m220[39m[33m,[3
9m[35m44[39m][33m,
[39m[[35m44[39m[33m
,[39m[35m45[39m][3
3m,[39m[[35m156[39m
[33m,[39m[35m70[39
m][33m,[39m[[35m70
[39m[33m,[39m[35m13
9[39m][33m,[39m[[3
5m139[39m[33m,[39m
[35m156[39m][33m,[3
9m[[35m188[39m[33m,
[39m[35m122[39m][3
3m,[39m[[35m122[39m
[33m,[39m[35m245[3
9m][33m,[39m[[35m24
5[39m[33m,[39m[35m
188[39m][33m,[39m[
[35m139[39m[33m,[39
m[35m71[39m][33m,[
39m[[35m71[39m[33m,
[39m[35m162[39m][3
3m,[39m[[35m162[39m
[33m,[39m[35m139[3
9m][33m,[39m[[35m14
9[39m[33m,[39m[35m
170[39m][33m,[39m[
[35m170[39m[33m,[39
m[35m150[39m][33m,
[39m[[35m150[39m[33
m,[39m[35m149[39m]
[33m,[39m[[35m122[3
9m[33m,[39m[35m188
[39m][33m,[39m[[35m
188[39m[33m,[39m[3
5m196[39m][33m,[39m
[[35m196[39m[33m,[
39m[35m122[39m][33m
,[39m[[35m206[39m[
33m,[39m[35m216[39m
][33m,[39m[[35m216
[39m[33m,[39m[35m92
[39m][33m,[39m[[35
m92[39m[33m,[39m[3
5m206[39m][33m,[39m
[[35m164[39m[33m,[
39m[35m2[39m][33m,
[39m[[35m2[39m[33m,
[39m[35m167[39m][3
3m,[39m[[35m167[39m
[33m,[39m[35m164[3
9m][33m,[39m[[35m24
2[39m[33m,[39m[35m
141[39m][33m,[39m[
[35m141[39m[33m,[39
m[35m241[39m][33m,
[39m[[35m241[39m[33
m,[39m[35m242[39m]
[33m,[39m[[35m0[39m
[33m,[39m[35m164[3
9m][33m,[39m[[35m16
4[39m[33m,[39m[35m
37[39m][33m,[39m[[
35m37[39m[33m,[39m
[35m0[39m][33m,[39m
[[35m11[39m[33m,[3
9m[35m72[39m][33m,
[39m[[35m72[39m[33m
,[39m[35m12[39m][3
3m,[39m[[35m12[39m
[33m,[39m[35m11[39m
][33m,[39m[[35m12[
39m[33m,[39m[35m38
[39m][33m,[39m[[35m
38[39m[33m,[39m[35
m13[39m][33m,[39m[
[35m13[39m[33m,[39m
[35m12[39m][33m,[3
9m[[35m70[39m[33m,
[39m[35m63[39m][33m
,[39m[[35m63[39m[3
3m,[39m[35m71[39m]
[33m,[39m[[35m71[39
m[33m,[39m[35m70[3
9m][33m,[39m[[35m31
[39m[33m,[39m[35m2
26[39m][33m,[39m[[
35m226[39m[33m,[39m
[35m111[39m][33m,[
39m[[35m111[39m[33m
,[39m[35m31[39m][3
3m,[39m[[35m36[39m
[33m,[39m[35m101[39
m][33m,[39m[[35m101
[39m[33m,[39m[35m2
05[39m][33m,[39m[[
35m205[39m[33m,[39m
[35m36[39m][33m,[3
9m[[35m203[39m[33m,
[39m[35m206[39m][3
3m,[39m[[35m206[39m
[33m,[39m[35m165[3
9m][33m,[39m[[35m16
5[39m[33m,[39m[35m
203[39m][33m,[39m[
[35m126[39m[33m,[39
m[35m209[39m][33m,
[39m[[35m209[39m[33
m,[39m[35m217[39m]
[33m,[39m[[35m217[3
9m[33m,[39m[35m126
[39m][33m,[39m[[35m
98[39m[33m,[39m[35
m165[39m][33m,[39m[
[35m165[39m[33m,[3
9m[35m97[39m][33m,
[39m[[35m97[39m[33m
,[39m[35m98[39m][3
3m,[39m[[35m237[39m
[33m,[39m[35m220[3
9m][33m,[39m[[35m22
0[39m[33m,[39m[35m
218[39m][33m,[39m[
[35m218[39m[33m,[39
m[35m237[39m][33m,
[39m[[35m237[39m[33
m,[39m[35m239[39m]
[33m,[39m[[35m239[3
9m[33m,[39m[35m241
[39m][33m,[39m[[35m
241[39m[33m,[39m[3
5m237[39m][33m,[39m
[[35m210[39m[33m,[
39m[35m214[39m][33m
,[39m[[35m214[39m[
33m,[39m[35m169[39m
][33m,[39m[[35m169
[39m[33m,[39m[35m21
0[39m][33m,[39m[[3
5m140[39m[33m,[39m
[35m171[39m][33m,[3
9m[[35m171[39m[33m,
[39m[35m32[39m][33
m,[39m[[35m32[39m[
33m,[39m[35m140[39m
][33m,[39m[[35m241
[39m[33m,[39m[35m12
5[39m][33m,[39m[[3
5m125[39m[33m,[39m
[35m237[39m][33m,[3
9m[[35m237[39m[33m,
[39m[35m241[39m][3
3m,[39m[[35m179[39m
[33m,[39m[35m86[39
m][33m,[39m[[35m86
[39m[33m,[39m[35m17
8[39m][33m,[39m[[3
5m178[39m[33m,[39m
[35m179[39m][33m,[3
9m[[35m180[39m[33m,
[39m[35m85[39m][33
m,[39m[[35m85[39m[
33m,[39m[35m179[39m
][33m,[39m[[35m179
[39m[33m,[39m[35m18
0[39m][33m,[39m[[3
5m181[39m[33m,[39m
[35m84[39m][33m,[39
m[[35m84[39m[33m,[
39m[35m180[39m][33m
,[39m[[35m180[39m[
33m,[39m[35m181[39m
][33m,[39m[[35m182
[39m[33m,[39m[35m83
[39m][33m,[39m[[35
m83[39m[33m,[39m[3
5m181[39m][33m,[39m
[[35m181[39m[33m,[
39m[35m182[39m][33m
,[39m[[35m194[39m[
33m,[39m[35m201[39m
][33m,[39m[[35m201
[39m[33m,[39m[35m18
2[39m][33m,[39m[[3
5m182[39m[33m,[39m
[35m194[39m][33m,[3
9m[[35m177[39m[33m,
[39m[35m137[39m][3
3m,[39m[[35m137[39m
[33m,[39m[35m132[3
9m][33m,[39m[[35m13
2[39m[33m,[39m[35m
177[39m][33m,[39m[
[35m184[39m[33m,[39
m[35m76[39m][33m,[
39m[[35m76[39m[33m,
[39m[35m183[39m][3
3m,[39m[[35m183[39m
[33m,[39m[35m184[3
9m][33m,[39m[[35m18
5[39m[33m,[39m[35m
61[39m][33m,[39m[[
35m61[39m[33m,[39m
[35m184[39m][33m,[3
9m[[35m184[39m[33m,
[39m[35m185[39m][3
3m,[39m[[35m186[39m
[33m,[39m[35m57[39
m][33m,[39m[[35m57
[39m[33m,[39m[35m18
5[39m][33m,[39m[[3
5m185[39m[33m,[39m
[35m186[39m][33m,[3
9m[[35m216[39m[33m,
[39m[35m212[39m][3
3m,[39m[[35m212[39m
[33m,[39m[35m186[3
9m][33m,[39m[[35m18
6[39m[33m,[39m[35m
216[39m][33m,[39m[
[35m192[39m[33m,[39
m[35m214[39m][33m,
[39m[[35m214[39m[33
m,[39m[35m187[39m]
[33m,[39m[[35m187[3
9m[33m,[39m[35m192
[39m][33m,[39m[[35m
139[39m[33m,[39m[3
5m34[39m][33m,[39m[
[35m34[39m[33m,[39
m[35m156[39m][33m,
[39m[[35m156[39m[33
m,[39m[35m139[39m]
[33m,[39m[[35m218[3
9m[33m,[39m[35m79[
39m][33m,[39m[[35m7
9[39m[33m,[39m[35m
237[39m][33m,[39m[
[35m237[39m[33m,[39
m[35m218[39m][33m,
[39m[[35m147[39m[33
m,[39m[35m123[39m]
[33m,[39m[[35m123[3
9m[33m,[39m[35m177
[39m][33m,[39m[[35m
177[39m[33m,[39m[3
5m147[39m][33m,[39m
[[35m45[39m[33m,[3
9m[35m44[39m][33m,
[39m[[35m44[39m[33m
,[39m[35m4[39m][33
m,[39m[[35m4[39m[3
3m,[39m[35m45[39m]
[33m,[39m[[35m208[3
9m[33m,[39m[35m201
[39m][33m,[39m[[35m
201[39m[33m,[39m[3
5m32[39m][33m,[39m[
[35m32[39m[33m,[39
m[35m208[39m][33m,
[39m[[35m98[39m[33m
,[39m[35m64[39m][3
3m,[39m[[35m64[39m
[33m,[39m[35m129[39
m][33m,[39m[[35m129
[39m[33m,[39m[35m9
8[39m][33m,[39m[[3
5m192[39m[33m,[39m
[35m213[39m][33m,[3
9m[[35m213[39m[33m,
[39m[35m138[39m][3
3m,[39m[[35m138[39m
[33m,[39m[35m192[3
9m][33m,[39m[[35m23
5[39m[33m,[39m[35m
59[39m][33m,[39m[[
35m59[39m[33m,[39m
[35m219[39m][33m,[3
9m[[35m219[39m[33m,
[39m[35m235[39m][3
3m,[39m[[35m141[39m
[33m,[39m[35m242[3
9m][33m,[39m[[35m24
2[39m[33m,[39m[35m
97[39m][33m,[39m[[
35m97[39m[33m,[39m
[35m141[39m][33m,[3
9m[[35m97[39m[33m,
[39m[35m2[39m][33m,
[39m[[35m2[39m[33m
,[39m[35m141[39m][
33m,[39m[[35m141[39
m[33m,[39m[35m97[3
9m][33m,[39m[[35m24
0[39m[33m,[39m[35m
75[39m][33m,[39m[[
35m75[39m[33m,[39m
[35m235[39m][33m,[3
9m[[35m235[39m[33m,
[39m[35m240[39m][3
3m,[39m[[35m229[39m
[33m,[39m[35m24[39
m][33m,[39m[[35m24
[39m[33m,[39m[35m22
8[39m][33m,[39m[[3
5m228[39m[33m,[39m
[35m229[39m][33m,[3
9m[[35m31[39m[33m,
[39m[35m25[39m][33m
,[39m[[35m25[39m[3
3m,[39m[35m226[39m]
[33m,[39m[[35m226[
39m[33m,[39m[35m31
[39m][33m,[39m[[35m
230[39m[33m,[39m[3
5m23[39m][33m,[39m[
[35m23[39m[33m,[39
m[35m229[39m][33m,
[39m[[35m229[39m[33
m,[39m[35m230[39m]
[33m,[39m[[35m231[3
9m[33m,[39m[35m22[
39m][33m,[39m[[35m2
2[39m[33m,[39m[35m
230[39m][33m,[39m[
[35m230[39m[33m,[39
m[35m231[39m][33m,
[39m[[35m232[39m[33
m,[39m[35m26[39m][
33m,[39m[[35m26[39m
[33m,[39m[35m231[3
9m][33m,[39m[[35m23
1[39m[33m,[39m[35m
232[39m][33m,[39m[
[35m233[39m[33m,[39
m[35m112[39m][33m,
[39m[[35m112[39m[33
m,[39m[35m232[39m]
[33m,[39m[[35m232[3
9m[33m,[39m[35m233
[39m][33m,[39m[[35m
244[39m[33m,[39m[3
5m189[39m][33m,[39m
[[35m189[39m[33m,[
39m[35m243[39m][33m
,[39m[[35m243[39m[
33m,[39m[35m244[39m
][33m,[39m[[35m189
[39m[33m,[39m[35m22
1[39m][33m,[39m[[3
5m221[39m[33m,[39m
[35m190[39m][33m,[3
9m[[35m190[39m[33m,
[39m[35m189[39m][3
3m,[39m[[35m222[39m
[33m,[39m[35m28[39
m][33m,[39m[[35m28
[39m[33m,[39m[35m22
1[39m][33m,[39m[[3
5m221[39m[33m,[39m
[35m222[39m][33m,[3
9m[[35m223[39m[33m,
[39m[35m27[39m][33
m,[39m[[35m27[39m[
33m,[39m[35m222[39m
][33m,[39m[[35m222
[39m[33m,[39m[35m22
3[39m][33m,[39m[[3
5m224[39m[33m,[39m
[35m29[39m][33m,[39
m[[35m29[39m[33m,[
39m[35m223[39m][33m
,[39m[[35m223[39m[
33m,[39m[35m224[39m
][33m,[39m[[35m225
[39m[33m,[39m[35m30
[39m][33m,[39m[[35
m30[39m[33m,[39m[3
5m224[39m][33m,[39m
[[35m224[39m[33m,[
39m[35m225[39m][33m
,[39m[[35m113[39m[
33m,[39m[35m247[39m
][33m,[39m[[35m247
[39m[33m,[39m[35m22
5[39m][33m,[39m[[3
5m225[39m[33m,[39m
[35m113[39m][33m,[3
9m[[35m99[39m[33m,
[39m[35m60[39m][33m
,[39m[[35m60[39m[3
3m,[39m[35m240[39m]
[33m,[39m[[35m240[
39m[33m,[39m[35m99
[39m][33m,[39m[[35m
213[39m[33m,[39m[3
5m147[39m][33m,[39m
[[35m147[39m[33m,[
39m[35m215[39m][33m
,[39m[[35m215[39m[
33m,[39m[35m213[39m
][33m,[39m[[35m60[
39m[33m,[39m[35m20
[39m][33m,[39m[[35m
20[39m[33m,[39m[35
m166[39m][33m,[39m[
[35m166[39m[33m,[3
9m[35m60[39m][33m,
[39m[[35m192[39m[33
m,[39m[35m187[39m]
[33m,[39m[[35m187[3
9m[33m,[39m[35m213
[39m][33m,[39m[[35m
213[39m[33m,[39m[3
5m192[39m][33m,[39m
[[35m243[39m[33m,[
39m[35m112[39m][33m
,[39m[[35m112[39m[
33m,[39m[35m244[39m
][33m,[39m[[35m244
[39m[33m,[39m[35m24
3[39m][33m,[39m[[3
5m244[39m[33m,[39m
[35m233[39m][33m,[3
9m[[35m233[39m[33m,
[39m[35m245[39m][3
3m,[39m[[35m245[39m
[33m,[39m[35m244[3
9m][33m,[39m[[35m24
5[39m[33m,[39m[35m
128[39m][33m,[39m[
[35m128[39m[33m,[39
m[35m188[39m][33m,
[39m[[35m188[39m[33
m,[39m[35m245[39m]
[33m,[39m[[35m188[3
9m[33m,[39m[35m114
[39m][33m,[39m[[35m
114[39m[33m,[39m[3
5m174[39m][33m,[39m
[[35m174[39m[33m,[
39m[35m188[39m][33m
,[39m[[35m134[39m[
33m,[39m[35m131[39m
][33m,[39m[[35m131
[39m[33m,[39m[35m22
0[39m][33m,[39m[[3
5m220[39m[33m,[39m
[35m134[39m][33m,[3
9m[[35m174[39m[33m,
[39m[35m217[39m][3
3m,[39m[[35m217[39m
[33m,[39m[35m236[3
9m][33m,[39m[[35m23
6[39m[33m,[39m[35m
174[39m][33m,[39m[
[35m236[39m[33m,[39
m[35m198[39m][33m,
[39m[[35m198[39m[33
m,[39m[35m134[39m]
[33m,[39m[[35m134[3
9m[33m,[39m[35m236
[39m][33m,[39m[[35m
215[39m[33m,[39m[3
5m177[39m][33m,[39m
[[35m177[39m[33m,[
39m[35m58[39m][33m,
[39m[[35m58[39m[33
m,[39m[35m215[39m]
[33m,[39m[[35m156[3
9m[33m,[39m[35m143
[39m][33m,[39m[[35m
143[39m[33m,[39m[3
5m124[39m][33m,[39m
[[35m124[39m[33m,[
39m[35m156[39m][33m
,[39m[[35m25[39m[3
3m,[39m[35m110[39m]
[33m,[39m[[35m110[
39m[33m,[39m[35m7[
39m][33m,[39m[[35m7
[39m[33m,[39m[35m2
5[39m][33m,[39m[[3
5m31[39m[33m,[39m[
35m228[39m][33m,[39
m[[35m228[39m[33m,
[39m[35m25[39m][33m
,[39m[[35m25[39m[3
3m,[39m[35m31[39m]
[33m,[39m[[35m264[3
9m[33m,[39m[35m356
[39m][33m,[39m[[35m
356[39m[33m,[39m[3
5m368[39m][33m,[39m
[[35m368[39m[33m,[
39m[35m264[39m][33m
,[39m[[35m0[39m[33
m,[39m[35m11[39m][
33m,[39m[[35m11[39m
[33m,[39m[35m267[3
9m][33m,[39m[[35m26
7[39m[33m,[39m[35m
0[39m][33m,[39m[[3
5m451[39m[33m,[39m
[35m452[39m][33m,[3
9m[[35m452[39m[33m,
[39m[35m349[39m][3
3m,[39m[[35m349[39m
[33m,[39m[35m451[3
9m][33m,[39m[[35m26
7[39m[33m,[39m[35m
302[39m][33m,[39m[
[35m302[39m[33m,[39
m[35m269[39m][33m,
[39m[[35m269[39m[33
m,[39m[35m267[39m]
[33m,[39m[[35m350[3
9m[33m,[39m[35m357
[39m][33m,[39m[[35m
357[39m[33m,[39m[3
5m277[39m][33m,[39m
[[35m277[39m[33m,[
39m[35m350[39m][33m
,[39m[[35m350[39m[
33m,[39m[35m452[39m
][33m,[39m[[35m452
[39m[33m,[39m[35m35
7[39m][33m,[39m[[3
5m357[39m[33m,[39m
[35m350[39m][33m,[3
9m[[35m299[39m[33m,
[39m[35m333[39m][3
3m,[39m[[35m333[39m
[33m,[39m[35m297[3
9m][33m,[39m[[35m29
7[39m[33m,[39m[35m
299[39m][33m,[39m[
[35m396[39m[33m,[39
m[35m175[39m][33m,
[39m[[35m175[39m[33
m,[39m[35m377[39m]
[33m,[39m[[35m377[3
9m[33m,[39m[35m396
[39m][33m,[39m[[35m
280[39m[33m,[39m[3
5m347[39m][33m,[39m
[[35m347[39m[33m,[
39m[35m330[39m][33m
,[39m[[35m330[39m[
33m,[39m[35m280[39m
][33m,[39m[[35m269
[39m[33m,[39m[35m30
3[39m][33m,[39m[[3
5m303[39m[33m,[39m
[35m270[39m][33m,[3
9m[[35m270[39m[33m,
[39m[35m269[39m][3
3m,[39m[[35m151[39m
[33m,[39m[35m9[39m
][33m,[39m[[35m9[3
9m[33m,[39m[35m337
[39m][33m,[39m[[35m
337[39m[33m,[39m[3
5m151[39m][33m,[39m
[[35m344[39m[33m,[
39m[35m278[39m][33m
,[39m[[35m278[39m[
33m,[39m[35m360[39m
][33m,[39m[[35m360
[39m[33m,[39m[35m34
4[39m][33m,[39m[[3
5m424[39m[33m,[39m
[35m418[39m][33m,[3
9m[[35m418[39m[33m,
[39m[35m431[39m][3
3m,[39m[[35m431[39m
[33m,[39m[35m424[3
9m][33m,[39m[[35m27
0[39m[33m,[39m[35m
304[39m][33m,[39m[
[35m304[39m[33m,[39
m[35m409[39m][33m,
[39m[[35m409[39m[33
m,[39m[35m270[39m]
[33m,[39m[[35m272[3
9m[33m,[39m[35m310
[39m][33m,[39m[[35m
310[39m[33m,[39m[3
5m407[39m][33m,[39m
[[35m407[39m[33m,[
39m[35m272[39m][33m
,[39m[[35m322[39m[
33m,[39m[35m270[39m
][33m,[39m[[35m270
[39m[33m,[39m[35m41
0[39m][33m,[39m[[3
5m410[39m[33m,[39m
[35m322[39m][33m,[3
9m[[35m449[39m[33m,
[39m[35m450[39m][3
3m,[39m[[35m450[39m
[33m,[39m[35m347[3
9m][33m,[39m[[35m34
7[39m[33m,[39m[35m
449[39m][33m,[39m[
[35m432[39m[33m,[39
m[35m422[39m][33m,
[39m[[35m422[39m[33
m,[39m[35m434[39m]
[33m,[39m[[35m434[3
9m[33m,[39m[35m432
[39m][33m,[39m[[35m
18[39m[33m,[39m[35
m313[39m][33m,[39m[
[35m313[39m[33m,[3
9m[35m17[39m][33m,
[39m[[35m17[39m[33m
,[39m[35m18[39m][3
3m,[39m[[35m291[39m
[33m,[39m[35m306[3
9m][33m,[39m[[35m30
6[39m[33m,[39m[35m
375[39m][33m,[39m[
[35m375[39m[33m,[39
m[35m291[39m][33m,
[39m[[35m259[39m[33
m,[39m[35m387[39m]
[33m,[39m[[35m387[3
9m[33m,[39m[35m260
[39m][33m,[39m[[35m
260[39m[33m,[39m[3
5m259[39m][33m,[39m
[[35m424[39m[33m,[
39m[35m335[39m][33m
,[39m[[35m335[39m[
33m,[39m[35m418[39m
][33m,[39m[[35m418
[39m[33m,[39m[35m42
4[39m][33m,[39m[[3
5m434[39m[33m,[39m
[35m364[39m][33m,[3
9m[[35m364[39m[33m,
[39m[35m416[39m][3
3m,[39m[[35m416[39m
[33m,[39m[35m434[3
9m][33m,[39m[[35m39
1[39m[33m,[39m[35m
423[39m][33m,[39m[
[35m423[39m[33m,[39
m[35m327[39m][33m,
[39m[[35m327[39m[33
m,[39m[35m391[39m]
[33m,[39m[[35m301[3
9m[33m,[39m[35m251
[39m][33m,[39m[[35m
251[39m[33m,[39m[3
5m298[39m][33m,[39m
[[35m298[39m[33m,[
39m[35m301[39m][33m
,[39m[[35m275[39m[
33m,[39m[35m281[39m
][33m,[39m[[35m281
[39m[33m,[39m[35m4
[39m][33m,[39m[[35m
4[39m[33m,[39m[35m
275[39m][33m,[39m[
[35m254[39m[33m,[39
m[35m373[39m][33m,
[39m[[35m373[39m[33
m,[39m[35m253[39m]
[33m,[39m[[35m253[3
9m[33m,[39m[35m254
[39m][33m,[39m[[35m
375[39m[33m,[39m[3
5m307[39m][33m,[39m
[[35m307[39m[33m,[
39m[35m321[39m][33m
,[39m[[35m321[39m[
33m,[39m[35m375[39m
][33m,[39m[[35m280
[39m[33m,[39m[35m42
5[39m][33m,[39m[[3
5m425[39m[33m,[39m
[35m411[39m][33m,[3
9m[[35m411[39m[33m,
[39m[35m280[39m][3
3m,[39m[[35m200[39m
[33m,[39m[35m421[3
9m][33m,[39m[[35m42
1[39m[33m,[39m[35m
18[39m][33m,[39m[[
35m18[39m[33m,[39m
[35m200[39m][33m,[3
9m[[35m335[39m[33m,
[39m[35m321[39m][3
3m,[39m[[35m321[39m
[33m,[39m[35m406[3
9m][33m,[39m[[35m40
6[39m[33m,[39m[35m
335[39m][33m,[39m[
[35m321[39m[33m,[39
m[35m320[39m][33m,
[39m[[35m320[39m[33
m,[39m[35m405[39m]
[33m,[39m[[35m405[3
9m[33m,[39m[35m321
[39m][33m,[39m[[35m
314[39m[33m,[39m[3
5m315[39m][33m,[39m
[[35m315[39m[33m,[
39m[35m17[39m][33m,
[39m[[35m17[39m[33
m,[39m[35m314[39m]
[33m,[39m[[35m423[3
9m[33m,[39m[35m426
[39m][33m,[39m[[35m
426[39m[33m,[39m[3
5m266[39m][33m,[39m
[[35m266[39m[33m,[
39m[35m423[39m][33m
,[39m[[35m396[39m[
33m,[39m[35m377[39m
][33m,[39m[[35m377
[39m[33m,[39m[35m36
9[39m][33m,[39m[[3
5m369[39m[33m,[39m
[35m396[39m][33m,[3
9m[[35m270[39m[33m,
[39m[35m322[39m][3
3m,[39m[[35m322[39m
[33m,[39m[35m269[3
9m][33m,[39m[[35m26
9[39m[33m,[39m[35m
270[39m][33m,[39m[
[35m413[39m[33m,[39
m[35m417[39m][33m,
[39m[[35m417[39m[33
m,[39m[35m464[39m]
[33m,[39m[[35m464[3
9m[33m,[39m[35m413
[39m][33m,[39m[[35m
385[39m[33m,[39m[3
5m386[39m][33m,[39m
[[35m386[39m[33m,[
39m[35m258[39m][33m
,[39m[[35m258[39m[
33m,[39m[35m385[39m
][33m,[39m[[35m248
[39m[33m,[39m[35m45
6[39m][33m,[39m[[3
5m456[39m[33m,[39m
[35m419[39m][33m,[3
9m[[35m419[39m[33m,
[39m[35m248[39m][3
3m,[39m[[35m298[39m
[33m,[39m[35m284[3
9m][33m,[39m[[35m28
4[39m[33m,[39m[35m
333[39m][33m,[39m[
[35m333[39m[33m,[39
m[35m298[39m][33m,
[39m[[35m168[39m[33
m,[39m[35m417[39m]
[33m,[39m[[35m417[3
9m[33m,[39m[35m8[3
9m][33m,[39m[[35m8
[39m[33m,[39m[35m16
8[39m][33m,[39m[[3
5m448[39m[33m,[39m
[35m346[39m][33m,[3
9m[[35m346[39m[33m,
[39m[35m261[39m][3
3m,[39m[[35m261[39m
[33m,[39m[35m448[3
9m][33m,[39m[[35m41
7[39m[33m,[39m[35m
413[39m][33m,[39m[
[35m413[39m[33m,[39
m[35m285[39m][33m,
[39m[[35m285[39m[33
m,[39m[35m417[39m]
[33m,[39m[[35m326[3
9m[33m,[39m[35m327
[39m][33m,[39m[[35m
327[39m[33m,[39m[3
5m328[39m][33m,[39m
[[35m328[39m[33m,[
39m[35m326[39m][33m
,[39m[[35m277[39m[
33m,[39m[35m355[39m
][33m,[39m[[35m355
[39m[33m,[39m[35m32
9[39m][33m,[39m[[3
5m329[39m[33m,[39m
[35m277[39m][33m,[3
9m[[35m309[39m[33m,
[39m[35m392[39m][3
3m,[39m[[35m392[39m
[33m,[39m[35m438[3
9m][33m,[39m[[35m43
8[39m[33m,[39m[35m
309[39m][33m,[39m[
[35m381[39m[33m,[39
m[35m382[39m][33m,
[39m[[35m382[39m[33
m,[39m[35m256[39m]
[33m,[39m[[35m256[3
9m[33m,[39m[35m381
[39m][33m,[39m[[35m
279[39m[33m,[39m[3
5m429[39m][33m,[39m
[[35m429[39m[33m,[
39m[35m360[39m][33m
,[39m[[35m360[39m[
33m,[39m[35m279[39m
][33m,[39m[[35m365
[39m[33m,[39m[35m36
4[39m][33m,[39m[[3
5m364[39m[33m,[39m
[35m379[39m][33m,[3
9m[[35m379[39m[33m,
[39m[35m365[39m][3
3m,[39m[[35m355[39m
[33m,[39m[35m277[3
9m][33m,[39m[[35m27
7[39m[33m,[39m[35m
437[39m][33m,[39m[
[35m437[39m[33m,[39
m[35m355[39m][33m,
[39m[[35m282[39m[33
m,[39m[35m443[39m]
[33m,[39m[[35m443[3
9m[33m,[39m[35m283
[39m][33m,[39m[[35m
283[39m[33m,[39m[3
5m282[39m][33m,[39m
[[35m281[39m[33m,[
39m[35m275[39m][33m
,[39m[[35m275[39m[
33m,[39m[35m363[39m
][33m,[39m[[35m363
[39m[33m,[39m[35m28
1[39m][33m,[39m[[3
5m395[39m[33m,[39m
[35m431[39m][33m,[3
9m[[35m431[39m[33m,
[39m[35m369[39m][3
3m,[39m[[35m369[39m
[33m,[39m[35m395[3
9m][33m,[39m[[35m29
9[39m[33m,[39m[35m
297[39m][33m,[39m[
[35m297[39m[33m,[39
m[35m337[39m][33m,
[39m[[35m337[39m[33
m,[39m[35m299[39m]
[33m,[39m[[35m335[3
9m[33m,[39m[35m273
[39m][33m,[39m[[35m
273[39m[33m,[39m[3
5m321[39m][33m,[39m
[[35m321[39m[33m,[
39m[35m335[39m][33m
,[39m[[35m348[39m[
33m,[39m[35m450[39m
][33m,[39m[[35m450
[39m[33m,[39m[35m34
9[39m][33m,[39m[[3
5m349[39m[33m,[39m
[35m348[39m][33m,[3
9m[[35m359[39m[33m,
[39m[35m446[39m][3
3m,[39m[[35m446[39m
[33m,[39m[35m467[3
9m][33m,[39m[[35m46
7[39m[33m,[39m[35m
359[39m][33m,[39m[
[35m283[39m[33m,[39
m[35m293[39m][33m,
[39m[[35m293[39m[33
m,[39m[35m282[39m]
[33m,[39m[[35m282[3
9m[33m,[39m[35m283
[39m][33m,[39m[[35m
250[39m[33m,[39m[3
5m458[39m][33m,[39m
[[35m458[39m[33m,[
39m[35m462[39m][33m
,[39m[[35m462[39m[
33m,[39m[35m250[39m
][33m,[39m[[35m300
[39m[33m,[39m[35m27
6[39m][33m,[39m[[3
5m276[39m[33m,[39m
[35m383[39m][33m,[3
9m[[35m383[39m[33m,
[39m[35m300[39m][3
3m,[39m[[35m292[39m
[33m,[39m[35m308[3
9m][33m,[39m[[35m30
8[39m[33m,[39m[35m
325[39m][33m,[39m[
[35m325[39m[33m,[39
m[35m292[39m][33m,
[39m[[35m283[39m[33
m,[39m[35m276[39m]
[33m,[39m[[35m276[3
9m[33m,[39m[35m293
[39m][33m,[39m[[35m
293[39m[33m,[39m[3
5m283[39m][33m,[39m
[[35m264[39m[33m,[
39m[35m372[39m][33m
,[39m[[35m372[39m[
33m,[39m[35m447[39m
][33m,[39m[[35m447
[39m[33m,[39m[35m26
4[39m][33m,[39m[[3
5m346[39m[33m,[39m
[35m352[39m][33m,[3
9m[[35m352[39m[33m,
[39m[35m340[39m][3
3m,[39m[[35m340[39m
[33m,[39m[35m346[3
9m][33m,[39m[[35m35
4[39m[33m,[39m[35m
274[39m][33m,[39m[
[35m274[39m[33m,[39
m[35m19[39m][33m,[
39m[[35m19[39m[33m,
[39m[35m354[39m][3
3m,[39m[[35m363[39m
[33m,[39m[35m456[3
9m][33m,[39m[[35m45
6[39m[33m,[39m[35m
281[39m][33m,[39m[
[35m281[39m[33m,[39
m[35m363[39m][33m,
[39m[[35m426[39m[33
m,[39m[35m436[39m]
[33m,[39m[[35m436[3
9m[33m,[39m[35m425
[39m][33m,[39m[[35m
425[39m[33m,[39m[3
5m426[39m][33m,[39m
[[35m380[39m[33m,[
39m[35m381[39m][33m
,[39m[[35m381[39m[
33m,[39m[35m252[39m
][33m,[39m[[35m252
[39m[33m,[39m[35m38
0[39m][33m,[39m[[3
5m267[39m[33m,[39m
[35m269[39m][33m,[3
9m[[35m269[39m[33m,
[39m[35m393[39m][3
3m,[39m[[35m393[39m
[33m,[39m[35m267[3
9m][33m,[39m[[35m42
1[39m[33m,[39m[35m
200[39m][33m,[39m[
[35m200[39m[33m,[39
m[35m428[39m][33m,
[39m[[35m428[39m[33
m,[39m[35m421[39m]
[33m,[39m[[35m371[3
9m[33m,[39m[35m266
[39m][33m,[39m[[35m
266[39m[33m,[39m[3
5m329[39m][33m,[39m
[[35m329[39m[33m,[
39m[35m371[39m][33m
,[39m[[35m432[39m[
33m,[39m[35m287[39m
][33m,[39m[[35m287
[39m[33m,[39m[35m42
2[39m][33m,[39m[[3
5m422[39m[33m,[39m
[35m432[39m][33m,[3
9m[[35m290[39m[33m,
[39m[35m250[39m][3
3m,[39m[[35m250[39m
[33m,[39m[35m328[3
9m][33m,[39m[[35m32
8[39m[33m,[39m[35m
290[39m][33m,[39m[
[35m385[39m[33m,[39
m[35m258[39m][33m,
[39m[[35m258[39m[33
m,[39m[35m384[39m]
[33m,[39m[[35m384[3
9m[33m,[39m[35m385
[39m][33m,[39m[[35m
446[39m[33m,[39m[3
5m265[39m][33m,[39m
[[35m265[39m[33m,[
39m[35m342[39m][33m
,[39m[[35m342[39m[
33m,[39m[35m446[39m
][33m,[39m[[35m386
[39m[33m,[39m[35m38
7[39m][33m,[39m[[3
5m387[39m[33m,[39m
[35m257[39m][33m,[3
9m[[35m257[39m[33m,
[39m[35m386[39m][3
3m,[39m[[35m422[39m
[33m,[39m[35m424[3
9m][33m,[39m[[35m42
4[39m[33m,[39m[35m
430[39m][33m,[39m[
[35m430[39m[33m,[39
m[35m422[39m][33m,
[39m[[35m445[39m[33
m,[39m[35m342[39m]
[33m,[39m[[35m342[3
9m[33m,[39m[35m276
[39m][33m,[39m[[35m
276[39m[33m,[39m[3
5m445[39m][33m,[39m
[[35m422[39m[33m,[
39m[35m273[39m][33m
,[39m[[35m273[39m[
33m,[39m[35m424[39m
][33m,[39m[[35m424
[39m[33m,[39m[35m42
2[39m][33m,[39m[[3
5m306[39m[33m,[39m
[35m292[39m][33m,[3
9m[[35m292[39m[33m,
[39m[35m307[39m][3
3m,[39m[[35m307[39m
[33m,[39m[35m306[3
9m][33m,[39m[[35m35
2[39m[33m,[39m[35m
366[39m][33m,[39m[
[35m366[39m[33m,[39
m[35m345[39m][33m,
[39m[[35m345[39m[33
m,[39m[35m352[39m]
[33m,[39m[[35m268[3
9m[33m,[39m[35m271
[39m][33m,[39m[[35m
271[39m[33m,[39m[3
5m302[39m][33m,[39m
[[35m302[39m[33m,[
39m[35m268[39m][33m
,[39m[[35m358[39m[
33m,[39m[35m423[39m
][33m,[39m[[35m423
[39m[33m,[39m[35m37
1[39m][33m,[39m[[3
5m371[39m[33m,[39m
[35m358[39m][33m,[3
9m[[35m327[39m[33m,
[39m[35m294[39m][3
3m,[39m[[35m294[39m
[33m,[39m[35m460[3
9m][33m,[39m[[35m46
0[39m[33m,[39m[35m
327[39m][33m,[39m[
[35m331[39m[33m,[39
m[35m279[39m][33m,
[39m[[35m279[39m[33
m,[39m[35m294[39m]
[33m,[39m[[35m294[3
9m[33m,[39m[35m331
[39m][33m,[39m[[35m
303[39m[33m,[39m[3
5m271[39m][33m,[39m
[[35m271[39m[33m,[
39m[35m304[39m][33m
,[39m[[35m304[39m[
33m,[39m[35m303[39m
][33m,[39m[[35m436
[39m[33m,[39m[35m43
2[39m][33m,[39m[[3
5m432[39m[33m,[39m
[35m427[39m][33m,[3
9m[[35m427[39m[33m,
[39m[35m436[39m][3
3m,[39m[[35m304[39m
[33m,[39m[35m272[3
9m][33m,[39m[[35m27
2[39m[33m,[39m[35m
408[39m][33m,[39m[
[35m408[39m[33m,[39
m[35m304[39m][33m,
[39m[[35m395[39m[33
m,[39m[35m394[39m]
[33m,[39m[[35m394[3
9m[33m,[39m[35m431
[39m][33m,[39m[[35m
431[39m[33m,[39m[3
5m395[39m][33m,[39m
[[35m378[39m[33m,[
39m[35m395[39m][33m
,[39m[[35m395[39m[
33m,[39m[35m400[39m
][33m,[39m[[35m400
[39m[33m,[39m[35m37
8[39m][33m,[39m[[3
5m296[39m[33m,[39m
[35m334[39m][33m,[3
9m[[35m334[39m[33m,
[39m[35m299[39m][3
3m,[39m[[35m299[39m
[33m,[39m[35m296[3
9m][33m,[39m[[35m6
[39m[33m,[39m[35m35
1[39m][33m,[39m[[3
5m351[39m[33m,[39m
[35m168[39m][33m,[3
9m[[35m168[39m[33m,
[39m[35m6[39m][33m
,[39m[[35m376[39m[
33m,[39m[35m352[39m
][33m,[39m[[35m352
[39m[33m,[39m[35m41
1[39m][33m,[39m[[3
5m411[39m[33m,[39m
[35m376[39m][33m,[3
9m[[35m307[39m[33m,
[39m[35m325[39m][3
3m,[39m[[35m325[39m
[33m,[39m[35m320[3
9m][33m,[39m[[35m32
0[39m[33m,[39m[35m
307[39m][33m,[39m[
[35m285[39m[33m,[39
m[35m295[39m][33m,
[39m[[35m295[39m[33
m,[39m[35m336[39m]
[33m,[39m[[35m336[3
9m[33m,[39m[35m285
[39m][33m,[39m[[35m
320[39m[33m,[39m[3
5m319[39m][33m,[39m
[[35m319[39m[33m,[
39m[35m404[39m][33m
,[39m[[35m404[39m[
33m,[39m[35m320[39m
][33m,[39m[[35m329
[39m[33m,[39m[35m33
0[39m][33m,[39m[[3
5m330[39m[33m,[39m
[35m349[39m][33m,[3
9m[[35m349[39m[33m,
[39m[35m329[39m][3
3m,[39m[[35m334[39m
[33m,[39m[35m293[3
9m][33m,[39m[[35m29
3[39m[33m,[39m[35m
333[39m][33m,[39m[
[35m333[39m[33m,[39
m[35m334[39m][33m,
[39m[[35m366[39m[33
m,[39m[35m323[39m]
[33m,[39m[[35m323[3
9m[33m,[39m[35m447
[39m][33m,[39m[[35m
447[39m[33m,[39m[3
5m366[39m][33m,[39m
[[35m316[39m[33m,[
39m[35m15[39m][33m,
[39m[[35m15[39m[33
m,[39m[35m315[39m]
[33m,[39m[[35m315[3
9m[33m,[39m[35m316
[39m][33m,[39m[[35m
331[39m[33m,[39m[3
5m358[39m][33m,[39m
[[35m358[39m[33m,[
39m[35m279[39m][33m
,[39m[[35m279[39m[
33m,[39m[35m331[39m
][33m,[39m[[35m317
[39m[33m,[39m[35m14
[39m][33m,[39m[[35
m14[39m[33m,[39m[3
5m316[39m][33m,[39m
[[35m316[39m[33m,[
39m[35m317[39m][33m
,[39m[[35m8[39m[33
m,[39m[35m285[39m]
[33m,[39m[[35m285[3
9m[33m,[39m[35m9[3
9m][33m,[39m[[35m9
[39m[33m,[39m[35m8
[39m][33m,[39m[[35m
277[39m[33m,[39m[3
5m329[39m][33m,[39m
[[35m329[39m[33m,[
39m[35m350[39m][33m
,[39m[[35m350[39m[
33m,[39m[35m277[39m
][33m,[39m[[35m253
[39m[33m,[39m[35m37
4[39m][33m,[39m[[3
5m374[39m[33m,[39m
[35m252[39m][33m,[3
9m[[35m252[39m[33m,
[39m[35m253[39m][3
3m,[39m[[35m319[39m
[33m,[39m[35m318[3
9m][33m,[39m[[35m31
8[39m[33m,[39m[35m
403[39m][33m,[39m[
[35m403[39m[33m,[39
m[35m319[39m][33m,
[39m[[35m351[39m[33
m,[39m[35m6[39m][3
3m,[39m[[35m6[39m[
33m,[39m[35m419[39m
][33m,[39m[[35m419
[39m[33m,[39m[35m35
1[39m][33m,[39m[[3
5m324[39m[33m,[39m
[35m318[39m][33m,[3
9m[[35m318[39m[33m,
[39m[35m325[39m][3
3m,[39m[[35m325[39m
[33m,[39m[35m324[3
9m][33m,[39m[[35m39
7[39m[33m,[39m[35m
367[39m][33m,[39m[
[35m367[39m[33m,[39
m[35m365[39m][33m,
[39m[[35m365[39m[33
m,[39m[35m397[39m]
[33m,[39m[[35m288[3
9m[33m,[39m[35m435
[39m][33m,[39m[[35m
435[39m[33m,[39m[3
5m397[39m][33m,[39m
[[35m397[39m[33m,[
39m[35m288[39m][33m
,[39m[[35m278[39m[
33m,[39m[35m344[39m
][33m,[39m[[35m344
[39m[33m,[39m[35m43
9[39m][33m,[39m[[3
5m439[39m[33m,[39m
[35m278[39m][33m,[3
9m[[35m310[39m[33m,
[39m[35m272[39m][3
3m,[39m[[35m272[39m
[33m,[39m[35m311[3
9m][33m,[39m[[35m31
1[39m[33m,[39m[35m
310[39m][33m,[39m[
[35m248[39m[33m,[39
m[35m195[39m][33m,
[39m[[35m195[39m[33
m,[39m[35m281[39m]
[33m,[39m[[35m281[3
9m[33m,[39m[35m248
[39m][33m,[39m[[35m
375[39m[33m,[39m[3
5m273[39m][33m,[39m
[[35m273[39m[33m,[
39m[35m291[39m][33m
,[39m[[35m291[39m[
33m,[39m[35m375[39m
][33m,[39m[[35m175
[39m[33m,[39m[35m39
6[39m][33m,[39m[[3
5m396[39m[33m,[39m
[35m199[39m][33m,[3
9m[[35m199[39m[33m,
[39m[35m175[39m][3
3m,[39m[[35m312[39m
[33m,[39m[35m311[3
9m][33m,[39m[[35m31
1[39m[33m,[39m[35m
268[39m][33m,[39m[
[35m268[39m[33m,[39
m[35m312[39m][33m,
[39m[[35m276[39m[33
m,[39m[35m283[39m]
[33m,[39m[[35m283[3
9m[33m,[39m[35m445
[39m][33m,[39m[[35m
445[39m[33m,[39m[3
5m276[39m][33m,[39m
[[35m390[39m[33m,[
39m[35m373[39m][33m
,[39m[[35m373[39m[
33m,[39m[35m339[39m
][33m,[39m[[35m339
[39m[33m,[39m[35m39
0[39m][33m,[39m[[3
5m295[39m[33m,[39m
[35m282[39m][33m,[3
9m[[35m282[39m[33m,
[39m[35m296[39m][3
3m,[39m[[35m296[39m
[33m,[39m[35m295[3
9m][33m,[39m[[35m44
8[39m[33m,[39m[35m
449[39m][33m,[39m[
[35m449[39m[33m,[39
m[35m346[39m][33m,
[39m[[35m346[39m[33
m,[39m[35m448[39m]
[33m,[39m[[35m356[3
9m[33m,[39m[35m264
[39m][33m,[39m[[35m
264[39m[33m,[39m[3
5m454[39m][33m,[39m
[[35m454[39m[33m,[
39m[35m356[39m][33m
,[39m[[35m337[39m[
33m,[39m[35m336[39m
][33m,[39m[[35m336
[39m[33m,[39m[35m29
9[39m][33m,[39m[[3
5m299[39m[33m,[39m
[35m337[39m][33m,[3
9m[[35m337[39m[33m,
[39m[35m338[39m][3
3m,[39m[[35m338[39m
[33m,[39m[35m151[3
9m][33m,[39m[[35m15
1[39m[33m,[39m[35m
337[39m][33m,[39m[
[35m294[39m[33m,[39
m[35m278[39m][33m,
[39m[[35m278[39m[33
m,[39m[35m455[39m]
[33m,[39m[[35m455[3
9m[33m,[39m[35m294
[39m][33m,[39m[[35m
308[39m[33m,[39m[3
5m292[39m][33m,[39m
[[35m292[39m[33m,[
39m[35m415[39m][33m
,[39m[[35m415[39m[
33m,[39m[35m308[39m
][33m,[39m[[35m429
[39m[33m,[39m[35m35
8[39m][33m,[39m[[3
5m358[39m[33m,[39m
[35m355[39m][33m,[3
9m[[35m355[39m[33m,
[39m[35m429[39m][3
3m,[39m[[35m265[39m
[33m,[39m[35m340[3
9m][33m,[39m[[35m34
0[39m[33m,[39m[35m
372[39m][33m,[39m[
[35m372[39m[33m,[39
m[35m265[39m][33m,
[39m[[35m352[39m[33
m,[39m[35m346[39m]
[33m,[39m[[35m346[3
9m[33m,[39m[35m280
[39m][33m,[39m[[35m
280[39m[33m,[39m[3
5m352[39m][33m,[39m
[[35m295[39m[33m,[
39m[35m442[39m][33m
,[39m[[35m442[39m[
33m,[39m[35m282[39m
][33m,[39m[[35m282
[39m[33m,[39m[35m29
5[39m][33m,[39m[[3
5m354[39m[33m,[39m
[35m19[39m][33m,[39
m[[35m19[39m[33m,[
39m[35m370[39m][33m
,[39m[[35m370[39m[
33m,[39m[35m354[39m
][33m,[39m[[35m285
[39m[33m,[39m[35m44
1[39m][33m,[39m[[3
5m441[39m[33m,[39m
[35m295[39m][33m,[3
9m[[35m295[39m[33m,
[39m[35m285[39m][3
3m,[39m[[35m195[39m
[33m,[39m[35m248[3
9m][33m,[39m[[35m24
8[39m[33m,[39m[35m
197[39m][33m,[39m[
[35m197[39m[33m,[39
m[35m195[39m][33m,
[39m[[35m457[39m[33
m,[39m[35m440[39m]
[33m,[39m[[35m440[3
9m[33m,[39m[35m274
[39m][33m,[39m[[35m
274[39m[33m,[39m[3
5m457[39m][33m,[39m
[[35m301[39m[33m,[
39m[35m300[39m][33m
,[39m[[35m300[39m[
33m,[39m[35m368[39m
][33m,[39m[[35m368
[39m[33m,[39m[35m30
1[39m][33m,[39m[[3
5m417[39m[33m,[39m
[35m351[39m][33m,[3
9m[[35m351[39m[33m,
[39m[35m465[39m][3
3m,[39m[[35m465[39m
[33m,[39m[35m417[3
9m][33m,[39m[[35m25
1[39m[33m,[39m[35m
301[39m][33m,[39m[
[35m301[39m[33m,[39
m[35m389[39m][33m,
[39m[[35m389[39m[33
m,[39m[35m251[39m]
[33m,[39m[[35m394[3
9m[33m,[39m[35m395
[39m][33m,[39m[[35m
395[39m[33m,[39m[3
5m379[39m][33m,[39m
[[35m379[39m[33m,[
39m[35m394[39m][33m
,[39m[[35m399[39m[
33m,[39m[35m412[39m
][33m,[39m[[35m412
[39m[33m,[39m[35m41
9[39m][33m,[39m[[3
5m419[39m[33m,[39m
[35m399[39m][33m,[3
9m[[35m410[39m[33m,
[39m[35m436[39m][3
3m,[39m[[35m436[39m
[33m,[39m[35m322[3
9m][33m,[39m[[35m32
2[39m[33m,[39m[35m
410[39m][33m,[39m[
[35m326[39m[33m,[39
m[35m2[39m][33m,[3
9m[[35m2[39m[33m,[
39m[35m393[39m][33m
,[39m[[35m393[39m[
33m,[39m[35m326[39m
][33m,[39m[[35m354
[39m[33m,[39m[35m37
0[39m][33m,[39m[[3
5m370[39m[33m,[39m
[35m461[39m][33m,[3
9m[[35m461[39m[33m,
[39m[35m354[39m][3
3m,[39m[[35m393[39m
[33m,[39m[35m164[3
9m][33m,[39m[[35m16
4[39m[33m,[39m[35m
267[39m][33m,[39m[
[35m267[39m[33m,[39
m[35m393[39m][33m,
[39m[[35m268[39m[33
m,[39m[35m302[39m]
[33m,[39m[[35m302[3
9m[33m,[39m[35m12[
39m][33m,[39m[[35m1
2[39m[33m,[39m[35m
268[39m][33m,[39m[
[35m312[39m[33m,[39
m[35m268[39m][33m,
[39m[[35m268[39m[33
m,[39m[35m13[39m][
33m,[39m[[35m13[39m
[33m,[39m[35m312[3
9m][33m,[39m[[35m29
8[39m[33m,[39m[35m
293[39m][33m,[39m[
[35m293[39m[33m,[39
m[35m301[39m][33m,
[39m[[35m301[39m[33
m,[39m[35m298[39m]
[33m,[39m[[35m265[3
9m[33m,[39m[35m446
[39m][33m,[39m[[35m
446[39m[33m,[39m[3
5m340[39m][33m,[39m
[[35m340[39m[33m,[
39m[35m265[39m][33m
,[39m[[35m280[39m[
33m,[39m[35m330[39m
][33m,[39m[[35m330
[39m[33m,[39m[35m42
5[39m][33m,[39m[[3
5m425[39m[33m,[39m
[35m280[39m][33m,[3
9m[[35m322[39m[33m,
[39m[35m426[39m][3
3m,[39m[[35m426[39m
[33m,[39m[35m391[3
9m][33m,[39m[[35m39
1[39m[33m,[39m[35m
322[39m][33m,[39m[
[35m420[39m[33m,[39
m[35m429[39m][33m,
[39m[[35m429[39m[33
m,[39m[35m437[39m]
[33m,[39m[[35m437[3
9m[33m,[39m[35m420
[39m][33m,[39m[[35m
393[39m[33m,[39m[3
5m391[39m][33m,[39m
[[35m391[39m[33m,[
39m[35m326[39m][33m
,[39m[[35m326[39m[
33m,[39m[35m393[39m
][33m,[39m[[35m344
[39m[33m,[39m[35m44
0[39m][33m,[39m[[3
5m440[39m[33m,[39m
[35m438[39m][33m,[3
9m[[35m438[39m[33m,
[39m[35m344[39m][3
3m,[39m[[35m458[39m
[33m,[39m[35m459[3
9m][33m,[39m[[35m45
9[39m[33m,[39m[35m
461[39m][33m,[39m[
[35m461[39m[33m,[39
m[35m458[39m][33m,
[39m[[35m364[39m[33
m,[39m[35m434[39m]
[33m,[39m[[35m434[3
9m[33m,[39m[35m394
[39m][33m,[39m[[35m
394[39m[33m,[39m[3
5m364[39m][33m,[39m
[[35m428[39m[33m,[
39m[35m396[39m][33m
,[39m[[35m396[39m[
33m,[39m[35m262[39m
][33m,[39m[[35m262
[39m[33m,[39m[35m42
8[39m][33m,[39m[[3
5m274[39m[33m,[39m
[35m354[39m][33m,[3
9m[[35m354[39m[33m,
[39m[35m457[39m][3
3m,[39m[[35m457[39m
[33m,[39m[35m274[3
9m][33m,[39m[[35m31
7[39m[33m,[39m[35m
316[39m][33m,[39m[
[35m316[39m[33m,[39
m[35m402[39m][33m,
[39m[[35m402[39m[33
m,[39m[35m317[39m]
[33m,[39m[[35m316[3
9m[33m,[39m[35m315
[39m][33m,[39m[[35m
315[39m[33m,[39m[3
5m403[39m][33m,[39m
[[35m403[39m[33m,[
39m[35m316[39m][33m
,[39m[[35m315[39m[
33m,[39m[35m314[39m
][33m,[39m[[35m314
[39m[33m,[39m[35m40
4[39m][33m,[39m[[3
5m404[39m[33m,[39m
[35m315[39m][33m,[3
9m[[35m314[39m[33m,
[39m[35m313[39m][3
3m,[39m[[35m313[39m
[33m,[39m[35m405[3
9m][33m,[39m[[35m40
5[39m[33m,[39m[35m
314[39m][33m,[39m[
[35m313[39m[33m,[39
m[35m421[39m][33m,
[39m[[35m421[39m[33
m,[39m[35m406[39m]
[33m,[39m[[35m406[3
9m[33m,[39m[35m313
[39m][33m,[39m[[35m
323[39m[33m,[39m[3
5m366[39m][33m,[39m
[[35m366[39m[33m,[
39m[35m361[39m][33m
,[39m[[35m361[39m[
33m,[39m[35m323[39m
][33m,[39m[[35m292
[39m[33m,[39m[35m30
6[39m][33m,[39m[[3
5m306[39m[33m,[39m
[35m407[39m][33m,[3
9m[[35m407[39m[33m,
[39m[35m292[39m][3
3m,[39m[[35m306[39m
[33m,[39m[35m291[3
9m][33m,[39m[[35m29
1[39m[33m,[39m[35m
408[39m][33m,[39m[
[35m408[39m[33m,[39
m[35m306[39m][33m,
[39m[[35m291[39m[33
m,[39m[35m287[39m]
[33m,[39m[[35m287[3
9m[33m,[39m[35m409
[39m][33m,[39m[[35m
409[39m[33m,[39m[3
5m291[39m][33m,[39m
[[35m287[39m[33m,[
39m[35m432[39m][33m
,[39m[[35m432[39m[
33m,[39m[35m410[39m
][33m,[39m[[35m410
[39m[33m,[39m[35m28
7[39m][33m,[39m[[3
5m427[39m[33m,[39m
[35m434[39m][33m,[3
9m[[35m434[39m[33m,
[39m[35m411[39m][3
3m,[39m[[35m411[39m
[33m,[39m[35m427[3
9m][33m,[39m[[35m37
2[39m[33m,[39m[35m
264[39m][33m,[39m[
[35m264[39m[33m,[39
m[35m383[39m][33m,
[39m[[35m383[39m[33
m,[39m[35m372[39m]
[33m,[39m[[35m459[3
9m[33m,[39m[35m309
[39m][33m,[39m[[35m
309[39m[33m,[39m[3
5m457[39m][33m,[39m
[[35m457[39m[33m,[
39m[35m459[39m][33m
,[39m[[35m366[39m[
33m,[39m[35m352[39m
][33m,[39m[[35m352
[39m[33m,[39m[35m40
1[39m][33m,[39m[[3
5m401[39m[33m,[39m
[35m366[39m][33m,[3
9m[[35m1[39m[33m,[
39m[35m274[39m][33m
,[39m[[35m274[39m[
33m,[39m[35m4[39m]
[33m,[39m[[35m4[39m
[33m,[39m[35m1[39m
][33m,[39m[[35m418
[39m[33m,[39m[35m42
1[39m][33m,[39m[[3
5m421[39m[33m,[39m
[35m262[39m][33m,[3
9m[[35m262[39m[33m,
[39m[35m418[39m][3
3m,[39m[[35m331[39m
[33m,[39m[35m294[3
9m][33m,[39m[[35m29
4[39m[33m,[39m[35m
358[39m][33m,[39m[
[35m358[39m[33m,[39
m[35m331[39m][33m,
[39m[[35m435[39m[33
m,[39m[35m433[39m]
[33m,[39m[[35m433[3
9m[33m,[39m[35m367
[39m][33m,[39m[[35m
367[39m[33m,[39m[3
5m435[39m][33m,[39m
[[35m392[39m[33m,[
39m[35m289[39m][33m
,[39m[[35m289[39m[
33m,[39m[35m439[39m
][33m,[39m[[35m439
[39m[33m,[39m[35m39
2[39m][33m,[39m[[3
5m328[39m[33m,[39m
[35m462[39m][33m,[3
9m[[35m462[39m[33m,
[39m[35m326[39m][3
3m,[39m[[35m326[39m
[33m,[39m[35m328[3
9m][33m,[39m[[35m94
[39m[33m,[39m[35m2
[39m][33m,[39m[[35
m2[39m[33m,[39m[35
m370[39m][33m,[39m[
[35m370[39m[33m,[3
9m[35m94[39m][33m,
[39m[[35m289[39m[33
m,[39m[35m305[39m]
[33m,[39m[[35m305[3
9m[33m,[39m[35m455
[39m][33m,[39m[[35m
455[39m[33m,[39m[3
5m289[39m][33m,[39m
[[35m339[39m[33m,[
39m[35m254[39m][33m
,[39m[[35m254[39m[
33m,[39m[35m448[39m
][33m,[39m[[35m448
[39m[33m,[39m[35m33
9[39m][33m,[39m[[3
5m359[39m[33m,[39m
[35m255[39m][33m,[3
9m[[35m255[39m[33m,
[39m[35m446[39m][3
3m,[39m[[35m446[39m
[33m,[39m[35m359[3
9m][33m,[39m[[35m25
4[39m[33m,[39m[35m
253[39m][33m,[39m[
[35m253[39m[33m,[39
m[35m449[39m][33m,
[39m[[35m449[39m[33
m,[39m[35m254[39m]
[33m,[39m[[35m253[3
9m[33m,[39m[35m252
[39m][33m,[39m[[35m
252[39m[33m,[39m[3
5m450[39m][33m,[39m
[[35m450[39m[33m,[
39m[35m253[39m][33m
,[39m[[35m252[39m[
33m,[39m[35m256[39m
][33m,[39m[[35m256
[39m[33m,[39m[35m45
1[39m][33m,[39m[[3
5m451[39m[33m,[39m
[35m252[39m][33m,[3
9m[[35m256[39m[33m,
[39m[35m341[39m][3
3m,[39m[[35m341[39m
[33m,[39m[35m452[3
9m][33m,[39m[[35m45
2[39m[33m,[39m[35m
256[39m][33m,[39m[
[35m414[39m[33m,[39
m[35m413[39m][33m,
[39m[[35m413[39m[33
m,[39m[35m463[39m]
[33m,[39m[[35m463[3
9m[33m,[39m[35m414
[39m][33m,[39m[[35m
286[39m[33m,[39m[3
5m441[39m][33m,[39m
[[35m441[39m[33m,[
39m[35m414[39m][33m
,[39m[[35m414[39m[
33m,[39m[35m286[39m
][33m,[39m[[35m286
[39m[33m,[39m[35m25
8[39m][33m,[39m[[3
5m258[39m[33m,[39m
[35m441[39m][33m,[3
9m[[35m441[39m[33m,
[39m[35m286[39m][3
3m,[39m[[35m258[39m
[33m,[39m[35m257[3
9m][33m,[39m[[35m25
7[39m[33m,[39m[35m
442[39m][33m,[39m[
[35m442[39m[33m,[39
m[35m258[39m][33m,
[39m[[35m257[39m[33
m,[39m[35m259[39m]
[33m,[39m[[35m259[3
9m[33m,[39m[35m443
[39m][33m,[39m[[35m
443[39m[33m,[39m[3
5m257[39m][33m,[39m
[[35m259[39m[33m,[
39m[35m260[39m][33m
,[39m[[35m260[39m[
33m,[39m[35m444[39m
][33m,[39m[[35m444
[39m[33m,[39m[35m25
9[39m][33m,[39m[[3
5m260[39m[33m,[39m
[35m467[39m][33m,[3
9m[[35m467[39m[33m,
[39m[35m445[39m][3
3m,[39m[[35m445[39m
[33m,[39m[35m260[3
9m][33m,[39m[[35m30
9[39m[33m,[39m[35m
459[39m][33m,[39m[
[35m459[39m[33m,[39
m[35m250[39m][33m,
[39m[[35m250[39m[33
m,[39m[35m309[39m]
[33m,[39m[[35m305[3
9m[33m,[39m[35m289
[39m][33m,[39m[[35m
289[39m[33m,[39m[3
5m290[39m][33m,[39m
[[35m290[39m[33m,[
39m[35m305[39m][33m
,[39m[[35m305[39m[
33m,[39m[35m290[39m
][33m,[39m[[35m290
[39m[33m,[39m[35m46
0[39m][33m,[39m[[3
5m460[39m[33m,[39m
[35m305[39m][33m,[3
9m[[35m401[39m[33m,
[39m[35m376[39m][3
3m,[39m[[35m376[39m
[33m,[39m[35m435[3
9m][33m,[39m[[35m43
5[39m[33m,[39m[35m
401[39m][33m,[39m[
[35m309[39m[33m,[39
m[35m250[39m][33m,
[39m[[35m250[39m[33
m,[39m[35m392[39m]
[33m,[39m[[35m392[3
9m[33m,[39m[35m309
[39m][33m,[39m[[35m
376[39m[33m,[39m[3
5m411[39m][33m,[39m
[[35m411[39m[33m,[
39m[35m433[39m][33m
,[39m[[35m433[39m[
33m,[39m[35m376[39m
][33m,[39m[[35m453
[39m[33m,[39m[35m34
1[39m][33m,[39m[[3
5m341[39m[33m,[39m
[35m464[39m][33m,[3
9m[[35m464[39m[33m,
[39m[35m453[39m][3
3m,[39m[[35m357[39m
[33m,[39m[35m453[3
9m][33m,[39m[[35m45
3[39m[33m,[39m[35m
465[39m][33m,[39m[
[35m465[39m[33m,[39
m[35m357[39m][33m,
[39m[[35m343[39m[33
m,[39m[35m357[39m]
[33m,[39m[[35m357[3
9m[33m,[39m[35m412
[39m][33m,[39m[[35m
412[39m[33m,[39m[3
5m343[39m][33m,[39m
[[35m437[39m[33m,[
39m[35m343[39m][33m
,[39m[[35m343[39m[
33m,[39m[35m399[39m
][33m,[39m[[35m399
[39m[33m,[39m[35m43
7[39m][33m,[39m[[3
5m344[39m[33m,[39m
[35m360[39m][33m,[3
9m[[35m360[39m[33m,
[39m[35m440[39m][3
3m,[39m[[35m440[39m
[33m,[39m[35m344[3
9m][33m,[39m[[35m42
0[39m[33m,[39m[35m
437[39m][33m,[39m[
[35m437[39m[33m,[39
m[35m456[39m][33m,
[39m[[35m456[39m[33
m,[39m[35m420[39m]
[33m,[39m[[35m360[3
9m[33m,[39m[35m420
[39m][33m,[39m[[35m
420[39m[33m,[39m[3
5m363[39m][33m,[39m
[[35m363[39m[33m,[
39m[35m360[39m][33m
,[39m[[35m361[39m[
33m,[39m[35m401[39m
][33m,[39m[[35m401
[39m[33m,[39m[35m28
8[39m][33m,[39m[[3
5m288[39m[33m,[39m
[35m361[39m][33m,[3
9m[[35m265[39m[33m,
[39m[35m372[39m][3
3m,[39m[[35m372[39m
[33m,[39m[35m353[3
9m][33m,[39m[[35m35
3[39m[33m,[39m[35m
265[39m][33m,[39m[
[35m390[39m[33m,[39
m[35m339[39m][33m,
[39m[[35m339[39m[33
m,[39m[35m249[39m]
[33m,[39m[[35m249[3
9m[33m,[39m[35m390
[39m][33m,[39m[[35m
339[39m[33m,[39m[3
5m448[39m][33m,[39m
[[35m448[39m[33m,[
39m[35m255[39m][33m
,[39m[[35m255[39m[
33m,[39m[35m339[39m
]][33m,[39mj[33m=[
39m[33mObject[39m[3
3m.[39mentries([33mO
[39m)[33m.[39mmap((
[36mfunction[39m(t){
[36mvar[39m e[33m=
[39mt[[35m0[39m][33
m;[39m[36mreturn[39
m t[[35m1[39m][33m.
[39mmap(([36mfunctio
n[39m(t){[36mreturn
[39m[t[33m,[39me]}))
}))[33m.[39mflat()[
33m,[39mk[33m=[39m
[36mnew[39m [33mMap
[39m(j)[33m;[39m[36
mfunction[39m [33mR
[39m(t){[36mfor[39m(
[36mvar[39m e[33m=
[39m{locationData[33m
:[39m{relativeKeypoin
ts[33m:[39m[]}}[33m
,[39mn[33m=[39m[33
mNumber[39m[33m.[39
m[33mMAX_SAFE_INTEGER
[39m[33m,[39mr[33m
=[39m[33mNumber[39m
[33m.[39m[33mMIN_SA
FE_INTEGER[39m[33m,
[39mi[33m=[39m[33mN
umber[39m[33m.[39m
[33mMAX_SAFE_INTEGER[
39m[33m,[39mo[33m=
[39m[33mNumber[39m[
33m.[39m[33mMIN_SAFE
_INTEGER[39m[33m,[3
9ma[33m=[39m[35m0[
39m[33m;[39ma[33m<
[39m[33mt[39m[33m.
[39mlength[33m;[39m
[33m++[39ma){[36mvar
[39m u[33m=[39mt[a]
[33m;[39mn[33m=[39
m[33mMath[39m[33m.
[39mmin(n[33m,[39mu
[33m.[39mx)[33m,[39
mr[33m=[39m[33mMath
[39m[33m.[39mmax(r
[33m,[39mu[33m.[39m
x)[33m,[39mi[33m=[
39m[33mMath[39m[33m
.[39mmin(i[33m,[39m
u[33m.[39my)[33m,[
39mo[33m=[39m[33mMa
th[39m[33m.[39mmax(
o[33m,[39mu[33m.[3
9my)[33m,[39me[33m.
[39mlocationData[33m
.[39mrelativeKeypoint
s[33m.[39mpush({x[3
3m:[39mu[33m.[39mx
[33m,[39my[33m:[39m
u[33m.[39my})}[36mr
eturn[39m e[33m.[39
mlocationData[33m.[3
9mrelativeBoundingBox
[33m=[39m{xMin[33m:
[39mn[33m,[39myMin[
33m:[39mi[33m,[39mx
Max[33m:[39mr[33m,
[39myMax[33m:[39mo[
33m,[39mwidth[33m:[
39mr[33m-[39mn[33m,
[39mheight[33m:[39m
o[33m-[39mi}[33m,[
39me}[36mvar[39m [3
3mI[39m[33m=[39m{ru
ntime[33m:[39m[32m"
mediapipe"[39m[33m,
[39mmaxFaces[33m:[39
m[35m1[39m[33m,[39
mrefineLandmarks[33m:
[39m[33m![39m[35m1
[39m}[33m;[39m[36m
var[39m [33mL[39m[
33m=[39m[36mfunction
[39m(){[36mfunction
[39m n(e){[36mvar[39
m n[33m=[39m[36mthi
s[39m[33m;[39m[36m
this[39m[33m.[39mwi
dth[33m=[39m[35m0[
39m[33m,[39m[36mthi
s[39m[33m.[39mheigh
t[33m=[39m[35m0[39
m[33m,[39m[36mthis
[39m[33m.[39mselfieM
ode[33m=[39m[33m![
39m[35m1[39m[33m,[
39m[36mthis[39m[33m
.[39mfaceMeshSolution
[33m=[39m[36mnew[3
9m t[33m.[39m[33mFa
ceMesh[39m({locateFil
e[33m:[39m[36mfunct
ion[39m(t[33m,[39mn
){[36mreturn[39m e[
33m.[39msolutionPath
[33m?[39me[33m.[39m
solutionPath[33m.[39
mreplace([35m/\/+$/[
39m[33m,[39m[32m""
[39m)[33m+[39m[32m"
/"[39m[33m+[39mt[3
3m:[39mn[33m+[39m[
32m"/"[39m[33m+[39m
t}})[33m,[39m[36mth
is[39m[33m.[39mface
MeshSolution[33m.[39
msetOptions({refineLan
dmarks[33m:[39me[33
m.[39mrefineLandmarks
[33m,[39mselfieMode
[33m:[39m[36mthis[3
9m[33m.[39mselfieMod
e[33m,[39mmaxNumFace
s[33m:[39me[33m.[3
9mmaxFaces})[33m,[39
m[36mthis[39m[33m.
[39mfaceMeshSolution[
33m.[39monResults(([
36mfunction[39m(t){[
36mif[39m(n[33m.[39
mheight[33m=[39mt[3
3m.[39mimage[33m.[3
9mheight[33m,[39mn[
33m.[39mwidth[33m=[
39mt[33m.[39mimage[
33m.[39mwidth[33m,[
39mn[33m.[39mfaces[
33m=[39m[][33m,[39m
[36mnull[39m[33m!==
[39mt[33m.[39mmulti
FaceLandmarks)[36mfor
[39m([36mvar[39m e
[33m=[39mt[33m.[39m
multiFaceLandmarks[33
m,[39mr[33m=[39m[3
5m0[39m[33m;[39mr[
33m<[39m[33me[39m[
33m.[39mlength[33m;
[39mr[33m++[39m){[3
6mvar[39m i[33m=[39
mn[33m.[39mtranslate
Output(e[r])[33m;[39
mn[33m.[39mfaces[33
m.[39mpush({keypoints
[33m:[39mi[33m,[39
mbox[33m:[39m[33mR
[39m(i)[33m.[39mloca
tionData[33m.[39mrel
ativeBoundingBox})}}))
}[36mreturn[39m n[3
3m.[39mprototype[33m
.[39mtranslateOutput
[33m=[39m[36mfunctio
n[39m(t){[36mvar[39
m e[33m=[39m[36mthi
s[39m[33m;[39m[36m
return[39m t[33m.[3
9mmap(([36mfunction[
39m(t[33m,[39mn){[3
6mvar[39m r[33m=[39
m{x[33m:[39mt[33m.
[39mx[33m*[39me[33m
.[39mwidth[33m,[39m
y[33m:[39mt[33m.[3
9my[33m*[39me[33m.
[39mheight[33m,[39mz
[33m:[39mt[33m.[39
mz[33m*[39me[33m.[
39mwidth}[33m,[39mi
[33m=[39mk[33m.[39m
[36mget[39m(n)[33m;
[39m[36mreturn[39m 
[36mnull[39m[33m!=
[39mi[33m&&[39m(r[3
3m.[39mname[33m=[39
mi)[33m,[39mr}))}[3
3m,[39mn[33m.[39mpr
ototype[33m.[39mesti
mateFaces[33m=[39m[
36mfunction[39m(t[33
m,[39mn){[36mreturn
[39m [33mS[39m([36m
this[39m[33m,[39m[
36mvoid[39m [35m0[3
9m[33m,[39m[36mvoid
[39m [35m0[39m[33m
,[39m([36mfunction[
39m(){[36mvar[39m r
[33m,[39mi[33m;[39m
[36mreturn[39m [33m
F[39m([36mthis[39m
[33m,[39m([36mfuncti
on[39m(o){[36mswitch
[39m(o[33m.[39mlabe
l){[36mcase[39m [35
m0[39m[33m:[39m[36
mreturn[39m n[33m&&
[39mn[33m.[39mflipHo
rizontal[33m&&[39mn
[33m.[39mflipHorizont
al[33m!==[39m[36mth
is[39m[33m.[39mself
ieMode[33m&&[39m([3
6mthis[39m[33m.[39m
selfieMode[33m=[39mn
[33m.[39mflipHorizon
tal[33m,[39m[36mthi
s[39m[33m.[39mfaceM
eshSolution[33m.[39m
setOptions({selfieMode
[33m:[39m[36mthis[
39m[33m.[39mselfieMo
de}))[33m,[39mt [36
minstanceof[39m e[33
m.[39m[33mTensor[39
m[33m?[39m(i[33m=[
39m[33mImageData[39m
[33m.[39mbind[33m,
[39m[[35m4[39m[33m,
[39me[33m.[39mbrows
er[33m.[39mtoPixels(
t)])[33m:[39m[[35m3
[39m[33m,[39m[35m2
[39m][33m;[39m[36m
case[39m [35m1[39m
[33m:[39m[36mreturn
[39m r[33m=[39m[36m
new[39m(i[33m.[39ma
pply([33mImageData[3
9m[33m,[39m[[36mvoi
d[39m [35m0[39m[33
m,[39mo[33m.[39msen
t()[33m,[39mt[33m.
[39mshape[[35m1[39m]
[33m,[39mt[33m.[39
mshape[[35m0[39m]]))
[33m,[39m[[35m3[39
m[33m,[39m[35m3[39
m][33m;[39m[36mcase
[39m [35m2[39m[33m
:[39mr[33m=[39mt[3
3m,[39mo[33m.[39mla
bel[33m=[39m[35m3[
39m[33m;[39m[36mcas
e[39m [35m3[39m[33
m:[39m[36mreturn[39
m t[33m=[39mr[33m,
[39m[[35m4[39m[33m,
[39m[36mthis[39m[3
3m.[39mfaceMeshSoluti
on[33m.[39msend({ima
ge[33m:[39mt})][33m
;[39m[36mcase[39m 
[35m4[39m[33m:[39m
[36mreturn[39m o[33m
.[39msent()[33m,[39
m[[35m2[39m[33m,[3
9m[36mthis[39m[33m.
[39mfaces]}}))}))}[3
3m,[39mn[33m.[39mpr
ototype[33m.[39mdisp
ose[33m=[39m[36mfun
ction[39m(){[36mthis
[39m[33m.[39mfaceMe
shSolution[33m.[39mc
lose()}[33m,[39mn[3
3m.[39mprototype[33m
.[39mreset[33m=[39m
[36mfunction[39m(){
[36mthis[39m[33m.[3
9mfaceMeshSolution[33
m.[39mreset()[33m,[
39m[36mthis[39m[33m
.[39mwidth[33m=[39m
[35m0[39m[33m,[39m
[36mthis[39m[33m.[
39mheight[33m=[39m[
35m0[39m[33m,[39m[
36mthis[39m[33m.[39
mfaces[33m=[39m[36m
null[39m[33m,[39m[
36mthis[39m[33m.[39
mselfieMode[33m=[39m
[33m![39m[35m1[39m
}[33m,[39mn[33m.[3
9mprototype[33m.[39m
initialize[33m=[39m
[36mfunction[39m(){[
36mreturn[39m [36mth
is[39m[33m.[39mface
MeshSolution[33m.[39
minitialize()}[33m,[
39mn}()[33m;[39m[36
mfunction[39m [33mB
[39m(t){[36mreturn[3
9m [33mS[39m([36mth
is[39m[33m,[39m[36
mvoid[39m [35m0[39m
[33m,[39m[36mvoid[
39m [35m0[39m[33m,
[39m([36mfunction[39
m(){[36mvar[39m e[3
3m,[39mn[33m;[39m[
36mreturn[39m [33mF
[39m([36mthis[39m[3
3m,[39m([36mfunction
[39m(r){[36mswitch[
39m(r[33m.[39mlabel)
{[36mcase[39m [35m0
[39m[33m:[39m[36mr
eturn[39m e[33m=[39
m[36mfunction[39m(t)
{[36mif[39m([36mnul
l[39m[33m==[39mt)[
36mreturn[39m [33mE
[39m({}[33m,[39m[33
mI[39m)[33m;[39m[3
6mvar[39m e[33m=[39
m[33mE[39m({}[33m,
[39mt)[33m;[39m[36m
return[39m e[33m.[3
9mruntime[33m=[39m[
32m"mediapipe"[39m[3
3m,[39m[36mnull[39m
[33m==[39me[33m.[3
9mmaxFaces[33m&&[39m
(e[33m.[39mmaxFaces
[33m=[39m[33mI[39m
[33m.[39mmaxFaces)[3
3m,[39m[36mnull[39m
[33m==[39me[33m.[3
9mrefineLandmarks[33m
&&[39m(e[33m.[39mre
fineLandmarks[33m=[3
9m[33mI[39m[33m.[3
9mrefineLandmarks)[33
m,[39me}(t)[33m,[39
m[[35m4[39m[33m,[3
9m(n[33m=[39m[36mne
w[39m [33mL[39m(e))
[33m.[39minitialize(
)][33m;[39m[36mcase
[39m [35m1[39m[33m
:[39m[36mreturn[39m
 r[33m.[39msent()[3
3m,[39m[[35m2[39m[
33m,[39mn]}}))}))}[3
6mvar[39m [33mD[39m
[33m=[39m[32m"undef
ined"[39m[33m!=[39m
[36mtypeof[39m globa
lThis[33m?[39mglobal
This[33m:[39m[32m"u
ndefined"[39m[33m!=
[39m[36mtypeof[39m w
indow[33m?[39mwindow
[33m:[39m[32m"undef
ined"[39m[33m!=[39m
[36mtypeof[39m globa
l[33m?[39mglobal[33
m:[39m[32m"undefined
"[39m[33m!=[39m[36
mtypeof[39m self[33m
?[39mself[33m:[39m{
}[33m,[39m[33mP[39
m[33m=[39m{}[33m;[
39m([36mfunction[39m
(){[36mvar[39m t[33
m;[39m[36mfunction[
39m e(t){[36mvar[39m
 e[33m=[39m[35m0[3
9m[33m;[39m[36mretu
rn[39m [36mfunction
[39m(){[36mreturn[39
m e[33m<[39m[33mt[
39m[33m.[39mlength[
33m?[39m{done[33m:[
39m[33m![39m[35m1[
39m[33m,[39mvalue[3
3m:[39mt[e[33m++[39
m]}[33m:[39m{done[3
3m:[39m[33m![39m[3
5m0[39m}}}[36mvar[3
9m n[33m=[39m[32m"f
unction"[39m[33m==[
39m[36mtypeof[39m [
33mObject[39m[33m.[
39mdefineProperties[3
3m?[39m[33mObject[3
9m[33m.[39mdefinePro
perty[33m:[39m[36mf
unction[39m(t[33m,[
39me[33m,[39mn){[36
mreturn[39m t[33m==
[39m[33mArray[39m[3
3m.[39mprototype[33m
||[39mt[33m==[39m[
33mObject[39m[33m.[
39mprototype[33m||[3
9m(t[e][33m=[39mn[3
3m.[39mvalue)[33m,[
39mt}[33m;[39m[36mv
ar[39m r[33m=[39m[
36mfunction[39m(t){t
[33m=[39m[[32m"objec
t"[39m[33m==[39m[3
6mtypeof[39m globalTh
is[33m&&[39mglobalTh
is[33m,[39mt[33m,[
39m[32m"object"[39m
[33m==[39m[36mtypeof
[39m window[33m&&[3
9mwindow[33m,[39m[3
2m"object"[39m[33m==
[39m[36mtypeof[39m 
self[33m&&[39mself[
33m,[39m[32m"object"
[39m[33m==[39m[36m
typeof[39m [33mD[39
m[33m&&[39m[33mD[3
9m][33m;[39m[36mfor
[39m([36mvar[39m e
[33m=[39m[35m0[39m
[33m;[39me[33m<[39m
[33mt[39m[33m.[39m
length[33m;[39m[33m
++[39me){[36mvar[39
m n[33m=[39mt[e][33
m;[39m[36mif[39m(n
[33m&&[39mn[33m.[39
m[33mMath[39m[33m==
[39m[33mMath[39m)[
36mreturn[39m n}[36m
throw[39m [33mError
[39m([32m"Cannot find
 global object"[39m)}
([36mthis[39m)[33m;
[39m[36mfunction[39
m i(t[33m,[39me){[3
6mif[39m(e)t[33m:[3
9m{[36mvar[39m i[33
m=[39mr[33m;[39mt[
33m=[39mt[33m.[39ms
plit([32m"."[39m)[3
3m;[39m[36mfor[39m(
[36mvar[39m o[33m=
[39m[35m0[39m[33m;
[39mo[33m<[39m[33mt
[39m[33m.[39mlength
[33m-[39m[35m1[39m
[33m;[39mo[33m++[3
9m){[36mvar[39m a[3
3m=[39mt[o][33m;[39
m[36mif[39m([33m![
39m(a [36min[39m i))
[36mbreak[39m t[33m
;[39mi[33m=[39mi[a]
}(e[33m=[39me(o[33m
=[39mi[t[33m=[39mt[
t[33m.[39mlength[33
m-[39m[35m1[39m]]))
[33m!=[39mo[33m&&[
39m[36mnull[39m[33m
!=[39me[33m&&[39mn(
i[33m,[39mt[33m,[3
9m{configurable[33m:
[39m[33m![39m[35m0
[39m[33m,[39mwritabl
e[33m:[39m[33m![39
m[35m0[39m[33m,[39
mvalue[33m:[39me})}}
[36mfunction[39m o(t
){[36mreturn[39m(t[
33m=[39m{next[33m:[
39mt})[[33mSymbol[39
m[33m.[39miterator]
[33m=[39m[36mfunctio
n[39m(){[36mreturn[
39m [36mthis[39m}[3
3m,[39mt}[36mfunctio
n[39m a(t){[36mvar[
39m n[33m=[39m[32m"
undefined"[39m[33m!=
[39m[36mtypeof[39m 
[33mSymbol[39m[33m&
&[39m[33mSymbol[39m
[33m.[39miterator[3
3m&&[39mt[[33mSymbol
[39m[33m.[39miterat
or][33m;[39m[36mret
urn[39m n[33m?[39mn
[33m.[39mcall(t)[33
m:[39m{next[33m:[39
me(t)}}[36mfunction[
39m u(t){[36mif[39m(
[33m![39m(t [36mins
tanceof[39m [33mArra
y[39m)){t[33m=[39ma
(t)[33m;[39m[36mfor
[39m([36mvar[39m e
[33m,[39mn[33m=[39m
[][33m;[39m[33m![3
9m(e[33m=[39mt[33m.
[39mnext())[33m.[39
mdone[33m;[39m)n[33
m.[39mpush(e[33m.[3
9mvalue)[33m;[39mt[
33m=[39mn}[36mreturn
[39m t}i([32m"Symbol
"[39m[33m,[39m([36
mfunction[39m(t){[36
mfunction[39m e(t[33
m,[39me){[36mthis[3
9m[33m.[39mg[33m=[
39mt[33m,[39mn([36m
this[39m[33m,[39m[
32m"description"[39m
[33m,[39m{configurabl
e[33m:[39m[33m![39
m[35m0[39m[33m,[39
mwritable[33m:[39m[
33m![39m[35m0[39m[
33m,[39mvalue[33m:[
39me})}[36mif[39m(t)
[36mreturn[39m t[33
m;[39me[33m.[39mpro
totype[33m.[39mtoStr
ing[33m=[39m[36mfun
ction[39m(){[36mretu
rn[39m [36mthis[39m
[33m.[39mg}[33m;[3
9m[36mvar[39m r[33m
=[39m[32m"jscomp_sym
bol_"[39m[33m+[39m(
[35m1e9[39m[33m*[3
9m[33mMath[39m[33m.
[39mrandom()[33m>>>
[39m[35m0[39m)[33m+
[39m[32m"_"[39m[33
m,[39mi[33m=[39m[3
5m0[39m[33m;[39m[3
6mreturn[39m [36mfun
ction[39m t(n){[36mi
f[39m([36mthis[39m 
[36minstanceof[39m t
)[36mthrow[39m [36m
new[39m [33mTypeErro
r[39m([32m"Symbol is
 not a constructor"[3
9m)[33m;[39m[36mret
urn[39m [36mnew[39m
 e(r[33m+[39m(n[33m
||[39m[32m""[39m)[
33m+[39m[32m"_"[39m
[33m+[39mi[33m++[3
9m[33m,[39mn)}}))[3
3m,[39mi([32m"Symbol
.iterator"[39m[33m,
[39m([36mfunction[39
m(t){[36mif[39m(t)[
36mreturn[39m t[33m;
[39mt[33m=[39m[33m
Symbol[39m([32m"Symb
ol.iterator"[39m)[33
m;[39m[36mfor[39m(
[36mvar[39m i[33m=[
39m[32m"Array Int8Arr
ay Uint8Array Uint8Cla
mpedArray Int16Array U
int16Array Int32Array 
Uint32Array Float32Arr
ay Float64Array"[39m
[33m.[39msplit([32m"
 "[39m)[33m,[39ma[
33m=[39m[35m0[39m[
33m;[39ma[33m<[39m
[33mi[39m[33m.[39ml
ength[33m;[39ma[33m
++[39m){[36mvar[39m
 u[33m=[39mr[i[a]][
33m;[39m[32m"functio
n"[39m[33m==[39m[3
6mtypeof[39m u[33m&&
[39m[32m"function"[
39m[33m!=[39m[36mty
peof[39m u[33m.[39m
prototype[t][33m&&[3
9mn(u[33m.[39mprotot
ype[33m,[39mt[33m,
[39m{configurable[33m
:[39m[33m![39m[35m
0[39m[33m,[39mwrita
ble[33m:[39m[33m![
39m[35m0[39m[33m,[
39mvalue[33m:[39m[3
6mfunction[39m(){[36
mreturn[39m o(e([36m
this[39m))}})}[36mre
turn[39m t}))[33m;[
39m[36mvar[39m s[33
m,[39mc[33m=[39m[3
2m"function"[39m[33m
==[39m[36mtypeof[39
m [33mObject[39m[33
m.[39mcreate[33m?[3
9m[33mObject[39m[33
m.[39mcreate[33m:[3
9m[36mfunction[39m(t
){[36mfunction[39m e
(){}[36mreturn[39m e
[33m.[39mprototype[
33m=[39mt[33m,[39m
[36mnew[39m e}[33m;
[39m[36mif[39m([32m
"function"[39m[33m==
[39m[36mtypeof[39m 
[33mObject[39m[33m.
[39msetPrototypeOf)s
[33m=[39m[33mObject
[39m[33m.[39msetProt
otypeOf[33m;[39m[36
melse[39m{[36mvar[3
9m h[33m;[39mt[33m:
[39m{[36mvar[39m l
[33m=[39m{}[33m;[39
m[36mtry[39m{l[33m.
[39m__proto__[33m=[
39m{a[33m:[39m[33m!
[39m[35m0[39m}[33m
,[39mh[33m=[39ml[3
3m.[39ma[33m;[39m[
36mbreak[39m t}[36mc
atch[39m(t){}h[33m=
[39m[33m![39m[35m1
[39m}s[33m=[39mh[33
m?[39m[36mfunction[
39m(t[33m,[39me){[3
6mif[39m(t[33m.[39m
__proto__[33m=[39me
[33m,[39mt[33m.[39m
__proto__[33m!==[39m
e)[36mthrow[39m [36
mnew[39m [33mTypeErr
or[39m(t[33m+[39m[
32m" is not extensible
"[39m)[33m;[39m[36
mreturn[39m t}[33m:
[39m[36mnull[39m}[3
6mvar[39m f[33m=[39
ms[33m;[39m[36mfunc
tion[39m d(t[33m,[3
9me){[36mif[39m(t[3
3m.[39mprototype[33m
=[39mc(e[33m.[39mpr
ototype)[33m,[39mt[
33m.[39mprototype[33
m.[39mconstructor[33
m=[39mt[33m,[39mf)f
(t[33m,[39me)[33m;
[39m[36melse[39m [3
6mfor[39m([36mvar[3
9m n [36min[39m e)[
36mif[39m([32m"proto
type"[39m[33m!=[39m
n)[36mif[39m([33mOb
ject[39m[33m.[39mde
fineProperties){[36mv
ar[39m r[33m=[39m[
33mObject[39m[33m.[
39mgetOwnPropertyDescr
iptor(e[33m,[39mn)[
33m;[39mr[33m&&[39m
[33mObject[39m[33m.
[39mdefineProperty(t
[33m,[39mn[33m,[39m
r)}[36melse[39m t[n]
[33m=[39me[n][33m;
[39mt[33m.[39mna[33
m=[39me[33m.[39mpro
totype}[36mfunction[
39m p(){[36mthis[39m
[33m.[39ml[33m=[39
m[33m![39m[35m1[39
m[33m,[39m[36mthis
[39m[33m.[39mi[33m=
[39m[36mnull[39m[3
3m,[39m[36mthis[39m
[33m.[39mh[33m=[39
m[36mvoid[39m [35m0
[39m[33m,[39m[36mt
his[39m[33m.[39mg[
33m=[39m[35m1[39m[
33m,[39m[36mthis[39
m[33m.[39mu[33m=[3
9m[36mthis[39m[33m.
[39mo[33m=[39m[35m
0[39m[33m,[39m[36m
this[39m[33m.[39mj
[33m=[39m[36mnull[3
9m}[36mfunction[39m 
g(t){[36mif[39m(t[3
3m.[39ml)[36mthrow[
39m [36mnew[39m [33
mTypeError[39m([32m"
Generator is already r
unning"[39m)[33m;[3
9mt[33m.[39ml[33m=
[39m[33m![39m[35m0
[39m}[36mfunction[39
m v(t[33m,[39me){t[
33m.[39mj[33m=[39m{
da[33m:[39me[33m,[
39mea[33m:[39m[33m!
[39m[35m0[39m}[33m
,[39mt[33m.[39mg[3
3m=[39mt[33m.[39mo
[33m||[39mt[33m.[39
mu}[36mfunction[39m 
m(t[33m,[39me[33m,
[39mn){[36mreturn[39
m t[33m.[39mg[33m=
[39mn[33m,[39m{value
[33m:[39me}}[36mfun
ction[39m y(t){[36mt
his[39m[33m.[39mg[
33m=[39m[36mnew[39m
 p[33m,[39m[36mthis
[39m[33m.[39mh[33m
=[39mt}[36mfunction
[39m w(t[33m,[39me[
33m,[39mn[33m,[39mr
){[36mtry[39m{[36mv
ar[39m i[33m=[39me
[33m.[39mcall(t[33m.
[39mg[33m.[39mi[33
m,[39mn)[33m;[39m[
36mif[39m([33m![39m
(i [36minstanceof[39
m [33mObject[39m))[
36mthrow[39m [36mnew
[39m [33mTypeError[
39m([32m"Iterator res
ult "[39m[33m+[39mi
[33m+[39m[32m" is n
ot an object"[39m)[3
3m;[39m[36mif[39m(
[33m![39mi[33m.[39m
done)[36mreturn[39m 
t[33m.[39mg[33m.[3
9ml[33m=[39m[33m![
39m[35m1[39m[33m,[
39mi[33m;[39m[36mva
r[39m o[33m=[39mi[
33m.[39mvalue}[36mca
tch[39m(e){[36mretur
n[39m t[33m.[39mg[
33m.[39mi[33m=[39m
[36mnull[39m[33m,[3
9mv(t[33m.[39mg[33m
,[39me)[33m,[39mb(t
)}[36mreturn[39m t[
33m.[39mg[33m.[39mi
[33m=[39m[36mnull[
39m[33m,[39mr[33m.
[39mcall(t[33m.[39mg
[33m,[39mo)[33m,[3
9mb(t)}[36mfunction[
39m b(t){[36mfor[39m
([33m;[39mt[33m.[3
9mg[33m.[39mg[33m;
[39m)[36mtry[39m{[3
6mvar[39m e[33m=[39
mt[33m.[39mh(t[33m.
[39mg)[33m;[39m[36
mif[39m(e)[36mreturn
[39m t[33m.[39mg[3
3m.[39ml[33m=[39m[
33m![39m[35m1[39m[
33m,[39m{value[33m:
[39me[33m.[39mvalue
[33m,[39mdone[33m:[
39m[33m![39m[35m1[
39m}}[36mcatch[39m(e
){t[33m.[39mg[33m.
[39mh[33m=[39m[36mv
oid[39m [35m0[39m[
33m,[39mv(t[33m.[39
mg[33m,[39me)}[36mi
f[39m(t[33m.[39mg[
33m.[39ml[33m=[39m
[33m![39m[35m1[39m
[33m,[39mt[33m.[39m
g[33m.[39mj){[36mif
[39m(e[33m=[39mt[3
3m.[39mg[33m.[39mj
[33m,[39mt[33m.[39m
g[33m.[39mj[33m=[3
9m[36mnull[39m[33m,
[39me[33m.[39mea)[
36mthrow[39m e[33m.
[39mda[33m;[39m[36m
return[39m{value[33m
:[39me[33m.[39m[36
mreturn[39m[33m,[39
mdone[33m:[39m[33m!
[39m[35m0[39m}}[36
mreturn[39m{value[33
m:[39m[36mvoid[39m 
[35m0[39m[33m,[39m
done[33m:[39m[33m!
[39m[35m0[39m}}[36m
function[39m x(t){[3
6mthis[39m[33m.[39m
next[33m=[39m[36mfu
nction[39m(e){[36mre
turn[39m g(t[33m.[3
9mg)[33m,[39mt[33m.
[39mg[33m.[39mi[33
m?[39me[33m=[39mw(t
[33m,[39mt[33m.[39
mg[33m.[39mi[33m.[
39mnext[33m,[39me[3
3m,[39mt[33m.[39mg
[33m.[39ms)[33m:[39
m(t[33m.[39mg[33m.
[39ms(e)[33m,[39me[
33m=[39mb(t))[33m,[
39me}[33m,[39m[36mt
his[39m[33m.[39m[3
6mthrow[39m[33m=[39
m[36mfunction[39m(e)
{[36mreturn[39m g(t
[33m.[39mg)[33m,[39
mt[33m.[39mg[33m.[
39mi[33m?[39me[33m=
[39mw(t[33m,[39mt[
33m.[39mg[33m.[39mi
[33m.[39m[36mthrow
[39m[33m,[39me[33m,
[39mt[33m.[39mg[33
m.[39ms)[33m:[39m(v
(t[33m.[39mg[33m,[
39me)[33m,[39me[33m
=[39mb(t))[33m,[39m
e}[33m,[39m[36mthis
[39m[33m.[39m[36mr
eturn[39m[33m=[39m
[36mfunction[39m(e){
[36mreturn[39m [36mf
unction[39m(t[33m,[
39me){g(t[33m.[39mg)
[33m;[39m[36mvar[3
9m n[33m=[39mt[33m.
[39mg[33m.[39mi[33
m;[39m[36mreturn[39
m n[33m?[39mw(t[33m
,[39m[32m"return"[3
9m[36min[39m n[33m?
[39mn[33m.[39m[36m
return[39m[33m:[39m
[36mfunction[39m(t){
[36mreturn[39m{value
[33m:[39mt[33m,[39
mdone[33m:[39m[33m!
[39m[35m0[39m}}[33
m,[39me[33m,[39mt[
33m.[39mg[33m.[39m
[36mreturn[39m)[33m:
[39m(t[33m.[39mg[3
3m.[39m[36mreturn[3
9m(e)[33m,[39mb(t))}
(t[33m,[39me)}[33m,
[39m[36mthis[39m[[
33mSymbol[39m[33m.[
39miterator][33m=[39
m[36mfunction[39m(){
[36mreturn[39m [36m
this[39m}}[36mfuncti
on[39m [33mM[39m(t)
{[36mreturn[39m [36
mfunction[39m(t){[36
mfunction[39m e(e){[
36mreturn[39m t[33m.
[39mnext(e)}[36mfunc
tion[39m n(e){[36mre
turn[39m t[33m.[39m
[36mthrow[39m(e)}[3
6mreturn[39m [36mnew
[39m [33mPromise[39
m(([36mfunction[39m(
r[33m,[39mi){[33m!
[39m[36mfunction[39m
 t(o){o[33m.[39mdone
[33m?[39mr(o[33m.[
39mvalue)[33m:[39m[
33mPromise[39m[33m.
[39mresolve(o[33m.[3
9mvalue)[33m.[39mthe
n(e[33m,[39mn)[33m.
[39mthen(t[33m,[39m
i)}(t[33m.[39mnext()
)}))}([36mnew[39m x(
[36mnew[39m y(t)))}p
[33m.[39mprototype[
33m.[39ms[33m=[39m
[36mfunction[39m(t){
[36mthis[39m[33m.[3
9mh[33m=[39mt}[33m,
[39mp[33m.[39mproto
type[33m.[39m[36mre
turn[39m[33m=[39m[
36mfunction[39m(t){[
36mthis[39m[33m.[39
mj[33m=[39m{[36mret
urn[39m[33m:[39mt}
[33m,[39m[36mthis[3
9m[33m.[39mg[33m=[
39m[36mthis[39m[33m
.[39mu}[33m,[39mi(
[32m"Promise"[39m[33
m,[39m([36mfunction
[39m(t){[36mfunction
[39m e(t){[36mthis[3
9m[33m.[39mh[33m=[
39m[35m0[39m[33m,[
39m[36mthis[39m[33m
.[39mi[33m=[39m[36
mvoid[39m [35m0[39m
[33m,[39m[36mthis[
39m[33m.[39mg[33m=
[39m[][33m,[39m[36m
this[39m[33m.[39ms
[33m=[39m[33m![39m
[35m1[39m[33m;[39m
[36mvar[39m e[33m=[
39m[36mthis[39m[33m
.[39mj()[33m;[39m[
36mtry[39m{t(e[33m.
[39mresolve[33m,[39m
e[33m.[39mreject)}[
36mcatch[39m(t){e[33
m.[39mreject(t)}}[36
mfunction[39m n(){[3
6mthis[39m[33m.[39m
g[33m=[39m[36mnull
[39m}[36mfunction[39
m i(t){[36mreturn[39
m t [36minstanceof[3
9m e[33m?[39mt[33m:
[39m[36mnew[39m e((
[36mfunction[39m(e){
e(t)}))}[36mif[39m(t
)[36mreturn[39m t[3
3m;[39mn[33m.[39mpr
ototype[33m.[39mh[3
3m=[39m[36mfunction
[39m(t){[36mif[39m(
[36mnull[39m[33m==[
39m[36mthis[39m[33m
.[39mg){[36mthis[39
m[33m.[39mg[33m=[3
9m[][33m;[39m[36mva
r[39m e[33m=[39m[3
6mthis[39m[33m;[39m
[36mthis[39m[33m.[
39mi(([36mfunction[3
9m(){e[33m.[39ml()})
)}[36mthis[39m[33m.
[39mg[33m.[39mpush(
t)}[33m;[39m[36mvar
[39m o[33m=[39mr[3
3m.[39msetTimeout[33
m;[39mn[33m.[39mpro
totype[33m.[39mi[33
m=[39m[36mfunction[
39m(t){o(t[33m,[39m
[35m0[39m)}[33m,[39
mn[33m.[39mprototype
[33m.[39ml[33m=[39
m[36mfunction[39m(){
[36mfor[39m([33m;[
39m[36mthis[39m[33m
.[39mg[33m&&[39m[3
6mthis[39m[33m.[39m
g[33m.[39mlength[33
m;[39m){[36mvar[39m
 t[33m=[39m[36mthis
[39m[33m.[39mg[33m
;[39m[36mthis[39m[
33m.[39mg[33m=[39m[
][33m;[39m[36mfor[
39m([36mvar[39m e[3
3m=[39m[35m0[39m[3
3m;[39me[33m<[39m[
33mt[39m[33m.[39mle
ngth[33m;[39m[33m++
[39me){[36mvar[39m 
n[33m=[39mt[e][33m;
[39mt[e][33m=[39m[
36mnull[39m[33m;[39
m[36mtry[39m{n()}[3
6mcatch[39m(t){[36mt
his[39m[33m.[39mj(t
)}}}[36mthis[39m[33
m.[39mg[33m=[39m[3
6mnull[39m}[33m,[39
mn[33m.[39mprototype
[33m.[39mj[33m=[39
m[36mfunction[39m(t)
{[36mthis[39m[33m.
[39mi(([36mfunction[
39m(){[36mthrow[39m 
t}))}[33m,[39me[33m
.[39mprototype[33m.
[39mj[33m=[39m[36mf
unction[39m(){[36mfu
nction[39m t(t){[36m
return[39m [36mfunct
ion[39m(r){n[33m||[
39m(n[33m=[39m[33m!
[39m[35m0[39m[33m,
[39mt[33m.[39mcall(
e[33m,[39mr))}}[36m
var[39m e[33m=[39m
[36mthis[39m[33m,[3
9mn[33m=[39m[33m![
39m[35m1[39m[33m;[
39m[36mreturn[39m{re
solve[33m:[39mt([36
mthis[39m[33m.[39m
[33mD[39m)[33m,[39m
reject[33m:[39mt([3
6mthis[39m[33m.[39m
l)}}[33m,[39me[33m.
[39mprototype[33m.[
39m[33mD[39m[33m=[
39m[36mfunction[39m(
t){[36mif[39m(t[33m
===[39m[36mthis[39m
)[36mthis[39m[33m.
[39ml([36mnew[39m [
33mTypeError[39m([32
m"A Promise cannot res
olve to itself"[39m))
[33m;[39m[36melse[
39m [36mif[39m(t [3
6minstanceof[39m e)[
36mthis[39m[33m.[39
m[33mH[39m(t)[33m;
[39m[36melse[39m{t[
33m:[39m[36mswitch[
39m([36mtypeof[39m t
){[36mcase[39m[32m"
object"[39m[33m:[39
m[36mvar[39m n[33m=
[39m[36mnull[39m[3
3m!=[39mt[33m;[39m
[36mbreak[39m t[33m;
[39m[36mcase[39m[3
2m"function"[39m[33m
:[39mn[33m=[39m[33
m![39m[35m0[39m[33
m;[39m[36mbreak[39m
 t[33m;[39m[36mdefa
ult[39m[33m:[39mn[
33m=[39m[33m![39m[
35m1[39m}n[33m?[39m
[36mthis[39m[33m.[
39m[33mA[39m(t)[33m
:[39m[36mthis[39m[
33m.[39mo(t)}}[33m,
[39me[33m.[39mprotot
ype[33m.[39m[33mA[
39m[33m=[39m[36mfun
ction[39m(t){[36mvar
[39m e[33m=[39m[36
mvoid[39m [35m0[39m
[33m;[39m[36mtry[3
9m{e[33m=[39mt[33m.
[39mthen}[36mcatch[
39m(t){[36mreturn[39
m [36mvoid[39m [36m
this[39m[33m.[39ml(
t)}[32m"function"[39
m[33m==[39m[36mtype
of[39m e[33m?[39m[
36mthis[39m[33m.[39
m[33mI[39m(e[33m,[
39mt)[33m:[39m[36mt
his[39m[33m.[39mo(t
)}[33m,[39me[33m.[
39mprototype[33m.[39
ml[33m=[39m[36mfunc
tion[39m(t){[36mthis
[39m[33m.[39mu([35
m2[39m[33m,[39mt)}
[33m,[39me[33m.[39m
prototype[33m.[39mo
[33m=[39m[36mfunctio
n[39m(t){[36mthis[3
9m[33m.[39mu([35m1
[39m[33m,[39mt)}[33
m,[39me[33m.[39mpro
totype[33m.[39mu[33
m=[39m[36mfunction[
39m(t[33m,[39me){[3
6mif[39m([35m0[39m
[33m!=[39m[36mthis[
39m[33m.[39mh)[36mt
hrow[39m [33mError[
39m([32m"Cannot settl
e("[39m[33m+[39mt[
33m+[39m[32m", "[39
m[33m+[39me[33m+[3
9m[32m"): Promise alr
eady settled in state"
[39m[33m+[39m[36mt
his[39m[33m.[39mh)
[33m;[39m[36mthis[3
9m[33m.[39mh[33m=[
39mt[33m,[39m[36mth
is[39m[33m.[39mi[3
3m=[39me[33m,[39m[
35m2[39m[33m===[39m
[36mthis[39m[33m.[
39mh[33m&&[39m[36mt
his[39m[33m.[39m[3
3mG[39m()[33m,[39m
[36mthis[39m[33m.[3
9m[33mB[39m()}[33m,
[39me[33m.[39mproto
type[33m.[39m[33mG
[39m[33m=[39m[36mfu
nction[39m(){[36mvar
[39m t[33m=[39m[36
mthis[39m[33m;[39mo
(([36mfunction[39m()
{[36mif[39m(t[33m.
[39m[33mC[39m()){[3
6mvar[39m e[33m=[39
mr[33m.[39mconsole[
33m;[39m[36mvoid[39
m [35m0[39m[33m!==
[39me[33m&&[39me[33
m.[39merror(t[33m.[
39mi)}})[33m,[39m[3
5m1[39m)}[33m,[39me
[33m.[39mprototype[
33m.[39m[33mC[39m[
33m=[39m[36mfunction
[39m(){[36mif[39m(
[36mthis[39m[33m.[3
9ms)[36mreturn[39m[
33m![39m[35m1[39m[
33m;[39m[36mvar[39m
 t[33m=[39mr[33m.[
39m[33mCustomEvent[3
9m[33m,[39me[33m=[
39mr[33m.[39m[33mEv
ent[39m[33m,[39mn[
33m=[39mr[33m.[39md
ispatchEvent[33m;[39
m[36mreturn[39m [36
mvoid[39m [35m0[39m
[33m===[39mn[33m||
[39m([32m"function"[
39m[33m==[39m[36mty
peof[39m t[33m?[39m
t[33m=[39m[36mnew[
39m t([32m"unhandledr
ejection"[39m[33m,[
39m{cancelable[33m:[
39m[33m![39m[35m0[
39m})[33m:[39m[32m"
function"[39m[33m==
[39m[36mtypeof[39m e
[33m?[39mt[33m=[39
m[36mnew[39m e([32m
"unhandledrejection"[
39m[33m,[39m{cancela
ble[33m:[39m[33m![
39m[35m0[39m})[33m:
[39m(t[33m=[39mr[3
3m.[39mdocument[33m.
[39mcreateEvent([32m
"CustomEvent"[39m))[
33m.[39minitCustomEve
nt([32m"unhandledreje
ction"[39m[33m,[39m
[33m![39m[35m1[39m
[33m,[39m[33m![39m
[35m0[39m[33m,[39m
t)[33m,[39mt[33m.[
39mpromise[33m=[39m
[36mthis[39m[33m,[3
9mt[33m.[39mreason[
33m=[39m[36mthis[39
m[33m.[39mi[33m,[3
9mn(t))}[33m,[39me[
33m.[39mprototype[33
m.[39m[33mB[39m[33
m=[39m[36mfunction[
39m(){[36mif[39m([3
6mnull[39m[33m!=[39
m[36mthis[39m[33m.
[39mg){[36mfor[39m(
[36mvar[39m t[33m=[
39m[35m0[39m[33m;[
39mt[33m<[39m[36mth
is[39m[33m.[39mg[3
3m.[39mlength[33m;[
39m[33m++[39mt)u[33
m.[39mh([36mthis[39
m[33m.[39mg[t])[33m
;[39m[36mthis[39m[
33m.[39mg[33m=[39m
[36mnull[39m}}[33m;
[39m[36mvar[39m u[3
3m=[39m[36mnew[39m 
n[33m;[39m[36mretur
n[39m e[33m.[39mpro
totype[33m.[39m[33m
H[39m[33m=[39m[36m
function[39m(t){[36m
var[39m e[33m=[39m
[36mthis[39m[33m.[3
9mj()[33m;[39mt[33m
.[39m[33mM[39m(e[3
3m.[39mresolve[33m,
[39me[33m.[39mreject
)}[33m,[39me[33m.[
39mprototype[33m.[39
m[33mI[39m[33m=[39
m[36mfunction[39m(t
[33m,[39me){[36mvar
[39m n[33m=[39m[36m
this[39m[33m.[39mj(
)[33m;[39m[36mtry[
39m{t[33m.[39mcall(e
[33m,[39mn[33m.[39
mresolve[33m,[39mn[
33m.[39mreject)}[36m
catch[39m(t){n[33m.
[39mreject(t)}}[33m,
[39me[33m.[39mprotot
ype[33m.[39mthen[33
m=[39m[36mfunction[
39m(t[33m,[39mn){[3
6mfunction[39m r(t[3
3m,[39me){[36mreturn
[39m[32m"function"[
39m[33m==[39m[36mty
peof[39m t[33m?[39m
[36mfunction[39m(e){
[36mtry[39m{i(t(e))}
[36mcatch[39m(t){o(t
)}}[33m:[39me}[36mv
ar[39m i[33m,[39mo
[33m,[39ma[33m=[39m
[36mnew[39m e(([36m
function[39m(t[33m,
[39me){i[33m=[39mt[
33m,[39mo[33m=[39me
}))[33m;[39m[36mret
urn[39m [36mthis[39
m[33m.[39m[33mM[39
m(r(t[33m,[39mi)[33
m,[39mr(n[33m,[39mo
))[33m,[39ma}[33m,
[39me[33m.[39mprotot
ype[33m.[39m[36mcat
ch[39m[33m=[39m[36
mfunction[39m(t){[36
mreturn[39m [36mthis
[39m[33m.[39mthen(
[36mvoid[39m [35m0[
39m[33m,[39mt)}[33m
,[39me[33m.[39mprot
otype[33m.[39m[33mM
[39m[33m=[39m[36mf
unction[39m(t[33m,[
39me){[36mfunction[3
9m n(){[36mswitch[39
m(r[33m.[39mh){[36m
case[39m [35m1[39m
[33m:[39mt(r[33m.[3
9mi)[33m;[39m[36mbr
eak[39m[33m;[39m[3
6mcase[39m [35m2[39
m[33m:[39me(r[33m.
[39mi)[33m;[39m[36m
break[39m[33m;[39m
[36mdefault[39m[33m:
[39m[36mthrow[39m 
[33mError[39m([32m"U
nexpected state: "[39
m[33m+[39mr[33m.[3
9mh)}}[36mvar[39m r
[33m=[39m[36mthis[3
9m[33m;[39m[36mnull
[39m[33m==[39m[36m
this[39m[33m.[39mg
[33m?[39mu[33m.[39m
h(n)[33m:[39m[36mth
is[39m[33m.[39mg[3
3m.[39mpush(n)[33m,
[39m[36mthis[39m[33
m.[39ms[33m=[39m[3
3m![39m[35m0[39m}[
33m,[39me[33m.[39mr
esolve[33m=[39mi[33
m,[39me[33m.[39mrej
ect[33m=[39m[36mfun
ction[39m(t){[36mret
urn[39m [36mnew[39m
 e(([36mfunction[39m
(e[33m,[39mn){n(t)})
)}[33m,[39me[33m.[
39mrace[33m=[39m[36
mfunction[39m(t){[36
mreturn[39m [36mnew
[39m e(([36mfunction
[39m(e[33m,[39mn){[
36mfor[39m([36mvar[
39m r[33m=[39ma(t)[
33m,[39mo[33m=[39mr
[33m.[39mnext()[33m
;[39m[33m![39mo[33
m.[39mdone[33m;[39m
o[33m=[39mr[33m.[3
9mnext())i(o[33m.[39
mvalue)[33m.[39m[33
mM[39m(e[33m,[39mn)
}))}[33m,[39me[33m.
[39mall[33m=[39m[3
6mfunction[39m(t){[3
6mvar[39m n[33m=[39
ma(t)[33m,[39mr[33m
=[39mn[33m.[39mnext
()[33m;[39m[36mretu
rn[39m r[33m.[39mdo
ne[33m?[39mi([])[33
m:[39m[36mnew[39m e
(([36mfunction[39m(t
[33m,[39me){[36mfun
ction[39m o(e){[36mr
eturn[39m [36mfuncti
on[39m(n){a[e][33m=
[39mn[33m,[39m[35m0
[39m[33m==[39m[33m
--[39mu[33m&&[39mt(
a)}}[36mvar[39m a[3
3m=[39m[][33m,[39mu
[33m=[39m[35m0[39m
[33m;[39m[36mdo[39
m{a[33m.[39mpush([3
6mvoid[39m [35m0[39
m)[33m,[39mu[33m++
[39m[33m,[39mi(r[33
m.[39mvalue)[33m.[3
9m[33mM[39m(o(a[33m
.[39mlength[33m-[39
m[35m1[39m)[33m,[3
9me)[33m,[39mr[33m=
[39mn[33m.[39mnext(
)}[36mwhile[39m([33
m![39mr[33m.[39mdon
e)}))}[33m,[39me}))
[33m;[39m[36mvar[39
m [33mA[39m[33m=[3
9m[32m"function"[39m
[33m==[39m[36mtypeo
f[39m [33mObject[39
m[33m.[39massign[33
m?[39m[33mObject[39
m[33m.[39massign[33
m:[39m[36mfunction[
39m(t[33m,[39me){[3
6mfor[39m([36mvar[3
9m n[33m=[39m[35m1
[39m[33m;[39mn[33m<
[39m[33marguments[3
9m[33m.[39mlength[3
3m;[39mn[33m++[39m)
{[36mvar[39m r[33m=
[39marguments[n][33m
;[39m[36mif[39m(r)
[36mfor[39m([36mvar
[39m i [36min[39m r)
[33mObject[39m[33m.
[39mprototype[33m.[
39mhasOwnProperty[33m
.[39mcall(r[33m,[39
mi)[33m&&[39m(t[i][
33m=[39mr[i])}[36mre
turn[39m t}[33m;[39
mi([32m"Object.assign
"[39m[33m,[39m([36
mfunction[39m(t){[36
mreturn[39m t[33m||
[39m[33mA[39m}))[33
m,[39mi([32m"Object.
is"[39m[33m,[39m([
36mfunction[39m(t){[
36mreturn[39m t[33m|
|[39m[36mfunction[3
9m(t[33m,[39me){[36
mreturn[39m t[33m===
[39me[33m?[39m[35m
0[39m[33m!==[39mt[
33m||[39m[35m1[39m
[33m/[39mt[33m==[39
m[35m1[39m[33m/[39
me[33m:[39mt[33m!=
[39mt[33m&&[39me[33
m!=[39me}}))[33m,[3
9mi([32m"Array.protot
ype.includes"[39m[33
m,[39m([36mfunction
[39m(t){[36mreturn[3
9m t[33m||[39m[36mf
unction[39m(t[33m,[
39me){[36mvar[39m n
[33m=[39m[36mthis[3
9m[33m;[39mn [36min
stanceof[39m [33mStr
ing[39m[33m&&[39m(n
[33m=[39m[33mString
[39m(n))[33m;[39m[
36mvar[39m r[33m=[3
9mn[33m.[39mlength[
33m;[39m[36mfor[39m
([35m0[39m[33m>[39
m(e[33m=[39me[33m||
[39m[35m0[39m)[33m
&&[39m(e[33m=[39m[
33mMath[39m[33m.[39
mmax(e[33m+[39mr[33
m,[39m[35m0[39m))[
33m;[39me[33m<[39m
[33mr[39m[33m;[39me
[33m++[39m){[36mvar
[39m i[33m=[39mn[e]
[33m;[39m[36mif[39
m(i[33m===[39mt[33m
||[39m[33mObject[39
m[33m.[39mis(i[33m,
[39mt))[36mreturn[3
9m[33m![39m[35m0[3
9m}[36mreturn[39m[3
3m![39m[35m1[39m}})
)[33m,[39mi([32m"St
ring.prototype.include
s"[39m[33m,[39m([3
6mfunction[39m(t){[3
6mreturn[39m t[33m||
[39m[36mfunction[39
m(t[33m,[39me){[36m
if[39m([36mnull[39m
[33m==[39m[36mthis
[39m)[36mthrow[39m 
[36mnew[39m [33mType
Error[39m([32m"The '
this' value for String
.prototype.includes mu
st not be null or unde
fined"[39m)[33m;[39
m[36mif[39m(t [36mi
nstanceof[39m [33mRe
gExp[39m)[36mthrow[
39m [36mnew[39m [33
mTypeError[39m([32m"
First argument to Stri
ng.prototype.includes 
must not be a regular 
expression"[39m)[33m
;[39m[36mreturn[39m
[33m-[39m[35m1[39m
[33m!==[39m[36mthis
[39m[33m.[39mindexO
f(t[33m,[39me[33m||
[39m[35m0[39m)}}))
[33m,[39mi([32m"Arra
y.prototype.keys"[39m
[33m,[39m([36mfunct
ion[39m(t){[36mretur
n[39m t[33m||[39m[
36mfunction[39m(){[3
6mreturn[39m [36mfun
ction[39m(t[33m,[39
me){t [36minstanceof
[39m [33mString[39m
[33m&&[39m(t[33m+=[
39m[32m""[39m)[33m;
[39m[36mvar[39m n[
33m=[39m[35m0[39m[
33m,[39mr[33m=[39m
[33m![39m[35m1[39m
[33m,[39mi[33m=[39m
{next[33m:[39m[36mf
unction[39m(){[36mif
[39m([33m![39mr[33
m&&[39mn[33m<[39m[
33mt[39m[33m.[39mle
ngth){[36mvar[39m i
[33m=[39mn[33m++[39
m[33m;[39m[36mretur
n[39m{value[33m:[39
me(i[33m,[39mt[i])[
33m,[39mdone[33m:[3
9m[33m![39m[35m1[3
9m}}[36mreturn[39m r
[33m=[39m[33m![39m
[35m0[39m[33m,[39m
{done[33m:[39m[33m!
[39m[35m0[39m[33m,
[39mvalue[33m:[39m
[36mvoid[39m [35m0[
39m}}}[33m;[39m[36m
return[39m i[[33mSym
bol[39m[33m.[39mite
rator][33m=[39m[36m
function[39m(){[36mr
eturn[39m i}[33m,[3
9mi}([36mthis[39m[3
3m,[39m([36mfunction
[39m(t){[36mreturn[
39m t}))}}))[33m;[39
m[36mvar[39m [33mT
[39m[33m=[39m[36mth
is[39m[33m||[39msel
f[33m;[39m[36mfunct
ion[39m [33mE[39m(t
[33m,[39me){t[33m=
[39mt[33m.[39msplit(
[32m"."[39m)[33m;[
39m[36mvar[39m n[33
m,[39mr[33m=[39m[3
3mT[39m[33m;[39mt[
[35m0[39m][36min[39
m r[33m||[39m[36mvo
id[39m [35m0[39m[3
3m===[39mr[33m.[39m
execScript[33m||[39m
r[33m.[39mexecScript
([32m"var "[39m[33m
+[39mt[[35m0[39m])
[33m;[39m[36mfor[39
m([33m;[39mt[33m.[
39mlength[33m&&[39m(
n[33m=[39mt[33m.[3
9mshift())[33m;[39m)
t[33m.[39mlength[33
m||[39m[36mvoid[39m
 [35m0[39m[33m===[
39me[33m?[39mr[33m=
[39mr[n][33m&&[39mr
[n][33m!==[39m[33mO
bject[39m[33m.[39mp
rototype[n][33m?[39m
r[n][33m:[39mr[n][3
3m=[39m{}[33m:[39mr
[n][33m=[39me}[36mf
unction[39m [33mS[3
9m(){[36mthrow[39m 
[33mError[39m([32m"I
nvalid UTF8"[39m)}[3
6mfunction[39m [33mF
[39m(t[33m,[39me){
[36mreturn[39m e[33m
=[39m[33mString[39m
[33m.[39mfromCharCod
e[33m.[39mapply([36
mnull[39m[33m,[39me
)[33m,[39m[36mnull
[39m[33m==[39mt[33m
?[39me[33m:[39mt[3
3m+[39me}[36mvar[39
m [33mC[39m[33m,[3
9m[33mO[39m[33m,[3
9m_[33m=[39m[32m"un
defined"[39m[33m!=[
39m[36mtypeof[39m [
33mTextDecoder[39m[3
3m,[39mj[33m=[39m[
32m"undefined"[39m[3
3m!=[39m[36mtypeof[
39m [33mTextEncoder[
39m[33m,[39mk[33m=
[39m{}[33m,[39m[33m
R[39m[33m=[39m[36m
null[39m[33m;[39m[
36mfunction[39m [33m
I[39m(t){[36mvar[39
m e[33m;[39m[36mvoi
d[39m [35m0[39m[33
m===[39me[33m&&[39m
(e[33m=[39m[35m0[3
9m)[33m,[39m[33mB[
39m()[33m,[39me[33m
=[39mk[e][33m;[39m
[36mfor[39m([36mvar
[39m n[33m=[39m[33m
Array[39m([33mMath[
39m[33m.[39mfloor(t
[33m.[39mlength[33m/
[39m[35m3[39m))[33
m,[39mr[33m=[39me[
[35m64[39m][33m||[3
9m[32m""[39m[33m,[
39mi[33m=[39m[35m0
[39m[33m,[39mo[33m=
[39m[35m0[39m[33m;
[39mi[33m<[39m[33m
t[39m[33m.[39mlengt
h[33m-[39m[35m2[39
m[33m;[39mi[33m+=[
39m[35m3[39m){[36mv
ar[39m a[33m=[39mt[
i][33m,[39mu[33m=[
39mt[i[33m+[39m[35m
1[39m][33m,[39ms[3
3m=[39mt[i[33m+[39m
[35m2[39m][33m,[39
mc[33m=[39me[a[33m>
>[39m[35m2[39m][33
m;[39ma[33m=[39me[(
[35m3[39m[33m&[39m
a)[33m<<[39m[35m4[
39m[33m|[39mu[33m>>
[39m[35m4[39m][33m
,[39mu[33m=[39me[(
[35m15[39m[33m&[39m
u)[33m<<[39m[35m2[
39m[33m|[39ms[33m>>
[39m[35m6[39m][33m
,[39ms[33m=[39me[[
35m63[39m[33m&[39ms
][33m,[39mn[o[33m++
[39m][33m=[39mc[33
m+[39ma[33m+[39mu[
33m+[39ms}[36mswitch
[39m(c[33m=[39m[35
m0[39m[33m,[39ms[3
3m=[39mr[33m,[39mt
[33m.[39mlength[33m-
[39mi){[36mcase[39m
 [35m2[39m[33m:[39
ms[33m=[39me[([35m1
5[39m[33m&[39m(c[3
3m=[39mt[i[33m+[39m
[35m1[39m]))[33m<<
[39m[35m2[39m][33m|
|[39mr[33m;[39m[36
mcase[39m [35m1[39m
[33m:[39mt[33m=[39
mt[i][33m,[39mn[o][
33m=[39me[t[33m>>[3
9m[35m2[39m][33m+[
39me[([35m3[39m[33m
&[39mt)[33m<<[39m[
35m4[39m[33m|[39mc
[33m>>[39m[35m4[39m
][33m+[39ms[33m+[3
9mr}[36mreturn[39m n
[33m.[39mjoin([32m"
"[39m)}[36mfunction
[39m [33mL[39m(t){[
36mvar[39m e[33m=[3
9mt[33m.[39mlength[
33m,[39mn[33m=[39m
[35m3[39m[33m*[39me
[35m/4;n%3?n=Math.flo
or(n):-1!="=.".indexOf
(t[e-1])&&(n=-1!="=.".
indexOf(t[e-2])?n-2:n-
1);var r=new Uint8Arra
y(n),i=0;return functi
on(t,e){function n(e){
for(;r<t.length;){var 
n=t.charAt(r++),i=R[n]
;if(null!=i)return i;i
f(!/[39m[33m^[39m[
[37m[41m[1m\[22m[4
9m[39ms[37m[41m[1m
\[22m[49m[39mxa0][
33m*[39m$[35m/.test(
n))throw Error("Unknow
n base64 encoding at c
har: "+n)}return e}B()
;for(var r=0;;){var i=
n(-1),o=n(0),a=n(64),u
=n(64);if(64===u&&-1==
=i)break;e(i<<2|o>>4),
64!=a&&(e(o<<4&240|a>>
2),64!=u&&e(a<<6&192|u
))}}(t,(function(t){r[
i++]=t})),i!==n?r.suba
rray(0,i):r}function B
(){if(!R){R={};for(var
 t="ABCDEFGHIJKLMNOPQR
STUVWXYZabcdefghijklmn
opqrstuvwxyz0123456789
".split(""),e=["+/[39
m[33m=[39m[32m","[
39m[33m+[39m[33m/[
39m[32m","[39m[33m-
[39m_[33m=[39m[32m
","[39m[33m-[39m_[
33m.[39m[32m","[39m
[33m-[39m_[32m"],n=
0;5>n;n++){var r=t.con
cat(e[n].split("[39m
[32m"));k[n]=r;for(var
 i=0;i<r.length;i++){v
ar o=r[i];void 0===R[o
]&&(R[o]=i)}}}}var P,z
="[39m[36mfunction[
39m[32m"==typeof Uint
8Array;function U(t){r
eturn z&&null!=t&&t in
stanceof Uint8Array}fu
nction N(t){if(this.L=
t,null!==t&&0===t.leng
th)throw Error("[39m
[33mByteString[39m sh
ould be constructed [
36mwith[39m non[33m-
[39mempty values[32m
")}var V="[39m[36mfu
nction[39m[32m"==typ
eof Uint8Array.prototy
pe.slice,H=0;function 
K(t,e){return Error("
[39m[33mInvalid[39m 
wire type[33m:[39m 
[32m"+t+"[39m (at pos
ition [32m"+e+"[39m)
[32m")}function W(){r
eturn Error("[39m[33
mFailed[39m to read v
arint[33m,[39m encod
ing is invalid[33m.[
39m[32m")}function G(
t,e){e=void 0!==(e=voi
d 0===e?{}:e).v&&e.v,t
his.h=null,this.g=this
.i=this.j=0,this.v=e,t
&&X(this,t)}function X
(t,e){t.h=function(t,e
){if(t.constructor===U
int8Array)return t;if(
t.constructor===ArrayB
uffer)return new Uint8
Array(t);if(t.construc
tor===Array)return new
 Uint8Array(t);if(t.co
nstructor===String)ret
urn L(t);if(t.construc
tor===N)return!e&&(e=t
.L)&&e.constructor===U
int8Array?e:(e=null==(
e=t.L)||U(e)?e:"[39ms
tring[32m"==typeof e?
L(e):null,(t=t.L=e)?ne
w Uint8Array(t):P||(P=
new Uint8Array(0)));if
(t instanceof Uint8Arr
ay)return new Uint8Arr
ay(t.buffer,t.byteOffs
et,t.byteLength);throw
 Error("[39m[33mType
[39m not convertible 
to a [33mUint8Array[
39m[33m,[39m expecte
d a [33mUint8Array[3
9m[33m,[39m an [33m
ArrayBuffer[39m[33m,
[39m a base64 encoded
 string[33m,[39m or 
[33mArray[39m [36mo
f[39m numbers[32m")}
(e,t.v),t.j=0,t.i=t.h.
length,t.g=t.j}functio
n Y(t){if(t.g>t.i)thro
w Error("[39m[33mTri
ed[39m to read past t
he end [36mof[39m th
e data [32m"+t.g+"[3
9m [33m>[39m [32m"+
t.i)}function J(t){var
 e=t.h,n=e[t.g],r=127&
n;if(128>n)return t.g+
=1,Y(t),r;if(r|=(127&(
n=e[t.g+1]))<<7,128>n)
return t.g+=2,Y(t),r;i
f(r|=(127&(n=e[t.g+2])
)<<14,128>n)return t.g
+=3,Y(t),r;if(r|=(127&
(n=e[t.g+3]))<<21,128>
n)return t.g+=4,Y(t),r
;if(n=e[t.g+4],t.g+=5,
r|=(15&n)<<28,128>n)re
turn Y(t),r;if(128<=e[
t.g++]&&128<=e[t.g++]&
&128<=e[t.g++]&&128<=e
[t.g++]&&128<=e[t.g++]
)throw W();return Y(t)
,r}G.prototype.reset=f
unction(){this.g=this.
j};var q=[];function $
(){this.g=[]}function 
Z(t,e){for(;127<e;)t.g
.push(127&e|128),e>>>=
7;t.g.push(e)}function
 Q(t){var e={},n=void 
0!==e.W&&e.W;this.l={v
:void 0!==e.v&&e.v},th
is.W=n,e=this.l,q.leng
th?(n=q.pop(),e&&(n.v=
e.v),t&&X(n,t),t=n):t=
new G(t,e),this.g=t,th
is.j=this.g.g,this.h=t
his.i=-1}function tt(t
){var e=t.g;if(e.g==e.
i)return!1;t.j=t.g.g;v
ar n=J(t.g)>>>0;if(e=n
>>>3,!(0<=(n&=7)&&5>=n
))throw K(n,t.j);if(1>
e)throw Error("[39m[
33mInvalid[39m field 
number[33m:[39m [32
m"+e+"[39m (at positi
on [32m"+t.j+"[39m)
[32m");return t.i=e,t.
h=n,!0}function et(t){
switch(t.h){case 0:if(
0!=t.h)et(t);else t:{f
or(var e=(t=t.g).g,n=e
+10;e<n;)if(0==(128&t.
h[e++])){t.g=e,Y(t);br
eak t}throw W()}break;
case 1:(t=t.g).g+=8,Y(
t);break;case 2:2!=t.h
?et(t):(e=J(t.g)>>>0,(
t=t.g).g+=e,Y(t));brea
k;case 5:(t=t.g).g+=4,
Y(t);break;case 3:for(
e=t.i;;){if(!tt(t))thr
ow Error("[39m[33mUn
matched[39m start[33
m-[39mgroup tag[33m:
[39m stream [33mEOF
[39m[32m");if(4==t.h)
{if(t.i!=e)throw Error
("[39m[33mUnmatched
[39m end[33m-[39mgro
up tag[32m");break}et
(t)}break;default:thro
w K(t.h,t.j)}}$.protot
ype.length=function(){
return this.g.length},
$.prototype.end=functi
on(){var t=this.g;retu
rn this.g=[],t},Q.prot
otype.reset=function()
{this.g.reset(),this.j
=this.g.g,this.h=this.
i=-1};var nt=[];functi
on rt(){this.i=[],this
.h=0,this.g=new $}func
tion it(t,e){0!==e.len
gth&&(t.i.push(e),t.h+
=e.length)}var ot="[3
9m[36mfunction[39m[
32m"==typeof Symbol&&"
[39msymbol[32m"==typ
eof Symbol()?Symbol(vo
id 0):void 0;function 
at(t,e){Object.isFroze
n(t)||(ot?t[ot]|=e:voi
d 0!==t.N?t.N|=e:Objec
t.defineProperties(t,{
N:{value:e,configurabl
e:!0,writable:!0,enume
rable:!1}}))}function 
ut(t){var e;return nul
l==(e=ot?t[ot]:t.N)?0:
e}function st(t){retur
n at(t,1),t}function c
t(t){return!!Array.isA
rray(t)&&!!(2&ut(t))}f
unction ht(t){if(!Arra
y.isArray(t))throw Err
or("[39mcannot mark n
on[33m-[39marray [3
6mas[39m immutable[3
2m");at(t,2)}function 
lt(t){return null!==t&
&"[39mobject[32m"==t
ypeof t&&!Array.isArra
y(t)&&t.constructor===
Object}var ft=Object.f
reeze(st([]));function
 dt(t){if(ct(t.m))thro
w Error("[39m[33mCan
not[39m mutate an imm
utable [33mMessage[3
9m[32m")}var pt,gt="
[39mundefined[32m"!=t
ypeof Symbol&&void 0!=
=Symbol.hasInstance;fu
nction vt(t){return{va
lue:t,configurable:!1,
writable:!1,enumerable
:!1}}function mt(t,e,n
){return-1===e?null:e>
=t.i?t.g?t.g[e]:void 0
:void 0!==n&&n&&t.g&&n
ull!=(n=t.g[e])?n:t.m[
e+t.h]}function yt(t,e
,n,r){r=void 0!==r&&r,
dt(t),e<t.i&&!r?t.m[e+
t.h]=n:(t.g||(t.g=t.m[
t.i+t.h]={}))[e]=n}fun
ction wt(t,e,n,r){n=vo
id 0===n||n;var i=mt(t
,e,r=void 0!==r&&r);re
turn null==i&&(i=ft),c
t(t.m)?n&&(ht(i),Objec
t.freeze(i)):(i===ft||
ct(i))&&yt(t,e,i=st(i.
slice()),r),i}function
 bt(t,e,n){return null
==(t=null==(t=mt(t,e))
?t:+t)?void 0===n?0:n:
t}function xt(t,e,n,r)
{t.j||(t.j={});var i=c
t(t.m),o=t.j[n];if(!o)
{r=wt(t,n,!0,void 0!==
r&&r),o=[],i=i||ct(r);
for(var a=0;a<r.length
;a++)o[a]=new e(r[a]),
i&&ht(o[a].m);i&&(ht(o
),Object.freeze(o)),t.
j[n]=o}return o}functi
on Mt(t,e,n,r,i){var o
=void 0!==o&&o;return 
dt(t),o=xt(t,n,e,o),n=
r||new n,t=wt(t,e),nul
l!=i?(o.splice(i,0,n),
t.splice(i,0,n.m)):(o.
push(n),t.push(n.m)),n
}function At(t,e){retu
rn null==(t=mt(t,e))?0
:t}function Tt(t,e){re
turn null==(t=mt(t,e))
?"[39m[32m":t}functi
on Et(t){var e=Ct;retu
rn Ft(t,e=void 0===e?O
t:e)}function St(t,e){
if(null!=t){if(Array.i
sArray(t))t=Ft(t,e);el
se if(lt(t)){var n,r={
};for(n in t)r[n]=St(t
[n],e);t=r}else t=e(t)
;return t}}function Ft
(t,e){for(var n=t.slic
e(),r=0;r<n.length;r++
)n[r]=St(n[r],e);retur
n Array.isArray(t)&&1&
ut(t)&&st(n),n}functio
n Ct(t){return t&&"[3
9mobject[32m"==typeof
 t&&t.toJSON?t.toJSON(
):(t=function(t){switc
h(typeof t){case"[39m
number[32m":return is
Finite(t)?t:String(t);
case"[39mobject[32m"
:if(t&&!Array.isArray(
t)){if(U(t))return I(t
);if(t instanceof N){v
ar e=t.L;return e=null
==e||"[39mstring[32m
"==typeof e?e:z&&e ins
tanceof Uint8Array?I(e
):null,(t.L=e)||"[39m
[32m"}}}return t}(t),
Array.isArray(t)?Et(t)
:t)}function Ot(t){ret
urn U(t)?new Uint8Arra
y(t):t}function _t(t,e
,n){t||(t=pt),pt=null;
var r=this.constructor
.h;if(t||(t=r?[r]:[]),
this.h=(r?0:-1)-(this.
constructor.g||0),this
.j=void 0,this.m=t,t=(
r=this.m.length)-1,r&&
lt(r=this.m[t])?(this.
i=t-this.h,this.g=r):v
oid 0!==e&&-1<e?(this.
i=Math.max(e,t+1-this.
h),this.g=void 0):this
.i=Number.MAX_VALUE,n)
for(e=0;e<n.length;e++
)if((t=n[e])<this.i)t+
=this.h,(r=this.m[t])?
Array.isArray(r)&&st(r
):this.m[t]=ft;else{va
r i=(r=this.g||(this.g
=this.m[this.i+this.h]
={}))[t];i?Array.isArr
ay(i)&&st(i):r[t]=ft}}
function jt(){_t.apply
(this,arguments)}if(_t
.prototype.toJSON=func
tion(){return Et(this.
m)},_t.prototype.toStr
ing=function(){return 
this.m.toString()},d(j
t,_t),gt){var kt={};Ob
ject.defineProperties(
jt,(kt[Symbol.hasInsta
nce]=vt((function(){th
row Error("[39m[33mC
annot[39m perform [3
6minstanceof[39m chec
ks [36mfor[39m [33m
MutableMessage[39m[3
2m")})),kt))}function 
Rt(t,e,n){if(n){var r,
i={};for(r in n){var o
=n[r],a=o.ha;a||(i.F=o
.la||o.fa.P,o.aa?(i.U=
Ut(o.aa),a=function(t)
{return function(e,n,r
){return t.F(e,n,r,t.U
)}}(i)):o.ca?(i.T=Nt(o
.X.g,o.ca),a=function(
t){return function(e,n
,r){return t.F(e,n,r,t
.T)}}(i)):a=i.F,o.ha=a
),a(e,t,o.X),i={F:i.F,
U:i.U,T:i.T}}}!functio
n(t,e){if(e=e.ba){it(t
,t.g.end());for(var n=
0;n<e.length;n++)it(t,
e[n])}}(e,t)}var It=Sy
mbol();function Lt(t,e
,n){return t[It]||(t[I
t]=function(t,r){retur
n e(t,r,n)})}function 
Bt(t){var e=t[It];if(!
e){var n=Qt(t);e=funct
ion(t,e){return te(t,e
,n)},t[It]=e}return e}
function Dt(t){var e=f
unction(t){var e=t.aa;
return e?Bt(e):(e=t.ka
)?Lt(t.X.g,e,t.ca):voi
d 0}(t),n=t.X,r=t.fa.O
;return e?function(t,i
){return r(t,i,n,e)}:f
unction(t,e){return r(
t,e,n)}}function Pt(t,
e,n,r,i,o){var a=0;for
((t=t()).length&&"[39
mnumber[32m"!=typeof 
t[0]&&(n(e,t[0]),a++);
a<t.length;){n=t[a++];
for(var u=a+1;u<t.leng
th&&"[39mnumber[32m"
!=typeof t[u];)u++;var
 s=t[a++];switch(u-=a)
{case 0:r(e,n,s);break
;case 1:r(e,n,s,t[a++]
);break;case 2:i(e,n,s
,t[a++],t[a++]);break;
case 3:u=t[a++];var c=
t[a++],h=t[a++];Array.
isArray(h)?i(e,n,s,u,c
,h):o(e,n,s,u,c,h);bre
ak;case 4:o(e,n,s,t[a+
+],t[a++],t[a++],t[a++
]);break;default:throw
 Error("[39munexpecte
d number [36mof[39m 
binary field arguments
[33m:[39m [32m"+u)}
}return e}var zt=Symbo
l();function Ut(t){var
 e=t[zt];if(!e){var n=
Xt(t);e=function(t,e){
return ne(t,e,n)},t[zt
]=e}return e}function 
Nt(t,e){var n=t[zt];re
turn n||(n=function(t,
n){return Rt(t,n,e)},t
[zt]=n),n}var Vt=Symbo
l();function Ht(t,e){t
.push(e)}function Kt(t
,e,n){t.push(e,n.P)}fu
nction Wt(t,e,n,r,i){v
ar o=Ut(i),a=n.P;t.pus
h(e,(function(t,e,n){r
eturn a(t,e,n,r,o)}))}
function Gt(t,e,n,r,i,
o){var a=Nt(r,o),u=n.P
;t.push(e,(function(t,
e,n){return u(t,e,n,r,
a)}))}function Xt(t){v
ar e=t[Vt];return e||P
t(t,t[Vt]=[],Ht,Kt,Wt,
Gt)}var Yt=Symbol();fu
nction Jt(t,e){t[0]=e}
function qt(t,e,n,r){v
ar i=n.O;t[e]=r?functi
on(t,e,n){return i(t,e
,n,r)}:i}function $t(t
,e,n,r,i,o){var a=n.O,
u=Bt(i);t[e]=function(
t,e,n){return a(t,e,n,
r,u,o)}}function Zt(t,
e,n,r,i,o,a){var u=n.O
,s=Lt(r,i,o);t[e]=func
tion(t,e,n){return u(t
,e,n,r,s,a)}}function 
Qt(t){var e=t[Yt];retu
rn e||Pt(t,t[Yt]={},Jt
,qt,$t,Zt)}function te
(t,e,n){for(;tt(e)&&4!
=e.h;){var r=e.i,i=n[r
];if(!i){var o=n[0];o&
&(o=o[r])&&(i=n[r]=Dt(
o))}if(!(i&&i(e,t,r)||
(i=e,r=t,o=i.j,et(i),i
.W))){var a=i.g.h;i=o=
==(i=i.g.g)?P||(P=new 
Uint8Array(0)):V?a.sli
ce(o,i):new Uint8Array
(a.subarray(o,i)),(o=r
.ba)?o.push(i):r.ba=[i
]}}return t}function e
e(t,e,n){if(nt.length)
{var r=nt.pop();t&&(X(
r.g,t),r.i=-1,r.h=-1),
t=r}else t=new Q(t);tr
y{return te(new e,t,Qt
(n))}finally{(e=t.g).h
=null,e.j=0,e.i=0,e.g=
0,e.v=!1,t.i=-1,t.h=-1
,100>nt.length&&nt.pus
h(t)}}function ne(t,e,
n){for(var r=n.length,
i=1==r%2,o=i?1:0;o<r;o
+=2)(0,n[o+1])(e,t,n[o
]);Rt(t,e,i?n[0]:void 
0)}function re(t,e){va
r n=new rt;ne(t,n,Xt(e
)),it(n,n.g.end()),t=n
ew Uint8Array(n.h);for
(var r=(e=n.i).length,
i=0,o=0;o<r;o++){var a
=e[o];t.set(a,i),i+=a.
length}return n.i=[t],
t}function ie(t,e){ret
urn{O:t,P:e}}var oe=ie
((function(t,e,n){if(5
!==t.h)return!1;var r=
(t=t.g).h[t.g],i=t.h[t
.g+1],o=t.h[t.g+2],a=t
.h[t.g+3];return t.g+=
4,Y(t),t=2*((i=(r<<0|i
<<8|o<<16|a<<24)>>>0)>
>31)+1,r=i>>>23&255,i&
=8388607,yt(e,n,255==r
?i?NaN:1/0*t:0==r?t*Ma
th.pow(2,-149)*i:t*Mat
h.pow(2,r-150)*(i+Math
.pow(2,23))),!0}),(fun
ction(t,e,n){if(null!=
(e=mt(e,n))){Z(t.g,8*n
+5),t=t.g;var r=e;0===
(r=(n=0>r?1:0)?-r:r)?0
<1/r?H=0:(0,H=21474836
48):isNaN(r)?(0,H=2147
483647):34028234663852
886e22<r?(0,H=(n<<31|2
139095040)>>>0):117549
43508222875e-54>r?(r=M
ath.round(r/Math.pow(2
,-149)),0,H=(n<<31|r)>
>>0):(e=Math.floor(Mat
h.log(r)/Math.LN2),r*=
Math.pow(2,-e),1677721
6<=(r=Math.round(83886
08*r))&&++e,0,H=(n<<31
|e+127<<23|8388607&r)>
>>0),n=H,t.g.push(n>>>
0&255),t.g.push(n>>>8&
255),t.g.push(n>>>16&2
55),t.g.push(n>>>24&25
5)}})),ae=ie((function
(t,e,n){if(0!==t.h)ret
urn!1;for(var r=t.g,i=
128,o=0,a=t=0;4>a&&128
<=i;a++)i=r.h[r.g++],Y
(r),o|=(127&i)<<7*a;if
(128<=i&&(i=r.h[r.g++]
,Y(r),o|=(127&i)<<28,t
|=(127&i)>>4),128<=i)f
or(a=0;5>a&&128<=i;a++
)i=r.h[r.g++],Y(r),t|=
(127&i)<<7*a+3;if(!(12
8>i))throw W();return 
r=o>>>0,(t=2147483648&
(i=t>>>0))&&(i=~i>>>0,
0==(r=1+~r>>>0)&&(i=i+
1>>>0)),r=4294967296*i
+(r>>>0),yt(e,n,t?-r:r
),!0}),(function(t,e,n
){if(null!=(e=mt(e,n))
&&null!=e){Z(t.g,8*n),
t=t.g;var r=e;for(n=0>
r,e=(r=Math.abs(r))>>>
0,r=Math.floor((r-e)/4
294967296),r>>>=0,n&&(
r=~r>>>0,4294967295<(e
=1+(~e>>>0))&&(e=0,429
4967295<++r&&(r=0))),n
=H=e,e=r;0<e||127<n;)t
.g.push(127&n|128),n=(
n>>>7|e<<25)>>>0,e>>>=
7;t.g.push(n)}})),ue=i
e((function(t,e,n){ret
urn 0===t.h&&(yt(e,n,J
(t.g)),!0)}),(function
(t,e,n){if(null!=(e=mt
(e,n))&&null!=e)if(Z(t
.g,8*n),t=t.g,0<=(n=e)
)Z(t,n);else{for(e=0;9
>e;e++)t.g.push(127&n|
128),n>>=7;t.g.push(1)
}})),se=ie((function(t
,e,n){if(2!==t.h)retur
n!1;var r,i=J(t.g)>>>0
,o=(t=t.g).g;if(t.g+=i
,Y(t),t=t.h,_)(r=C)||(
r=C=new TextDecoder("
[39mutf[33m-[39m[35
m8[39m[32m",{fatal:!
0})),r=r.decode(t.suba
rray(o,o+i));else{i=o+
i;for(var a,u,s,c=[],h
=null;o<i;)128>(a=t[o+
+])?c.push(a):224>a?o>
=i?S():(u=t[o++],194>a
||128!=(192&u)?(o--,S(
)):c.push((31&a)<<6|63
&u)):240>a?o>=i-1?S():
128!=(192&(u=t[o++]))|
|224===a&&160>u||237==
=a&&160<=u||128!=(192&
(r=t[o++]))?(o--,S()):
c.push((15&a)<<12|(63&
u)<<6|63&r):244>=a?o>=
i-2?S():128!=(192&(u=t
[o++]))||0!=u-144+(a<<
28)>>30||128!=(192&(r=
t[o++]))||128!=(192&(s
=t[o++]))?(o--,S()):(a
=(7&a)<<18|(63&u)<<12|
(63&r)<<6|63&s,a-=6553
6,c.push(55296+(a>>10&
1023),56320+(1023&a)))
:S(),8192<=c.length&&(
h=F(h,c),c.length=0);r
=F(h,c)}return yt(e,n,
r),!0}),(function(t,e,
n){if(null!=(e=mt(e,n)
)){var r=!1;if(r=void 
0!==r&&r,j){if(r&&/(?:
[^\uD800-\uDBFF]|^)[\u
DC00-\uDFFF]|[\uD800-\
uDBFF](?![\uDC00-\uDFF
F])/.test(e))throw Err
or("[39m[33mFound[3
9m an unpaired surroga
te[32m");e=(O||(O=new
 TextEncoder)).encode(
e)}else{for(var i=0,o=
new Uint8Array(3*e.len
gth),a=0;a<e.length;a+
+){var u=e.charCodeAt(
a);if(128>u)o[i++]=u;e
lse{if(2048>u)o[i++]=u
>>6|192;else{if(55296<
=u&&57343>=u){if(56319
>=u&&a<e.length){var s
=e.charCodeAt(++a);if(
56320<=s&&57343>=s){u=
1024*(u-55296)+s-56320
+65536,o[i++]=u>>18|24
0,o[i++]=u>>12&63|128,
o[i++]=u>>6&63|128,o[i
++]=63&u|128;continue}
a--}if(r)throw Error("
[39m[33mFound[39m a
n unpaired surrogate[
32m");u=65533}o[i++]=u
>>12|224,o[i++]=u>>6&6
3|128}o[i++]=63&u|128}
}e=o.subarray(0,i)}Z(t
.g,8*n+2),Z(t.g,e.leng
th),it(t,t.g.end()),it
(t,e)}})),ce=ie((funct
ion(t,e,n,r,i){if(2!==
t.h)return!1;e=Mt(e,n,
r),n=t.g.i,r=J(t.g)>>>
0;var o=t.g.g+r,a=o-n;
if(0>=a&&(t.g.i=o,i(e,
t),a=o-t.g.g),a)throw 
Error("[39m[33mMessa
ge[39m parsing ended 
unexpectedly[33m.[39
m [33mExpected[39m t
o read [32m"+r+"[39m
 bytes[33m,[39m inst
ead read [32m"+(r-a)+
"[39m bytes[33m,[39
m either the data ende
d unexpectedly or the 
message misreported it
s own length[32m");re
turn t.g.g=o,t.g.i=n,!
0}),(function(t,e,n,r,
i){if(null!=(e=xt(e,r,
n)))for(r=0;r<e.length
;r++){var o=t;Z(o.g,8*
n+2);var a=o.g.end();i
t(o,a),a.push(o.h),o=a
,i(e[r],t),a=t;var u=o
.pop();for(u=a.h+a.g.l
ength()-u;127<u;)o.pus
h(127&u|128),u>>>=7,a.
h++;o.push(u),a.h++}})
);function he(){jt.app
ly(this,arguments)}if(
d(he,jt),gt){var le={}
;Object.defineProperti
es(he,(le[Symbol.hasIn
stance]=vt(Object[Symb
ol.hasInstance]),le))}
function fe(t){he.call
(this,t)}function de()
{return[1,ue,2,oe,3,se
,4,se]}function pe(t){
he.call(this,t,-1,ve)}
function ge(){return[1
,ce,fe,de]}d(fe,he),d(
pe,he),pe.prototype.ad
dClassification=functi
on(t,e){return Mt(this
,1,fe,t,e),this};var v
e=[1];function me(t){h
e.call(this,t)}functio
n ye(){return[1,oe,2,o
e,3,oe,4,oe,5,oe]}func
tion we(t){he.call(thi
s,t,-1,xe)}function be
(){return[1,ce,me,ye]}
d(me,he),d(we,he);var 
xe=[1];function Me(t){
he.call(this,t)}functi
on Ae(){return[1,oe,2,
oe,3,oe,4,oe,5,oe,6,ae
]}d(Me,he);var Te=[[61
,146],[146,91],[91,181
],[181,84],[84,17],[17
,314],[314,405],[405,3
21],[321,375],[375,291
],[61,185],[185,40],[4
0,39],[39,37],[37,0],[
0,267],[267,269],[269,
270],[270,409],[409,29
1],[78,95],[95,88],[88
,178],[178,87],[87,14]
,[14,317],[317,402],[4
02,318],[318,324],[324
,308],[78,191],[191,80
],[80,81],[81,82],[82,
13],[13,312],[312,311]
,[311,310],[310,415],[
415,308]],Ee=[[263,249
],[249,390],[390,373],
[373,374],[374,380],[3
80,381],[381,382],[382
,362],[263,466],[466,3
88],[388,387],[387,386
],[386,385],[385,384],
[384,398],[398,362]],S
e=[[276,283],[283,282]
,[282,295],[295,285],[
300,293],[293,334],[33
4,296],[296,336]],Fe=[
[33,7],[7,163],[163,14
4],[144,145],[145,153]
,[153,154],[154,155],[
155,133],[33,246],[246
,161],[161,160],[160,1
59],[159,158],[158,157
],[157,173],[173,133]]
,Ce=[[46,53],[53,52],[
52,65],[65,55],[70,63]
,[63,105],[105,66],[66
,107]],Oe=[[10,338],[3
38,297],[297,332],[332
,284],[284,251],[251,3
89],[389,356],[356,454
],[454,323],[323,361],
[361,288],[288,397],[3
97,365],[365,379],[379
,378],[378,400],[400,3
77],[377,152],[152,148
],[148,176],[176,149],
[149,150],[150,136],[1
36,172],[172,58],[58,1
32],[132,93],[93,234],
[234,127],[127,162],[1
62,21],[21,54],[54,103
],[103,67],[67,109],[1
09,10]],_e=[].concat(u
(Te),u(Ee),u(Se),u(Fe)
,u(Ce),u(Oe));function
 je(t,e,n){if(n=t.crea
teShader(0===n?t.VERTE
X_SHADER:t.FRAGMENT_SH
ADER),t.shaderSource(n
,e),t.compileShader(n)
,!t.getShaderParameter
(n,t.COMPILE_STATUS))t
hrow Error("[39m[33m
Could[39m not compile
 [33mWebGL[39m shade
r[33m.[39m[37m[41m
[1m\[22m[49m[39mn
[37m[41m[1m\[22m[4
9m[39mn[32m"+t.getSh
aderInfoLog(n));return
 n}function ke(t){retu
rn xt(t,fe,1).map((fun
ction(t){return{index:
At(t,1),ga:bt(t,2),lab
el:null!=mt(t,3)?Tt(t,
3):void 0,displayName:
null!=mt(t,4)?Tt(t,4):
void 0}}))}function Re
(t){return{x:bt(t,1),y
:bt(t,2),z:bt(t,3),vis
ibility:null!=mt(t,4)?
bt(t,4):void 0}}functi
on Ie(t,e){this.h=t,th
is.g=e,this.l=0}functi
on Le(t,e,n){return fu
nction(t,e){var n=t.g;
if(void 0===t.o){var r
=je(n,"[39m[37m[41m
[1m\[22m[49m[39mn 
 attribute vec2 aVerte
x[33m;[39m[37m[41m
[1m\[22m[49m[39mn 
 attribute vec2 aTex[
33m;[39m[37m[41m[1
m\[22m[49m[39mn  va
rying vec2 vTex[33m;
[39m[37m[41m[1m\[2
2m[49m[39mn  [36mvo
id[39m main([36mvoid
[39m) {[37m[41m[1m
\[22m[49m[39mn    g
l_Position [33m=[39m
 vec4(aVertex[33m,[3
9m [35m0.0[39m[33m,
[39m [35m1.0[39m)[
33m;[39m[37m[41m[1
m\[22m[49m[39mn    
vTex [33m=[39m aTex
[33m;[39m[37m[41m[
1m\[22m[49m[39mn  }
[32m",0),i=je(n,"[39
m[37m[41m[1m\[22m
[49m[39mn  precision 
mediump float[33m;[3
9m[37m[41m[1m\[22m
[49m[39mn  varying v
ec2 vTex[33m;[39m[3
7m[41m[1m\[22m[49m
[39mn  uniform sample
r2D sampler0[33m;[39
m[37m[41m[1m\[22m
[49m[39mn  [36mvoid
[39m main(){[37m[41m
[1m\[22m[49m[39mn 
   gl_FragColor [33m=
[39m texture2D(sample
r0[33m,[39m vTex)[3
3m;[39m[37m[41m[1m
\[22m[49m[39mn  }[
32m",1),o=n.createProg
ram();if(n.attachShade
r(o,r),n.attachShader(
o,i),n.linkProgram(o),
!n.getProgramParameter
(o,n.LINK_STATUS))thro
w Error("[39m[33mCou
ld[39m not compile [
33mWebGL[39m program
[33m.[39m[37m[41m[
1m\[22m[49m[39mn[3
7m[41m[1m\[22m[49m
[39mn[32m"+n.getProg
ramInfoLog(o));r=t.o=o
,n.useProgram(r),i=n.g
etUniformLocation(r,"
[39msampler0[32m"),t.
j={K:n.getAttribLocati
on(r,"[39maVertex[32
m"),J:n.getAttribLocat
ion(r,"[39maTex[32m"
),ma:i},t.u=n.createBu
ffer(),n.bindBuffer(n.
ARRAY_BUFFER,t.u),n.en
ableVertexAttribArray(
t.j.K),n.vertexAttribP
ointer(t.j.K,2,n.FLOAT
,!1,0,0),n.bufferData(
n.ARRAY_BUFFER,new Flo
at32Array([-1,-1,-1,1,
1,1,1,-1]),n.STATIC_DR
AW),n.bindBuffer(n.ARR
AY_BUFFER,null),t.s=n.
createBuffer(),n.bindB
uffer(n.ARRAY_BUFFER,t
.s),n.enableVertexAttr
ibArray(t.j.J),n.verte
xAttribPointer(t.j.J,2
,n.FLOAT,!1,0,0),n.buf
ferData(n.ARRAY_BUFFER
,new Float32Array([0,1
,0,0,1,0,1,1]),n.STATI
C_DRAW),n.bindBuffer(n
.ARRAY_BUFFER,null),n.
uniform1i(i,0)}r=t.j,n
.useProgram(t.o),n.can
vas.width=e.width,n.ca
nvas.height=e.height,n
.viewport(0,0,e.width,
e.height),n.activeText
ure(n.TEXTURE0),t.h.bi
ndTexture2d(e.glName),
n.enableVertexAttribAr
ray(r.K),n.bindBuffer(
n.ARRAY_BUFFER,t.u),n.
vertexAttribPointer(r.
K,2,n.FLOAT,!1,0,0),n.
enableVertexAttribArra
y(r.J),n.bindBuffer(n.
ARRAY_BUFFER,t.s),n.ve
rtexAttribPointer(r.J,
2,n.FLOAT,!1,0,0),n.bi
ndFramebuffer(n.DRAW_F
RAMEBUFFER?n.DRAW_FRAM
EBUFFER:n.FRAMEBUFFER,
null),n.clearColor(0,0
,0,0),n.clear(n.COLOR_
BUFFER_BIT),n.colorMas
k(!0,!0,!0,!0),n.drawA
rrays(n.TRIANGLE_FAN,0
,4),n.disableVertexAtt
ribArray(r.K),n.disabl
eVertexAttribArray(r.J
),n.bindBuffer(n.ARRAY
_BUFFER,null),t.h.bind
Texture2d(0)}(t,e),"[
39m[36mfunction[39m
[32m"==typeof t.g.canv
as.transferToImageBitm
ap?Promise.resolve(t.g
.canvas.transferToImag
eBitmap()):n?Promise.r
esolve(t.g.canvas):"[
39m[36mfunction[39m
[32m"==typeof createIm
ageBitmap?createImageB
itmap(t.g.canvas):(voi
d 0===t.i&&(t.i=docume
nt.createElement("[39
mcanvas[32m")),new Pr
omise((function(e){t.i
.height=t.g.canvas.hei
ght,t.i.width=t.g.canv
as.width,t.i.getContex
t("[39m[35m2[39md[
32m",{}).drawImage(t.g
.canvas,0,0,t.g.canvas
.width,t.g.canvas.heig
ht),e(t.i)})))}functio
n Be(t){this.g=t}var D
e=new Uint8Array([0,97
,115,109,1,0,0,0,1,4,1
,96,0,0,3,2,1,0,10,9,1
,7,0,65,0,253,15,26,11
]);function Pe(t,e){re
turn e+t}function ze(t
,e){window[t]=e}functi
on Ue(t){if(this.g=t,t
his.listeners={},this.
j={},this.H={},this.o=
{},this.u={},this.I=th
is.s=this.Z=!0,this.D=
Promise.resolve(),this
.Y="[39m[32m",this.C
={},this.locateFile=t&
&t.locateFile||Pe,"[3
9mobject[32m"==typeof
 window)var e=window.l
ocation.pathname.toStr
ing().substring(0,wind
ow.location.pathname.t
oString().lastIndexOf(
"[39m[33m/[39m[32m
"))+"[39m[33m/[39m
[32m";else{if("[39mun
defined[32m"==typeof 
location)throw Error("
[39msolutions can onl
y be loaded on a web p
age or [36min[39m a 
web worker[32m");e=lo
cation.pathname.toStri
ng().substring(0,locat
ion.pathname.toString(
).lastIndexOf("[39m[
33m/[39m[32m"))+"[3
9m[33m/[39m[32m"}if
(this.$=e,t.options)fo
r(var n=(e=a(Object.ke
ys(t.options))).next()
;!n.done;n=e.next()){n
=n.value;var r=t.optio
ns[n].default;void 0!=
=r&&(this.j[n]="[39m
[36mfunction[39m[32m
"==typeof r?r():r)}}fu
nction Ne(t){var e,n,r
,i,o,a,s,c,h,l,f;retur
n M((function(d){switc
h(d.g){case 1:return t
.Z?(e=void 0===t.g.fil
es?[]:"[39m[36mfunct
ion[39m[32m"==typeof
 t.g.files?t.g.files(t
.j):t.g.files,m(d,M((f
unction(t){switch(t.g)
{case 1:return t.o=2,m
(t,WebAssembly.instant
iate(De),4);case 4:t.g
=3,t.o=0;break;case 2:
return t.o=0,t.j=null,
t.return(!1);case 3:re
turn t.return(!0)}})),
2)):d.return();case 2:
if(n=d.h,"[39mobject
[32m"==typeof window)r
eturn ze("[39mcreateM
ediapipeSolutionsWasm
[32m",{locateFile:t.lo
cateFile}),ze("[39mcr
eateMediapipeSolutions
PackedAssets[32m",{lo
cateFile:t.locateFile}
),a=e.filter((function
(t){return void 0!==t.
data})),s=e.filter((fu
nction(t){return void 
0===t.data})),c=Promis
e.all(a.map((function(
e){var n=Ve(t,e.url);i
f(void 0!==e.path){var
 r=e.path;n=n.then((fu
nction(e){return t.ove
rrideFile(r,e),Promise
.resolve(e)}))}return 
n}))),h=Promise.all(s.
map((function(e){retur
n void 0===e.simd||e.s
imd&&n||!e.simd&&!n?fu
nction(t){var e=docume
nt.createElement("[39
mscript[32m");return 
e.setAttribute("[39ms
rc[32m",t),e.setAttri
bute("[39mcrossorigin
[32m","[39manonymous
[32m"),new Promise((f
unction(t){e.addEventL
istener("[39mload[32
m",(function(){t()}),!
1),e.addEventListener(
"[39merror[32m",(fun
ction(){t()}),!1),docu
ment.body.appendChild(
e)}))}(t.locateFile(e.
url,t.$)):Promise.reso
lve()}))).then((functi
on(){var e,n,r;return 
M((function(i){if(1==i
.g)return e=window.cre
ateMediapipeSolutionsW
asm,n=window.createMed
iapipeSolutionsPackedA
ssets,r=t,m(i,e(n),2);
r.h=i.h,i.g=0}))})),l=
M((function(e){return 
t.g.graph&&t.g.graph.u
rl?e=m(e,Ve(t,t.g.grap
h.url),0):(e.g=0,e=voi
d 0),e})),m(d,Promise.
all([h,c,l]),7);if("[
39m[36mfunction[39m
[32m"!=typeof importSc
ripts)throw Error("[3
9msolutions can only b
e loaded on a web page
 or [36min[39m a web
 worker[32m");return 
r=e.filter((function(t
){return void 0===t.si
md||t.simd&&n||!t.simd
&&!n})).map((function(
e){return t.locateFile
(e.url,t.$)})),importS
cripts.apply(null,u(r)
),i=t,m(d,createMediap
ipeSolutionsWasm(Modul
e),6);case 6:i.h=d.h,t
.l=new OffscreenCanvas
(1,1),t.h.canvas=t.l,o
=t.h.GL.createContext(
t.l,{antialias:!1,alph
a:!1,ja:"[39mundefine
d[32m"!=typeof WebGL2
RenderingContext?2:1})
,t.h.GL.makeContextCur
rent(o),d.g=4;break;ca
se 7:if(t.l=document.c
reateElement("[39mcan
vas[32m"),!(f=t.l.get
Context("[39mwebgl2[
32m",{}))&&!(f=t.l.get
Context("[39mwebgl[3
2m",{})))return alert(
"[39m[33mFailed[39m
 to create [33mWebGL
[39m canvas context wh
en passing video frame
[33m.[39m[32m"),d.r
eturn();t.G=f,t.h.canv
as=t.l,t.h.createConte
xt(t.l,!0,!0,{});case 
4:t.i=new t.h.Solution
Wasm,t.Z=!1,d.g=0}}))}
function Ve(t,e){var n
,r;return M((function(
i){return e in t.H?i.r
eturn(t.H[e]):(n=t.loc
ateFile(e,"[39m[32m"
),r=fetch(n).then((fun
ction(t){return t.arra
yBuffer()})),t.H[e]=r,
i.return(r))}))}functi
on He(t,e,n){var r,i,o
,u,s,c,h,l,f,d,p,g,v,y
;return M((function(w)
{switch(w.g){case 1:if
(!n)return w.return(e)
;for(r={},i=0,o=a(Obje
ct.keys(n)),u=o.next()
;!u.done;u=o.next())s=
u.value,"[39mstring[
32m"!=typeof(c=n[s])&&
"[39mtexture[32m"===
c.type&&void 0!==e[c.s
tream]&&++i;1<i&&(t.I=
!1),h=a(Object.keys(n)
),u=h.next();case 2:if
(u.done){w.g=4;break}i
f(l=u.value,"[39mstri
ng[32m"==typeof(f=n[l
]))return v=r,y=l,m(w,
function(t,e,n){var r;
return M((function(i){
return"[39mnumber[32
m"==typeof n||n instan
ceof Uint8Array||n ins
tanceof t.h.Uint8BlobL
ist?i.return(n):n inst
anceof t.h.Texture2dDa
taOut?((r=t.u[e])||(r=
new Ie(t.h,t.G),t.u[e]
=r),i.return(Le(r,n,t.
I))):i.return(void 0)}
))}(t,l,e[f]),14);if(d
=e[f.stream],"[39mdet
ection_list[32m"===f.
type){if(d){for(var b=
d.getRectList(),x=d.ge
tLandmarksList(),A=d.g
etClassificationsList(
),T=[],E=0;E<b.size();
++E){var S=ee(b.get(E)
,Me,Ae);S={boundingBox
:{xCenter:bt(S,1),yCen
ter:bt(S,2),height:bt(
S,3),width:bt(S,4),rot
ation:bt(S,5,0),rectId
:At(S,6)},landmarks:xt
(ee(x.get(E),we,be),me
,1).map(Re),V:ke(ee(A.
get(E),pe,ge))},T.push
(S)}b=T}else b=[];r[l]
=b,w.g=7;break}if("[3
9mproto_list[32m"===f
.type){if(d){for(b=Arr
ay(d.size()),x=0;x<d.s
ize();x++)b[x]=d.get(x
);d.delete()}else b=[]
;r[l]=b,w.g=7;break}if
(void 0===d){w.g=3;bre
ak}if("[39mfloat_list
[32m"===f.type){r[l]=
d,w.g=7;break}if("[39
mproto[32m"===f.type)
{r[l]=d,w.g=7;break}if
("[39mtexture[32m"!=
=f.type)throw Error("
[39m[33mUnknown[39m 
output config type[33
m:[39m [32m'"+f.type
+"'[39m[32m");return
(p=t.u[l])||(p=new Ie(
t.h,t.G),t.u[l]=p),m(w
,Le(p,d,t.I),13);case 
13:g=w.h,r[l]=g;case 7
:f.transform&&r[l]&&(r
[l]=f.transform(r[l]))
,w.g=3;break;case 14:v
[y]=w.h;case 3:u=h.nex
t(),w.g=2;break;case 4
:return w.return(r)}})
)}function Ke(t,e){for
(var n=e.name||"[39m$
[32m",r=[].concat(u(e
.wants)),i=new t.h.Str
ingList,o=a(e.wants),s
=o.next();!s.done;s=o.
next())i.push_back(s.v
alue);o=t.h.PacketList
ener.implement({onResu
lts:function(i){for(va
r o={},a=0;a<e.wants.l
ength;++a)o[r[a]]=i.ge
t(a);var u=t.listeners
[n];u&&(t.D=He(t,o,e.o
uts).then((function(n)
{n=u(n);for(var i=0;i<
e.wants.length;++i){va
r a=o[r[i]];"[39mobje
ct[32m"==typeof a&&a.
hasOwnProperty&&a.hasO
wnProperty("[39m[36m
delete[39m[32m")&&a.
delete()}n&&(t.D=n)}))
)}}),t.i.attachMultiLi
stener(i,o),i.delete()
}function We(t){var e=
this;t=t||{};var n={ur
l:"[39mface_detection
_short[33m.[39mbinar
ypb[32m"},r={type:1,g
raphOptionXref:{calcul
atorType:"[39m[33mTe
nsorsToDetectionsCalcu
lator[39m[32m",calcu
latorName:"[39mfacede
tectionshortrangegpu__
facedetectionshortrang
ecommon__TensorsToDete
ctionsCalculator[32m"
,fieldName:"[39mmin_s
core_thresh[32m"}};th
is.g=new Ue({locateFil
e:t.locateFile,files:[
{data:!0,url:"[39mfac
e_detection_short[33m
.[39mbinarypb[32m"},
{data:!0,url:"[39mfac
e_detection_short_rang
e[33m.[39mtflite[32
m"},{simd:!0,url:"[39
mface_detection_soluti
on_simd_wasm_bin[33m.
[39mjs[32m"},{simd:!
1,url:"[39mface_detec
tion_solution_wasm_bin
[33m.[39mjs[32m"}],
graph:n,listeners:[{wa
nts:["[39mdetections
[32m","[39mimage_tran
sformed[32m"],outs:{i
mage:"[39mimage_trans
formed[32m",detection
s:{type:"[39mdetectio
n_list[32m",stream:"
[39mdetections[32m"}}
}],inputs:{image:{type
:"[39mvideo[32m",str
eam:"[39minput_frames
_gpu[32m"}},options:{
useCpuInference:{type:
0,graphOptionXref:{cal
culatorType:"[39m[33
mInferenceCalculator[
39m[32m",fieldName:"
[39muse_cpu_inference
[32m"},default:"[39mo
bject[32m"==typeof wi
ndow&&void 0!==window.
navigator&&("[39miPad
 [33mSimulator[39m[
33m;[39miPhone [33mS
imulator[39m[33m;[3
9miPod [33mSimulator
[39m[33m;[39miPad[3
3m;[39miPhone[33m;[
39miPod[32m".split("
[39m[33m;[39m[32m")
.includes(navigator.pl
atform)||navigator.use
rAgent.includes("[39m
[33mMac[39m[32m")&&
"[39montouchend[32m"
in document)},selfieMo
de:{type:0,graphOption
Xref:{calculatorType:"
[39m[33mGlScalerCalc
ulator[39m[32m",calc
ulatorIndex:1,fieldNam
e:"[39mflip_horizonta
l[32m"}},model:{type:
0,onChange:function(t)
{var i,o,u,s,c;return 
M((function(h){switch(
h.g){case 1:i=a("[39m
short[32m"===t?["[39
mface_detection_short_
range[33m.[39mtflite
[32m"]:["[39mface_de
tection_full_range_spa
rse[33m.[39mtflite[
32m"]),o=i.next();case
 2:if(o.done){h.g=4;br
eak}return u=o.value,s
="[39mthird_party[33
m/[39mmediapipe[33m/
[39mmodules[33m/[39
mface_detection[33m/
[39m[32m"+u,m(h,Ve(e.
g,u),5);case 5:c=h.h,e
.g.overrideFile(s,c),o
=i.next(),h.g=2;break;
case 4:return n.url="
[39mshort[32m"===t?"
[39mface_detection_sho
rt[33m.[39mbinarypb
[32m":"[39mface_detec
tion_full[33m.[39mbi
narypb[32m",r.graphOp
tionXref.calculatorNam
e="[39mshort[32m"===
t?"[39mfacedetections
hortrangegpu__facedete
ctionshortrangecommon_
_TensorsToDetectionsCa
lculator[32m":"[39mf
acedetectionfullrangeg
pu__facedetectionfullr
angecommon__TensorsToD
etectionsCalculator[3
2m",h.return(!0)}}))}}
,minDetectionConfidenc
e:r}})}(t=Ue.prototype
).close=function(){ret
urn this.i&&this.i.del
ete(),Promise.resolve(
)},t.reset=function(){
var t=this;return M((f
unction(e){t.i&&(t.i.r
eset(),t.o={},t.u={}),
e.g=0}))},t.setOptions
=function(t,e){var n=t
his;if(e=e||this.g.opt
ions){for(var r=[],i=[
],o={},u=a(Object.keys
(t)),s=u.next();!s.don
e;o={R:o.R,S:o.S},s=u.
next()){var c=s.value;
c in this.j&&this.j[c]
===t[c]||(this.j[c]=t[
c],void 0!==(s=e[c])&&
(s.onChange&&(o.R=s.on
Change,o.S=t[c],r.push
(function(t){return fu
nction(){return M((fun
ction(e){if(1==e.g)ret
urn m(e,t.R(t.S),2);!0
===e.h&&(n.s=!0),e.g=0
}))}}(o))),s.graphOpti
onXref&&(c={valueNumbe
r:1===s.type?t[c]:0,va
lueBoolean:0===s.type&
&t[c],valueString:2===
s.type?t[c]:"[39m[32
m"},s=Object.assign(Ob
ject.assign(Object.ass
ign({},{calculatorName
:"[39m[32m",calculat
orIndex:0}),s.graphOpt
ionXref),c),i.push(s))
))}0===r.length&&0===i
.length||(this.s=!0,th
is.B=(void 0===this.B?
[]:this.B).concat(i),t
his.A=(void 0===this.A
?[]:this.A).concat(r))
}},t.initialize=functi
on(){var t=this;return
 M((function(e){return
 1==e.g?m(e,Ne(t),2):3
!=e.g?m(e,function(t){
var e,n,r,i,o,u,s,c;re
turn M((function(h){if
(1==h.g)return t.g.gra
ph&&t.g.graph.url&&t.Y
===t.g.graph.url?h.ret
urn():(t.s=!0,t.g.grap
h&&t.g.graph.url?(t.Y=
t.g.graph.url,m(h,Ve(t
,t.g.graph.url),3)):vo
id(h.g=2));for(2!=h.g&
&(e=h.h,t.i.loadGraph(
e)),n=a(Object.keys(t.
C)),r=n.next();!r.done
;r=n.next())i=r.value,
t.i.overrideFile(i,t.C
[i]);if(t.C={},t.g.lis
teners)for(o=a(t.g.lis
teners),u=o.next();!u.
done;u=o.next())s=u.va
lue,Ke(t,s);c=t.j,t.j=
{},t.setOptions(c),h.g
=0}))}(t),3):m(e,funct
ion(t){var e,n,r,i,o,u
;return M((function(s)
{switch(s.g){case 1:if
(!t.s)return s.return(
);if(!t.A){s.g=2;break
}e=a(t.A),n=e.next();c
ase 3:if(n.done){s.g=5
;break}return m(s,(0,n
.value)(),4);case 4:n=
e.next(),s.g=3;break;c
ase 5:t.A=void 0;case 
2:if(t.B){for(r=new t.
h.GraphOptionChangeReq
uestList,i=a(t.B),o=i.
next();!o.done;o=i.nex
t())u=o.value,r.push_b
ack(u);t.i.changeOptio
ns(r),r.delete(),t.B=v
oid 0}t.s=!1,s.g=0}}))
}(t),0)}))},t.override
File=function(t,e){thi
s.i?this.i.overrideFil
e(t,e):this.C[t]=e},t.
clearOverriddenFiles=f
unction(){this.C={},th
is.i&&this.i.clearOver
riddenFiles()},t.send=
function(t,e){var n,r,
i,o,u,s,c,h,l,f=this;r
eturn M((function(d){s
witch(d.g){case 1:retu
rn f.g.inputs?(n=1e3*(
null==e?performance.no
w():e),m(d,f.D,2)):d.r
eturn();case 2:return 
m(d,f.initialize(),3);
case 3:for(r=new f.h.P
acketDataList,i=a(Obje
ct.keys(t)),o=i.next()
;!o.done;o=i.next())if
(u=o.value,s=f.g.input
s[u]){t:{var p=t[u];sw
itch(s.type){case"[39
mvideo[32m":var g=f.o
[s.stream];if(g||(g=ne
w Ie(f.h,f.G),f.o[s.st
ream]=g),0===g.l&&(g.l
=g.h.createTexture()),
"[39mundefined[32m"!
=typeof HTMLVideoEleme
nt&&p instanceof HTMLV
ideoElement)var v=p.vi
deoWidth,y=p.videoHeig
ht;else"[39mundefined
[32m"!=typeof HTMLIma
geElement&&p instanceo
f HTMLImageElement?(v=
p.naturalWidth,y=p.nat
uralHeight):(v=p.width
,y=p.height);y={glName
:g.l,width:v,height:y}
,(v=g.g).canvas.width=
y.width,v.canvas.heigh
t=y.height,v.activeTex
ture(v.TEXTURE0),g.h.b
indTexture2d(g.l),v.te
xImage2D(v.TEXTURE_2D,
0,v.RGBA,v.RGBA,v.UNSI
GNED_BYTE,p),g.h.bindT
exture2d(0),g=y;break 
t;case"[39mdetections
[32m":for((g=f.o[s.st
ream])||(g=new Be(f.h)
,f.o[s.stream]=g),g.da
ta||(g.data=new g.g.De
tectionListData),g.dat
a.reset(p.length),y=0;
y<p.length;++y){v=p[y]
;var w=g.data,b=w.setB
oundingBox,x=y,M=v.bou
ndingBox,A=new Me;if(y
t(A,1,M.xCenter),yt(A,
2,M.yCenter),yt(A,3,M.
height),yt(A,4,M.width
),yt(A,5,M.rotation),y
t(A,6,M.rectId),M=re(A
,Ae),b.call(w,x,M),v.l
andmarks)for(w=0;w<v.l
andmarks.length;++w){v
ar T=!!(A=v.landmarks[
w]).visibility;x=(b=g.
data).addNormalizedLan
dmark,M=y,A=Object.ass
ign(Object.assign({},A
),{visibility:T?A.visi
bility:0}),yt(T=new me
,1,A.x),yt(T,2,A.y),yt
(T,3,A.z),A.visibility
&&yt(T,4,A.visibility)
,A=re(T,ye),x.call(b,M
,A)}if(v.V)for(w=0;w<v
.V.length;++w)x=(b=g.d
ata).addClassification
,M=y,A=v.V[w],yt(T=new
 fe,2,A.ga),A.index&&y
t(T,1,A.index),A.label
&&yt(T,3,A.label),A.di
splayName&&yt(T,4,A.di
splayName),A=re(T,de),
x.call(b,M,A)}g=g.data
;break t;default:g={}}
}switch(c=g,h=s.stream
,s.type){case"[39mvid
eo[32m":r.pushTexture
2d(Object.assign(Objec
t.assign({},c),{stream
:h,timestamp:n}));brea
k;case"[39mdetections
[32m":(l=c).stream=h,
l.timestamp=n,r.pushDe
tectionList(l);break;d
efault:throw Error("[
39m[33mUnknown[39m i
nput config type[33m:
[39m [32m'"+s.type+"
'[39m[32m")}}return 
f.i.send(r),m(d,f.D,4)
;case 4:r.delete(),d.g
=0}}))},t.onResults=fu
nction(t,e){this.liste
ners[e||"[39m$[32m"]
=t},E("[39m[33mSolut
ion[39m[32m",Ue),E("
[39m[33mOptionType[
39m[32m",{BOOL:0,NUMB
ER:1,ia:2,0:"[39m[33
mBOOL[39m[32m",1:"[
39m[33mNUMBER[39m[3
2m",2:"[39m[33mSTRIN
G[39m[32m"}),(t=We.p
rototype).close=functi
on(){return this.g.clo
se(),Promise.resolve()
},t.onResults=function
(t){this.g.onResults(t
)},t.initialize=functi
on(){var t=this;return
 M((function(e){return
 m(e,t.g.initialize(),
0)}))},t.reset=functio
n(){this.g.reset()},t.
send=function(t){var e
=this;return M((functi
on(n){return m(n,e.g.s
end(t),0)}))},t.setOpt
ions=function(t){this.
g.setOptions(t)},E("[
39m[33mFaceDetection
[39m[32m",We),E("[39
m[33mFACEDETECTION_LI
PS[39m[32m",Te),E("
[39m[33mFACEDETECTION
_LEFT_EYE[39m[32m",E
e),E("[39m[33mFACEDE
TECTION_LEFT_EYEBROW[
39m[32m",Se),E("[39m
[33mFACEDETECTION_RIG
HT_EYE[39m[32m",Fe),
E("[39m[33mFACEDETEC
TION_RIGHT_EYEBROW[39
m[32m",Ce),E("[39m[
33mFACEDETECTION_FACE_
OVAL[39m[32m",Oe),E(
"[39m[33mFACEDETECTI
ON_CONTOURS[39m[32m"
,_e),E("[39m[33mFACE
DETECTION_TESSELATION
[39m[32m",[[127,34],[
34,139],[139,127],[11,
0],[0,37],[37,11],[232
,231],[231,120],[120,2
32],[72,37],[37,39],[3
9,72],[128,121],[121,4
7],[47,128],[232,121],
[121,128],[128,232],[1
04,69],[69,67],[67,104
],[175,171],[171,148],
[148,175],[118,50],[50
,101],[101,118],[73,39
],[39,40],[40,73],[9,1
51],[151,108],[108,9],
[48,115],[115,131],[13
1,48],[194,204],[204,2
11],[211,194],[74,40],
[40,185],[185,74],[80,
42],[42,183],[183,80],
[40,92],[92,186],[186,
40],[230,229],[229,118
],[118,230],[202,212],
[212,214],[214,202],[8
3,18],[18,17],[17,83],
[76,61],[61,146],[146,
76],[160,29],[29,30],[
30,160],[56,157],[157,
173],[173,56],[106,204
],[204,194],[194,106],
[135,214],[214,192],[1
92,135],[203,165],[165
,98],[98,203],[21,71],
[71,68],[68,21],[51,45
],[45,4],[4,51],[144,2
4],[24,23],[23,144],[7
7,146],[146,91],[91,77
],[205,50],[50,187],[1
87,205],[201,200],[200
,18],[18,201],[91,106]
,[106,182],[182,91],[9
0,91],[91,181],[181,90
],[85,84],[84,17],[17,
85],[206,203],[203,36]
,[36,206],[148,171],[1
71,140],[140,148],[92,
40],[40,39],[39,92],[1
93,189],[189,244],[244
,193],[159,158],[158,2
8],[28,159],[247,246],
[246,161],[161,247],[2
36,3],[3,196],[196,236
],[54,68],[68,104],[10
4,54],[193,168],[168,8
],[8,193],[117,228],[2
28,31],[31,117],[189,1
93],[193,55],[55,189],
[98,97],[97,99],[99,98
],[126,47],[47,100],[1
00,126],[166,79],[79,2
18],[218,166],[155,154
],[154,26],[26,155],[2
09,49],[49,131],[131,2
09],[135,136],[136,150
],[150,135],[47,126],[
126,217],[217,47],[223
,52],[52,53],[53,223],
[45,51],[51,134],[134,
45],[211,170],[170,140
],[140,211],[67,69],[6
9,108],[108,67],[43,10
6],[106,91],[91,43],[2
30,119],[119,120],[120
,230],[226,130],[130,2
47],[247,226],[63,53],
[53,52],[52,63],[238,2
0],[20,242],[242,238],
[46,70],[70,156],[156,
46],[78,62],[62,96],[9
6,78],[46,53],[53,63],
[63,46],[143,34],[34,2
27],[227,143],[123,117
],[117,111],[111,123],
[44,125],[125,19],[19,
44],[236,134],[134,51]
,[51,236],[216,206],[2
06,205],[205,216],[154
,153],[153,22],[22,154
],[39,37],[37,167],[16
7,39],[200,201],[201,2
08],[208,200],[36,142]
,[142,100],[100,36],[5
7,212],[212,202],[202,
57],[20,60],[60,99],[9
9,20],[28,158],[158,15
7],[157,28],[35,226],[
226,113],[113,35],[160
,159],[159,27],[27,160
],[204,202],[202,210],
[210,204],[113,225],[2
25,46],[46,113],[43,20
2],[202,204],[204,43],
[62,76],[76,77],[77,62
],[137,123],[123,116],
[116,137],[41,38],[38,
72],[72,41],[203,129],
[129,142],[142,203],[6
4,98],[98,240],[240,64
],[49,102],[102,64],[6
4,49],[41,73],[73,74],
[74,41],[212,216],[216
,207],[207,212],[42,74
],[74,184],[184,42],[1
69,170],[170,211],[211
,169],[170,149],[149,1
76],[176,170],[105,66]
,[66,69],[69,105],[122
,6],[6,168],[168,122],
[123,147],[147,187],[1
87,123],[96,77],[77,90
],[90,96],[65,55],[55,
107],[107,65],[89,90],
[90,180],[180,89],[101
,100],[100,120],[120,1
01],[63,105],[105,104]
,[104,63],[93,137],[13
7,227],[227,93],[15,86
],[86,85],[85,15],[129
,102],[102,49],[49,129
],[14,87],[87,86],[86,
14],[55,8],[8,9],[9,55
],[100,47],[47,121],[1
21,100],[145,23],[23,2
2],[22,145],[88,89],[8
9,179],[179,88],[6,122
],[122,196],[196,6],[8
8,95],[95,96],[96,88],
[138,172],[172,136],[1
36,138],[215,58],[58,1
72],[172,215],[115,48]
,[48,219],[219,115],[4
2,80],[80,81],[81,42],
[195,3],[3,51],[51,195
],[43,146],[146,61],[6
1,43],[171,175],[175,1
99],[199,171],[81,82],
[82,38],[38,81],[53,46
],[46,225],[225,53],[1
44,163],[163,110],[110
,144],[52,65],[65,66],
[66,52],[229,228],[228
,117],[117,229],[34,12
7],[127,234],[234,34],
[107,108],[108,69],[69
,107],[109,108],[108,1
51],[151,109],[48,64],
[64,235],[235,48],[62,
78],[78,191],[191,62],
[129,209],[209,126],[1
26,129],[111,35],[35,1
43],[143,111],[117,123
],[123,50],[50,117],[2
22,65],[65,52],[52,222
],[19,125],[125,141],[
141,19],[221,55],[55,6
5],[65,221],[3,195],[1
95,197],[197,3],[25,7]
,[7,33],[33,25],[220,2
37],[237,44],[44,220],
[70,71],[71,139],[139,
70],[122,193],[193,245
],[245,122],[247,130],
[130,33],[33,247],[71,
21],[21,162],[162,71],
[170,169],[169,150],[1
50,170],[188,174],[174
,196],[196,188],[216,1
86],[186,92],[92,216],
[2,97],[97,167],[167,2
],[141,125],[125,241],
[241,141],[164,167],[1
67,37],[37,164],[72,38
],[38,12],[12,72],[38,
82],[82,13],[13,38],[6
3,68],[68,71],[71,63],
[226,35],[35,111],[111
,226],[101,50],[50,205
],[205,101],[206,92],[
92,165],[165,206],[209
,198],[198,217],[217,2
09],[165,167],[167,97]
,[97,165],[220,115],[1
15,218],[218,220],[133
,112],[112,243],[243,1
33],[239,238],[238,241
],[241,239],[214,135],
[135,169],[169,214],[1
90,173],[173,133],[133
,190],[171,208],[208,3
2],[32,171],[125,44],[
44,237],[237,125],[86,
87],[87,178],[178,86],
[85,86],[86,179],[179,
85],[84,85],[85,180],[
180,84],[83,84],[84,18
1],[181,83],[201,83],[
83,182],[182,201],[137
,93],[93,132],[132,137
],[76,62],[62,183],[18
3,76],[61,76],[76,184]
,[184,61],[57,61],[61,
185],[185,57],[212,57]
,[57,186],[186,212],[2
14,207],[207,187],[187
,214],[34,143],[143,15
6],[156,34],[79,239],[
239,237],[237,79],[123
,137],[137,177],[177,1
23],[44,1],[1,4],[4,44
],[201,194],[194,32],[
32,201],[64,102],[102,
129],[129,64],[213,215
],[215,138],[138,213],
[59,166],[166,219],[21
9,59],[242,99],[99,97]
,[97,242],[2,94],[94,1
41],[141,2],[75,59],[5
9,235],[235,75],[24,11
0],[110,228],[228,24],
[25,130],[130,226],[22
6,25],[23,24],[24,229]
,[229,23],[22,23],[23,
230],[230,22],[26,22],
[22,231],[231,26],[112
,26],[26,232],[232,112
],[189,190],[190,243],
[243,189],[221,56],[56
,190],[190,221],[28,56
],[56,221],[221,28],[2
7,28],[28,222],[222,27
],[29,27],[27,223],[22
3,29],[30,29],[29,224]
,[224,30],[247,30],[30
,225],[225,247],[238,7
9],[79,20],[20,238],[1
66,59],[59,75],[75,166
],[60,75],[75,240],[24
0,60],[147,177],[177,2
15],[215,147],[20,79],
[79,166],[166,20],[187
,147],[147,213],[213,1
87],[112,233],[233,244
],[244,112],[233,128],
[128,245],[245,233],[1
28,114],[114,188],[188
,128],[114,217],[217,1
74],[174,114],[131,115
],[115,220],[220,131],
[217,198],[198,236],[2
36,217],[198,131],[131
,134],[134,198],[177,1
32],[132,58],[58,177],
[143,35],[35,124],[124
,143],[110,163],[163,7
],[7,110],[228,110],[1
10,25],[25,228],[356,3
89],[389,368],[368,356
],[11,302],[302,267],[
267,11],[452,350],[350
,349],[349,452],[302,3
03],[303,269],[269,302
],[357,343],[343,277],
[277,357],[452,453],[4
53,357],[357,452],[333
,332],[332,297],[297,3
33],[175,152],[152,377
],[377,175],[347,348],
[348,330],[330,347],[3
03,304],[304,270],[270
,303],[9,336],[336,337
],[337,9],[278,279],[2
79,360],[360,278],[418
,262],[262,431],[431,4
18],[304,408],[408,409
],[409,304],[310,415],
[415,407],[407,310],[2
70,409],[409,410],[410
,270],[450,348],[348,3
47],[347,450],[422,430
],[430,434],[434,422],
[313,314],[314,17],[17
,313],[306,307],[307,3
75],[375,306],[387,388
],[388,260],[260,387],
[286,414],[414,398],[3
98,286],[335,406],[406
,418],[418,335],[364,3
67],[367,416],[416,364
],[423,358],[358,327],
[327,423],[251,284],[2
84,298],[298,251],[281
,5],[5,4],[4,281],[373
,374],[374,253],[253,3
73],[307,320],[320,321
],[321,307],[425,427],
[427,411],[411,425],[4
21,313],[313,18],[18,4
21],[321,405],[405,406
],[406,321],[320,404],
[404,405],[405,320],[3
15,16],[16,17],[17,315
],[426,425],[425,266],
[266,426],[377,400],[4
00,369],[369,377],[322
,391],[391,269],[269,3
22],[417,465],[465,464
],[464,417],[386,257],
[257,258],[258,386],[4
66,260],[260,388],[388
,466],[456,399],[399,4
19],[419,456],[284,332
],[332,333],[333,284],
[417,285],[285,8],[8,4
17],[346,340],[340,261
],[261,346],[413,441],
[441,285],[285,413],[3
27,460],[460,328],[328
,327],[355,371],[371,3
29],[329,355],[392,439
],[439,438],[438,392],
[382,341],[341,256],[2
56,382],[429,420],[420
,360],[360,429],[364,3
94],[394,379],[379,364
],[277,343],[343,437],
[437,277],[443,444],[4
44,283],[283,443],[275
,440],[440,363],[363,2
75],[431,262],[262,369
],[369,431],[297,338],
[338,337],[337,297],[2
73,375],[375,321],[321
,273],[450,451],[451,3
49],[349,450],[446,342
],[342,467],[467,446],
[293,334],[334,282],[2
82,293],[458,461],[461
,462],[462,458],[276,3
53],[353,383],[383,276
],[308,324],[324,325],
[325,308],[276,300],[3
00,293],[293,276],[372
,345],[345,447],[447,3
72],[352,345],[345,340
],[340,352],[274,1],[1
,19],[19,274],[456,248
],[248,281],[281,456],
[436,427],[427,425],[4
25,436],[381,256],[256
,252],[252,381],[269,3
91],[391,393],[393,269
],[200,199],[199,428],
[428,200],[266,330],[3
30,329],[329,266],[287
,273],[273,422],[422,2
87],[250,462],[462,328
],[328,250],[258,286],
[286,384],[384,258],[2
65,353],[353,342],[342
,265],[387,259],[259,2
57],[257,387],[424,431
],[431,430],[430,424],
[342,353],[353,276],[2
76,342],[273,335],[335
,424],[424,273],[292,3
25],[325,307],[307,292
],[366,447],[447,345],
[345,366],[271,303],[3
03,302],[302,271],[423
,266],[266,371],[371,4
23],[294,455],[455,460
],[460,294],[279,278],
[278,294],[294,279],[2
71,272],[272,304],[304
,271],[432,434],[434,4
27],[427,432],[272,407
],[407,408],[408,272],
[394,430],[430,431],[4
31,394],[395,369],[369
,400],[400,395],[334,3
33],[333,299],[299,334
],[351,417],[417,168],
[168,351],[352,280],[2
80,411],[411,352],[325
,319],[319,320],[320,3
25],[295,296],[296,336
],[336,295],[319,403],
[403,404],[404,319],[3
30,348],[348,349],[349
,330],[293,298],[298,3
33],[333,293],[323,454
],[454,447],[447,323],
[15,16],[16,315],[315,
15],[358,429],[429,279
],[279,358],[14,15],[1
5,316],[316,14],[285,3
36],[336,9],[9,285],[3
29,349],[349,350],[350
,329],[374,380],[380,2
52],[252,374],[318,402
],[402,403],[403,318],
[6,197],[197,419],[419
,6],[318,319],[319,325
],[325,318],[367,364],
[364,365],[365,367],[4
35,367],[367,397],[397
,435],[344,438],[438,4
39],[439,344],[272,271
],[271,311],[311,272],
[195,5],[5,281],[281,1
95],[273,287],[287,291
],[291,273],[396,428],
[428,199],[199,396],[3
11,271],[271,268],[268
,311],[283,444],[444,4
45],[445,283],[373,254
],[254,339],[339,373],
[282,334],[334,296],[2
96,282],[449,347],[347
,346],[346,449],[264,4
47],[447,454],[454,264
],[336,296],[296,299],
[299,336],[338,10],[10
,151],[151,338],[278,4
39],[439,455],[455,278
],[292,407],[407,415],
[415,292],[358,371],[3
71,355],[355,358],[340
,345],[345,372],[372,3
40],[346,347],[347,280
],[280,346],[442,443],
[443,282],[282,442],[1
9,94],[94,370],[370,19
],[441,442],[442,295],
[295,441],[248,419],[4
19,197],[197,248],[263
,255],[255,359],[359,2
63],[440,275],[275,274
],[274,440],[300,383],
[383,368],[368,300],[3
51,412],[412,465],[465
,351],[263,467],[467,4
66],[466,263],[301,368
],[368,389],[389,301],
[395,378],[378,379],[3
79,395],[412,351],[351
,419],[419,412],[436,4
26],[426,322],[322,436
],[2,164],[164,393],[3
93,2],[370,462],[462,4
61],[461,370],[164,0],
[0,267],[267,164],[302
,11],[11,12],[12,302],
[268,12],[12,13],[13,2
68],[293,300],[300,301
],[301,293],[446,261],
[261,340],[340,446],[3
30,266],[266,425],[425
,330],[426,423],[423,3
91],[391,426],[429,355
],[355,437],[437,429],
[391,327],[327,326],[3
26,391],[440,457],[457
,438],[438,440],[341,3
82],[382,362],[362,341
],[459,457],[457,461],
[461,459],[434,430],[4
30,394],[394,434],[414
,463],[463,362],[362,4
14],[396,369],[369,262
],[262,396],[354,461],
[461,457],[457,354],[3
16,403],[403,402],[402
,316],[315,404],[404,4
03],[403,315],[314,405
],[405,404],[404,314],
[313,406],[406,405],[4
05,313],[421,418],[418
,406],[406,421],[366,4
01],[401,361],[361,366
],[306,408],[408,407],
[407,306],[291,409],[4
09,408],[408,291],[287
,410],[410,409],[409,2
87],[432,436],[436,410
],[410,432],[434,416],
[416,411],[411,434],[2
64,368],[368,383],[383
,264],[309,438],[438,4
57],[457,309],[352,376
],[376,401],[401,352],
[274,275],[275,4],[4,2
74],[421,428],[428,262
],[262,421],[294,327],
[327,358],[358,294],[4
33,416],[416,367],[367
,433],[289,455],[455,4
39],[439,289],[462,370
],[370,326],[326,462],
[2,326],[326,370],[370
,2],[305,460],[460,455
],[455,305],[254,449],
[449,448],[448,254],[2
55,261],[261,446],[446
,255],[253,450],[450,4
49],[449,253],[252,451
],[451,450],[450,252],
[256,452],[452,451],[4
51,256],[341,453],[453
,452],[452,341],[413,4
64],[464,463],[463,413
],[441,413],[413,414],
[414,441],[258,442],[4
42,441],[441,258],[257
,443],[443,442],[442,2
57],[259,444],[444,443
],[443,259],[260,445],
[445,444],[444,260],[4
67,342],[342,445],[445
,467],[459,458],[458,2
50],[250,459],[289,392
],[392,290],[290,289],
[290,328],[328,460],[4
60,290],[376,433],[433
,435],[435,376],[250,2
90],[290,392],[392,250
],[411,416],[416,433],
[433,411],[341,463],[4
63,464],[464,341],[453
,464],[464,465],[465,4
53],[357,465],[465,412
],[412,357],[343,412],
[412,399],[399,343],[3
60,363],[363,440],[440
,360],[437,399],[399,4
56],[456,437],[420,456
],[456,363],[363,420],
[401,435],[435,288],[2
88,401],[372,383],[383
,353],[353,372],[339,2
55],[255,249],[249,339
],[448,261],[261,255],
[255,448],[133,243],[2
43,190],[190,133],[133
,155],[155,112],[112,1
33],[33,246],[246,247]
,[247,33],[33,130],[13
0,25],[25,33],[398,384
],[384,286],[286,398],
[362,398],[398,414],[4
14,362],[362,463],[463
,341],[341,362],[263,3
59],[359,467],[467,263
],[263,249],[249,255],
[255,263],[466,467],[4
67,260],[260,466],[75,
60],[60,166],[166,75],
[238,239],[239,79],[79
,238],[162,127],[127,1
39],[139,162],[72,11],
[11,37],[37,72],[121,2
32],[232,120],[120,121
],[73,72],[72,39],[39,
73],[114,128],[128,47]
,[47,114],[233,232],[2
32,128],[128,233],[103
,104],[104,67],[67,103
],[152,175],[175,148],
[148,152],[119,118],[1
18,101],[101,119],[74,
73],[73,40],[40,74],[1
07,9],[9,108],[108,107
],[49,48],[48,131],[13
1,49],[32,194],[194,21
1],[211,32],[184,74],[
74,185],[185,184],[191
,80],[80,183],[183,191
],[185,40],[40,186],[1
86,185],[119,230],[230
,118],[118,119],[210,2
02],[202,214],[214,210
],[84,83],[83,17],[17,
84],[77,76],[76,146],[
146,77],[161,160],[160
,30],[30,161],[190,56]
,[56,173],[173,190],[1
82,106],[106,194],[194
,182],[138,135],[135,1
92],[192,138],[129,203
],[203,98],[98,129],[5
4,21],[21,68],[68,54],
[5,51],[51,4],[4,5],[1
45,144],[144,23],[23,1
45],[90,77],[77,91],[9
1,90],[207,205],[205,1
87],[187,207],[83,201]
,[201,18],[18,83],[181
,91],[91,182],[182,181
],[180,90],[90,181],[1
81,180],[16,85],[85,17
],[17,16],[205,206],[2
06,36],[36,205],[176,1
48],[148,140],[140,176
],[165,92],[92,39],[39
,165],[245,193],[193,2
44],[244,245],[27,159]
,[159,28],[28,27],[30,
247],[247,161],[161,30
],[174,236],[236,196],
[196,174],[103,54],[54
,104],[104,103],[55,19
3],[193,8],[8,55],[111
,117],[117,31],[31,111
],[221,189],[189,55],[
55,221],[240,98],[98,9
9],[99,240],[142,126],
[126,100],[100,142],[2
19,166],[166,218],[218
,219],[112,155],[155,2
6],[26,112],[198,209],
[209,131],[131,198],[1
69,135],[135,150],[150
,169],[114,47],[47,217
],[217,114],[224,223],
[223,53],[53,224],[220
,45],[45,134],[134,220
],[32,211],[211,140],[
140,32],[109,67],[67,1
08],[108,109],[146,43]
,[43,91],[91,146],[231
,230],[230,120],[120,2
31],[113,226],[226,247
],[247,113],[105,63],[
63,52],[52,105],[241,2
38],[238,242],[242,241
],[124,46],[46,156],[1
56,124],[95,78],[78,96
],[96,95],[70,46],[46,
63],[63,70],[116,143],
[143,227],[227,116],[1
16,123],[123,111],[111
,116],[1,44],[44,19],[
19,1],[3,236],[236,51]
,[51,3],[207,216],[216
,205],[205,207],[26,15
4],[154,22],[22,26],[1
65,39],[39,167],[167,1
65],[199,200],[200,208
],[208,199],[101,36],[
36,100],[100,101],[43,
57],[57,202],[202,43],
[242,20],[20,99],[99,2
42],[56,28],[28,157],[
157,56],[124,35],[35,1
13],[113,124],[29,160]
,[160,27],[27,29],[211
,204],[204,210],[210,2
11],[124,113],[113,46]
,[46,124],[106,43],[43
,204],[204,106],[96,62
],[62,77],[77,96],[227
,137],[137,116],[116,2
27],[73,41],[41,72],[7
2,73],[36,203],[203,14
2],[142,36],[235,64],[
64,240],[240,235],[48,
49],[49,64],[64,48],[4
2,41],[41,74],[74,42],
[214,212],[212,207],[2
07,214],[183,42],[42,1
84],[184,183],[210,169
],[169,211],[211,210],
[140,170],[170,176],[1
76,140],[104,105],[105
,69],[69,104],[193,122
],[122,168],[168,193],
[50,123],[123,187],[18
7,50],[89,96],[96,90],
[90,89],[66,65],[65,10
7],[107,66],[179,89],[
89,180],[180,179],[119
,101],[101,120],[120,1
19],[68,63],[63,104],[
104,68],[234,93],[93,2
27],[227,234],[16,15],
[15,85],[85,16],[209,1
29],[129,49],[49,209],
[15,14],[14,86],[86,15
],[107,55],[55,9],[9,1
07],[120,100],[100,121
],[121,120],[153,145],
[145,22],[22,153],[178
,88],[88,179],[179,178
],[197,6],[6,196],[196
,197],[89,88],[88,96],
[96,89],[135,138],[138
,136],[136,135],[138,2
15],[215,172],[172,138
],[218,115],[115,219],
[219,218],[41,42],[42,
81],[81,41],[5,195],[1
95,51],[51,5],[57,43],
[43,61],[61,57],[208,1
71],[171,199],[199,208
],[41,81],[81,38],[38,
41],[224,53],[53,225],
[225,224],[24,144],[14
4,110],[110,24],[105,5
2],[52,66],[66,105],[1
18,229],[229,117],[117
,118],[227,34],[34,234
],[234,227],[66,107],[
107,69],[69,66],[10,10
9],[109,151],[151,10],
[219,48],[48,235],[235
,219],[183,62],[62,191
],[191,183],[142,129],
[129,126],[126,142],[1
16,111],[111,143],[143
,116],[118,117],[117,5
0],[50,118],[223,222],
[222,52],[52,223],[94,
19],[19,141],[141,94],
[222,221],[221,65],[65
,222],[196,3],[3,197],
[197,196],[45,220],[22
0,44],[44,45],[156,70]
,[70,139],[139,156],[1
88,122],[122,245],[245
,188],[139,71],[71,162
],[162,139],[149,170],
[170,150],[150,149],[1
22,188],[188,196],[196
,122],[206,216],[216,9
2],[92,206],[164,2],[2
,167],[167,164],[242,1
41],[141,241],[241,242
],[0,164],[164,37],[37
,0],[11,72],[72,12],[1
2,11],[12,38],[38,13],
[13,12],[70,63],[63,71
],[71,70],[31,226],[22
6,111],[111,31],[36,10
1],[101,205],[205,36],
[203,206],[206,165],[1
65,203],[126,209],[209
,217],[217,126],[98,16
5],[165,97],[97,98],[2
37,220],[220,218],[218
,237],[237,239],[239,2
41],[241,237],[210,214
],[214,169],[169,210],
[140,171],[171,32],[32
,140],[241,125],[125,2
37],[237,241],[179,86]
,[86,178],[178,179],[1
80,85],[85,179],[179,1
80],[181,84],[84,180],
[180,181],[182,83],[83
,181],[181,182],[194,2
01],[201,182],[182,194
],[177,137],[137,132],
[132,177],[184,76],[76
,183],[183,184],[185,6
1],[61,184],[184,185],
[186,57],[57,185],[185
,186],[216,212],[212,1
86],[186,216],[192,214
],[214,187],[187,192],
[139,34],[34,156],[156
,139],[218,79],[79,237
],[237,218],[147,123],
[123,177],[177,147],[4
5,44],[44,4],[4,45],[2
08,201],[201,32],[32,2
08],[98,64],[64,129],[
129,98],[192,213],[213
,138],[138,192],[235,5
9],[59,219],[219,235],
[141,242],[242,97],[97
,141],[97,2],[2,141],[
141,97],[240,75],[75,2
35],[235,240],[229,24]
,[24,228],[228,229],[3
1,25],[25,226],[226,31
],[230,23],[23,229],[2
29,230],[231,22],[22,2
30],[230,231],[232,26]
,[26,231],[231,232],[2
33,112],[112,232],[232
,233],[244,189],[189,2
43],[243,244],[189,221
],[221,190],[190,189],
[222,28],[28,221],[221
,222],[223,27],[27,222
],[222,223],[224,29],[
29,223],[223,224],[225
,30],[30,224],[224,225
],[113,247],[247,225],
[225,113],[99,60],[60,
240],[240,99],[213,147
],[147,215],[215,213],
[60,20],[20,166],[166,
60],[192,187],[187,213
],[213,192],[243,112],
[112,244],[244,243],[2
44,233],[233,245],[245
,244],[245,128],[128,1
88],[188,245],[188,114
],[114,174],[174,188],
[134,131],[131,220],[2
20,134],[174,217],[217
,236],[236,174],[236,1
98],[198,134],[134,236
],[215,177],[177,58],[
58,215],[156,143],[143
,124],[124,156],[25,11
0],[110,7],[7,25],[31,
228],[228,25],[25,31],
[264,356],[356,368],[3
68,264],[0,11],[11,267
],[267,0],[451,452],[4
52,349],[349,451],[267
,302],[302,269],[269,2
67],[350,357],[357,277
],[277,350],[350,452],
[452,357],[357,350],[2
99,333],[333,297],[297
,299],[396,175],[175,3
77],[377,396],[280,347
],[347,330],[330,280],
[269,303],[303,270],[2
70,269],[151,9],[9,337
],[337,151],[344,278],
[278,360],[360,344],[4
24,418],[418,431],[431
,424],[270,304],[304,4
09],[409,270],[272,310
],[310,407],[407,272],
[322,270],[270,410],[4
10,322],[449,450],[450
,347],[347,449],[432,4
22],[422,434],[434,432
],[18,313],[313,17],[1
7,18],[291,306],[306,3
75],[375,291],[259,387
],[387,260],[260,259],
[424,335],[335,418],[4
18,424],[434,364],[364
,416],[416,434],[391,4
23],[423,327],[327,391
],[301,251],[251,298],
[298,301],[275,281],[2
81,4],[4,275],[254,373
],[373,253],[253,254],
[375,307],[307,321],[3
21,375],[280,425],[425
,411],[411,280],[200,4
21],[421,18],[18,200],
[335,321],[321,406],[4
06,335],[321,320],[320
,405],[405,321],[314,3
15],[315,17],[17,314],
[423,426],[426,266],[2
66,423],[396,377],[377
,369],[369,396],[270,3
22],[322,269],[269,270
],[413,417],[417,464],
[464,413],[385,386],[3
86,258],[258,385],[248
,456],[456,419],[419,2
48],[298,284],[284,333
],[333,298],[168,417],
[417,8],[8,168],[448,3
46],[346,261],[261,448
],[417,413],[413,285],
[285,417],[326,327],[3
27,328],[328,326],[277
,355],[355,329],[329,2
77],[309,392],[392,438
],[438,309],[381,382],
[382,256],[256,381],[2
79,429],[429,360],[360
,279],[365,364],[364,3
79],[379,365],[355,277
],[277,437],[437,355],
[282,443],[443,283],[2
83,282],[281,275],[275
,363],[363,281],[395,4
31],[431,369],[369,395
],[299,297],[297,337],
[337,299],[335,273],[2
73,321],[321,335],[348
,450],[450,349],[349,3
48],[359,446],[446,467
],[467,359],[283,293],
[293,282],[282,283],[2
50,458],[458,462],[462
,250],[300,276],[276,3
83],[383,300],[292,308
],[308,325],[325,292],
[283,276],[276,293],[2
93,283],[264,372],[372
,447],[447,264],[346,3
52],[352,340],[340,346
],[354,274],[274,19],[
19,354],[363,456],[456
,281],[281,363],[426,4
36],[436,425],[425,426
],[380,381],[381,252],
[252,380],[267,269],[2
69,393],[393,267],[421
,200],[200,428],[428,4
21],[371,266],[266,329
],[329,371],[432,287],
[287,422],[422,432],[2
90,250],[250,328],[328
,290],[385,258],[258,3
84],[384,385],[446,265
],[265,342],[342,446],
[386,387],[387,257],[2
57,386],[422,424],[424
,430],[430,422],[445,3
42],[342,276],[276,445
],[422,273],[273,424],
[424,422],[306,292],[2
92,307],[307,306],[352
,366],[366,345],[345,3
52],[268,271],[271,302
],[302,268],[358,423],
[423,371],[371,358],[3
27,294],[294,460],[460
,327],[331,279],[279,2
94],[294,331],[303,271
],[271,304],[304,303],
[436,432],[432,427],[4
27,436],[304,272],[272
,408],[408,304],[395,3
94],[394,431],[431,395
],[378,395],[395,400],
[400,378],[296,334],[3
34,299],[299,296],[6,3
51],[351,168],[168,6],
[376,352],[352,411],[4
11,376],[307,325],[325
,320],[320,307],[285,2
95],[295,336],[336,285
],[320,319],[319,404],
[404,320],[329,330],[3
30,349],[349,329],[334
,293],[293,333],[333,3
34],[366,323],[323,447
],[447,366],[316,15],[
15,315],[315,316],[331
,358],[358,279],[279,3
31],[317,14],[14,316],
[316,317],[8,285],[285
,9],[9,8],[277,329],[3
29,350],[350,277],[253
,374],[374,252],[252,2
53],[319,318],[318,403
],[403,319],[351,6],[6
,419],[419,351],[324,3
18],[318,325],[325,324
],[397,367],[367,365],
[365,397],[288,435],[4
35,397],[397,288],[278
,344],[344,439],[439,2
78],[310,272],[272,311
],[311,310],[248,195],
[195,281],[281,248],[3
75,273],[273,291],[291
,375],[175,396],[396,1
99],[199,175],[312,311
],[311,268],[268,312],
[276,283],[283,445],[4
45,276],[390,373],[373
,339],[339,390],[295,2
82],[282,296],[296,295
],[448,449],[449,346],
[346,448],[356,264],[2
64,454],[454,356],[337
,336],[336,299],[299,3
37],[337,338],[338,151
],[151,337],[294,278],
[278,455],[455,294],[3
08,292],[292,415],[415
,308],[429,358],[358,3
55],[355,429],[265,340
],[340,372],[372,265],
[352,346],[346,280],[2
80,352],[295,442],[442
,282],[282,295],[354,1
9],[19,370],[370,354],
[285,441],[441,295],[2
95,285],[195,248],[248
,197],[197,195],[457,4
40],[440,274],[274,457
],[301,300],[300,368],
[368,301],[417,351],[3
51,465],[465,417],[251
,301],[301,389],[389,2
51],[394,395],[395,379
],[379,394],[399,412],
[412,419],[419,399],[4
10,436],[436,322],[322
,410],[326,2],[2,393],
[393,326],[354,370],[3
70,461],[461,354],[393
,164],[164,267],[267,3
93],[268,302],[302,12]
,[12,268],[312,268],[2
68,13],[13,312],[298,2
93],[293,301],[301,298
],[265,446],[446,340],
[340,265],[280,330],[3
30,425],[425,280],[322
,426],[426,391],[391,3
22],[420,429],[429,437
],[437,420],[393,391],
[391,326],[326,393],[3
44,440],[440,438],[438
,344],[458,459],[459,4
61],[461,458],[364,434
],[434,394],[394,364],
[428,396],[396,262],[2
62,428],[274,354],[354
,457],[457,274],[317,3
16],[316,402],[402,317
],[316,315],[315,403],
[403,316],[315,314],[3
14,404],[404,315],[314
,313],[313,405],[405,3
14],[313,421],[421,406
],[406,313],[323,366],
[366,361],[361,323],[2
92,306],[306,407],[407
,292],[306,291],[291,4
08],[408,306],[291,287
],[287,409],[409,291],
[287,432],[432,410],[4
10,287],[427,434],[434
,411],[411,427],[372,2
64],[264,383],[383,372
],[459,309],[309,457],
[457,459],[366,352],[3
52,401],[401,366],[1,2
74],[274,4],[4,1],[418
,421],[421,262],[262,4
18],[331,294],[294,358
],[358,331],[435,433],
[433,367],[367,435],[3
92,289],[289,439],[439
,392],[328,462],[462,3
26],[326,328],[94,2],[
2,370],[370,94],[289,3
05],[305,455],[455,289
],[339,254],[254,448],
[448,339],[359,255],[2
55,446],[446,359],[254
,253],[253,449],[449,2
54],[253,252],[252,450
],[450,253],[252,256],
[256,451],[451,252],[2
56,341],[341,452],[452
,256],[414,413],[413,4
63],[463,414],[286,441
],[441,414],[414,286],
[286,258],[258,441],[4
41,286],[258,257],[257
,442],[442,258],[257,2
59],[259,443],[443,257
],[259,260],[260,444],
[444,259],[260,467],[4
67,445],[445,260],[309
,459],[459,250],[250,3
09],[305,289],[289,290
],[290,305],[305,290],
[290,460],[460,305],[4
01,376],[376,435],[435
,401],[309,250],[250,3
92],[392,309],[376,411
],[411,433],[433,376],
[453,341],[341,464],[4
64,453],[357,453],[453
,465],[465,357],[343,3
57],[357,412],[412,343
],[437,343],[343,399],
[399,437],[344,360],[3
60,440],[440,344],[420
,437],[437,456],[456,4
20],[360,420],[420,363
],[363,360],[361,401],
[401,288],[288,361],[2
65,372],[372,353],[353
,265],[390,339],[339,2
49],[249,390],[339,448
],[448,255],[255,339]]
),E("[39m[33mVERSION
[39m[32m","[39m[35
m0.4[39m[35m.1646425
229[39m[32m")}).call
(D);var z=function(){r
eturn z=Object.assign|
|function(t){for(var e
,n=1,r=arguments.lengt
h;n<r;n++)for(var i in
 e=arguments[n])Object
.prototype.hasOwnPrope
rty.call(e,i)&&(t[i]=e
[i]);return t},z.apply
(this,arguments)};func
tion U(t,e,n,r){return
 new(n||(n=Promise))((
function(i,o){function
 a(t){try{s(r.next(t))
}catch(t){o(t)}}functi
on u(t){try{s(r.throw(
t))}catch(t){o(t)}}fun
ction s(t){var e;t.don
e?i(t.value):(e=t.valu
e,e instanceof n?e:new
 n((function(t){t(e)})
)).then(a,u)}s((r=r.ap
ply(t,e||[])).next())}
))}function N(t,e){var
 n,r,i,o,a={label:0,se
nt:function(){if(1&i[0
])throw i[1];return i[
1]},trys:[],ops:[]};re
turn o={next:u(0),thro
w:u(1),return:u(2)},"
[39m[36mfunction[39m
[32m"==typeof Symbol&
&(o[Symbol.iterator]=f
unction(){return this}
),o;function u(o){retu
rn function(u){return 
function(o){if(n)throw
 new TypeError("[39m
[33mGenerator[39m is 
already executing[33m
.[39m[32m");for(;a;)
try{if(n=1,r&&(i=2&o[0
]?r.return:o[0]?r.thro
w||((i=r.return)&&i.ca
ll(r),0):r.next)&&!(i=
i.call(r,o[1])).done)r
eturn i;switch(r=0,i&&
(o=[2&o[0],i.value]),o
[0]){case 0:case 1:i=o
;break;case 4:return a
.label++,{value:o[1],d
one:!1};case 5:a.label
++,r=o[1],o=[0];contin
ue;case 7:o=a.ops.pop(
),a.trys.pop();continu
e;default:if(!((i=(i=a
.trys).length>0&&i[i.l
ength-1])||6!==o[0]&&2
!==o[0])){a=0;continue
}if(3===o[0]&&(!i||o[1
]>i[0]&&o[1]<i[3])){a.
label=o[1];break}if(6=
==o[0]&&a.label<i[1]){
a.label=i[1],i=o;break
}if(i&&a.label<i[2]){a
.label=i[2],a.ops.push
(o);break}i[2]&&a.ops.
pop(),a.trys.pop();con
tinue}o=e.call(t,a)}ca
tch(t){o=[6,t],r=0}fin
ally{n=i=0}if(5&o[0])t
hrow o[1];return{value
:o[0]?o[1]:void 0,done
:!0}}([o,u])}}}var V=[
"[39mrightEye[32m","
[39mleftEye[32m","[
39mnoseTip[32m","[39
mmouthCenter[32m","[
39mrightEarTragion[32
m","[39mleftEarTragio
n[32m"],H={modelType:
"[39mshort[32m",runt
ime:"[39mmediapipe[3
2m",maxFaces:1},K=func
tion(){function t(t){v
ar e=this;this.width=0
,this.height=0,this.se
lfieMode=!1,this.faceD
etectorSolution=new P.
FaceDetection({locateF
ile:function(e,n){if(t
.solutionPath){var r=t
.solutionPath.replace(
/\/+$/,"[39m[32m");r
eturn"[39m[32m".conc
at(r,"[39m[33m/[39m
[32m").concat(e)}retu
rn"[39m[32m".concat(
n,"[39m[33m/[39m[3
2m").concat(e)}}),this
.faceDetectorSolution.
setOptions({selfieMode
:this.selfieMode,model
:t.modelType}),this.fa
ceDetectorSolution.onR
esults((function(t){if
(e.height=t.image.heig
ht,e.width=t.image.wid
th,e.faces=[],null!==t
.detections)for(var n=
0,r=t.detections;n<r.l
ength;n++){var i=r[n];
e.faces.push(e.normali
zedToAbsolute(i.landma
rks,(void 0,void 0,voi
d 0,{xMin:a=(o=i.bound
ingBox).xCenter-o.widt
h/2,xMax:a+o.width,yMi
n:u=o.yCenter-o.height
/2,yMax:u+o.height,wid
th:o.width,height:o.he
ight})))}var o,a,u}))}
return t.prototype.nor
malizedToAbsolute=func
tion(t,e){var n=this;r
eturn{keypoints:t.map(
(function(t,e){return{
x:t.x*n.width,y:t.y*n.
height,name:V[e]}})),b
ox:{xMin:e.xMin*this.w
idth,yMin:e.yMin*this.
height,xMax:e.xMax*thi
s.width,yMax:e.yMax*th
is.height,width:e.widt
h*this.width,height:e.
height*this.height}}},
t.prototype.estimateFa
ces=function(t,e){retu
rn U(this,void 0,void 
0,(function(){var i,o;
return N(this,(functio
n(a){switch(a.label){c
ase 0:return e&&e.flip
Horizontal&&e.flipHori
zontal!==this.selfieMo
de&&(this.selfieMode=e
.flipHorizontal,this.f
aceDetectorSolution.se
tOptions({selfieMode:t
his.selfieMode})),t in
stanceof n?(o=ImageDat
a.bind,[4,r.toPixels(t
)]):[3,2];case 1:retur
n i=new(o.apply(ImageD
ata,[void 0,a.sent(),t
.shape[1],t.shape[0]])
),[3,3];case 2:i=t,a.l
abel=3;case 3:return t
=i,[4,this.faceDetecto
rSolution.send({image:
t})];case 4:return a.s
ent(),[2,this.faces]}}
))}))},t.prototype.dis
pose=function(){this.f
aceDetectorSolution.cl
ose()},t.prototype.res
et=function(){this.fac
eDetectorSolution.rese
t(),this.width=0,this.
height=0,this.faces=nu
ll,this.selfieMode=!1}
,t.prototype.initializ
e=function(){return th
is.faceDetectorSolutio
n.initialize()},t}();f
unction W(t){return U(
this,void 0,void 0,(fu
nction(){var e,n;retur
n N(this,(function(r){
switch(r.label){case 0
:return e=function(t){
if(null==t)return z({}
,H);var e=z({},t);retu
rn e.runtime="[39mmed
iapipe[32m",null==e.m
odelType&&(e.modelType
=H.modelType),null==e.
maxFaces&&(e.maxFaces=
H.maxFaces),e}(t),[4,(
n=new K(e)).initialize
()];case 1:return r.se
nt(),[2,n]}}))}))}func
tion G(t){return t ins
tanceof n?{height:t.sh
ape[0],width:t.shape[1
]}:{height:t.height,wi
dth:t.width}}function 
X(t){return t instance
of n?t:r.fromPixels(t)
}function Y(t,e){M.ass
ert(0!==t.width,(funct
ion(){return"[39m[32
m".concat(e,"[39m wid
th cannot be [35m0.[
39m[32m")})),M.assert
(0!==t.height,(functio
n(){return"[39m[32m"
.concat(e,"[39m heigh
t cannot be [35m0.[3
9m[32m")}))}function 
J(t,e,n){var r=e.outpu
tTensorSize,i=e.keepAs
pectRatio,o=e.borderMo
de,h=e.outputTensorFlo
atRange,f=G(t),g=funct
ion(t,e){return e?{xCe
nter:e.xCenter*t.width
,yCenter:e.yCenter*t.h
eight,width:e.width*t.
width,height:e.height*
t.height,rotation:e.ro
tation}:{xCenter:.5*t.
width,yCenter:.5*t.hei
ght,width:t.width,heig
ht:t.height,rotation:0
}}(f,n),v=function(t,e
,n){if(void 0===n&&(n=
!1),!n)return{top:0,le
ft:0,right:0,bottom:0}
;var r=e.height,i=e.wi
dth;Y(e,"[39mtargetSi
ze[32m"),Y(t,"[39mro
i[32m");var o,a,u=r/i
,s=t.height/t.width,c=
0,h=0;return u>s?(o=t.
width,a=t.width*u,h=(1
-s/u)/2):(o=t.height/u
,a=t.height,c=(1-u/s)/
2),t.width=o,t.height=
a,{top:h,left:c,right:
c,bottom:h}}(g,r,i),m=
function(t,e,n,r){var 
i=t.width,o=t.height,a
=r?-1:1,u=Math.cos(t.r
otation),s=Math.sin(t.
rotation),c=t.xCenter,
h=t.yCenter,l=1/e,f=1/
n,d=new Array(16);retu
rn d[0]=i*u*a*l,d[1]=-
o*s*l,d[2]=0,d[3]=(-.5
*i*u*a+.5*o*s+c)*l,d[4
]=i*s*a*f,d[5]=o*u*f,d
[6]=0,d[7]=(-.5*o*u-.5
*i*s*a+h)*f,d[8]=0,d[9
]=0,d[10]=i*l,d[11]=0,
d[12]=0,d[13]=0,d[14]=
0,d[15]=1,function(t){
if(16!==t.length)throw
 new Error("[39m[33m
Array[39m length must
 be [35m16[39m but g
ot [32m".concat(t.len
gth));return[[t[0],t[1
],t[2],t[3]],[t[4],t[5
],t[6],t[7]],[t[8],t[9
],t[10],t[11]],[t[12],
t[13],t[14],t[15]]]}(d
)}(g,f.width,f.height,
!1),y=s((function(){va
r e=X(t),n=a(function(
t,e,n){return Y(n,"[3
9minputResolution[32m
"),[1/n.width*t[0][0]*
e.width,1/n.height*t[0
][1]*e.width,t[0][3]*e
.width,1/n.width*t[1][
0]*e.height,1/n.height
*t[1][1]*e.height,t[1]
[3]*e.height,0,0]}(m,f
,r),[1,8]),i="[39mzer
o[32m"===o?"[39mcons
tant[32m":"[39mneare
st[32m",g=u.transform
(l(c(e,"[39mfloat32[
32m")),n,"[39mbilinea
r[32m",i,0,[r.height,
r.width]);return null!
=h?function(t,e){var n
=function(t,e,n,r){var
 i=(r-n)/255;return{sc
ale:i,offset:n-0*i}}(0
,0,e[0],e[1]);return s
((function(){return d(
p(t,n.scale),n.offset)
}))}(g,h):g}));return{
imageTensor:y,padding:
v,transformationMatrix
:m}}function q(t){null
==t.reduceBoxesInLowes
tLayer&&(t.reduceBoxes
InLowestLayer=!1),null
==t.interpolatedScaleA
spectRatio&&(t.interpo
latedScaleAspectRatio=
1),null==t.fixedAnchor
Size&&(t.fixedAnchorSi
ze=!1);for(var e=[],n=
0;n<t.numLayers;){for(
var r=[],i=[],o=[],a=[
],u=n;u<t.strides.leng
th&&t.strides[u]===t.s
trides[n];){var s=$(t.
minScale,t.maxScale,u,
t.strides.length);if(0
===u&&t.reduceBoxesInL
owestLayer)o.push(1),o
.push(2),o.push(.5),a.
push(.1),a.push(s),a.p
ush(s);else{for(var c=
0;c<t.aspectRatios.len
gth;++c)o.push(t.aspec
tRatios[c]),a.push(s);
if(t.interpolatedScale
AspectRatio>0){var h=u
===t.strides.length-1?
1:$(t.minScale,t.maxSc
ale,u+1,t.strides.leng
th);a.push(Math.sqrt(s
*h)),o.push(t.interpol
atedScaleAspectRatio)}
}u++}for(var l=0;l<o.l
ength;++l){var f=Math.
sqrt(o[l]);r.push(a[l]
/f),i.push(a[l]*f)}var
 d=0,p=0;if(t.featureM
apHeight.length>0)d=t.
featureMapHeight[n],p=
t.featureMapWidth[n];e
lse{var g=t.strides[n]
;d=Math.ceil(t.inputSi
zeHeight/g),p=Math.cei
l(t.inputSizeWidth/g)}
for(var v=0;v<d;++v)fo
r(var m=0;m<p;++m)for(
var y=0;y<r.length;++y
){var w={xCenter:(m+t.
anchorOffsetX)/p,yCent
er:(v+t.anchorOffsetY)
/d,width:0,height:0};t
.fixedAnchorSize?(w.wi
dth=1,w.height=1):(w.w
idth=i[y],w.height=r[y
]),e.push(w)}n=u}retur
n e}function $(t,e,n,r
){return 1===r?.5*(t+e
):t+(e-t)*n/(r-1)}func
tion Z(t,e){var n=e[0]
,r=e[1];return[n*t[0]+
r*t[1]+t[3],n*t[4]+r*t
[5]+t[7]]}function Q(t
,e,n,r){return U(this,
void 0,void 0,(functio
n(){var r,s,c,h,l;retu
rn N(this,(function(f)
{switch(f.label){case 
0:return t.sort((funct
ion(t,e){return Math.m
ax.apply(Math,e.score)
-Math.max.apply(Math,t
.score)})),r=a(t.map((
function(t){return[t.l
ocationData.relativeBo
undingBox.yMin,t.locat
ionData.relativeBoundi
ngBox.xMin,t.locationD
ata.relativeBoundingBo
x.yMax,t.locationData.
relativeBoundingBox.xM
ax]}))),s=i(t.map((fun
ction(t){return t.scor
e[0]}))),[4,u.nonMaxSu
ppressionAsync(r,s,e,n
)];case 1:return[4,(c=
f.sent()).array()];cas
e 2:return h=f.sent(),
l=t.filter((function(t
,e){return h.indexOf(e
)>-1})),o([r,s,c]),[2,
l]}}))}))}function tt(
t,e,n){return U(this,v
oid 0,void 0,(function
(){var r,i,a,u,c;retur
n N(this,(function(l){
switch(l.label){case 0
:return r=t[0],i=t[1],
a=function(t,e,n){retu
rn s((function(){var r
,i,o,a;n.reverseOutput
Order?(i=h(f(t,[0,n.bo
xCoordOffset+0],[-1,1]
)),r=h(f(t,[0,n.boxCoo
rdOffset+1],[-1,1])),a
=h(f(t,[0,n.boxCoordOf
fset+2],[-1,1])),o=h(f
(t,[0,n.boxCoordOffset
+3],[-1,1]))):(r=h(f(t
,[0,n.boxCoordOffset+0
],[-1,1])),i=h(f(t,[0,
n.boxCoordOffset+1],[-
1,1])),o=h(f(t,[0,n.bo
xCoordOffset+2],[-1,1]
)),a=h(f(t,[0,n.boxCoo
rdOffset+3],[-1,1]))),
i=d(p(g(i,n.xScale),e.
w),e.x),r=d(p(g(r,n.yS
cale),e.h),e.y),n.appl
yExponentialOnBoxSize?
(o=p(v(g(o,n.hScale)),
e.h),a=p(v(g(a,n.wScal
e)),e.w)):(o=p(g(o,n.h
Scale),e.h),a=p(g(a,n.
wScale),e.h));var u=m(
r,g(o,2)),s=m(i,g(a,2)
),c=d(r,g(o,2)),l=d(i,
g(a,2)),b=y([w(u,[n.nu
mBoxes,1]),w(s,[n.numB
oxes,1]),w(c,[n.numBox
es,1]),w(l,[n.numBoxes
,1])],1);if(n.numKeypo
ints)for(var x=0;x<n.n
umKeypoints;++x){var M
=n.keypointCoordOffset
+x*n.numValuesPerKeypo
int,A=void 0,T=void 0;
n.reverseOutputOrder?(
A=h(f(t,[0,M],[-1,1]))
,T=h(f(t,[0,M+1],[-1,1
]))):(T=h(f(t,[0,M],[-
1,1])),A=h(f(t,[0,M+1]
,[-1,1])));var E=d(p(g
(A,n.xScale),e.w),e.x)
,S=d(p(g(T,n.yScale),e
.h),e.y);b=y([b,w(E,[n
.numBoxes,1]),w(S,[n.n
umBoxes,1])],1)}return
 b}))}(i,e,n),u=s((fun
ction(){var t=r;return
 n.sigmoidScore?(null!
=n.scoreClippingThresh
&&(t=b(r,-n.scoreClipp
ingThresh,n.scoreClipp
ingThresh)),t=x(t)):t}
)),[4,et(a,u,n)];case 
1:return c=l.sent(),o(
[a,u]),[2,c]}}))}))}fu
nction et(t,e,n){retur
n U(this,void 0,void 0
,(function(){var r,i,o
,a,u,s,c,h,l,f,d,p;ret
urn N(this,(function(g
){switch(g.label){case
 0:return r=[],[4,t.da
ta()];case 1:return i=
g.sent(),[4,e.data()];
case 2:for(o=g.sent(),
a=0;a<n.numBoxes;++a)i
f(!(null!=n.minScoreTh
resh&&o[a]<n.minScoreT
hresh||(u=a*n.numCoord
s,s=nt(i[u+0],i[u+1],i
[u+2],i[u+3],o[a],n.fl
ipVertically,a),(c=s.l
ocationData.relativeBo
undingBox).width<0||c.
height<0))){if(n.numKe
ypoints>0)for((h=s.loc
ationData).relativeKey
points=[],l=n.numKeypo
ints*n.numValuesPerKey
point,f=0;f<l;f+=n.num
ValuesPerKeypoint)d=u+
n.keypointCoordOffset+
f,p={x:i[d+0],y:n.flip
Vertically?1-i[d+1]:i[
d+1]},h.relativeKeypoi
nts.push(p);r.push(s)}
return[2,r]}}))}))}fun
ction nt(t,e,n,r,i,o,a
){return{score:[i],ind
:a,locationData:{relat
iveBoundingBox:{xMin:e
,yMin:o?1-n:t,xMax:r,y
Max:o?1-t:n,width:r-e,
height:n-t}}}}var rt,i
t={reduceBoxesInLowest
Layer:!1,interpolatedS
caleAspectRatio:1,feat
ureMapHeight:[],featur
eMapWidth:[],numLayers
:4,minScale:.1484375,m
axScale:.75,inputSizeH
eight:128,inputSizeWid
th:128,anchorOffsetX:.
5,anchorOffsetY:.5,str
ides:[8,16,16,16],aspe
ctRatios:[1],fixedAnch
orSize:!0},ot={reduceB
oxesInLowestLayer:!1,i
nterpolatedScaleAspect
Ratio:0,featureMapHeig
ht:[],featureMapWidth:
[],numLayers:1,minScal
e:.1484375,maxScale:.7
5,inputSizeHeight:192,
inputSizeWidth:192,anc
horOffsetX:.5,anchorOf
fsetY:.5,strides:[4],a
spectRatios:[1],fixedA
nchorSize:!0},at={runt
ime:"[39mtfjs[32m",m
odelType:"[39mshort[
32m",maxFaces:1,detect
orModelUrl:"[39mhttps
[33m:[39m[90m//tfhu
b.dev/mediapipe/tfjs-m
odel/face_detection/sh
ort/1"},ut={applyExpon
entialOnBoxSize:!1,fli
pVertically:!1,ignoreC
lasses:[],numClasses:1
,numBoxes:896,numCoord
s:16,boxCoordOffset:0,
keypointCoordOffset:4,
numKeypoints:6,numValu
esPerKeypoint:2,sigmoi
dScore:!0,scoreClippin
gThresh:100,reverseOut
putOrder:!0,xScale:128
,yScale:128,hScale:128
,wScale:128,minScoreTh
resh:.5},st={applyExpo
nentialOnBoxSize:!1,fl
ipVertically:!1,ignore
Classes:[],numClasses:
1,numBoxes:2304,numCoo
rds:16,boxCoordOffset:
0,keypointCoordOffset:
4,numKeypoints:6,numVa
luesPerKeypoint:2,sigm
oidScore:!0,scoreClipp
ingThresh:100,reverseO
utputOrder:!0,xScale:1
92,yScale:192,hScale:1
92,wScale:192,minScore
Thresh:.6},ct={outputT
ensorSize:{width:128,h
eight:128},keepAspectR
atio:!0,outputTensorFl
oatRange:[-1,1],border
Mode:"zero"},ht={outpu
tTensorSize:{width:192
,height:192},keepAspec
tRatio:!0,outputTensor
FloatRange:[-1,1],bord
erMode:"zero"},lt=func
tion(){function t(t,e,
n){this.detectorModel=
e,this.maxFaces=n,"ful
l"===t?(this.imageToTe
nsorConfig=ht,this.ten
sorsToDetectionConfig=
st,this.anchors=q(ot))
:(this.imageToTensorCo
nfig=ct,this.tensorsTo
DetectionConfig=ut,thi
s.anchors=q(it));var r
=i(this.anchors.map((f
unction(t){return t.wi
dth}))),o=i(this.ancho
rs.map((function(t){re
turn t.height}))),a=i(
this.anchors.map((func
tion(t){return t.xCent
er}))),u=i(this.anchor
s.map((function(t){ret
urn t.yCenter})));this
.anchorTensor={x:a,y:u
,w:r,h:o}}return t.pro
totype.dispose=functio
n(){this.detectorModel
.dispose(),o([this.anc
horTensor.x,this.ancho
rTensor.y,this.anchorT
ensor.w,this.anchorTen
sor.h])},t.prototype.r
eset=function(){},t.pr
ototype.detectFaces=fu
nction(t,e){return voi
d 0===e&&(e=!1),U(this
,void 0,void 0,(functi
on(){var n,r,i,a,d,p,g
,v,m,y,w;return N(this
,(function(b){switch(b
.label){case 0:return 
null==t?(this.reset(),
[2,[]]):(n=s((function
(){var n=c(X(t),"float
32");return e&&(n=h(u.
flipLeftRight(l(n,0)),
[0])),n})),r=J(n,this.
imageToTensorConfig),i
=r.imageTensor,a=r.tra
nsformationMatrix,d=th
is.detectorModel.execu
te(i,"Identity:0"),p=f
unction(t){return s((f
unction(){var e=functi
on(t){return s((functi
on(){return[f(t,[0,0,0
],[1,-1,1]),f(t,[0,0,1
],[1,-1,-1])]}))}(t),n
=e[0],r=e[1];return{bo
xes:h(r),logits:h(n)}}
))}(d),g=p.boxes,[4,tt
([v=p.logits,g],this.a
nchorTensor,this.tenso
rsToDetectionConfig)])
;case 1:return 0===(m=
b.sent()).length?(o([n
,i,d,v,g]),[2,m]):[4,Q
(m,this.maxFaces,.3)];
case 2:return y=b.sent
(),w=function(t,e){voi
d 0===t&&(t=[]);var n,
r=(n=e,[].concat.apply
([],n));return t.forEa
ch((function(t){var e=
t.locationData;e.relat
iveKeypoints.forEach((
function(t){var e=Z(r,
[t.x,t.y]),n=e[0],i=e[
1];t.x=n,t.y=i}));var 
n=e.relativeBoundingBo
x,i=Number.MAX_VALUE,o
=Number.MAX_VALUE,a=Nu
mber.MIN_VALUE,u=Numbe
r.MIN_VALUE;[[n.xMin,n
.yMin],[n.xMin+n.width
,n.yMin],[n.xMin+n.wid
th,n.yMin+n.height],[n
.xMin,n.yMin+n.height]
].forEach((function(t)
{var e=Z(r,t),n=e[0],s
=e[1];i=Math.min(i,n),
a=Math.max(a,n),o=Math
.min(o,s),u=Math.max(u
,s)})),e.relativeBound
ingBox={xMin:i,xMax:a,
yMin:o,yMax:u,width:a-
i,height:u-o}})),t}(y,
a),o([n,i,d,v,g]),[2,w
]}}))}))},t.prototype.
estimateFaces=function
(t,e){return U(this,vo
id 0,void 0,(function(
){var n,r;return N(thi
s,(function(i){return 
n=G(t),r=!!e&&e.flipHo
rizontal,[2,this.detec
tFaces(t,r).then((func
tion(t){return t.map((
function(t){for(var e=
t.locationData.relativ
eKeypoints.map((functi
on(t,e){return z(z({},
t),{x:t.x*n.width,y:t.
y*n.height,name:V[e]})
})),r=t.locationData.r
elativeBoundingBox,i=0
,o=["width","xMax","xM
in"];i<o.length;i++)r[
o[i]]*=n.width;for(var
 a=0,u=["height","yMax
","yMin"];a<u.length;a
++)r[u[a]]*=n.height;r
eturn{keypoints:e,box:
r}}))}))]}))}))},t}();
function ft(t){return 
U(this,void 0,void 0,(
function(){var e,n,r;r
eturn N(this,(function
(i){switch(i.label){ca
se 0:return e=function
(t){if(null==t)return 
z({},at);var e=z({},t)
;return null==e.modelT
ype&&(e.modelType=at.m
odelType),null==e.maxF
aces&&(e.maxFaces=at.m
axFaces),null==e.detec
torModelUrl&&("full"==
=e.modelType?e.detecto
rModelUrl="https://tfh
ub.dev/mediapipe/tfjs-
model/face_detection/f
ull/1":e.detectorModel
Url="https://tfhub.dev
/mediapipe/tfjs-model/
face_detection/short/1
"),e}(t),n="string"==t
ypeof e.detectorModelU
rl&&e.detectorModelUrl
.indexOf("https://tfhu
b.dev")>-1,[4,T(e.dete
ctorModelUrl,{fromTFHu
b:n})];case 1:return r
=i.sent(),[2,new lt(e.
modelType,r,e.maxFaces
)]}}))}))}function dt(
t,e){return U(this,voi
d 0,void 0,(function()
{var n,r;return N(this
,(function(i){if(t===r
t.MediaPipeFaceDetecto
r){if(r=void 0,null!=(
n=e)){if("tfjs"===n.ru
ntime)return[2,ft(n)];
if("mediapipe"===n.run
time)return[2,W(n)];r=
n.runtime}throw new Er
ror("Expect modelConfi
g.runtime to be either
 'tfjs' "+"or 'mediapi
pe', but got ".concat(
r))}throw new Error(""
.concat(t," is not a s
upported model name.")
)}))}))}function pt(t)
{return t.width*t.heig
ht}function gt(t){var 
e=t.xCenter-t.width/2,
n=e+t.width,r=t.yCente
r-t.height/2;return{xM
in:e,xMax:n,yMin:r,yMa
x:r+t.height,width:t.w
idth,height:t.height}}
function vt(t,e){var n
=gt(t),r=gt(e);if(!fun
ction(t,e){return!(t.x
Max<e.xMin||e.xMax<t.x
Min||t.yMax<e.yMin||e.
yMax<t.yMin)}(n,r))ret
urn 0;var i=pt(functio
n(t,e){var n=Math.max(
t.xMin,e.xMin),r=Math.
min(t.xMax,e.xMax),i=M
ath.max(t.yMin,e.yMin)
,o=Math.min(t.yMax,e.y
Max);return{xMin:n,xMa
x:r,yMin:i,yMax:o,widt
h:Math.max(r-n,0),heig
ht:Math.max(o-i,0)}}(n
,r)),o=pt(n)+pt(r)-i;r
eturn o>0?i/o:0}functi
on mt(t,e,n,r){var i=t
.width,o=t.height,a=r?
-1:1,u=Math.cos(t.rota
tion),s=Math.sin(t.rot
ation),c=t.xCenter,h=t
.yCenter,l=1/e,f=1/n,d
=new Array(16);return 
d[0]=i*u*a*l,d[1]=-o*s
*l,d[2]=0,d[3]=(-.5*i*
u*a+.5*o*s+c)*l,d[4]=i
*s*a*f,d[5]=o*u*f,d[6]
=0,d[7]=(-.5*o*u-.5*i*
s*a+h)*f,d[8]=0,d[9]=0
,d[10]=i*l,d[11]=0,d[1
2]=0,d[13]=0,d[14]=0,d
[15]=1,function(t){if(
16!==t.length)throw ne
w Error("Array length 
must be 16 but got "+t
.length);return[[t[0],
t[1],t[2],t[3]],[t[4],
t[5],t[6],t[7]],[t[8],
t[9],t[10],t[11]],[t[1
2],t[13],t[14],t[15]]]
}(d)}function yt(t){re
turn t instanceof e.Te
nsor?{height:t.shape[0
],width:t.shape[1]}:{h
eight:t.height,width:t
.width}}function wt(t)
{return t-2*Math.PI*Ma
th.floor((t+Math.PI)/(
2*Math.PI))}function b
t(t){return t instance
of e.Tensor?t:e.browse
r.fromPixels(t)}functi
on xt(t,n){e.util.asse
rt(0!==t.width,(functi
on(){return n+" width 
cannot be 0."})),e.uti
l.assert(0!==t.height,
(function(){return n+"
 height cannot be 0."}
))}function Mt(t,n){va
r r=function(t,e,n,r){
var i=e-t,o=r-n;if(0==
=i)throw new Error("Or
iginal min and max are
 both "+t+", range can
not be 0.");var a=o/i;
return{scale:a,offset:
n-t*a}}(0,255,n[0],n[1
]);return e.tidy((func
tion(){return e.add(e.
mul(t,r.scale),r.offse
t)}))}function At(t,n,
r){var i=n.outputTenso
rSize,o=n.keepAspectRa
tio,a=n.borderMode,u=n
.outputTensorFloatRang
e,s=yt(t),c=function(t
,e){return e?{xCenter:
e.xCenter*t.width,yCen
ter:e.yCenter*t.height
,width:e.width*t.width
,height:e.height*t.hei
ght,rotation:e.rotatio
n}:{xCenter:.5*t.width
,yCenter:.5*t.height,w
idth:t.width,height:t.
height,rotation:0}}(s,
r),h=function(t,e,n){i
f(void 0===n&&(n=!1),!
n)return{top:0,left:0,
right:0,bottom:0};var 
r=e.height,i=e.width;x
t(e,"targetSize"),xt(t
,"roi");var o,a,u=r/i,
s=t.height/t.width,c=0
,h=0;return u>s?(o=t.w
idth,a=t.width*u,h=(1-
s/u)/2):(o=t.height/u,
a=t.height,c=(1-u/s)/2
),t.width=o,t.height=a
,{top:h,left:c,right:c
,bottom:h}}(c,i,o),l=m
t(c,s.width,s.height,!
1),f=e.tidy((function(
){var n=bt(t),r=e.tens
or2d(function(t,e,n){r
eturn xt(n,"inputResol
ution"),[1/n.width*t[0
][0]*e.width,1/n.heigh
t*t[0][1]*e.width,t[0]
[3]*e.width,1/n.width*
t[1][0]*e.height,1/n.h
eight*t[1][1]*e.height
,t[1][3]*e.height,0,0]
}(l,s,i),[1,8]),o="zer
o"===a?"constant":"nea
rest",c=e.image.transf
orm(e.expandDims(e.cas
t(n,"float32")),r,"bil
inear",o,0,[i.height,i
.width]);return null!=
u?Mt(c,u):c}));return{
imageTensor:f,padding:
h,transformationMatrix
:l}}function Tt(t){ret
urn{xCenter:t.xMin+t.w
idth/2,yCenter:t.yMin+
t.height/2,width:t.wid
th,height:t.height}}fu
nction Et(t){var e=t.r
elativeKeypoints;if(e.
length<=1)throw new Er
ror("2 or more keypoin
ts required to calcula
te a rect.");var n=Num
ber.MAX_VALUE,r=Number
.MAX_VALUE,i=Number.MI
N_VALUE,o=Number.MIN_V
ALUE;return e.forEach(
(function(t){n=Math.mi
n(n,t.x),i=Math.max(i,
t.x),r=Math.min(r,t.y)
,o=Math.max(o,t.y)})),
{xCenter:(n+i)/2,yCent
er:(r+o)/2,width:i-n,h
eight:o-r}}function St
(t,e,n,r,i){var o="rec
t"===n?function(t,e,n)
{var r,i=t.locationDat
a;if("boundingbox"===e
)r=Tt(i.boundingBox);e
lse{r=Et(i);var o=n.wi
dth,a=n.height;r.xCent
er=Math.round(r.xCente
r*o),r.yCenter=Math.ro
und(r.yCenter*a),r.wid
th=Math.round(r.width*
o),r.height=Math.round
(r.height*a)}return r}
(t,e,r):function(t,e){
var n=t.locationData;r
eturn"boundingbox"===e
?Tt(n.relativeBounding
Box):Et(n)}(t,e);retur
n i&&(o.rotation=funct
ion(t,e,n){var r,i=t.l
ocationData,o=n.rotati
onVectorStartKeypointI
ndex,a=n.rotationVecto
rEndKeypointIndex;r=n.
rotationVectorTargetAn
gle?n.rotationVectorTa
rgetAngle:Math.PI*n.ro
tationVectorTargetAngl
eDegree/180;var u=i.re
lativeKeypoints[o].x*e
.width,s=i.relativeKey
points[o].y*e.height,c
=i.relativeKeypoints[a
].x*e.width,h=i.relati
veKeypoints[a].y*e.hei
ght;return wt(r-Math.a
tan2(-(h-s),c-u))}(t,r
,i)),o}function Ft(t,e
,n){for(var r=0;r<e.le
ngth;++r){var i=e[r],o
=n[t[r]];o.x=i.x,o.y=i
.y}}function Ct(t,e,n,
r){if("string"==typeof
 e){if("copy"===e)for(
var i=0;i<n.length;++i
)r[t[i]].z=n[i].z}else
{var o=function(t,e){f
or(var n=0,r=0;r<e.len
gth;++r)n+=t[e[r]].z;r
eturn n/e.length}(r,e)
;for(i=0;i<t.length;++
i)r[t[i]].z=o}}functio
n Ot(t,e){for(var n=fu
nction(t){var e=[].con
cat.apply([],t.map((fu
nction(t){return t.ind
exesMapping})));if(0==
=e.length)throw new Er
ror("There should be a
t least one landmark i
n indexes mapping");va
r n=e[0],r=e[0],i=new 
Set(e);i.forEach((func
tion(t){n=Math.min(n,t
),r=Math.max(r,t)}));v
ar o=i.size;if(0!==n)t
hrow new Error("Indexe
s are expected to star
t with 0 instead of "+
n);if(r+1!==o)throw ne
w Error("Indexes shoul
d have no gaps but "+(
r-o+1)+" indexes are m
issing");return o}(e),
r=new Array(n).fill(nu
ll).map(Object),i=0;i<
t.length;++i){var o=t[
i],a=e[i];if(o.length!
==a.indexesMapping.len
gth)throw new Error("T
here are "+o.length+" 
refinement landmarks w
hile mapping has "+a.i
ndexesMapping.length);
Ft(a.indexesMapping,o,
r),Ct(a.indexesMapping
,a.zRefinement,o,r)}re
turn r}function _t(t,e
){return t.map((functi
on(t){var n=E(E({},t),
{x:t.x*e.width,y:t.y*e
.height});return null!
=t.z&&(n.z=t.z*e.width
),n}))}function jt(t,e
){return"none"===t?e:f
unction(t){return 1/(1
+Math.exp(-t))}(e)}fun
ction kt(t,e,n,r){retu
rn S(this,void 0,void 
0,(function(){var i,o,
a,u,s,c,h,l;return F(t
his,(function(f){switc
h(f.label){case 0:retu
rn n=n||e.flipHorizont
ally||!1,r=r||e.flipVe
rtically||!1,i=t.size,
o=i/e.numLandmarks,[4,
t.data()];case 1:for(a
=f.sent(),u=[],s=0;s<e
.numLandmarks;++s)c=s*
o,(l={x:0,y:0}).x=n?e.
inputImageWidth-a[c]:a
[c],o>1&&(l.y=r?e.inpu
tImageHeight-a[c+1]:a[
c+1]),o>2&&(l.z=a[c+2]
),o>3&&(l.score=jt(e.v
isibilityActivation,a[
c+3])),u.push(l);for(h
=0;h<u.length;++h)(l=u
[h]).x=l.x/e.inputImag
eWidth,l.y=l.y/e.input
ImageHeight,l.z=l.z/e.
inputImageWidth/(e.nor
malizeZ||1);return[2,u
]}}))}))}function Rt(t
,e,n){var r=t.width,i=
t.height,o=t.rotation;
if(null==n.rotation&&n
ull==n.rotationDegree|
|(o=function(t,e){null
!=e.rotation?t+=e.rota
tion:null!=e.rotationD
egree&&(t+=Math.PI*e.r
otationDegree/180);ret
urn wt(t)}(o,n)),0===o
)t.xCenter=t.xCenter+r
*n.shiftX,t.yCenter=t.
yCenter+i*n.shiftY;els
e{var a=(e.width*r*n.s
hiftX*Math.cos(o)-e.he
ight*i*n.shiftY*Math.s
in(o))/e.width,u=(e.wi
dth*r*n.shiftX*Math.si
n(o)+e.height*i*n.shif
tY*Math.cos(o))/e.heig
ht;t.xCenter=t.xCenter
+a,t.yCenter=t.yCenter
+u}if(n.squareLong){va
r s=Math.max(r*e.width
,i*e.height);r=s/e.wid
th,i=s/e.height}else i
f(n.squareShort){var c
=Math.min(r*e.width,i*
e.height);r=c/e.width,
i=c/e.height}return t.
width=r*n.scaleX,t.hei
ght=i*n.scaleY,t}(rt||
(rt={})).MediaPipeFace
Detector="MediaPipeFac
eDetector";var It={run
time:"tfjs",maxFaces:1
,refineLandmarks:!1,la
ndmarkModelUrl:"https:
//tfhub.dev/mediapipe/
tfjs-model/face_landma
rks_detection/face_mes
h/1"},Lt={flipHorizont
al:!1,staticImageMode:
!1},Bt={shiftX:0,shift
Y:0,scaleX:1.5,scaleY:
1.5,squareLong:!0},Dt=
{outputTensorSize:{wid
th:192,height:192},out
putTensorFloatRange:[0
,1],borderMode:"replic
ate"},Pt={numLandmarks
:468,inputImageWidth:1
92,inputImageHeight:19
2,visibilityActivation
:"none",flipHorizontal
ly:!1,flipVertically:!
1},zt={numLandmarks:80
,inputImageWidth:192,i
nputImageHeight:192,vi
sibilityActivation:"no
ne",flipHorizontally:!
1,flipVertically:!1},U
t={numLandmarks:71,inp
utImageWidth:192,input
ImageHeight:192,visibi
lityActivation:"none",
flipHorizontally:!1,fl
ipVertically:!1},Nt={n
umLandmarks:5,inputIma
geWidth:192,inputImage
Height:192,visibilityA
ctivation:"none",flipH
orizontally:!1,flipVer
tically:!1},Vt={indexe
sMapping:Array.from(Ar
ray(468).keys()),zRefi
nement:"copy"},Ht={ind
exesMapping:[61,146,91
,181,84,17,314,405,321
,375,291,185,40,39,37,
0,267,269,270,409,78,9
5,88,178,87,14,317,402
,318,324,308,191,80,81
,82,13,312,311,310,415
,76,77,90,180,85,16,31
5,404,320,307,306,184,
74,73,72,11,302,303,30
4,408,62,96,89,179,86,
15,316,403,319,325,292
,183,42,41,38,12,268,2
71,272,407],zRefinemen
t:"none"},Kt={indexesM
apping:[33,7,163,144,1
45,153,154,155,133,246
,161,160,159,158,157,1
73,130,25,110,24,23,22
,26,112,243,247,30,29,
27,28,56,190,226,31,22
8,229,230,231,232,233,
244,113,225,224,223,22
2,221,189,35,124,46,53
,52,65,143,111,117,118
,119,120,121,128,245,1
56,70,63,105,66,107,55
,193],zRefinement:"non
e"},Wt={indexesMapping
:[263,249,390,373,374,
380,381,382,362,466,38
8,387,386,385,384,398,
359,255,339,254,253,25
2,256,341,463,467,260,
259,257,258,286,414,44
6,261,448,449,450,451,
452,453,464,342,445,44
4,443,442,441,413,265,
353,276,283,282,295,37
2,340,346,347,348,349,
350,357,465,383,300,29
3,334,296,336,285,417]
,zRefinement:"none"},G
t={indexesMapping:[468
,469,470,471,472],zRef
inement:[33,7,163,144,
145,153,154,155,133,24
6,161,160,159,158,157,
173]},Xt={indexesMappi
ng:[473,474,475,476,47
7],zRefinement:[263,24
9,390,373,374,380,381,
382,362,466,388,387,38
6,385,384,398]};var Yt
,Jt=function(){functio
n t(t,e,n,r){this.dete
ctor=t,this.landmarkMo
del=e,this.maxFaces=n,
this.withAttention=r,t
his.prevFaceRectsFromL
andmarks=null}return t
.prototype.estimateFac
es=function(t,n){retur
n S(this,void 0,void 0
,(function(){var r,i,o
,a,u,s,c,h,l,f,d,p,g,v
=this;return F(this,(f
unction(m){switch(m.la
bel){case 0:return r=f
unction(t){if(null==t)
return E({},Lt);var e=
E({},t);return null==e
.flipHorizontal&&(e.fl
ipHorizontal=Lt.flipHo
rizontal),null==e.stat
icImageMode&&(e.static
ImageMode=Lt.staticIma
geMode),e}(n),null==t?
(this.reset(),[2,[]]):
(i=yt(t),o=e.tidy((fun
ction(){var n=e.cast(b
t(t),"float32");if(r.f
lipHorizontal){n=e.squ
eeze(e.image.flipLeftR
ight(e.expandDims(n,0)
),[0])}return n})),a=t
his.prevFaceRectsFromL
andmarks,r.staticImage
Mode||null==a||a.lengt
h<this.maxFaces?[4,thi
s.detector.detectFaces
(o,!1)]:[3,2]);case 1:
return 0===(s=m.sent()
).length?(this.reset()
,o.dispose(),[2,[]]):(
u=s.map((function(t){r
eturn v.faceDetectionF
rontDetectionToRoi(t,i
)})),[3,3]);case 2:u=[
],m.label=3;case 3:ret
urn y=.5,w=[],[u,a||[]
].forEach((function(t)
{return t.forEach((fun
ction(t){(w=w.filter((
function(e){return vt(
t,e)<=y}))).push(t)}))
})),c=w,[4,Promise.all
(c.map((function(t){re
turn v.faceLandmark(t,
o)})))];case 4:for(h=m
.sent(),l=[],this.prev
FaceRectsFromLandmarks
=[],f=0;f<h.length;++f
)null!=(d=h[f])&&(this
.prevFaceRectsFromLand
marks.push(this.faceLa
ndmarksToRoi(d,i)),nul
l!=(p=_t(d,i))&&p.forE
ach((function(t,e){var
 n=k.get(e);null!=n&&(
t.name=n)})),g=R(p),l.
push({keypoints:p,box:
g.locationData.relativ
eBoundingBox}));return
 o.dispose(),[2,l]}var
 y,w}))}))},t.prototyp
e.dispose=function(){t
his.detector.dispose()
,this.landmarkModel.di
spose()},t.prototype.r
eset=function(){this.d
etector.reset(),this.p
revFaceRectsFromLandma
rks=null},t.prototype.
faceDetectionFrontDete
ctionToRoi=function(t,
e){return Rt(St(t,"bou
ndingbox","normRect",e
,{rotationVectorStartK
eypointIndex:0,rotatio
nVectorEndKeypointInde
x:1,rotationVectorTarg
etAngleDegree:0}),e,Bt
)},t.prototype.faceLan
dmark=function(t,n){re
turn S(this,void 0,voi
d 0,(function(){var r,
i,o,a,u,s,c;return F(t
his,(function(h){switc
h(h.label){case 0:retu
rn r=At(n,Dt,t).imageT
ensor,i=["output_facef
lag"].concat(this.with
Attention?["output_mes
h_identity","output_li
ps","Identity_6:0","Id
entity_1:0","Identity_
2:0","Identity_5:0"]:[
"output_mesh"]),o=this
.landmarkModel.execute
(r,i),a=o[0],u=o.slice
(1),[4,a.data()];case 
1:return h.sent()[0]<.
5?(e.dispose(o),e.disp
ose(r),[2,null]):this.
withAttention?[4,this.
tensorsToFaceLandmarks
WithAttention(u)]:[3,3
];case 2:return s=h.se
nt(),[3,5];case 3:retu
rn[4,this.tensorsToFac
eLandmarks(u)];case 4:
s=h.sent(),h.label=5;c
ase 5:return c=functio
n(t,e,n){void 0===n&&(
n={ignoreRotation:!1})
;for(var r=[],i=0,o=t;
i<o.length;i++){var a=
o[i],u=a.x-.5,s=a.y-.5
,c=n.ignoreRotation?0:
e.rotation,h=Math.cos(
c)*u-Math.sin(c)*s,l=M
ath.sin(c)*u+Math.cos(
c)*s;h=h*e.width+e.xCe
nter,l=l*e.height+e.yC
enter;var f=a.z*e.widt
h,d=E({},a);d.x=h,d.y=
l,d.z=f,r.push(d)}retu
rn r}(s,t),e.dispose(o
),e.dispose(r),[2,c]}}
))}))},t.prototype.ten
sorsToFaceLandmarks=fu
nction(t){return S(thi
s,void 0,void 0,(funct
ion(){return F(this,(f
unction(e){return[2,kt
(t[0],Pt)]}))}))},t.pr
ototype.tensorsToFaceL
andmarksWithAttention=
function(t){return S(t
his,void 0,void 0,(fun
ction(){var e,n,r,i,o,
a;return F(this,(funct
ion(u){switch(u.label)
{case 0:return[4,kt(t[
0],Pt)];case 1:return 
e=u.sent(),[4,kt(t[1],
zt)];case 2:return n=u
.sent(),[4,kt(t[3],Ut)
];case 3:return r=u.se
nt(),[4,kt(t[5],Ut)];c
ase 4:return i=u.sent(
),[4,kt(t[4],Nt)];case
 5:return o=u.sent(),[
4,kt(t[2],Nt)];case 6:
return a=u.sent(),[2,O
t([e,n,r,i,o,a],[Vt,Ht
,Kt,Wt,Gt,Xt])]}}))}))
},t.prototype.faceLand
marksToRoi=function(t,
e){return Rt(St(R(t),"
boundingbox","normRect
",e,{rotationVectorSta
rtKeypointIndex:33,rot
ationVectorEndKeypoint
Index:263,rotationVect
orTargetAngleDegree:0}
),e,Bt)},t}();function
 qt(t){return S(this,v
oid 0,void 0,(function
(){var e,n,r,i;return 
F(this,(function(o){sw
itch(o.label){case 0:r
eturn e=function(t){if
(null==t)return E({},I
t);var e=E({},t);retur
n e.runtime="tfjs",nul
l==e.maxFaces&&(e.maxF
aces=It.maxFaces),null
==e.refineLandmarks&&(
e.refineLandmarks=It.r
efineLandmarks),null==
e.landmarkModelUrl&&(e
.landmarkModelUrl=e.re
fineLandmarks?"https:/
/tfhub.dev/mediapipe/t
fjs-model/face_landmar
ks_detection/attention
_mesh/1":"https://tfhu
b.dev/mediapipe/tfjs-m
odel/face_landmarks_de
tection/face_mesh/1"),
e}(t),n="string"==type
of e.landmarkModelUrl&
&e.landmarkModelUrl.in
dexOf("https://tfhub.d
ev")>-1,[4,A.loadGraph
Model(e.landmarkModelU
rl,{fromTFHub:n})];cas
e 1:return r=o.sent(),
[4,dt(rt.MediaPipeFace
Detector,{modelType:"s
hort",maxFaces:e.maxFa
ces,detectorModelUrl:e
.detectorModelUrl,runt
ime:e.runtime})];case 
2:return i=o.sent(),[2
,new Jt(i,r,e.maxFaces
,e.refineLandmarks)]}}
))}))}function $t(t,e)
{return S(this,void 0,
void 0,(function(){var
 n,r;return F(this,(fu
nction(i){if(t===Yt.Me
diaPipeFaceMesh){if(r=
void 0,null!=(n=e)){if
("tfjs"===n.runtime)re
turn[2,qt(n)];if("medi
apipe"===n.runtime)ret
urn[2,B(n)];r=n.runtim
e}throw new Error("Exp
ect modelConfig.runtim
e to be either 'tfjs' 
or 'mediapipe', but go
t "+r)}throw new Error
(t+" is not a supporte
d model name.")}))}))}
!function(t){t.MediaPi
peFaceMesh="MediaPipeF
aceMesh"}(Yt||(Yt={}))
;var Zt=Object.freeze(
{__proto__:null,getKey
pointIndexByContour:fu
nction(t){if(t===Yt.Me
diaPipeFaceMesh)return
 O;throw new Error("Mo
del "+t+" is not suppo
rted.")},getAdjacentPa
irs:function(t){if(t==
=Yt.MediaPipeFaceMesh)
return _;throw new Err
or("Model "+t+" is not
 supported.")}});expor
t{Yt as SupportedModel
s,$t as createDetector
,Zt as util};[39m
 [90m    |[39m [31m
[1m^[22m[39m[31m[
1m^[22m[39m[31m[1m
^[22m[39m[31m[1m^
[22m[39m[31m[1m^[2
2m[39m[31m[1m^[22m
[39m[31m[1m^[22m[
39m[31m[1m^[22m[39
m[31m[1m^[22m[39m
[31m[1m^[22m[39m[3
1m[1m^[22m[39m[31m
[1m^[22m[39m[31m[
1m^[22m[39m[31m[1m
^[22m[39m[31m[1m^
[22m[39m[31m[1m^[2
2m[39m[31m[1m^[22m
[39m[31m[1m^[22m[
39m[31m[1m^[22m[39
m[31m[1m^[22m[39m
[31m[1m^[22m[39m[3
1m[1m^[22m[39m[31m
[1m^[22m[39m[31m[
1m^[22m[39m[31m[1m
^[22m[39m[31m[1m^
[22m[39m[31m[1m^[2
2m[39m[31m[1m^[22m
[39m[31m[1m^[22m[
39m[31m[1m^[22m[39
m[31m[1m^[22m[39m
[31m[1m^[22m[39m[3
1m[1m^[22m[39m[31m
[1m^[22m[39m[31m[
1m^[22m[39m[31m[1m
^[22m[39m[31m[1m^
[22m[39m[31m[1m^[2
2m[39m[31m[1m^[22m
[39m
 [90m 18 |[39m[0m

The export FaceMesh wa
s not found in module 
[project]/node_modules
/@mediapipe/face_mesh/
face_mesh.js [app-clie
nt] (ecmascript).
The module has no expo
rts at all.
All exports of the mod
ule are statically kno
wn (It doesn't have dy
namic exports). So it'
s known statically tha
t the requested export
 doesn't exist.

Import traces:
  Client Component Bro
wser:
    ./node_modules/@te
nsorflow-models/face-l
andmarks-detection/dis
t/face-landmarks-detec
tion.esm.js [Client Co
mponent Browser]
    ./src/lib/face-det
ection.ts [Client Comp
onent Browser]
    ./src/hooks/useFoc
usLogic.ts [Client Com
ponent Browser]
    ./src/components/f
eedback/FocusHUD.tsx [
Client Component Brows
er]
    ./src/app/page.tsx
 [Client Component Bro
wser]
    ./src/app/page.tsx
 [Server Component]

  Client Component SSR
:
    ./node_modules/@te
nsorflow-models/face-l
andmarks-detection/dis
t/face-landmarks-detec
tion.esm.js [Client Co
mponent SSR]
    ./src/lib/face-det
ection.ts [Client Comp
onent SSR]
    ./src/hooks/useFoc
usLogic.ts [Client Com
ponent SSR]
    ./src/components/f
eedback/FocusHUD.tsx [
Client Component SSR]
    ./src/app/page.tsx
 [Client Component SSR
]
    ./src/app/page.tsx
 [Server Component]


./node_modules/@tensor
flow-models/face-landm
arks-detection/dist/fa
ce-landmarks-detection
.esm.js:17:1
Export FaceMesh doesn'
t exist in target modu
le
[0m [90m 15 |[39m 
[90m    * ============
======================
======================
=====================
[39m
 [90m 16 |[39m [90m
    */[39m
[31m[1m>[22m[39m[
90m 17 |[39m [36mimp
ort[39m[33m*[39m[3
6mas[39m t [36mfrom
[39m[32m"@mediapipe/f
ace_mesh"[39m[33m;[
39m[36mimport[39m[3
3m*[39m[36mas[39m e
 [36mfrom[39m[32m"@
tensorflow/tfjs-core"
[39m[33m;[39m[36mim
port[39m{[33mTensor
[39m [36mas[39m n[3
3m,[39mbrowser [36ma
s[39m r[33m,[39mten
sor1d [36mas[39m i[
33m,[39mdispose [36m
as[39m o[33m,[39mte
nsor2d [36mas[39m a
[33m,[39mimage [36ma
s[39m u[33m,[39mtid
y [36mas[39m s[33m,
[39mcast [36mas[39m
 c[33m,[39msqueeze 
[36mas[39m h[33m,[3
9mexpandDims [36mas[
39m l[33m,[39mslice 
[36mas[39m f[33m,[
39madd [36mas[39m d
[33m,[39mmul [36mas
[39m p[33m,[39mdiv 
[36mas[39m g[33m,[3
9mexp [36mas[39m v[
33m,[39msub [36mas[
39m m[33m,[39mconcat
 [36mas[39m y[33m,
[39mreshape [36mas[3
9m w[33m,[39mclipByV
alue [36mas[39m b[3
3m,[39msigmoid [36ma
s[39m x[33m,[39muti
l [36mas[39m [33mM
[39m}[36mfrom[39m[3
2m"@tensorflow/tfjs-co
re"[39m[33m;[39m[3
6mimport[39m[33m*[3
9m[36mas[39m [33mA
[39m [36mfrom[39m[3
2m"@tensorflow/tfjs-co
nverter"[39m[33m;[3
9m[36mimport[39m{loa
dGraphModel [36mas[3
9m [33mT[39m}[36mfr
om[39m[32m"@tensorfl
ow/tfjs-converter"[39
m[33m;[39m[36mvar[
39m [33mE[39m[33m=
[39m[36mfunction[39m
(){[36mreturn[39m [
33mE[39m[33m=[39m[
33mObject[39m[33m.[
39massign[33m||[39m
[36mfunction[39m(t){
[36mfor[39m([36mvar
[39m e[33m,[39mn[33
m=[39m[35m1[39m[33
m,[39mr[33m=[39marg
uments[33m.[39mlengt
h[33m;[39mn[33m<[3
9m[33mr[39m[33m;[3
9mn[33m++[39m)[36mf
or[39m([36mvar[39m 
i [36min[39m e[33m=
[39marguments[n])[33
mObject[39m[33m.[39
mprototype[33m.[39mh
asOwnProperty[33m.[3
9mcall(e[33m,[39mi)
[33m&&[39m(t[i][33m=
[39me[i])[33m;[39m
[36mreturn[39m t}[33
m,[39m[33mE[39m[33
m.[39mapply([36mthis
[39m[33m,[39margume
nts)}[33m;[39m[36mf
unction[39m [33mS[3
9m(t[33m,[39me[33m,
[39mn[33m,[39mr){[
36mreturn[39m [36mne
w[39m(n[33m||[39m(n
[33m=[39m[33mPromis
e[39m))(([36mfunctio
n[39m(i[33m,[39mo){
[36mfunction[39m a(t
){[36mtry[39m{s(r[3
3m.[39mnext(t))}[36m
catch[39m(t){o(t)}}[
36mfunction[39m u(t){
[36mtry[39m{s(r[33m
.[39m[36mthrow[39m(
t))}[36mcatch[39m(t)
{o(t)}}[36mfunction[
39m s(t){[36mvar[39m
 e[33m;[39mt[33m.[
39mdone[33m?[39mi(t
[33m.[39mvalue)[33m:
[39m(e[33m=[39mt[3
3m.[39mvalue[33m,[3
9me [36minstanceof[3
9m n[33m?[39me[33m:
[39m[36mnew[39m n((
[36mfunction[39m(t){
t(e)})))[33m.[39mthe
n(a[33m,[39mu)}s((r
[33m=[39mr[33m.[39m
apply(t[33m,[39me[3
3m||[39m[]))[33m.[3
9mnext())}))}[36mfunc
tion[39m [33mF[39m(
t[33m,[39me){[36mva
r[39m n[33m,[39mr[
33m,[39mi[33m,[39mo
[33m,[39ma[33m=[39
m{label[33m:[39m[35
m0[39m[33m,[39msent
[33m:[39m[36mfuncti
on[39m(){[36mif[39m
([35m1[39m[33m&[39
mi[[35m0[39m])[36mt
hrow[39m i[[35m1[39
m][33m;[39m[36mretu
rn[39m i[[35m1[39m]
}[33m,[39mtrys[33m:
[39m[][33m,[39mops
[33m:[39m[]}[33m;[3
9m[36mreturn[39m o[
33m=[39m{next[33m:[
39mu([35m0[39m)[33m
,[39m[36mthrow[39m
[33m:[39mu([35m1[39
m)[33m,[39m[36mretu
rn[39m[33m:[39mu([
35m2[39m)}[33m,[39m
[32m"function"[39m[
33m==[39m[36mtypeof
[39m [33mSymbol[39m
[33m&&[39m(o[[33mSym
bol[39m[33m.[39mite
rator][33m=[39m[36m
function[39m(){[36mr
eturn[39m [36mthis[
39m})[33m,[39mo[33m
;[39m[36mfunction[3
9m u(o){[36mreturn[3
9m [36mfunction[39m(
u){[36mreturn[39m [
36mfunction[39m(o){[
36mif[39m(n)[36mthro
w[39m [36mnew[39m 
[33mTypeError[39m([3
2m"Generator is alread
y executing."[39m)[3
3m;[39m[36mfor[39m(
[33m;[39ma[33m;[39
m)[36mtry[39m{[36mi
f[39m(n[33m=[39m[3
5m1[39m[33m,[39mr[
33m&&[39m(i[33m=[39
m[35m2[39m[33m&[39
mo[[35m0[39m][33m?
[39mr[33m.[39m[36mr
eturn[39m[33m:[39mo
[[35m0[39m][33m?[3
9mr[33m.[39m[36mthr
ow[39m[33m||[39m((i
[33m=[39mr[33m.[39
m[36mreturn[39m)[33
m&&[39mi[33m.[39mca
ll(r)[33m,[39m[35m0
[39m)[33m:[39mr[33
m.[39mnext)[33m&&[3
9m[33m![39m(i[33m=
[39mi[33m.[39mcall(r
[33m,[39mo[[35m1[3
9m]))[33m.[39mdone)
[36mreturn[39m i[33m
;[39m[36mswitch[39m
(r[33m=[39m[35m0[3
9m[33m,[39mi[33m&&
[39m(o[33m=[39m[[35
m2[39m[33m&[39mo[[
35m0[39m][33m,[39mi
[33m.[39mvalue])[33
m,[39mo[[35m0[39m])
{[36mcase[39m [35m0
[39m[33m:[39m[36mc
ase[39m [35m1[39m[
33m:[39mi[33m=[39mo
[33m;[39m[36mbreak
[39m[33m;[39m[36mca
se[39m [35m4[39m[3
3m:[39m[36mreturn[3
9m a[33m.[39mlabel[
33m++[39m[33m,[39m{
value[33m:[39mo[[35
m1[39m][33m,[39mdon
e[33m:[39m[33m![39
m[35m1[39m}[33m;[3
9m[36mcase[39m [35m
5[39m[33m:[39ma[33
m.[39mlabel[33m++[3
9m[33m,[39mr[33m=[
39mo[[35m1[39m][33m
,[39mo[33m=[39m[[3
5m0[39m][33m;[39m[
36mcontinue[39m[33m;
[39m[36mcase[39m [
35m7[39m[33m:[39mo
[33m=[39ma[33m.[39m
ops[33m.[39mpop()[3
3m,[39ma[33m.[39mtr
ys[33m.[39mpop()[33
m;[39m[36mcontinue[
39m[33m;[39m[36mdef
ault[39m[33m:[39m[
36mif[39m([33m![39m
(i[33m=[39ma[33m.[
39mtrys[33m,[39m(i[
33m=[39mi[33m.[39ml
ength[33m>[39m[35m0
[39m[33m&&[39mi[i[
33m.[39mlength[33m-
[39m[35m1[39m])[33m
||[39m[35m6[39m[33
m!==[39mo[[35m0[39m
][33m&&[39m[35m2[3
9m[33m!==[39mo[[35m
0[39m])){a[33m=[39m
[35m0[39m[33m;[39m
[36mcontinue[39m}[3
6mif[39m([35m3[39m
[33m===[39mo[[35m0[
39m][33m&&[39m([33m
![39mi[33m||[39mo[
[35m1[39m][33m>[39m
i[[35m0[39m][33m&&
[39mo[[35m1[39m][33
m<[39m[33mi[39m[[3
5m3[39m])){a[33m.[3
9mlabel[33m=[39mo[[
35m1[39m][33m;[39m
[36mbreak[39m}[36mif
[39m([35m6[39m[33m
===[39mo[[35m0[39m]
[33m&&[39ma[33m.[3
9mlabel[33m<[39m[33
mi[39m[[35m1[39m]){
a[33m.[39mlabel[33m
=[39mi[[35m1[39m][
33m,[39mi[33m=[39mo
[33m;[39m[36mbreak
[39m}[36mif[39m(i[3
3m&&[39ma[33m.[39ml
abel[33m<[39m[33mi
[39m[[35m2[39m]){a[
33m.[39mlabel[33m=[
39mi[[35m2[39m][33m
,[39ma[33m.[39mops
[33m.[39mpush(o)[33m
;[39m[36mbreak[39m}
i[[35m2[39m][33m&&
[39ma[33m.[39mops[3
3m.[39mpop()[33m,[3
9ma[33m.[39mtrys[33
m.[39mpop()[33m;[39
m[36mcontinue[39m}o
[33m=[39me[33m.[39m
call(t[33m,[39ma)}[
36mcatch[39m(t){o[33
m=[39m[[35m6[39m[3
3m,[39mt][33m,[39mr
[33m=[39m[35m0[39m
}[36mfinally[39m{n[
33m=[39mi[33m=[39m
[35m0[39m}[36mif[39
m([35m5[39m[33m&[3
9mo[[35m0[39m])[36m
throw[39m o[[35m1[3
9m][33m;[39m[36mret
urn[39m{value[33m:[
39mo[[35m0[39m][33m
?[39mo[[35m1[39m][
33m:[39m[36mvoid[39
m [35m0[39m[33m,[3
9mdone[33m:[39m[33m
![39m[35m0[39m}}([o
[33m,[39mu])}}}[36m
function[39m [33mC[
39m(t){[36mvar[39m e
[33m=[39mt[33m.[39
mmap(([36mfunction[3
9m(t){[36mreturn[39m
 t[[35m0[39m]}))[33
m;[39m[36mreturn[39
m e[33m.[39mpush(t[t
[33m.[39mlength[33m
-[39m[35m1[39m][[3
5m1[39m])[33m,[39me
}[36mvar[39m [33mO
[39m[33m=[39m{lips[
33m:[39m[33mC[39m([
[[35m61[39m[33m,[3
9m[35m146[39m][33m,
[39m[[35m146[39m[3
3m,[39m[35m91[39m]
[33m,[39m[[35m91[39
m[33m,[39m[35m181[
39m][33m,[39m[[35m1
81[39m[33m,[39m[35
m84[39m][33m,[39m[
[35m84[39m[33m,[39m
[35m17[39m][33m,[3
9m[[35m17[39m[33m,
[39m[35m314[39m][33
m,[39m[[35m314[39m
[33m,[39m[35m405[39
m][33m,[39m[[35m405
[39m[33m,[39m[35m3
21[39m][33m,[39m[[
35m321[39m[33m,[39m
[35m375[39m][33m,[
39m[[35m375[39m[33m
,[39m[35m291[39m][
33m,[39m[[35m61[39m
[33m,[39m[35m185[3
9m][33m,[39m[[35m18
5[39m[33m,[39m[35m
40[39m][33m,[39m[[
35m40[39m[33m,[39m
[35m39[39m][33m,[39
m[[35m39[39m[33m,[
39m[35m37[39m][33m,
[39m[[35m37[39m[33
m,[39m[35m0[39m][3
3m,[39m[[35m0[39m[
33m,[39m[35m267[39m
][33m,[39m[[35m267
[39m[33m,[39m[35m26
9[39m][33m,[39m[[3
5m269[39m[33m,[39m
[35m270[39m][33m,[3
9m[[35m270[39m[33m,
[39m[35m409[39m][3
3m,[39m[[35m409[39m
[33m,[39m[35m291[3
9m][33m,[39m[[35m78
[39m[33m,[39m[35m9
5[39m][33m,[39m[[3
5m95[39m[33m,[39m[
35m88[39m][33m,[39m
[[35m88[39m[33m,[3
9m[35m178[39m][33m,
[39m[[35m178[39m[3
3m,[39m[35m87[39m]
[33m,[39m[[35m87[39
m[33m,[39m[35m14[3
9m][33m,[39m[[35m14
[39m[33m,[39m[35m3
17[39m][33m,[39m[[
35m317[39m[33m,[39m
[35m402[39m][33m,[
39m[[35m402[39m[33m
,[39m[35m318[39m][
33m,[39m[[35m318[39
m[33m,[39m[35m324[
39m][33m,[39m[[35m3
24[39m[33m,[39m[35
m308[39m][33m,[39m[
[35m78[39m[33m,[39
m[35m191[39m][33m,
[39m[[35m191[39m[33
m,[39m[35m80[39m][
33m,[39m[[35m80[39m
[33m,[39m[35m81[39
m][33m,[39m[[35m81
[39m[33m,[39m[35m82
[39m][33m,[39m[[35
m82[39m[33m,[39m[3
5m13[39m][33m,[39m[
[35m13[39m[33m,[39
m[35m312[39m][33m,
[39m[[35m312[39m[33
m,[39m[35m311[39m]
[33m,[39m[[35m311[3
9m[33m,[39m[35m310
[39m][33m,[39m[[35m
310[39m[33m,[39m[3
5m415[39m][33m,[39m
[[35m415[39m[33m,[
39m[35m308[39m]])[3
3m,[39mleftEye[33m:
[39m[33mC[39m([[[35
m263[39m[33m,[39m[
35m249[39m][33m,[39
m[[35m249[39m[33m,
[39m[35m390[39m][33
m,[39m[[35m390[39m
[33m,[39m[35m373[39
m][33m,[39m[[35m373
[39m[33m,[39m[35m3
74[39m][33m,[39m[[
35m374[39m[33m,[39m
[35m380[39m][33m,[
39m[[35m380[39m[33m
,[39m[35m381[39m][
33m,[39m[[35m381[39
m[33m,[39m[35m382[
39m][33m,[39m[[35m3
82[39m[33m,[39m[35
m362[39m][33m,[39m[
[35m263[39m[33m,[3
9m[35m466[39m][33m,
[39m[[35m466[39m[3
3m,[39m[35m388[39m]
[33m,[39m[[35m388[
39m[33m,[39m[35m387
[39m][33m,[39m[[35
m387[39m[33m,[39m[
35m386[39m][33m,[39
m[[35m386[39m[33m,
[39m[35m385[39m][33
m,[39m[[35m385[39m
[33m,[39m[35m384[39
m][33m,[39m[[35m384
[39m[33m,[39m[35m3
98[39m][33m,[39m[[
35m398[39m[33m,[39m
[35m362[39m]])[33m,
[39mleftEyebrow[33m:
[39m[33mC[39m([[[3
5m276[39m[33m,[39m
[35m283[39m][33m,[3
9m[[35m283[39m[33m,
[39m[35m282[39m][3
3m,[39m[[35m282[39m
[33m,[39m[35m295[3
9m][33m,[39m[[35m29
5[39m[33m,[39m[35m
285[39m][33m,[39m[
[35m300[39m[33m,[39
m[35m293[39m][33m,
[39m[[35m293[39m[33
m,[39m[35m334[39m]
[33m,[39m[[35m334[3
9m[33m,[39m[35m296
[39m][33m,[39m[[35m
296[39m[33m,[39m[3
5m336[39m]])[33m,[3
9mleftIris[33m:[39m
[33mC[39m([[[35m474
[39m[33m,[39m[35m47
5[39m][33m,[39m[[3
5m475[39m[33m,[39m
[35m476[39m][33m,[3
9m[[35m476[39m[33m,
[39m[35m477[39m][3
3m,[39m[[35m477[39m
[33m,[39m[35m474[3
9m]])[33m,[39mrightE
ye[33m:[39m[33mC[3
9m([[[35m33[39m[33m
,[39m[35m7[39m][33
m,[39m[[35m7[39m[3
3m,[39m[35m163[39m]
[33m,[39m[[35m163[
39m[33m,[39m[35m144
[39m][33m,[39m[[35
m144[39m[33m,[39m[
35m145[39m][33m,[39
m[[35m145[39m[33m,
[39m[35m153[39m][33
m,[39m[[35m153[39m
[33m,[39m[35m154[39
m][33m,[39m[[35m154
[39m[33m,[39m[35m1
55[39m][33m,[39m[[
35m155[39m[33m,[39m
[35m133[39m][33m,[
39m[[35m33[39m[33m,
[39m[35m246[39m][3
3m,[39m[[35m246[39m
[33m,[39m[35m161[3
9m][33m,[39m[[35m16
1[39m[33m,[39m[35m
160[39m][33m,[39m[
[35m160[39m[33m,[39
m[35m159[39m][33m,
[39m[[35m159[39m[33
m,[39m[35m158[39m]
[33m,[39m[[35m158[3
9m[33m,[39m[35m157
[39m][33m,[39m[[35m
157[39m[33m,[39m[3
5m173[39m][33m,[39m
[[35m173[39m[33m,[
39m[35m133[39m]])[3
3m,[39mrightEyebrow[
33m:[39m[33mC[39m([
[[35m46[39m[33m,[3
9m[35m53[39m][33m,
[39m[[35m53[39m[33m
,[39m[35m52[39m][3
3m,[39m[[35m52[39m
[33m,[39m[35m65[39m
][33m,[39m[[35m65[
39m[33m,[39m[35m55
[39m][33m,[39m[[35m
70[39m[33m,[39m[35
m63[39m][33m,[39m[
[35m63[39m[33m,[39m
[35m105[39m][33m,[
39m[[35m105[39m[33m
,[39m[35m66[39m][3
3m,[39m[[35m66[39m
[33m,[39m[35m107[39
m]])[33m,[39mrightIr
is[33m:[39m[33mC[3
9m([[[35m469[39m[33
m,[39m[35m470[39m]
[33m,[39m[[35m470[3
9m[33m,[39m[35m471
[39m][33m,[39m[[35m
471[39m[33m,[39m[3
5m472[39m][33m,[39m
[[35m472[39m[33m,[
39m[35m469[39m]])[3
3m,[39mfaceOval[33m:
[39m[33mC[39m([[[3
5m10[39m[33m,[39m[
35m338[39m][33m,[39
m[[35m338[39m[33m,
[39m[35m297[39m][33
m,[39m[[35m297[39m
[33m,[39m[35m332[39
m][33m,[39m[[35m332
[39m[33m,[39m[35m2
84[39m][33m,[39m[[
35m284[39m[33m,[39m
[35m251[39m][33m,[
39m[[35m251[39m[33m
,[39m[35m389[39m][
33m,[39m[[35m389[39
m[33m,[39m[35m356[
39m][33m,[39m[[35m3
56[39m[33m,[39m[35
m454[39m][33m,[39m[
[35m454[39m[33m,[3
9m[35m323[39m][33m,
[39m[[35m323[39m[3
3m,[39m[35m361[39m]
[33m,[39m[[35m361[
39m[33m,[39m[35m288
[39m][33m,[39m[[35
m288[39m[33m,[39m[
35m397[39m][33m,[39
m[[35m397[39m[33m,
[39m[35m365[39m][33
m,[39m[[35m365[39m
[33m,[39m[35m379[39
m][33m,[39m[[35m379
[39m[33m,[39m[35m3
78[39m][33m,[39m[[
35m378[39m[33m,[39m
[35m400[39m][33m,[
39m[[35m400[39m[33m
,[39m[35m377[39m][
33m,[39m[[35m377[39
m[33m,[39m[35m152[
39m][33m,[39m[[35m1
52[39m[33m,[39m[35
m148[39m][33m,[39m[
[35m148[39m[33m,[3
9m[35m176[39m][33m,
[39m[[35m176[39m[3
3m,[39m[35m149[39m]
[33m,[39m[[35m149[
39m[33m,[39m[35m150
[39m][33m,[39m[[35
m150[39m[33m,[39m[
35m136[39m][33m,[39
m[[35m136[39m[33m,
[39m[35m172[39m][33
m,[39m[[35m172[39m
[33m,[39m[35m58[39m
][33m,[39m[[35m58[
39m[33m,[39m[35m132
[39m][33m,[39m[[35
m132[39m[33m,[39m[
35m93[39m][33m,[39m
[[35m93[39m[33m,[3
9m[35m234[39m][33m,
[39m[[35m234[39m[3
3m,[39m[35m127[39m]
[33m,[39m[[35m127[
39m[33m,[39m[35m162
[39m][33m,[39m[[35
m162[39m[33m,[39m[
35m21[39m][33m,[39m
[[35m21[39m[33m,[3
9m[35m54[39m][33m,
[39m[[35m54[39m[33m
,[39m[35m103[39m][
33m,[39m[[35m103[39
m[33m,[39m[35m67[3
9m][33m,[39m[[35m67
[39m[33m,[39m[35m1
09[39m][33m,[39m[[
35m109[39m[33m,[39m
[35m10[39m]])}[33m,
[39m_[33m=[39m[[[3
5m127[39m[33m,[39m
[35m34[39m][33m,[39
m[[35m34[39m[33m,[
39m[35m139[39m][33m
,[39m[[35m139[39m[
33m,[39m[35m127[39m
][33m,[39m[[35m11[
39m[33m,[39m[35m0[
39m][33m,[39m[[35m0
[39m[33m,[39m[35m3
7[39m][33m,[39m[[3
5m37[39m[33m,[39m[
35m11[39m][33m,[39m
[[35m232[39m[33m,[
39m[35m231[39m][33m
,[39m[[35m231[39m[
33m,[39m[35m120[39m
][33m,[39m[[35m120
[39m[33m,[39m[35m23
2[39m][33m,[39m[[3
5m72[39m[33m,[39m[
35m37[39m][33m,[39m
[[35m37[39m[33m,[3
9m[35m39[39m][33m,
[39m[[35m39[39m[33m
,[39m[35m72[39m][3
3m,[39m[[35m128[39m
[33m,[39m[35m121[3
9m][33m,[39m[[35m12
1[39m[33m,[39m[35m
47[39m][33m,[39m[[
35m47[39m[33m,[39m
[35m128[39m][33m,[3
9m[[35m232[39m[33m,
[39m[35m121[39m][3
3m,[39m[[35m121[39m
[33m,[39m[35m128[3
9m][33m,[39m[[35m12
8[39m[33m,[39m[35m
232[39m][33m,[39m[
[35m104[39m[33m,[39
m[35m69[39m][33m,[
39m[[35m69[39m[33m,
[39m[35m67[39m][33
m,[39m[[35m67[39m[
33m,[39m[35m104[39m
][33m,[39m[[35m175
[39m[33m,[39m[35m17
1[39m][33m,[39m[[3
5m171[39m[33m,[39m
[35m148[39m][33m,[3
9m[[35m148[39m[33m,
[39m[35m175[39m][3
3m,[39m[[35m118[39m
[33m,[39m[35m50[39
m][33m,[39m[[35m50
[39m[33m,[39m[35m10
1[39m][33m,[39m[[3
5m101[39m[33m,[39m
[35m118[39m][33m,[3
9m[[35m73[39m[33m,
[39m[35m39[39m][33m
,[39m[[35m39[39m[3
3m,[39m[35m40[39m]
[33m,[39m[[35m40[39
m[33m,[39m[35m73[3
9m][33m,[39m[[35m9
[39m[33m,[39m[35m15
1[39m][33m,[39m[[3
5m151[39m[33m,[39m
[35m108[39m][33m,[3
9m[[35m108[39m[33m,
[39m[35m9[39m][33m
,[39m[[35m48[39m[3
3m,[39m[35m115[39m]
[33m,[39m[[35m115[
39m[33m,[39m[35m131
[39m][33m,[39m[[35
m131[39m[33m,[39m[
35m48[39m][33m,[39m
[[35m194[39m[33m,[
39m[35m204[39m][33m
,[39m[[35m204[39m[
33m,[39m[35m211[39m
][33m,[39m[[35m211
[39m[33m,[39m[35m19
4[39m][33m,[39m[[3
5m74[39m[33m,[39m[
35m40[39m][33m,[39m
[[35m40[39m[33m,[3
9m[35m185[39m][33m,
[39m[[35m185[39m[3
3m,[39m[35m74[39m]
[33m,[39m[[35m80[39
m[33m,[39m[35m42[3
9m][33m,[39m[[35m42
[39m[33m,[39m[35m1
83[39m][33m,[39m[[
35m183[39m[33m,[39m
[35m80[39m][33m,[3
9m[[35m40[39m[33m,
[39m[35m92[39m][33m
,[39m[[35m92[39m[3
3m,[39m[35m186[39m]
[33m,[39m[[35m186[
39m[33m,[39m[35m40
[39m][33m,[39m[[35m
230[39m[33m,[39m[3
5m229[39m][33m,[39m
[[35m229[39m[33m,[
39m[35m118[39m][33m
,[39m[[35m118[39m[
33m,[39m[35m230[39m
][33m,[39m[[35m202
[39m[33m,[39m[35m21
2[39m][33m,[39m[[3
5m212[39m[33m,[39m
[35m214[39m][33m,[3
9m[[35m214[39m[33m,
[39m[35m202[39m][3
3m,[39m[[35m83[39m
[33m,[39m[35m18[39m
][33m,[39m[[35m18[
39m[33m,[39m[35m17
[39m][33m,[39m[[35m
17[39m[33m,[39m[35
m83[39m][33m,[39m[
[35m76[39m[33m,[39m
[35m61[39m][33m,[3
9m[[35m61[39m[33m,
[39m[35m146[39m][33
m,[39m[[35m146[39m
[33m,[39m[35m76[39m
][33m,[39m[[35m160
[39m[33m,[39m[35m29
[39m][33m,[39m[[35
m29[39m[33m,[39m[3
5m30[39m][33m,[39m[
[35m30[39m[33m,[39
m[35m160[39m][33m,
[39m[[35m56[39m[33m
,[39m[35m157[39m][
33m,[39m[[35m157[39
m[33m,[39m[35m173[
39m][33m,[39m[[35m1
73[39m[33m,[39m[35
m56[39m][33m,[39m[
[35m106[39m[33m,[39
m[35m204[39m][33m,
[39m[[35m204[39m[33
m,[39m[35m194[39m]
[33m,[39m[[35m194[3
9m[33m,[39m[35m106
[39m][33m,[39m[[35m
135[39m[33m,[39m[3
5m214[39m][33m,[39m
[[35m214[39m[33m,[
39m[35m192[39m][33m
,[39m[[35m192[39m[
33m,[39m[35m135[39m
][33m,[39m[[35m203
[39m[33m,[39m[35m16
5[39m][33m,[39m[[3
5m165[39m[33m,[39m
[35m98[39m][33m,[39
m[[35m98[39m[33m,[
39m[35m203[39m][33m
,[39m[[35m21[39m[3
3m,[39m[35m71[39m]
[33m,[39m[[35m71[39
m[33m,[39m[35m68[3
9m][33m,[39m[[35m68
[39m[33m,[39m[35m2
1[39m][33m,[39m[[3
5m51[39m[33m,[39m[
35m45[39m][33m,[39m
[[35m45[39m[33m,[3
9m[35m4[39m][33m,[
39m[[35m4[39m[33m,
[39m[35m51[39m][33m
,[39m[[35m144[39m[
33m,[39m[35m24[39m]
[33m,[39m[[35m24[3
9m[33m,[39m[35m23[
39m][33m,[39m[[35m2
3[39m[33m,[39m[35m
144[39m][33m,[39m[
[35m77[39m[33m,[39m
[35m146[39m][33m,[
39m[[35m146[39m[33m
,[39m[35m91[39m][3
3m,[39m[[35m91[39m
[33m,[39m[35m77[39m
][33m,[39m[[35m205
[39m[33m,[39m[35m50
[39m][33m,[39m[[35
m50[39m[33m,[39m[3
5m187[39m][33m,[39m
[[35m187[39m[33m,[
39m[35m205[39m][33m
,[39m[[35m201[39m[
33m,[39m[35m200[39m
][33m,[39m[[35m200
[39m[33m,[39m[35m18
[39m][33m,[39m[[35
m18[39m[33m,[39m[3
5m201[39m][33m,[39m
[[35m91[39m[33m,[3
9m[35m106[39m][33m,
[39m[[35m106[39m[3
3m,[39m[35m182[39m]
[33m,[39m[[35m182[
39m[33m,[39m[35m91
[39m][33m,[39m[[35m
90[39m[33m,[39m[35
m91[39m][33m,[39m[
[35m91[39m[33m,[39m
[35m181[39m][33m,[
39m[[35m181[39m[33m
,[39m[35m90[39m][3
3m,[39m[[35m85[39m
[33m,[39m[35m84[39m
][33m,[39m[[35m84[
39m[33m,[39m[35m17
[39m][33m,[39m[[35m
17[39m[33m,[39m[35
m85[39m][33m,[39m[
[35m206[39m[33m,[39
m[35m203[39m][33m,
[39m[[35m203[39m[33
m,[39m[35m36[39m][
33m,[39m[[35m36[39m
[33m,[39m[35m206[3
9m][33m,[39m[[35m14
8[39m[33m,[39m[35m
171[39m][33m,[39m[
[35m171[39m[33m,[39
m[35m140[39m][33m,
[39m[[35m140[39m[33
m,[39m[35m148[39m]
[33m,[39m[[35m92[39
m[33m,[39m[35m40[3
9m][33m,[39m[[35m40
[39m[33m,[39m[35m3
9[39m][33m,[39m[[3
5m39[39m[33m,[39m[
35m92[39m][33m,[39m
[[35m193[39m[33m,[
39m[35m189[39m][33m
,[39m[[35m189[39m[
33m,[39m[35m244[39m
][33m,[39m[[35m244
[39m[33m,[39m[35m19
3[39m][33m,[39m[[3
5m159[39m[33m,[39m
[35m158[39m][33m,[3
9m[[35m158[39m[33m,
[39m[35m28[39m][33
m,[39m[[35m28[39m[
33m,[39m[35m159[39m
][33m,[39m[[35m247
[39m[33m,[39m[35m24
6[39m][33m,[39m[[3
5m246[39m[33m,[39m
[35m161[39m][33m,[3
9m[[35m161[39m[33m,
[39m[35m247[39m][3
3m,[39m[[35m236[39m
[33m,[39m[35m3[39m
][33m,[39m[[35m3[3
9m[33m,[39m[35m196
[39m][33m,[39m[[35m
196[39m[33m,[39m[3
5m236[39m][33m,[39m
[[35m54[39m[33m,[3
9m[35m68[39m][33m,
[39m[[35m68[39m[33m
,[39m[35m104[39m][
33m,[39m[[35m104[39
m[33m,[39m[35m54[3
9m][33m,[39m[[35m19
3[39m[33m,[39m[35m
168[39m][33m,[39m[
[35m168[39m[33m,[39
m[35m8[39m][33m,[3
9m[[35m8[39m[33m,[
39m[35m193[39m][33m
,[39m[[35m117[39m[
33m,[39m[35m228[39m
][33m,[39m[[35m228
[39m[33m,[39m[35m31
[39m][33m,[39m[[35
m31[39m[33m,[39m[3
5m117[39m][33m,[39m
[[35m189[39m[33m,[
39m[35m193[39m][33m
,[39m[[35m193[39m[
33m,[39m[35m55[39m]
[33m,[39m[[35m55[3
9m[33m,[39m[35m189
[39m][33m,[39m[[35m
98[39m[33m,[39m[35
m97[39m][33m,[39m[
[35m97[39m[33m,[39m
[35m99[39m][33m,[3
9m[[35m99[39m[33m,
[39m[35m98[39m][33m
,[39m[[35m126[39m[
33m,[39m[35m47[39m]
[33m,[39m[[35m47[3
9m[33m,[39m[35m100
[39m][33m,[39m[[35m
100[39m[33m,[39m[3
5m126[39m][33m,[39m
[[35m166[39m[33m,[
39m[35m79[39m][33m,
[39m[[35m79[39m[33
m,[39m[35m218[39m]
[33m,[39m[[35m218[3
9m[33m,[39m[35m166
[39m][33m,[39m[[35m
155[39m[33m,[39m[3
5m154[39m][33m,[39m
[[35m154[39m[33m,[
39m[35m26[39m][33m,
[39m[[35m26[39m[33
m,[39m[35m155[39m]
[33m,[39m[[35m209[3
9m[33m,[39m[35m49[
39m][33m,[39m[[35m4
9[39m[33m,[39m[35m
131[39m][33m,[39m[
[35m131[39m[33m,[39
m[35m209[39m][33m,
[39m[[35m135[39m[33
m,[39m[35m136[39m]
[33m,[39m[[35m136[3
9m[33m,[39m[35m150
[39m][33m,[39m[[35m
150[39m[33m,[39m[3
5m135[39m][33m,[39m
[[35m47[39m[33m,[3
9m[35m126[39m][33m,
[39m[[35m126[39m[3
3m,[39m[35m217[39m]
[33m,[39m[[35m217[
39m[33m,[39m[35m47
[39m][33m,[39m[[35m
223[39m[33m,[39m[3
5m52[39m][33m,[39m[
[35m52[39m[33m,[39
m[35m53[39m][33m,[
39m[[35m53[39m[33m,
[39m[35m223[39m][3
3m,[39m[[35m45[39m
[33m,[39m[35m51[39m
][33m,[39m[[35m51[
39m[33m,[39m[35m134
[39m][33m,[39m[[35
m134[39m[33m,[39m[
35m45[39m][33m,[39m
[[35m211[39m[33m,[
39m[35m170[39m][33m
,[39m[[35m170[39m[
33m,[39m[35m140[39m
][33m,[39m[[35m140
[39m[33m,[39m[35m21
1[39m][33m,[39m[[3
5m67[39m[33m,[39m[
35m69[39m][33m,[39m
[[35m69[39m[33m,[3
9m[35m108[39m][33m,
[39m[[35m108[39m[3
3m,[39m[35m67[39m]
[33m,[39m[[35m43[39
m[33m,[39m[35m106[
39m][33m,[39m[[35m1
06[39m[33m,[39m[35
m91[39m][33m,[39m[
[35m91[39m[33m,[39m
[35m43[39m][33m,[3
9m[[35m230[39m[33m,
[39m[35m119[39m][3
3m,[39m[[35m119[39m
[33m,[39m[35m120[3
9m][33m,[39m[[35m12
0[39m[33m,[39m[35m
230[39m][33m,[39m[
[35m226[39m[33m,[39
m[35m130[39m][33m,
[39m[[35m130[39m[33
m,[39m[35m247[39m]
[33m,[39m[[35m247[3
9m[33m,[39m[35m226
[39m][33m,[39m[[35m
63[39m[33m,[39m[35
m53[39m][33m,[39m[
[35m53[39m[33m,[39m
[35m52[39m][33m,[3
9m[[35m52[39m[33m,
[39m[35m63[39m][33m
,[39m[[35m238[39m[
33m,[39m[35m20[39m]
[33m,[39m[[35m20[3
9m[33m,[39m[35m242
[39m][33m,[39m[[35m
242[39m[33m,[39m[3
5m238[39m][33m,[39m
[[35m46[39m[33m,[3
9m[35m70[39m][33m,
[39m[[35m70[39m[33m
,[39m[35m156[39m][
33m,[39m[[35m156[39
m[33m,[39m[35m46[3
9m][33m,[39m[[35m78
[39m[33m,[39m[35m6
2[39m][33m,[39m[[3
5m62[39m[33m,[39m[
35m96[39m][33m,[39m
[[35m96[39m[33m,[3
9m[35m78[39m][33m,
[39m[[35m46[39m[33m
,[39m[35m53[39m][3
3m,[39m[[35m53[39m
[33m,[39m[35m63[39m
][33m,[39m[[35m63[
39m[33m,[39m[35m46
[39m][33m,[39m[[35m
143[39m[33m,[39m[3
5m34[39m][33m,[39m[
[35m34[39m[33m,[39
m[35m227[39m][33m,
[39m[[35m227[39m[33
m,[39m[35m143[39m]
[33m,[39m[[35m123[3
9m[33m,[39m[35m117
[39m][33m,[39m[[35m
117[39m[33m,[39m[3
5m111[39m][33m,[39m
[[35m111[39m[33m,[
39m[35m123[39m][33m
,[39m[[35m44[39m[3
3m,[39m[35m125[39m]
[33m,[39m[[35m125[
39m[33m,[39m[35m19
[39m][33m,[39m[[35m
19[39m[33m,[39m[35
m44[39m][33m,[39m[
[35m236[39m[33m,[39
m[35m134[39m][33m,
[39m[[35m134[39m[33
m,[39m[35m51[39m][
33m,[39m[[35m51[39m
[33m,[39m[35m236[3
9m][33m,[39m[[35m21
6[39m[33m,[39m[35m
206[39m][33m,[39m[
[35m206[39m[33m,[39
m[35m205[39m][33m,
[39m[[35m205[39m[33
m,[39m[35m216[39m]
[33m,[39m[[35m154[3
9m[33m,[39m[35m153
[39m][33m,[39m[[35m
153[39m[33m,[39m[3
5m22[39m][33m,[39m[
[35m22[39m[33m,[39
m[35m154[39m][33m,
[39m[[35m39[39m[33m
,[39m[35m37[39m][3
3m,[39m[[35m37[39m
[33m,[39m[35m167[39
m][33m,[39m[[35m167
[39m[33m,[39m[35m3
9[39m][33m,[39m[[3
5m200[39m[33m,[39m
[35m201[39m][33m,[3
9m[[35m201[39m[33m,
[39m[35m208[39m][3
3m,[39m[[35m208[39m
[33m,[39m[35m200[3
9m][33m,[39m[[35m36
[39m[33m,[39m[35m1
42[39m][33m,[39m[[
35m142[39m[33m,[39m
[35m100[39m][33m,[
39m[[35m100[39m[33m
,[39m[35m36[39m][3
3m,[39m[[35m57[39m
[33m,[39m[35m212[39
m][33m,[39m[[35m212
[39m[33m,[39m[35m2
02[39m][33m,[39m[[
35m202[39m[33m,[39m
[35m57[39m][33m,[3
9m[[35m20[39m[33m,
[39m[35m60[39m][33m
,[39m[[35m60[39m[3
3m,[39m[35m99[39m]
[33m,[39m[[35m99[39
m[33m,[39m[35m20[3
9m][33m,[39m[[35m28
[39m[33m,[39m[35m1
58[39m][33m,[39m[[
35m158[39m[33m,[39m
[35m157[39m][33m,[
39m[[35m157[39m[33m
,[39m[35m28[39m][3
3m,[39m[[35m35[39m
[33m,[39m[35m226[39
m][33m,[39m[[35m226
[39m[33m,[39m[35m1
13[39m][33m,[39m[[
35m113[39m[33m,[39m
[35m35[39m][33m,[3
9m[[35m160[39m[33m,
[39m[35m159[39m][3
3m,[39m[[35m159[39m
[33m,[39m[35m27[39
m][33m,[39m[[35m27
[39m[33m,[39m[35m16
0[39m][33m,[39m[[3
5m204[39m[33m,[39m
[35m202[39m][33m,[3
9m[[35m202[39m[33m,
[39m[35m210[39m][3
3m,[39m[[35m210[39m
[33m,[39m[35m204[3
9m][33m,[39m[[35m11
3[39m[33m,[39m[35m
225[39m][33m,[39m[
[35m225[39m[33m,[39
m[35m46[39m][33m,[
39m[[35m46[39m[33m,
[39m[35m113[39m][3
3m,[39m[[35m43[39m
[33m,[39m[35m202[39
m][33m,[39m[[35m202
[39m[33m,[39m[35m2
04[39m][33m,[39m[[
35m204[39m[33m,[39m
[35m43[39m][33m,[3
9m[[35m62[39m[33m,
[39m[35m76[39m][33m
,[39m[[35m76[39m[3
3m,[39m[35m77[39m]
[33m,[39m[[35m77[39
m[33m,[39m[35m62[3
9m][33m,[39m[[35m13
7[39m[33m,[39m[35m
123[39m][33m,[39m[
[35m123[39m[33m,[39
m[35m116[39m][33m,
[39m[[35m116[39m[33
m,[39m[35m137[39m]
[33m,[39m[[35m41[39
m[33m,[39m[35m38[3
9m][33m,[39m[[35m38
[39m[33m,[39m[35m7
2[39m][33m,[39m[[3
5m72[39m[33m,[39m[
35m41[39m][33m,[39m
[[35m203[39m[33m,[
39m[35m129[39m][33m
,[39m[[35m129[39m[
33m,[39m[35m142[39m
][33m,[39m[[35m142
[39m[33m,[39m[35m20
3[39m][33m,[39m[[3
5m64[39m[33m,[39m[
35m98[39m][33m,[39m
[[35m98[39m[33m,[3
9m[35m240[39m][33m,
[39m[[35m240[39m[3
3m,[39m[35m64[39m]
[33m,[39m[[35m49[39
m[33m,[39m[35m102[
39m][33m,[39m[[35m1
02[39m[33m,[39m[35
m64[39m][33m,[39m[
[35m64[39m[33m,[39m
[35m49[39m][33m,[3
9m[[35m41[39m[33m,
[39m[35m73[39m][33m
,[39m[[35m73[39m[3
3m,[39m[35m74[39m]
[33m,[39m[[35m74[39
m[33m,[39m[35m41[3
9m][33m,[39m[[35m21
2[39m[33m,[39m[35m
216[39m][33m,[39m[
[35m216[39m[33m,[39
m[35m207[39m][33m,
[39m[[35m207[39m[33
m,[39m[35m212[39m]
[33m,[39m[[35m42[39
m[33m,[39m[35m74[3
9m][33m,[39m[[35m74
[39m[33m,[39m[35m1
84[39m][33m,[39m[[
35m184[39m[33m,[39m
[35m42[39m][33m,[3
9m[[35m169[39m[33m,
[39m[35m170[39m][3
3m,[39m[[35m170[39m
[33m,[39m[35m211[3
9m][33m,[39m[[35m21
1[39m[33m,[39m[35m
169[39m][33m,[39m[
[35m170[39m[33m,[39
m[35m149[39m][33m,
[39m[[35m149[39m[33
m,[39m[35m176[39m]
[33m,[39m[[35m176[3
9m[33m,[39m[35m170
[39m][33m,[39m[[35m
105[39m[33m,[39m[3
5m66[39m][33m,[39m[
[35m66[39m[33m,[39
m[35m69[39m][33m,[
39m[[35m69[39m[33m,
[39m[35m105[39m][3
3m,[39m[[35m122[39m
[33m,[39m[35m6[39m
][33m,[39m[[35m6[3
9m[33m,[39m[35m168
[39m][33m,[39m[[35m
168[39m[33m,[39m[3
5m122[39m][33m,[39m
[[35m123[39m[33m,[
39m[35m147[39m][33m
,[39m[[35m147[39m[
33m,[39m[35m187[39m
][33m,[39m[[35m187
[39m[33m,[39m[35m12
3[39m][33m,[39m[[3
5m96[39m[33m,[39m[
35m77[39m][33m,[39m
[[35m77[39m[33m,[3
9m[35m90[39m][33m,
[39m[[35m90[39m[33m
,[39m[35m96[39m][3
3m,[39m[[35m65[39m
[33m,[39m[35m55[39m
][33m,[39m[[35m55[
39m[33m,[39m[35m107
[39m][33m,[39m[[35
m107[39m[33m,[39m[
35m65[39m][33m,[39m
[[35m89[39m[33m,[3
9m[35m90[39m][33m,
[39m[[35m90[39m[33m
,[39m[35m180[39m][
33m,[39m[[35m180[39
m[33m,[39m[35m89[3
9m][33m,[39m[[35m10
1[39m[33m,[39m[35m
100[39m][33m,[39m[
[35m100[39m[33m,[39
m[35m120[39m][33m,
[39m[[35m120[39m[33
m,[39m[35m101[39m]
[33m,[39m[[35m63[39
m[33m,[39m[35m105[
39m][33m,[39m[[35m1
05[39m[33m,[39m[35
m104[39m][33m,[39m[
[35m104[39m[33m,[3
9m[35m63[39m][33m,
[39m[[35m93[39m[33m
,[39m[35m137[39m][
33m,[39m[[35m137[39
m[33m,[39m[35m227[
39m][33m,[39m[[35m2
27[39m[33m,[39m[35
m93[39m][33m,[39m[
[35m15[39m[33m,[39m
[35m86[39m][33m,[3
9m[[35m86[39m[33m,
[39m[35m85[39m][33m
,[39m[[35m85[39m[3
3m,[39m[35m15[39m]
[33m,[39m[[35m129[3
9m[33m,[39m[35m102
[39m][33m,[39m[[35m
102[39m[33m,[39m[3
5m49[39m][33m,[39m[
[35m49[39m[33m,[39
m[35m129[39m][33m,
[39m[[35m14[39m[33m
,[39m[35m87[39m][3
3m,[39m[[35m87[39m
[33m,[39m[35m86[39m
][33m,[39m[[35m86[
39m[33m,[39m[35m14
[39m][33m,[39m[[35m
55[39m[33m,[39m[35
m8[39m][33m,[39m[[
35m8[39m[33m,[39m[
35m9[39m][33m,[39m[
[35m9[39m[33m,[39m
[35m55[39m][33m,[3
9m[[35m100[39m[33m,
[39m[35m47[39m][33
m,[39m[[35m47[39m[
33m,[39m[35m121[39m
][33m,[39m[[35m121
[39m[33m,[39m[35m10
0[39m][33m,[39m[[3
5m145[39m[33m,[39m
[35m23[39m][33m,[39
m[[35m23[39m[33m,[
39m[35m22[39m][33m,
[39m[[35m22[39m[33
m,[39m[35m145[39m]
[33m,[39m[[35m88[39
m[33m,[39m[35m89[3
9m][33m,[39m[[35m89
[39m[33m,[39m[35m1
79[39m][33m,[39m[[
35m179[39m[33m,[39m
[35m88[39m][33m,[3
9m[[35m6[39m[33m,[
39m[35m122[39m][33m
,[39m[[35m122[39m[
33m,[39m[35m196[39m
][33m,[39m[[35m196
[39m[33m,[39m[35m6
[39m][33m,[39m[[35m
88[39m[33m,[39m[35
m95[39m][33m,[39m[
[35m95[39m[33m,[39m
[35m96[39m][33m,[3
9m[[35m96[39m[33m,
[39m[35m88[39m][33m
,[39m[[35m138[39m[
33m,[39m[35m172[39m
][33m,[39m[[35m172
[39m[33m,[39m[35m13
6[39m][33m,[39m[[3
5m136[39m[33m,[39m
[35m138[39m][33m,[3
9m[[35m215[39m[33m,
[39m[35m58[39m][33
m,[39m[[35m58[39m[
33m,[39m[35m172[39m
][33m,[39m[[35m172
[39m[33m,[39m[35m21
5[39m][33m,[39m[[3
5m115[39m[33m,[39m
[35m48[39m][33m,[39
m[[35m48[39m[33m,[
39m[35m219[39m][33m
,[39m[[35m219[39m[
33m,[39m[35m115[39m
][33m,[39m[[35m42[
39m[33m,[39m[35m80
[39m][33m,[39m[[35m
80[39m[33m,[39m[35
m81[39m][33m,[39m[
[35m81[39m[33m,[39m
[35m42[39m][33m,[3
9m[[35m195[39m[33m,
[39m[35m3[39m][33m
,[39m[[35m3[39m[33
m,[39m[35m51[39m][
33m,[39m[[35m51[39m
[33m,[39m[35m195[3
9m][33m,[39m[[35m43
[39m[33m,[39m[35m1
46[39m][33m,[39m[[
35m146[39m[33m,[39m
[35m61[39m][33m,[3
9m[[35m61[39m[33m,
[39m[35m43[39m][33m
,[39m[[35m171[39m[
33m,[39m[35m175[39m
][33m,[39m[[35m175
[39m[33m,[39m[35m19
9[39m][33m,[39m[[3
5m199[39m[33m,[39m
[35m171[39m][33m,[3
9m[[35m81[39m[33m,
[39m[35m82[39m][33m
,[39m[[35m82[39m[3
3m,[39m[35m38[39m]
[33m,[39m[[35m38[39
m[33m,[39m[35m81[3
9m][33m,[39m[[35m53
[39m[33m,[39m[35m4
6[39m][33m,[39m[[3
5m46[39m[33m,[39m[
35m225[39m][33m,[39
m[[35m225[39m[33m,
[39m[35m53[39m][33m
,[39m[[35m144[39m[
33m,[39m[35m163[39m
][33m,[39m[[35m163
[39m[33m,[39m[35m11
0[39m][33m,[39m[[3
5m110[39m[33m,[39m
[35m144[39m][33m,[3
9m[[35m52[39m[33m,
[39m[35m65[39m][33m
,[39m[[35m65[39m[3
3m,[39m[35m66[39m]
[33m,[39m[[35m66[39
m[33m,[39m[35m52[3
9m][33m,[39m[[35m22
9[39m[33m,[39m[35m
228[39m][33m,[39m[
[35m228[39m[33m,[39
m[35m117[39m][33m,
[39m[[35m117[39m[33
m,[39m[35m229[39m]
[33m,[39m[[35m34[39
m[33m,[39m[35m127[
39m][33m,[39m[[35m1
27[39m[33m,[39m[35
m234[39m][33m,[39m[
[35m234[39m[33m,[3
9m[35m34[39m][33m,
[39m[[35m107[39m[33
m,[39m[35m108[39m]
[33m,[39m[[35m108[3
9m[33m,[39m[35m69[
39m][33m,[39m[[35m6
9[39m[33m,[39m[35m
107[39m][33m,[39m[
[35m109[39m[33m,[39
m[35m108[39m][33m,
[39m[[35m108[39m[33
m,[39m[35m151[39m]
[33m,[39m[[35m151[3
9m[33m,[39m[35m109
[39m][33m,[39m[[35m
48[39m[33m,[39m[35
m64[39m][33m,[39m[
[35m64[39m[33m,[39m
[35m235[39m][33m,[
39m[[35m235[39m[33m
,[39m[35m48[39m][3
3m,[39m[[35m62[39m
[33m,[39m[35m78[39m
][33m,[39m[[35m78[
39m[33m,[39m[35m191
[39m][33m,[39m[[35
m191[39m[33m,[39m[
35m62[39m][33m,[39m
[[35m129[39m[33m,[
39m[35m209[39m][33m
,[39m[[35m209[39m[
33m,[39m[35m126[39m
][33m,[39m[[35m126
[39m[33m,[39m[35m12
9[39m][33m,[39m[[3
5m111[39m[33m,[39m
[35m35[39m][33m,[39
m[[35m35[39m[33m,[
39m[35m143[39m][33m
,[39m[[35m143[39m[
33m,[39m[35m111[39m
][33m,[39m[[35m117
[39m[33m,[39m[35m12
3[39m][33m,[39m[[3
5m123[39m[33m,[39m
[35m50[39m][33m,[39
m[[35m50[39m[33m,[
39m[35m117[39m][33m
,[39m[[35m222[39m[
33m,[39m[35m65[39m]
[33m,[39m[[35m65[3
9m[33m,[39m[35m52[
39m][33m,[39m[[35m5
2[39m[33m,[39m[35m
222[39m][33m,[39m[
[35m19[39m[33m,[39m
[35m125[39m][33m,[
39m[[35m125[39m[33m
,[39m[35m141[39m][
33m,[39m[[35m141[39
m[33m,[39m[35m19[3
9m][33m,[39m[[35m22
1[39m[33m,[39m[35m
55[39m][33m,[39m[[
35m55[39m[33m,[39m
[35m65[39m][33m,[39
m[[35m65[39m[33m,[
39m[35m221[39m][33m
,[39m[[35m3[39m[33
m,[39m[35m195[39m]
[33m,[39m[[35m195[3
9m[33m,[39m[35m197
[39m][33m,[39m[[35m
197[39m[33m,[39m[3
5m3[39m][33m,[39m[
[35m25[39m[33m,[39m
[35m7[39m][33m,[39
m[[35m7[39m[33m,[3
9m[35m33[39m][33m,
[39m[[35m33[39m[33m
,[39m[35m25[39m][3
3m,[39m[[35m220[39m
[33m,[39m[35m237[3
9m][33m,[39m[[35m23
7[39m[33m,[39m[35m
44[39m][33m,[39m[[
35m44[39m[33m,[39m
[35m220[39m][33m,[3
9m[[35m70[39m[33m,
[39m[35m71[39m][33m
,[39m[[35m71[39m[3
3m,[39m[35m139[39m]
[33m,[39m[[35m139[
39m[33m,[39m[35m70
[39m][33m,[39m[[35m
122[39m[33m,[39m[3
5m193[39m][33m,[39m
[[35m193[39m[33m,[
39m[35m245[39m][33m
,[39m[[35m245[39m[
33m,[39m[35m122[39m
][33m,[39m[[35m247
[39m[33m,[39m[35m13
0[39m][33m,[39m[[3
5m130[39m[33m,[39m
[35m33[39m][33m,[39
m[[35m33[39m[33m,[
39m[35m247[39m][33m
,[39m[[35m71[39m[3
3m,[39m[35m21[39m]
[33m,[39m[[35m21[39
m[33m,[39m[35m162[
39m][33m,[39m[[35m1
62[39m[33m,[39m[35
m71[39m][33m,[39m[
[35m170[39m[33m,[39
m[35m169[39m][33m,
[39m[[35m169[39m[33
m,[39m[35m150[39m]
[33m,[39m[[35m150[3
9m[33m,[39m[35m170
[39m][33m,[39m[[35m
188[39m[33m,[39m[3
5m174[39m][33m,[39m
[[35m174[39m[33m,[
39m[35m196[39m][33m
,[39m[[35m196[39m[
33m,[39m[35m188[39m
][33m,[39m[[35m216
[39m[33m,[39m[35m18
6[39m][33m,[39m[[3
5m186[39m[33m,[39m
[35m92[39m][33m,[39
m[[35m92[39m[33m,[
39m[35m216[39m][33m
,[39m[[35m2[39m[33
m,[39m[35m97[39m][
33m,[39m[[35m97[39m
[33m,[39m[35m167[3
9m][33m,[39m[[35m16
7[39m[33m,[39m[35m
2[39m][33m,[39m[[3
5m141[39m[33m,[39m
[35m125[39m][33m,[3
9m[[35m125[39m[33m,
[39m[35m241[39m][3
3m,[39m[[35m241[39m
[33m,[39m[35m141[3
9m][33m,[39m[[35m16
4[39m[33m,[39m[35m
167[39m][33m,[39m[
[35m167[39m[33m,[39
m[35m37[39m][33m,[
39m[[35m37[39m[33m,
[39m[35m164[39m][3
3m,[39m[[35m72[39m
[33m,[39m[35m38[39m
][33m,[39m[[35m38[
39m[33m,[39m[35m12
[39m][33m,[39m[[35m
12[39m[33m,[39m[35
m72[39m][33m,[39m[
[35m38[39m[33m,[39m
[35m82[39m][33m,[3
9m[[35m82[39m[33m,
[39m[35m13[39m][33m
,[39m[[35m13[39m[3
3m,[39m[35m38[39m]
[33m,[39m[[35m63[39
m[33m,[39m[35m68[3
9m][33m,[39m[[35m68
[39m[33m,[39m[35m7
1[39m][33m,[39m[[3
5m71[39m[33m,[39m[
35m63[39m][33m,[39m
[[35m226[39m[33m,[
39m[35m35[39m][33m,
[39m[[35m35[39m[33
m,[39m[35m111[39m]
[33m,[39m[[35m111[3
9m[33m,[39m[35m226
[39m][33m,[39m[[35m
101[39m[33m,[39m[3
5m50[39m][33m,[39m[
[35m50[39m[33m,[39
m[35m205[39m][33m,
[39m[[35m205[39m[33
m,[39m[35m101[39m]
[33m,[39m[[35m206[3
9m[33m,[39m[35m92[
39m][33m,[39m[[35m9
2[39m[33m,[39m[35m
165[39m][33m,[39m[
[35m165[39m[33m,[39
m[35m206[39m][33m,
[39m[[35m209[39m[33
m,[39m[35m198[39m]
[33m,[39m[[35m198[3
9m[33m,[39m[35m217
[39m][33m,[39m[[35m
217[39m[33m,[39m[3
5m209[39m][33m,[39m
[[35m165[39m[33m,[
39m[35m167[39m][33m
,[39m[[35m167[39m[
33m,[39m[35m97[39m]
[33m,[39m[[35m97[3
9m[33m,[39m[35m165
[39m][33m,[39m[[35m
220[39m[33m,[39m[3
5m115[39m][33m,[39m
[[35m115[39m[33m,[
39m[35m218[39m][33m
,[39m[[35m218[39m[
33m,[39m[35m220[39m
][33m,[39m[[35m133
[39m[33m,[39m[35m11
2[39m][33m,[39m[[3
5m112[39m[33m,[39m
[35m243[39m][33m,[3
9m[[35m243[39m[33m,
[39m[35m133[39m][3
3m,[39m[[35m239[39m
[33m,[39m[35m238[3
9m][33m,[39m[[35m23
8[39m[33m,[39m[35m
241[39m][33m,[39m[
[35m241[39m[33m,[39
m[35m239[39m][33m,
[39m[[35m214[39m[33
m,[39m[35m135[39m]
[33m,[39m[[35m135[3
9m[33m,[39m[35m169
[39m][33m,[39m[[35m
169[39m[33m,[39m[3
5m214[39m][33m,[39m
[[35m190[39m[33m,[
39m[35m173[39m][33m
,[39m[[35m173[39m[
33m,[39m[35m133[39m
][33m,[39m[[35m133
[39m[33m,[39m[35m19
0[39m][33m,[39m[[3
5m171[39m[33m,[39m
[35m208[39m][33m,[3
9m[[35m208[39m[33m,
[39m[35m32[39m][33
m,[39m[[35m32[39m[
33m,[39m[35m171[39m
][33m,[39m[[35m125
[39m[33m,[39m[35m44
[39m][33m,[39m[[35
m44[39m[33m,[39m[3
5m237[39m][33m,[39m
[[35m237[39m[33m,[
39m[35m125[39m][33m
,[39m[[35m86[39m[3
3m,[39m[35m87[39m]
[33m,[39m[[35m87[39
m[33m,[39m[35m178[
39m][33m,[39m[[35m1
78[39m[33m,[39m[35
m86[39m][33m,[39m[
[35m85[39m[33m,[39m
[35m86[39m][33m,[3
9m[[35m86[39m[33m,
[39m[35m179[39m][33
m,[39m[[35m179[39m
[33m,[39m[35m85[39m
][33m,[39m[[35m84[
39m[33m,[39m[35m85
[39m][33m,[39m[[35m
85[39m[33m,[39m[35
m180[39m][33m,[39m[
[35m180[39m[33m,[3
9m[35m84[39m][33m,
[39m[[35m83[39m[33m
,[39m[35m84[39m][3
3m,[39m[[35m84[39m
[33m,[39m[35m181[39
m][33m,[39m[[35m181
[39m[33m,[39m[35m8
3[39m][33m,[39m[[3
5m201[39m[33m,[39m
[35m83[39m][33m,[39
m[[35m83[39m[33m,[
39m[35m182[39m][33m
,[39m[[35m182[39m[
33m,[39m[35m201[39m
][33m,[39m[[35m137
[39m[33m,[39m[35m93
[39m][33m,[39m[[35
m93[39m[33m,[39m[3
5m132[39m][33m,[39m
[[35m132[39m[33m,[
39m[35m137[39m][33m
,[39m[[35m76[39m[3
3m,[39m[35m62[39m]
[33m,[39m[[35m62[39
m[33m,[39m[35m183[
39m][33m,[39m[[35m1
83[39m[33m,[39m[35
m76[39m][33m,[39m[
[35m61[39m[33m,[39m
[35m76[39m][33m,[3
9m[[35m76[39m[33m,
[39m[35m184[39m][33
m,[39m[[35m184[39m
[33m,[39m[35m61[39m
][33m,[39m[[35m57[
39m[33m,[39m[35m61
[39m][33m,[39m[[35m
61[39m[33m,[39m[35
m185[39m][33m,[39m[
[35m185[39m[33m,[3
9m[35m57[39m][33m,
[39m[[35m212[39m[33
m,[39m[35m57[39m][
33m,[39m[[35m57[39m
[33m,[39m[35m186[3
9m][33m,[39m[[35m18
6[39m[33m,[39m[35m
212[39m][33m,[39m[
[35m214[39m[33m,[39
m[35m207[39m][33m,
[39m[[35m207[39m[33
m,[39m[35m187[39m]
[33m,[39m[[35m187[3
9m[33m,[39m[35m214
[39m][33m,[39m[[35m
34[39m[33m,[39m[35
m143[39m][33m,[39m[
[35m143[39m[33m,[3
9m[35m156[39m][33m,
[39m[[35m156[39m[3
3m,[39m[35m34[39m]
[33m,[39m[[35m79[39
m[33m,[39m[35m239[
39m][33m,[39m[[35m2
39[39m[33m,[39m[35
m237[39m][33m,[39m[
[35m237[39m[33m,[3
9m[35m79[39m][33m,
[39m[[35m123[39m[33
m,[39m[35m137[39m]
[33m,[39m[[35m137[3
9m[33m,[39m[35m177
[39m][33m,[39m[[35m
177[39m[33m,[39m[3
5m123[39m][33m,[39m
[[35m44[39m[33m,[3
9m[35m1[39m][33m,[
39m[[35m1[39m[33m,
[39m[35m4[39m][33m,
[39m[[35m4[39m[33m
,[39m[35m44[39m][3
3m,[39m[[35m201[39m
[33m,[39m[35m194[3
9m][33m,[39m[[35m19
4[39m[33m,[39m[35m
32[39m][33m,[39m[[
35m32[39m[33m,[39m
[35m201[39m][33m,[3
9m[[35m64[39m[33m,
[39m[35m102[39m][33
m,[39m[[35m102[39m
[33m,[39m[35m129[39
m][33m,[39m[[35m129
[39m[33m,[39m[35m6
4[39m][33m,[39m[[3
5m213[39m[33m,[39m
[35m215[39m][33m,[3
9m[[35m215[39m[33m,
[39m[35m138[39m][3
3m,[39m[[35m138[39m
[33m,[39m[35m213[3
9m][33m,[39m[[35m59
[39m[33m,[39m[35m1
66[39m][33m,[39m[[
35m166[39m[33m,[39m
[35m219[39m][33m,[
39m[[35m219[39m[33m
,[39m[35m59[39m][3
3m,[39m[[35m242[39m
[33m,[39m[35m99[39
m][33m,[39m[[35m99
[39m[33m,[39m[35m97
[39m][33m,[39m[[35
m97[39m[33m,[39m[3
5m242[39m][33m,[39m
[[35m2[39m[33m,[39
m[35m94[39m][33m,[
39m[[35m94[39m[33m,
[39m[35m141[39m][3
3m,[39m[[35m141[39m
[33m,[39m[35m2[39m
][33m,[39m[[35m75[
39m[33m,[39m[35m59
[39m][33m,[39m[[35m
59[39m[33m,[39m[35
m235[39m][33m,[39m[
[35m235[39m[33m,[3
9m[35m75[39m][33m,
[39m[[35m24[39m[33m
,[39m[35m110[39m][
33m,[39m[[35m110[39
m[33m,[39m[35m228[
39m][33m,[39m[[35m2
28[39m[33m,[39m[35
m24[39m][33m,[39m[
[35m25[39m[33m,[39m
[35m130[39m][33m,[
39m[[35m130[39m[33m
,[39m[35m226[39m][
33m,[39m[[35m226[39
m[33m,[39m[35m25[3
9m][33m,[39m[[35m23
[39m[33m,[39m[35m2
4[39m][33m,[39m[[3
5m24[39m[33m,[39m[
35m229[39m][33m,[39
m[[35m229[39m[33m,
[39m[35m23[39m][33m
,[39m[[35m22[39m[3
3m,[39m[35m23[39m]
[33m,[39m[[35m23[39
m[33m,[39m[35m230[
39m][33m,[39m[[35m2
30[39m[33m,[39m[35
m22[39m][33m,[39m[
[35m26[39m[33m,[39m
[35m22[39m][33m,[3
9m[[35m22[39m[33m,
[39m[35m231[39m][33
m,[39m[[35m231[39m
[33m,[39m[35m26[39m
][33m,[39m[[35m112
[39m[33m,[39m[35m26
[39m][33m,[39m[[35
m26[39m[33m,[39m[3
5m232[39m][33m,[39m
[[35m232[39m[33m,[
39m[35m112[39m][33m
,[39m[[35m189[39m[
33m,[39m[35m190[39m
][33m,[39m[[35m190
[39m[33m,[39m[35m24
3[39m][33m,[39m[[3
5m243[39m[33m,[39m
[35m189[39m][33m,[3
9m[[35m221[39m[33m,
[39m[35m56[39m][33
m,[39m[[35m56[39m[
33m,[39m[35m190[39m
][33m,[39m[[35m190
[39m[33m,[39m[35m22
1[39m][33m,[39m[[3
5m28[39m[33m,[39m[
35m56[39m][33m,[39m
[[35m56[39m[33m,[3
9m[35m221[39m][33m,
[39m[[35m221[39m[3
3m,[39m[35m28[39m]
[33m,[39m[[35m27[39
m[33m,[39m[35m28[3
9m][33m,[39m[[35m28
[39m[33m,[39m[35m2
22[39m][33m,[39m[[
35m222[39m[33m,[39m
[35m27[39m][33m,[3
9m[[35m29[39m[33m,
[39m[35m27[39m][33m
,[39m[[35m27[39m[3
3m,[39m[35m223[39m]
[33m,[39m[[35m223[
39m[33m,[39m[35m29
[39m][33m,[39m[[35m
30[39m[33m,[39m[35
m29[39m][33m,[39m[
[35m29[39m[33m,[39m
[35m224[39m][33m,[
39m[[35m224[39m[33m
,[39m[35m30[39m][3
3m,[39m[[35m247[39m
[33m,[39m[35m30[39
m][33m,[39m[[35m30
[39m[33m,[39m[35m22
5[39m][33m,[39m[[3
5m225[39m[33m,[39m
[35m247[39m][33m,[3
9m[[35m238[39m[33m,
[39m[35m79[39m][33
m,[39m[[35m79[39m[
33m,[39m[35m20[39m]
[33m,[39m[[35m20[3
9m[33m,[39m[35m238
[39m][33m,[39m[[35m
166[39m[33m,[39m[3
5m59[39m][33m,[39m[
[35m59[39m[33m,[39
m[35m75[39m][33m,[
39m[[35m75[39m[33m,
[39m[35m166[39m][3
3m,[39m[[35m60[39m
[33m,[39m[35m75[39m
][33m,[39m[[35m75[
39m[33m,[39m[35m240
[39m][33m,[39m[[35
m240[39m[33m,[39m[
35m60[39m][33m,[39m
[[35m147[39m[33m,[
39m[35m177[39m][33m
,[39m[[35m177[39m[
33m,[39m[35m215[39m
][33m,[39m[[35m215
[39m[33m,[39m[35m14
7[39m][33m,[39m[[3
5m20[39m[33m,[39m[
35m79[39m][33m,[39m
[[35m79[39m[33m,[3
9m[35m166[39m][33m,
[39m[[35m166[39m[3
3m,[39m[35m20[39m]
[33m,[39m[[35m187[3
9m[33m,[39m[35m147
[39m][33m,[39m[[35m
147[39m[33m,[39m[3
5m213[39m][33m,[39m
[[35m213[39m[33m,[
39m[35m187[39m][33m
,[39m[[35m112[39m[
33m,[39m[35m233[39m
][33m,[39m[[35m233
[39m[33m,[39m[35m24
4[39m][33m,[39m[[3
5m244[39m[33m,[39m
[35m112[39m][33m,[3
9m[[35m233[39m[33m,
[39m[35m128[39m][3
3m,[39m[[35m128[39m
[33m,[39m[35m245[3
9m][33m,[39m[[35m24
5[39m[33m,[39m[35m
233[39m][33m,[39m[
[35m128[39m[33m,[39
m[35m114[39m][33m,
[39m[[35m114[39m[33
m,[39m[35m188[39m]
[33m,[39m[[35m188[3
9m[33m,[39m[35m128
[39m][33m,[39m[[35m
114[39m[33m,[39m[3
5m217[39m][33m,[39m
[[35m217[39m[33m,[
39m[35m174[39m][33m
,[39m[[35m174[39m[
33m,[39m[35m114[39m
][33m,[39m[[35m131
[39m[33m,[39m[35m11
5[39m][33m,[39m[[3
5m115[39m[33m,[39m
[35m220[39m][33m,[3
9m[[35m220[39m[33m,
[39m[35m131[39m][3
3m,[39m[[35m217[39m
[33m,[39m[35m198[3
9m][33m,[39m[[35m19
8[39m[33m,[39m[35m
236[39m][33m,[39m[
[35m236[39m[33m,[39
m[35m217[39m][33m,
[39m[[35m198[39m[33
m,[39m[35m131[39m]
[33m,[39m[[35m131[3
9m[33m,[39m[35m134
[39m][33m,[39m[[35m
134[39m[33m,[39m[3
5m198[39m][33m,[39m
[[35m177[39m[33m,[
39m[35m132[39m][33m
,[39m[[35m132[39m[
33m,[39m[35m58[39m]
[33m,[39m[[35m58[3
9m[33m,[39m[35m177
[39m][33m,[39m[[35m
143[39m[33m,[39m[3
5m35[39m][33m,[39m[
[35m35[39m[33m,[39
m[35m124[39m][33m,
[39m[[35m124[39m[33
m,[39m[35m143[39m]
[33m,[39m[[35m110[3
9m[33m,[39m[35m163
[39m][33m,[39m[[35m
163[39m[33m,[39m[3
5m7[39m][33m,[39m[
[35m7[39m[33m,[39m
[35m110[39m][33m,[3
9m[[35m228[39m[33m,
[39m[35m110[39m][3
3m,[39m[[35m110[39m
[33m,[39m[35m25[39
m][33m,[39m[[35m25
[39m[33m,[39m[35m22
8[39m][33m,[39m[[3
5m356[39m[33m,[39m
[35m389[39m][33m,[3
9m[[35m389[39m[33m,
[39m[35m368[39m][3
3m,[39m[[35m368[39m
[33m,[39m[35m356[3
9m][33m,[39m[[35m11
[39m[33m,[39m[35m3
02[39m][33m,[39m[[
35m302[39m[33m,[39m
[35m267[39m][33m,[
39m[[35m267[39m[33m
,[39m[35m11[39m][3
3m,[39m[[35m452[39m
[33m,[39m[35m350[3
9m][33m,[39m[[35m35
0[39m[33m,[39m[35m
349[39m][33m,[39m[
[35m349[39m[33m,[39
m[35m452[39m][33m,
[39m[[35m302[39m[33
m,[39m[35m303[39m]
[33m,[39m[[35m303[3
9m[33m,[39m[35m269
[39m][33m,[39m[[35m
269[39m[33m,[39m[3
5m302[39m][33m,[39m
[[35m357[39m[33m,[
39m[35m343[39m][33m
,[39m[[35m343[39m[
33m,[39m[35m277[39m
][33m,[39m[[35m277
[39m[33m,[39m[35m35
7[39m][33m,[39m[[3
5m452[39m[33m,[39m
[35m453[39m][33m,[3
9m[[35m453[39m[33m,
[39m[35m357[39m][3
3m,[39m[[35m357[39m
[33m,[39m[35m452[3
9m][33m,[39m[[35m33
3[39m[33m,[39m[35m
332[39m][33m,[39m[
[35m332[39m[33m,[39
m[35m297[39m][33m,
[39m[[35m297[39m[33
m,[39m[35m333[39m]
[33m,[39m[[35m175[3
9m[33m,[39m[35m152
[39m][33m,[39m[[35m
152[39m[33m,[39m[3
5m377[39m][33m,[39m
[[35m377[39m[33m,[
39m[35m175[39m][33m
,[39m[[35m347[39m[
33m,[39m[35m348[39m
][33m,[39m[[35m348
[39m[33m,[39m[35m33
0[39m][33m,[39m[[3
5m330[39m[33m,[39m
[35m347[39m][33m,[3
9m[[35m303[39m[33m,
[39m[35m304[39m][3
3m,[39m[[35m304[39m
[33m,[39m[35m270[3
9m][33m,[39m[[35m27
0[39m[33m,[39m[35m
303[39m][33m,[39m[
[35m9[39m[33m,[39m
[35m336[39m][33m,[3
9m[[35m336[39m[33m,
[39m[35m337[39m][3
3m,[39m[[35m337[39m
[33m,[39m[35m9[39m
][33m,[39m[[35m278
[39m[33m,[39m[35m27
9[39m][33m,[39m[[3
5m279[39m[33m,[39m
[35m360[39m][33m,[3
9m[[35m360[39m[33m,
[39m[35m278[39m][3
3m,[39m[[35m418[39m
[33m,[39m[35m262[3
9m][33m,[39m[[35m26
2[39m[33m,[39m[35m
431[39m][33m,[39m[
[35m431[39m[33m,[39
m[35m418[39m][33m,
[39m[[35m304[39m[33
m,[39m[35m408[39m]
[33m,[39m[[35m408[3
9m[33m,[39m[35m409
[39m][33m,[39m[[35m
409[39m[33m,[39m[3
5m304[39m][33m,[39m
[[35m310[39m[33m,[
39m[35m415[39m][33m
,[39m[[35m415[39m[
33m,[39m[35m407[39m
][33m,[39m[[35m407
[39m[33m,[39m[35m31
0[39m][33m,[39m[[3
5m270[39m[33m,[39m
[35m409[39m][33m,[3
9m[[35m409[39m[33m,
[39m[35m410[39m][3
3m,[39m[[35m410[39m
[33m,[39m[35m270[3
9m][33m,[39m[[35m45
0[39m[33m,[39m[35m
348[39m][33m,[39m[
[35m348[39m[33m,[39
m[35m347[39m][33m,
[39m[[35m347[39m[33
m,[39m[35m450[39m]
[33m,[39m[[35m422[3
9m[33m,[39m[35m430
[39m][33m,[39m[[35m
430[39m[33m,[39m[3
5m434[39m][33m,[39m
[[35m434[39m[33m,[
39m[35m422[39m][33m
,[39m[[35m313[39m[
33m,[39m[35m314[39m
][33m,[39m[[35m314
[39m[33m,[39m[35m17
[39m][33m,[39m[[35
m17[39m[33m,[39m[3
5m313[39m][33m,[39m
[[35m306[39m[33m,[
39m[35m307[39m][33m
,[39m[[35m307[39m[
33m,[39m[35m375[39m
][33m,[39m[[35m375
[39m[33m,[39m[35m30
6[39m][33m,[39m[[3
5m387[39m[33m,[39m
[35m388[39m][33m,[3
9m[[35m388[39m[33m,
[39m[35m260[39m][3
3m,[39m[[35m260[39m
[33m,[39m[35m387[3
9m][33m,[39m[[35m28
6[39m[33m,[39m[35m
414[39m][33m,[39m[
[35m414[39m[33m,[39
m[35m398[39m][33m,
[39m[[35m398[39m[33
m,[39m[35m286[39m]
[33m,[39m[[35m335[3
9m[33m,[39m[35m406
[39m][33m,[39m[[35m
406[39m[33m,[39m[3
5m418[39m][33m,[39m
[[35m418[39m[33m,[
39m[35m335[39m][33m
,[39m[[35m364[39m[
33m,[39m[35m367[39m
][33m,[39m[[35m367
[39m[33m,[39m[35m41
6[39m][33m,[39m[[3
5m416[39m[33m,[39m
[35m364[39m][33m,[3
9m[[35m423[39m[33m,
[39m[35m358[39m][3
3m,[39m[[35m358[39m
[33m,[39m[35m327[3
9m][33m,[39m[[35m32
7[39m[33m,[39m[35m
423[39m][33m,[39m[
[35m251[39m[33m,[39
m[35m284[39m][33m,
[39m[[35m284[39m[33
m,[39m[35m298[39m]
[33m,[39m[[35m298[3
9m[33m,[39m[35m251
[39m][33m,[39m[[35m
281[39m[33m,[39m[3
5m5[39m][33m,[39m[
[35m5[39m[33m,[39m
[35m4[39m][33m,[39m
[[35m4[39m[33m,[39
m[35m281[39m][33m,
[39m[[35m373[39m[33
m,[39m[35m374[39m]
[33m,[39m[[35m374[3
9m[33m,[39m[35m253
[39m][33m,[39m[[35m
253[39m[33m,[39m[3
5m373[39m][33m,[39m
[[35m307[39m[33m,[
39m[35m320[39m][33m
,[39m[[35m320[39m[
33m,[39m[35m321[39m
][33m,[39m[[35m321
[39m[33m,[39m[35m30
7[39m][33m,[39m[[3
5m425[39m[33m,[39m
[35m427[39m][33m,[3
9m[[35m427[39m[33m,
[39m[35m411[39m][3
3m,[39m[[35m411[39m
[33m,[39m[35m425[3
9m][33m,[39m[[35m42
1[39m[33m,[39m[35m
313[39m][33m,[39m[
[35m313[39m[33m,[39
m[35m18[39m][33m,[
39m[[35m18[39m[33m,
[39m[35m421[39m][3
3m,[39m[[35m321[39m
[33m,[39m[35m405[3
9m][33m,[39m[[35m40
5[39m[33m,[39m[35m
406[39m][33m,[39m[
[35m406[39m[33m,[39
m[35m321[39m][33m,
[39m[[35m320[39m[33
m,[39m[35m404[39m]
[33m,[39m[[35m404[3
9m[33m,[39m[35m405
[39m][33m,[39m[[35m
405[39m[33m,[39m[3
5m320[39m][33m,[39m
[[35m315[39m[33m,[
39m[35m16[39m][33m,
[39m[[35m16[39m[33
m,[39m[35m17[39m][
33m,[39m[[35m17[39m
[33m,[39m[35m315[3
9m][33m,[39m[[35m42
6[39m[33m,[39m[35m
425[39m][33m,[39m[
[35m425[39m[33m,[39
m[35m266[39m][33m,
[39m[[35m266[39m[33
m,[39m[35m426[39m]
[33m,[39m[[35m377[3
9m[33m,[39m[35m400
[39m][33m,[39m[[35m
400[39m[33m,[39m[3
5m369[39m][33m,[39m
[[35m369[39m[33m,[
39m[35m377[39m][33m
,[39m[[35m322[39m[
33m,[39m[35m391[39m
][33m,[39m[[35m391
[39m[33m,[39m[35m26
9[39m][33m,[39m[[3
5m269[39m[33m,[39m
[35m322[39m][33m,[3
9m[[35m417[39m[33m,
[39m[35m465[39m][3
3m,[39m[[35m465[39m
[33m,[39m[35m464[3
9m][33m,[39m[[35m46
4[39m[33m,[39m[35m
417[39m][33m,[39m[
[35m386[39m[33m,[39
m[35m257[39m][33m,
[39m[[35m257[39m[33
m,[39m[35m258[39m]
[33m,[39m[[35m258[3
9m[33m,[39m[35m386
[39m][33m,[39m[[35m
466[39m[33m,[39m[3
5m260[39m][33m,[39m
[[35m260[39m[33m,[
39m[35m388[39m][33m
,[39m[[35m388[39m[
33m,[39m[35m466[39m
][33m,[39m[[35m456
[39m[33m,[39m[35m39
9[39m][33m,[39m[[3
5m399[39m[33m,[39m
[35m419[39m][33m,[3
9m[[35m419[39m[33m,
[39m[35m456[39m][3
3m,[39m[[35m284[39m
[33m,[39m[35m332[3
9m][33m,[39m[[35m33
2[39m[33m,[39m[35m
333[39m][33m,[39m[
[35m333[39m[33m,[39
m[35m284[39m][33m,
[39m[[35m417[39m[33
m,[39m[35m285[39m]
[33m,[39m[[35m285[3
9m[33m,[39m[35m8[3
9m][33m,[39m[[35m8
[39m[33m,[39m[35m41
7[39m][33m,[39m[[3
5m346[39m[33m,[39m
[35m340[39m][33m,[3
9m[[35m340[39m[33m,
[39m[35m261[39m][3
3m,[39m[[35m261[39m
[33m,[39m[35m346[3
9m][33m,[39m[[35m41
3[39m[33m,[39m[35m
441[39m][33m,[39m[
[35m441[39m[33m,[39
m[35m285[39m][33m,
[39m[[35m285[39m[33
m,[39m[35m413[39m]
[33m,[39m[[35m327[3
9m[33m,[39m[35m460
[39m][33m,[39m[[35m
460[39m[33m,[39m[3
5m328[39m][33m,[39m
[[35m328[39m[33m,[
39m[35m327[39m][33m
,[39m[[35m355[39m[
33m,[39m[35m371[39m
][33m,[39m[[35m371
[39m[33m,[39m[35m32
9[39m][33m,[39m[[3
5m329[39m[33m,[39m
[35m355[39m][33m,[3
9m[[35m392[39m[33m,
[39m[35m439[39m][3
3m,[39m[[35m439[39m
[33m,[39m[35m438[3
9m][33m,[39m[[35m43
8[39m[33m,[39m[35m
392[39m][33m,[39m[
[35m382[39m[33m,[39
m[35m341[39m][33m,
[39m[[35m341[39m[33
m,[39m[35m256[39m]
[33m,[39m[[35m256[3
9m[33m,[39m[35m382
[39m][33m,[39m[[35m
429[39m[33m,[39m[3
5m420[39m][33m,[39m
[[35m420[39m[33m,[
39m[35m360[39m][33m
,[39m[[35m360[39m[
33m,[39m[35m429[39m
][33m,[39m[[35m364
[39m[33m,[39m[35m39
4[39m][33m,[39m[[3
5m394[39m[33m,[39m
[35m379[39m][33m,[3
9m[[35m379[39m[33m,
[39m[35m364[39m][3
3m,[39m[[35m277[39m
[33m,[39m[35m343[3
9m][33m,[39m[[35m34
3[39m[33m,[39m[35m
437[39m][33m,[39m[
[35m437[39m[33m,[39
m[35m277[39m][33m,
[39m[[35m443[39m[33
m,[39m[35m444[39m]
[33m,[39m[[35m444[3
9m[33m,[39m[35m283
[39m][33m,[39m[[35m
283[39m[33m,[39m[3
5m443[39m][33m,[39m
[[35m275[39m[33m,[
39m[35m440[39m][33m
,[39m[[35m440[39m[
33m,[39m[35m363[39m
][33m,[39m[[35m363
[39m[33m,[39m[35m27
5[39m][33m,[39m[[3
5m431[39m[33m,[39m
[35m262[39m][33m,[3
9m[[35m262[39m[33m,
[39m[35m369[39m][3
3m,[39m[[35m369[39m
[33m,[39m[35m431[3
9m][33m,[39m[[35m29
7[39m[33m,[39m[35m
338[39m][33m,[39m[
[35m338[39m[33m,[39
m[35m337[39m][33m,
[39m[[35m337[39m[33
m,[39m[35m297[39m]
[33m,[39m[[35m273[3
9m[33m,[39m[35m375
[39m][33m,[39m[[35m
375[39m[33m,[39m[3
5m321[39m][33m,[39m
[[35m321[39m[33m,[
39m[35m273[39m][33m
,[39m[[35m450[39m[
33m,[39m[35m451[39m
][33m,[39m[[35m451
[39m[33m,[39m[35m34
9[39m][33m,[39m[[3
5m349[39m[33m,[39m
[35m450[39m][33m,[3
9m[[35m446[39m[33m,
[39m[35m342[39m][3
3m,[39m[[35m342[39m
[33m,[39m[35m467[3
9m][33m,[39m[[35m46
7[39m[33m,[39m[35m
446[39m][33m,[39m[
[35m293[39m[33m,[39
m[35m334[39m][33m,
[39m[[35m334[39m[33
m,[39m[35m282[39m]
[33m,[39m[[35m282[3
9m[33m,[39m[35m293
[39m][33m,[39m[[35m
458[39m[33m,[39m[3
5m461[39m][33m,[39m
[[35m461[39m[33m,[
39m[35m462[39m][33m
,[39m[[35m462[39m[
33m,[39m[35m458[39m
][33m,[39m[[35m276
[39m[33m,[39m[35m35
3[39m][33m,[39m[[3
5m353[39m[33m,[39m
[35m383[39m][33m,[3
9m[[35m383[39m[33m,
[39m[35m276[39m][3
3m,[39m[[35m308[39m
[33m,[39m[35m324[3
9m][33m,[39m[[35m32
4[39m[33m,[39m[35m
325[39m][33m,[39m[
[35m325[39m[33m,[39
m[35m308[39m][33m,
[39m[[35m276[39m[33
m,[39m[35m300[39m]
[33m,[39m[[35m300[3
9m[33m,[39m[35m293
[39m][33m,[39m[[35m
293[39m[33m,[39m[3
5m276[39m][33m,[39m
[[35m372[39m[33m,[
39m[35m345[39m][33m
,[39m[[35m345[39m[
33m,[39m[35m447[39m
][33m,[39m[[35m447
[39m[33m,[39m[35m37
2[39m][33m,[39m[[3
5m352[39m[33m,[39m
[35m345[39m][33m,[3
9m[[35m345[39m[33m,
[39m[35m340[39m][3
3m,[39m[[35m340[39m
[33m,[39m[35m352[3
9m][33m,[39m[[35m27
4[39m[33m,[39m[35m
1[39m][33m,[39m[[3
5m1[39m[33m,[39m[3
5m19[39m][33m,[39m[
[35m19[39m[33m,[39
m[35m274[39m][33m,
[39m[[35m456[39m[33
m,[39m[35m248[39m]
[33m,[39m[[35m248[3
9m[33m,[39m[35m281
[39m][33m,[39m[[35m
281[39m[33m,[39m[3
5m456[39m][33m,[39m
[[35m436[39m[33m,[
39m[35m427[39m][33m
,[39m[[35m427[39m[
33m,[39m[35m425[39m
][33m,[39m[[35m425
[39m[33m,[39m[35m43
6[39m][33m,[39m[[3
5m381[39m[33m,[39m
[35m256[39m][33m,[3
9m[[35m256[39m[33m,
[39m[35m252[39m][3
3m,[39m[[35m252[39m
[33m,[39m[35m381[3
9m][33m,[39m[[35m26
9[39m[33m,[39m[35m
391[39m][33m,[39m[
[35m391[39m[33m,[39
m[35m393[39m][33m,
[39m[[35m393[39m[33
m,[39m[35m269[39m]
[33m,[39m[[35m200[3
9m[33m,[39m[35m199
[39m][33m,[39m[[35m
199[39m[33m,[39m[3
5m428[39m][33m,[39m
[[35m428[39m[33m,[
39m[35m200[39m][33m
,[39m[[35m266[39m[
33m,[39m[35m330[39m
][33m,[39m[[35m330
[39m[33m,[39m[35m32
9[39m][33m,[39m[[3
5m329[39m[33m,[39m
[35m266[39m][33m,[3
9m[[35m287[39m[33m,
[39m[35m273[39m][3
3m,[39m[[35m273[39m
[33m,[39m[35m422[3
9m][33m,[39m[[35m42
2[39m[33m,[39m[35m
287[39m][33m,[39m[
[35m250[39m[33m,[39
m[35m462[39m][33m,
[39m[[35m462[39m[33
m,[39m[35m328[39m]
[33m,[39m[[35m328[3
9m[33m,[39m[35m250
[39m][33m,[39m[[35m
258[39m[33m,[39m[3
5m286[39m][33m,[39m
[[35m286[39m[33m,[
39m[35m384[39m][33m
,[39m[[35m384[39m[
33m,[39m[35m258[39m
][33m,[39m[[35m265
[39m[33m,[39m[35m35
3[39m][33m,[39m[[3
5m353[39m[33m,[39m
[35m342[39m][33m,[3
9m[[35m342[39m[33m,
[39m[35m265[39m][3
3m,[39m[[35m387[39m
[33m,[39m[35m259[3
9m][33m,[39m[[35m25
9[39m[33m,[39m[35m
257[39m][33m,[39m[
[35m257[39m[33m,[39
m[35m387[39m][33m,
[39m[[35m424[39m[33
m,[39m[35m431[39m]
[33m,[39m[[35m431[3
9m[33m,[39m[35m430
[39m][33m,[39m[[35m
430[39m[33m,[39m[3
5m424[39m][33m,[39m
[[35m342[39m[33m,[
39m[35m353[39m][33m
,[39m[[35m353[39m[
33m,[39m[35m276[39m
][33m,[39m[[35m276
[39m[33m,[39m[35m34
2[39m][33m,[39m[[3
5m273[39m[33m,[39m
[35m335[39m][33m,[3
9m[[35m335[39m[33m,
[39m[35m424[39m][3
3m,[39m[[35m424[39m
[33m,[39m[35m273[3
9m][33m,[39m[[35m29
2[39m[33m,[39m[35m
325[39m][33m,[39m[
[35m325[39m[33m,[39
m[35m307[39m][33m,
[39m[[35m307[39m[33
m,[39m[35m292[39m]
[33m,[39m[[35m366[3
9m[33m,[39m[35m447
[39m][33m,[39m[[35m
447[39m[33m,[39m[3
5m345[39m][33m,[39m
[[35m345[39m[33m,[
39m[35m366[39m][33m
,[39m[[35m271[39m[
33m,[39m[35m303[39m
][33m,[39m[[35m303
[39m[33m,[39m[35m30
2[39m][33m,[39m[[3
5m302[39m[33m,[39m
[35m271[39m][33m,[3
9m[[35m423[39m[33m,
[39m[35m266[39m][3
3m,[39m[[35m266[39m
[33m,[39m[35m371[3
9m][33m,[39m[[35m37
1[39m[33m,[39m[35m
423[39m][33m,[39m[
[35m294[39m[33m,[39
m[35m455[39m][33m,
[39m[[35m455[39m[33
m,[39m[35m460[39m]
[33m,[39m[[35m460[3
9m[33m,[39m[35m294
[39m][33m,[39m[[35m
279[39m[33m,[39m[3
5m278[39m][33m,[39m
[[35m278[39m[33m,[
39m[35m294[39m][33m
,[39m[[35m294[39m[
33m,[39m[35m279[39m
][33m,[39m[[35m271
[39m[33m,[39m[35m27
2[39m][33m,[39m[[3
5m272[39m[33m,[39m
[35m304[39m][33m,[3
9m[[35m304[39m[33m,
[39m[35m271[39m][3
3m,[39m[[35m432[39m
[33m,[39m[35m434[3
9m][33m,[39m[[35m43
4[39m[33m,[39m[35m
427[39m][33m,[39m[
[35m427[39m[33m,[39
m[35m432[39m][33m,
[39m[[35m272[39m[33
m,[39m[35m407[39m]
[33m,[39m[[35m407[3
9m[33m,[39m[35m408
[39m][33m,[39m[[35m
408[39m[33m,[39m[3
5m272[39m][33m,[39m
[[35m394[39m[33m,[
39m[35m430[39m][33m
,[39m[[35m430[39m[
33m,[39m[35m431[39m
][33m,[39m[[35m431
[39m[33m,[39m[35m39
4[39m][33m,[39m[[3
5m395[39m[33m,[39m
[35m369[39m][33m,[3
9m[[35m369[39m[33m,
[39m[35m400[39m][3
3m,[39m[[35m400[39m
[33m,[39m[35m395[3
9m][33m,[39m[[35m33
4[39m[33m,[39m[35m
333[39m][33m,[39m[
[35m333[39m[33m,[39
m[35m299[39m][33m,
[39m[[35m299[39m[33
m,[39m[35m334[39m]
[33m,[39m[[35m351[3
9m[33m,[39m[35m417
[39m][33m,[39m[[35m
417[39m[33m,[39m[3
5m168[39m][33m,[39m
[[35m168[39m[33m,[
39m[35m351[39m][33m
,[39m[[35m352[39m[
33m,[39m[35m280[39m
][33m,[39m[[35m280
[39m[33m,[39m[35m41
1[39m][33m,[39m[[3
5m411[39m[33m,[39m
[35m352[39m][33m,[3
9m[[35m325[39m[33m,
[39m[35m319[39m][3
3m,[39m[[35m319[39m
[33m,[39m[35m320[3
9m][33m,[39m[[35m32
0[39m[33m,[39m[35m
325[39m][33m,[39m[
[35m295[39m[33m,[39
m[35m296[39m][33m,
[39m[[35m296[39m[33
m,[39m[35m336[39m]
[33m,[39m[[35m336[3
9m[33m,[39m[35m295
[39m][33m,[39m[[35m
319[39m[33m,[39m[3
5m403[39m][33m,[39m
[[35m403[39m[33m,[
39m[35m404[39m][33m
,[39m[[35m404[39m[
33m,[39m[35m319[39m
][33m,[39m[[35m330
[39m[33m,[39m[35m34
8[39m][33m,[39m[[3
5m348[39m[33m,[39m
[35m349[39m][33m,[3
9m[[35m349[39m[33m,
[39m[35m330[39m][3
3m,[39m[[35m293[39m
[33m,[39m[35m298[3
9m][33m,[39m[[35m29
8[39m[33m,[39m[35m
333[39m][33m,[39m[
[35m333[39m[33m,[39
m[35m293[39m][33m,
[39m[[35m323[39m[33
m,[39m[35m454[39m]
[33m,[39m[[35m454[3
9m[33m,[39m[35m447
[39m][33m,[39m[[35m
447[39m[33m,[39m[3
5m323[39m][33m,[39m
[[35m15[39m[33m,[3
9m[35m16[39m][33m,
[39m[[35m16[39m[33m
,[39m[35m315[39m][
33m,[39m[[35m315[39
m[33m,[39m[35m15[3
9m][33m,[39m[[35m35
8[39m[33m,[39m[35m
429[39m][33m,[39m[
[35m429[39m[33m,[39
m[35m279[39m][33m,
[39m[[35m279[39m[33
m,[39m[35m358[39m]
[33m,[39m[[35m14[39
m[33m,[39m[35m15[3
9m][33m,[39m[[35m15
[39m[33m,[39m[35m3
16[39m][33m,[39m[[
35m316[39m[33m,[39m
[35m14[39m][33m,[3
9m[[35m285[39m[33m,
[39m[35m336[39m][3
3m,[39m[[35m336[39m
[33m,[39m[35m9[39m
][33m,[39m[[35m9[3
9m[33m,[39m[35m285
[39m][33m,[39m[[35m
329[39m[33m,[39m[3
5m349[39m][33m,[39m
[[35m349[39m[33m,[
39m[35m350[39m][33m
,[39m[[35m350[39m[
33m,[39m[35m329[39m
][33m,[39m[[35m374
[39m[33m,[39m[35m38
0[39m][33m,[39m[[3
5m380[39m[33m,[39m
[35m252[39m][33m,[3
9m[[35m252[39m[33m,
[39m[35m374[39m][3
3m,[39m[[35m318[39m
[33m,[39m[35m402[3
9m][33m,[39m[[35m40
2[39m[33m,[39m[35m
403[39m][33m,[39m[
[35m403[39m[33m,[39
m[35m318[39m][33m,
[39m[[35m6[39m[33m,
[39m[35m197[39m][3
3m,[39m[[35m197[39m
[33m,[39m[35m419[3
9m][33m,[39m[[35m41
9[39m[33m,[39m[35m
6[39m][33m,[39m[[3
5m318[39m[33m,[39m
[35m319[39m][33m,[3
9m[[35m319[39m[33m,
[39m[35m325[39m][3
3m,[39m[[35m325[39m
[33m,[39m[35m318[3
9m][33m,[39m[[35m36
7[39m[33m,[39m[35m
364[39m][33m,[39m[
[35m364[39m[33m,[39
m[35m365[39m][33m,
[39m[[35m365[39m[33
m,[39m[35m367[39m]
[33m,[39m[[35m435[3
9m[33m,[39m[35m367
[39m][33m,[39m[[35m
367[39m[33m,[39m[3
5m397[39m][33m,[39m
[[35m397[39m[33m,[
39m[35m435[39m][33m
,[39m[[35m344[39m[
33m,[39m[35m438[39m
][33m,[39m[[35m438
[39m[33m,[39m[35m43
9[39m][33m,[39m[[3
5m439[39m[33m,[39m
[35m344[39m][33m,[3
9m[[35m272[39m[33m,
[39m[35m271[39m][3
3m,[39m[[35m271[39m
[33m,[39m[35m311[3
9m][33m,[39m[[35m31
1[39m[33m,[39m[35m
272[39m][33m,[39m[
[35m195[39m[33m,[39
m[35m5[39m][33m,[3
9m[[35m5[39m[33m,[
39m[35m281[39m][33m
,[39m[[35m281[39m[
33m,[39m[35m195[39m
][33m,[39m[[35m273
[39m[33m,[39m[35m28
7[39m][33m,[39m[[3
5m287[39m[33m,[39m
[35m291[39m][33m,[3
9m[[35m291[39m[33m,
[39m[35m273[39m][3
3m,[39m[[35m396[39m
[33m,[39m[35m428[3
9m][33m,[39m[[35m42
8[39m[33m,[39m[35m
199[39m][33m,[39m[
[35m199[39m[33m,[39
m[35m396[39m][33m,
[39m[[35m311[39m[33
m,[39m[35m271[39m]
[33m,[39m[[35m271[3
9m[33m,[39m[35m268
[39m][33m,[39m[[35m
268[39m[33m,[39m[3
5m311[39m][33m,[39m
[[35m283[39m[33m,[
39m[35m444[39m][33m
,[39m[[35m444[39m[
33m,[39m[35m445[39m
][33m,[39m[[35m445
[39m[33m,[39m[35m28
3[39m][33m,[39m[[3
5m373[39m[33m,[39m
[35m254[39m][33m,[3
9m[[35m254[39m[33m,
[39m[35m339[39m][3
3m,[39m[[35m339[39m
[33m,[39m[35m373[3
9m][33m,[39m[[35m28
2[39m[33m,[39m[35m
334[39m][33m,[39m[
[35m334[39m[33m,[39
m[35m296[39m][33m,
[39m[[35m296[39m[33
m,[39m[35m282[39m]
[33m,[39m[[35m449[3
9m[33m,[39m[35m347
[39m][33m,[39m[[35m
347[39m[33m,[39m[3
5m346[39m][33m,[39m
[[35m346[39m[33m,[
39m[35m449[39m][33m
,[39m[[35m264[39m[
33m,[39m[35m447[39m
][33m,[39m[[35m447
[39m[33m,[39m[35m45
4[39m][33m,[39m[[3
5m454[39m[33m,[39m
[35m264[39m][33m,[3
9m[[35m336[39m[33m,
[39m[35m296[39m][3
3m,[39m[[35m296[39m
[33m,[39m[35m299[3
9m][33m,[39m[[35m29
9[39m[33m,[39m[35m
336[39m][33m,[39m[
[35m338[39m[33m,[39
m[35m10[39m][33m,[
39m[[35m10[39m[33m,
[39m[35m151[39m][3
3m,[39m[[35m151[39m
[33m,[39m[35m338[3
9m][33m,[39m[[35m27
8[39m[33m,[39m[35m
439[39m][33m,[39m[
[35m439[39m[33m,[39
m[35m455[39m][33m,
[39m[[35m455[39m[33
m,[39m[35m278[39m]
[33m,[39m[[35m292[3
9m[33m,[39m[35m407
[39m][33m,[39m[[35m
407[39m[33m,[39m[3
5m415[39m][33m,[39m
[[35m415[39m[33m,[
39m[35m292[39m][33m
,[39m[[35m358[39m[
33m,[39m[35m371[39m
][33m,[39m[[35m371
[39m[33m,[39m[35m35
5[39m][33m,[39m[[3
5m355[39m[33m,[39m
[35m358[39m][33m,[3
9m[[35m340[39m[33m,
[39m[35m345[39m][3
3m,[39m[[35m345[39m
[33m,[39m[35m372[3
9m][33m,[39m[[35m37
2[39m[33m,[39m[35m
340[39m][33m,[39m[
[35m346[39m[33m,[39
m[35m347[39m][33m,
[39m[[35m347[39m[33
m,[39m[35m280[39m]
[33m,[39m[[35m280[3
9m[33m,[39m[35m346
[39m][33m,[39m[[35m
442[39m[33m,[39m[3
5m443[39m][33m,[39m
[[35m443[39m[33m,[
39m[35m282[39m][33m
,[39m[[35m282[39m[
33m,[39m[35m442[39m
][33m,[39m[[35m19[
39m[33m,[39m[35m94
[39m][33m,[39m[[35m
94[39m[33m,[39m[35
m370[39m][33m,[39m[
[35m370[39m[33m,[3
9m[35m19[39m][33m,
[39m[[35m441[39m[33
m,[39m[35m442[39m]
[33m,[39m[[35m442[3
9m[33m,[39m[35m295
[39m][33m,[39m[[35m
295[39m[33m,[39m[3
5m441[39m][33m,[39m
[[35m248[39m[33m,[
39m[35m419[39m][33m
,[39m[[35m419[39m[
33m,[39m[35m197[39m
][33m,[39m[[35m197
[39m[33m,[39m[35m24
8[39m][33m,[39m[[3
5m263[39m[33m,[39m
[35m255[39m][33m,[3
9m[[35m255[39m[33m,
[39m[35m359[39m][3
3m,[39m[[35m359[39m
[33m,[39m[35m263[3
9m][33m,[39m[[35m44
0[39m[33m,[39m[35m
275[39m][33m,[39m[
[35m275[39m[33m,[39
m[35m274[39m][33m,
[39m[[35m274[39m[33
m,[39m[35m440[39m]
[33m,[39m[[35m300[3
9m[33m,[39m[35m383
[39m][33m,[39m[[35m
383[39m[33m,[39m[3
5m368[39m][33m,[39m
[[35m368[39m[33m,[
39m[35m300[39m][33m
,[39m[[35m351[39m[
33m,[39m[35m412[39m
][33m,[39m[[35m412
[39m[33m,[39m[35m46
5[39m][33m,[39m[[3
5m465[39m[33m,[39m
[35m351[39m][33m,[3
9m[[35m263[39m[33m,
[39m[35m467[39m][3
3m,[39m[[35m467[39m
[33m,[39m[35m466[3
9m][33m,[39m[[35m46
6[39m[33m,[39m[35m
263[39m][33m,[39m[
[35m301[39m[33m,[39
m[35m368[39m][33m,
[39m[[35m368[39m[33
m,[39m[35m389[39m]
[33m,[39m[[35m389[3
9m[33m,[39m[35m301
[39m][33m,[39m[[35m
395[39m[33m,[39m[3
5m378[39m][33m,[39m
[[35m378[39m[33m,[
39m[35m379[39m][33m
,[39m[[35m379[39m[
33m,[39m[35m395[39m
][33m,[39m[[35m412
[39m[33m,[39m[35m35
1[39m][33m,[39m[[3
5m351[39m[33m,[39m
[35m419[39m][33m,[3
9m[[35m419[39m[33m,
[39m[35m412[39m][3
3m,[39m[[35m436[39m
[33m,[39m[35m426[3
9m][33m,[39m[[35m42
6[39m[33m,[39m[35m
322[39m][33m,[39m[
[35m322[39m[33m,[39
m[35m436[39m][33m,
[39m[[35m2[39m[33m,
[39m[35m164[39m][3
3m,[39m[[35m164[39m
[33m,[39m[35m393[3
9m][33m,[39m[[35m39
3[39m[33m,[39m[35m
2[39m][33m,[39m[[3
5m370[39m[33m,[39m
[35m462[39m][33m,[3
9m[[35m462[39m[33m,
[39m[35m461[39m][3
3m,[39m[[35m461[39m
[33m,[39m[35m370[3
9m][33m,[39m[[35m16
4[39m[33m,[39m[35m
0[39m][33m,[39m[[3
5m0[39m[33m,[39m[3
5m267[39m][33m,[39m
[[35m267[39m[33m,[
39m[35m164[39m][33m
,[39m[[35m302[39m[
33m,[39m[35m11[39m]
[33m,[39m[[35m11[3
9m[33m,[39m[35m12[
39m][33m,[39m[[35m1
2[39m[33m,[39m[35m
302[39m][33m,[39m[
[35m268[39m[33m,[39
m[35m12[39m][33m,[
39m[[35m12[39m[33m,
[39m[35m13[39m][33
m,[39m[[35m13[39m[
33m,[39m[35m268[39m
][33m,[39m[[35m293
[39m[33m,[39m[35m30
0[39m][33m,[39m[[3
5m300[39m[33m,[39m
[35m301[39m][33m,[3
9m[[35m301[39m[33m,
[39m[35m293[39m][3
3m,[39m[[35m446[39m
[33m,[39m[35m261[3
9m][33m,[39m[[35m26
1[39m[33m,[39m[35m
340[39m][33m,[39m[
[35m340[39m[33m,[39
m[35m446[39m][33m,
[39m[[35m330[39m[33
m,[39m[35m266[39m]
[33m,[39m[[35m266[3
9m[33m,[39m[35m425
[39m][33m,[39m[[35m
425[39m[33m,[39m[3
5m330[39m][33m,[39m
[[35m426[39m[33m,[
39m[35m423[39m][33m
,[39m[[35m423[39m[
33m,[39m[35m391[39m
][33m,[39m[[35m391
[39m[33m,[39m[35m42
6[39m][33m,[39m[[3
5m429[39m[33m,[39m
[35m355[39m][33m,[3
9m[[35m355[39m[33m,
[39m[35m437[39m][3
3m,[39m[[35m437[39m
[33m,[39m[35m429[3
9m][33m,[39m[[35m39
1[39m[33m,[39m[35m
327[39m][33m,[39m[
[35m327[39m[33m,[39
m[35m326[39m][33m,
[39m[[35m326[39m[33
m,[39m[35m391[39m]
[33m,[39m[[35m440[3
9m[33m,[39m[35m457
[39m][33m,[39m[[35m
457[39m[33m,[39m[3
5m438[39m][33m,[39m
[[35m438[39m[33m,[
39m[35m440[39m][33m
,[39m[[35m341[39m[
33m,[39m[35m382[39m
][33m,[39m[[35m382
[39m[33m,[39m[35m36
2[39m][33m,[39m[[3
5m362[39m[33m,[39m
[35m341[39m][33m,[3
9m[[35m459[39m[33m,
[39m[35m457[39m][3
3m,[39m[[35m457[39m
[33m,[39m[35m461[3
9m][33m,[39m[[35m46
1[39m[33m,[39m[35m
459[39m][33m,[39m[
[35m434[39m[33m,[39
m[35m430[39m][33m,
[39m[[35m430[39m[33
m,[39m[35m394[39m]
[33m,[39m[[35m394[3
9m[33m,[39m[35m434
[39m][33m,[39m[[35m
414[39m[33m,[39m[3
5m463[39m][33m,[39m
[[35m463[39m[33m,[
39m[35m362[39m][33m
,[39m[[35m362[39m[
33m,[39m[35m414[39m
][33m,[39m[[35m396
[39m[33m,[39m[35m36
9[39m][33m,[39m[[3
5m369[39m[33m,[39m
[35m262[39m][33m,[3
9m[[35m262[39m[33m,
[39m[35m396[39m][3
3m,[39m[[35m354[39m
[33m,[39m[35m461[3
9m][33m,[39m[[35m46
1[39m[33m,[39m[35m
457[39m][33m,[39m[
[35m457[39m[33m,[39
m[35m354[39m][33m,
[39m[[35m316[39m[33
m,[39m[35m403[39m]
[33m,[39m[[35m403[3
9m[33m,[39m[35m402
[39m][33m,[39m[[35m
402[39m[33m,[39m[3
5m316[39m][33m,[39m
[[35m315[39m[33m,[
39m[35m404[39m][33m
,[39m[[35m404[39m[
33m,[39m[35m403[39m
][33m,[39m[[35m403
[39m[33m,[39m[35m31
5[39m][33m,[39m[[3
5m314[39m[33m,[39m
[35m405[39m][33m,[3
9m[[35m405[39m[33m,
[39m[35m404[39m][3
3m,[39m[[35m404[39m
[33m,[39m[35m314[3
9m][33m,[39m[[35m31
3[39m[33m,[39m[35m
406[39m][33m,[39m[
[35m406[39m[33m,[39
m[35m405[39m][33m,
[39m[[35m405[39m[33
m,[39m[35m313[39m]
[33m,[39m[[35m421[3
9m[33m,[39m[35m418
[39m][33m,[39m[[35m
418[39m[33m,[39m[3
5m406[39m][33m,[39m
[[35m406[39m[33m,[
39m[35m421[39m][33m
,[39m[[35m366[39m[
33m,[39m[35m401[39m
][33m,[39m[[35m401
[39m[33m,[39m[35m36
1[39m][33m,[39m[[3
5m361[39m[33m,[39m
[35m366[39m][33m,[3
9m[[35m306[39m[33m,
[39m[35m408[39m][3
3m,[39m[[35m408[39m
[33m,[39m[35m407[3
9m][33m,[39m[[35m40
7[39m[33m,[39m[35m
306[39m][33m,[39m[
[35m291[39m[33m,[39
m[35m409[39m][33m,
[39m[[35m409[39m[33
m,[39m[35m408[39m]
[33m,[39m[[35m408[3
9m[33m,[39m[35m291
[39m][33m,[39m[[35m
287[39m[33m,[39m[3
5m410[39m][33m,[39m
[[35m410[39m[33m,[
39m[35m409[39m][33m
,[39m[[35m409[39m[
33m,[39m[35m287[39m
][33m,[39m[[35m432
[39m[33m,[39m[35m43
6[39m][33m,[39m[[3
5m436[39m[33m,[39m
[35m410[39m][33m,[3
9m[[35m410[39m[33m,
[39m[35m432[39m][3
3m,[39m[[35m434[39m
[33m,[39m[35m416[3
9m][33m,[39m[[35m41
6[39m[33m,[39m[35m
411[39m][33m,[39m[
[35m411[39m[33m,[39
m[35m434[39m][33m,
[39m[[35m264[39m[33
m,[39m[35m368[39m]
[33m,[39m[[35m368[3
9m[33m,[39m[35m383
[39m][33m,[39m[[35m
383[39m[33m,[39m[3
5m264[39m][33m,[39m
[[35m309[39m[33m,[
39m[35m438[39m][33m
,[39m[[35m438[39m[
33m,[39m[35m457[39m
][33m,[39m[[35m457
[39m[33m,[39m[35m30
9[39m][33m,[39m[[3
5m352[39m[33m,[39m
[35m376[39m][33m,[3
9m[[35m376[39m[33m,
[39m[35m401[39m][3
3m,[39m[[35m401[39m
[33m,[39m[35m352[3
9m][33m,[39m[[35m27
4[39m[33m,[39m[35m
275[39m][33m,[39m[
[35m275[39m[33m,[39
m[35m4[39m][33m,[3
9m[[35m4[39m[33m,[
39m[35m274[39m][33m
,[39m[[35m421[39m[
33m,[39m[35m428[39m
][33m,[39m[[35m428
[39m[33m,[39m[35m26
2[39m][33m,[39m[[3
5m262[39m[33m,[39m
[35m421[39m][33m,[3
9m[[35m294[39m[33m,
[39m[35m327[39m][3
3m,[39m[[35m327[39m
[33m,[39m[35m358[3
9m][33m,[39m[[35m35
8[39m[33m,[39m[35m
294[39m][33m,[39m[
[35m433[39m[33m,[39
m[35m416[39m][33m,
[39m[[35m416[39m[33
m,[39m[35m367[39m]
[33m,[39m[[35m367[3
9m[33m,[39m[35m433
[39m][33m,[39m[[35m
289[39m[33m,[39m[3
5m455[39m][33m,[39m
[[35m455[39m[33m,[
39m[35m439[39m][33m
,[39m[[35m439[39m[
33m,[39m[35m289[39m
][33m,[39m[[35m462
[39m[33m,[39m[35m37
0[39m][33m,[39m[[3
5m370[39m[33m,[39m
[35m326[39m][33m,[3
9m[[35m326[39m[33m,
[39m[35m462[39m][3
3m,[39m[[35m2[39m[
33m,[39m[35m326[39m
][33m,[39m[[35m326
[39m[33m,[39m[35m37
0[39m][33m,[39m[[3
5m370[39m[33m,[39m
[35m2[39m][33m,[39m
[[35m305[39m[33m,[
39m[35m460[39m][33m
,[39m[[35m460[39m[
33m,[39m[35m455[39m
][33m,[39m[[35m455
[39m[33m,[39m[35m30
5[39m][33m,[39m[[3
5m254[39m[33m,[39m
[35m449[39m][33m,[3
9m[[35m449[39m[33m,
[39m[35m448[39m][3
3m,[39m[[35m448[39m
[33m,[39m[35m254[3
9m][33m,[39m[[35m25
5[39m[33m,[39m[35m
261[39m][33m,[39m[
[35m261[39m[33m,[39
m[35m446[39m][33m,
[39m[[35m446[39m[33
m,[39m[35m255[39m]
[33m,[39m[[35m253[3
9m[33m,[39m[35m450
[39m][33m,[39m[[35m
450[39m[33m,[39m[3
5m449[39m][33m,[39m
[[35m449[39m[33m,[
39m[35m253[39m][33m
,[39m[[35m252[39m[
33m,[39m[35m451[39m
][33m,[39m[[35m451
[39m[33m,[39m[35m45
0[39m][33m,[39m[[3
5m450[39m[33m,[39m
[35m252[39m][33m,[3
9m[[35m256[39m[33m,
[39m[35m452[39m][3
3m,[39m[[35m452[39m
[33m,[39m[35m451[3
9m][33m,[39m[[35m45
1[39m[33m,[39m[35m
256[39m][33m,[39m[
[35m341[39m[33m,[39
m[35m453[39m][33m,
[39m[[35m453[39m[33
m,[39m[35m452[39m]
[33m,[39m[[35m452[3
9m[33m,[39m[35m341
[39m][33m,[39m[[35m
413[39m[33m,[39m[3
5m464[39m][33m,[39m
[[35m464[39m[33m,[
39m[35m463[39m][33m
,[39m[[35m463[39m[
33m,[39m[35m413[39m
][33m,[39m[[35m441
[39m[33m,[39m[35m41
3[39m][33m,[39m[[3
5m413[39m[33m,[39m
[35m414[39m][33m,[3
9m[[35m414[39m[33m,
[39m[35m441[39m][3
3m,[39m[[35m258[39m
[33m,[39m[35m442[3
9m][33m,[39m[[35m44
2[39m[33m,[39m[35m
441[39m][33m,[39m[
[35m441[39m[33m,[39
m[35m258[39m][33m,
[39m[[35m257[39m[33
m,[39m[35m443[39m]
[33m,[39m[[35m443[3
9m[33m,[39m[35m442
[39m][33m,[39m[[35m
442[39m[33m,[39m[3
5m257[39m][33m,[39m
[[35m259[39m[33m,[
39m[35m444[39m][33m
,[39m[[35m444[39m[
33m,[39m[35m443[39m
][33m,[39m[[35m443
[39m[33m,[39m[35m25
9[39m][33m,[39m[[3
5m260[39m[33m,[39m
[35m445[39m][33m,[3
9m[[35m445[39m[33m,
[39m[35m444[39m][3
3m,[39m[[35m444[39m
[33m,[39m[35m260[3
9m][33m,[39m[[35m46
7[39m[33m,[39m[35m
342[39m][33m,[39m[
[35m342[39m[33m,[39
m[35m445[39m][33m,
[39m[[35m445[39m[33
m,[39m[35m467[39m]
[33m,[39m[[35m459[3
9m[33m,[39m[35m458
[39m][33m,[39m[[35m
458[39m[33m,[39m[3
5m250[39m][33m,[39m
[[35m250[39m[33m,[
39m[35m459[39m][33m
,[39m[[35m289[39m[
33m,[39m[35m392[39m
][33m,[39m[[35m392
[39m[33m,[39m[35m29
0[39m][33m,[39m[[3
5m290[39m[33m,[39m
[35m289[39m][33m,[3
9m[[35m290[39m[33m,
[39m[35m328[39m][3
3m,[39m[[35m328[39m
[33m,[39m[35m460[3
9m][33m,[39m[[35m46
0[39m[33m,[39m[35m
290[39m][33m,[39m[
[35m376[39m[33m,[39
m[35m433[39m][33m,
[39m[[35m433[39m[33
m,[39m[35m435[39m]
[33m,[39m[[35m435[3
9m[33m,[39m[35m376
[39m][33m,[39m[[35m
250[39m[33m,[39m[3
5m290[39m][33m,[39m
[[35m290[39m[33m,[
39m[35m392[39m][33m
,[39m[[35m392[39m[
33m,[39m[35m250[39m
][33m,[39m[[35m411
[39m[33m,[39m[35m41
6[39m][33m,[39m[[3
5m416[39m[33m,[39m
[35m433[39m][33m,[3
9m[[35m433[39m[33m,
[39m[35m411[39m][3
3m,[39m[[35m341[39m
[33m,[39m[35m463[3
9m][33m,[39m[[35m46
3[39m[33m,[39m[35m
464[39m][33m,[39m[
[35m464[39m[33m,[39
m[35m341[39m][33m,
[39m[[35m453[39m[33
m,[39m[35m464[39m]
[33m,[39m[[35m464[3
9m[33m,[39m[35m465
[39m][33m,[39m[[35m
465[39m[33m,[39m[3
5m453[39m][33m,[39m
[[35m357[39m[33m,[
39m[35m465[39m][33m
,[39m[[35m465[39m[
33m,[39m[35m412[39m
][33m,[39m[[35m412
[39m[33m,[39m[35m35
7[39m][33m,[39m[[3
5m343[39m[33m,[39m
[35m412[39m][33m,[3
9m[[35m412[39m[33m,
[39m[35m399[39m][3
3m,[39m[[35m399[39m
[33m,[39m[35m343[3
9m][33m,[39m[[35m36
0[39m[33m,[39m[35m
363[39m][33m,[39m[
[35m363[39m[33m,[39
m[35m440[39m][33m,
[39m[[35m440[39m[33
m,[39m[35m360[39m]
[33m,[39m[[35m437[3
9m[33m,[39m[35m399
[39m][33m,[39m[[35m
399[39m[33m,[39m[3
5m456[39m][33m,[39m
[[35m456[39m[33m,[
39m[35m437[39m][33m
,[39m[[35m420[39m[
33m,[39m[35m456[39m
][33m,[39m[[35m456
[39m[33m,[39m[35m36
3[39m][33m,[39m[[3
5m363[39m[33m,[39m
[35m420[39m][33m,[3
9m[[35m401[39m[33m,
[39m[35m435[39m][3
3m,[39m[[35m435[39m
[33m,[39m[35m288[3
9m][33m,[39m[[35m28
8[39m[33m,[39m[35m
401[39m][33m,[39m[
[35m372[39m[33m,[39
m[35m383[39m][33m,
[39m[[35m383[39m[33
m,[39m[35m353[39m]
[33m,[39m[[35m353[3
9m[33m,[39m[35m372
[39m][33m,[39m[[35m
339[39m[33m,[39m[3
5m255[39m][33m,[39m
[[35m255[39m[33m,[
39m[35m249[39m][33m
,[39m[[35m249[39m[
33m,[39m[35m339[39m
][33m,[39m[[35m448
[39m[33m,[39m[35m26
1[39m][33m,[39m[[3
5m261[39m[33m,[39m
[35m255[39m][33m,[3
9m[[35m255[39m[33m,
[39m[35m448[39m][3
3m,[39m[[35m133[39m
[33m,[39m[35m243[3
9m][33m,[39m[[35m24
3[39m[33m,[39m[35m
190[39m][33m,[39m[
[35m190[39m[33m,[39
m[35m133[39m][33m,
[39m[[35m133[39m[33
m,[39m[35m155[39m]
[33m,[39m[[35m155[3
9m[33m,[39m[35m112
[39m][33m,[39m[[35m
112[39m[33m,[39m[3
5m133[39m][33m,[39m
[[35m33[39m[33m,[3
9m[35m246[39m][33m,
[39m[[35m246[39m[3
3m,[39m[35m247[39m]
[33m,[39m[[35m247[
39m[33m,[39m[35m33
[39m][33m,[39m[[35m
33[39m[33m,[39m[35
m130[39m][33m,[39m[
[35m130[39m[33m,[3
9m[35m25[39m][33m,
[39m[[35m25[39m[33m
,[39m[35m33[39m][3
3m,[39m[[35m398[39m
[33m,[39m[35m384[3
9m][33m,[39m[[35m38
4[39m[33m,[39m[35m
286[39m][33m,[39m[
[35m286[39m[33m,[39
m[35m398[39m][33m,
[39m[[35m362[39m[33
m,[39m[35m398[39m]
[33m,[39m[[35m398[3
9m[33m,[39m[35m414
[39m][33m,[39m[[35m
414[39m[33m,[39m[3
5m362[39m][33m,[39m
[[35m362[39m[33m,[
39m[35m463[39m][33m
,[39m[[35m463[39m[
33m,[39m[35m341[39m
][33m,[39m[[35m341
[39m[33m,[39m[35m36
2[39m][33m,[39m[[3
5m263[39m[33m,[39m
[35m359[39m][33m,[3
9m[[35m359[39m[33m,
[39m[35m467[39m][3
3m,[39m[[35m467[39m
[33m,[39m[35m263[3
9m][33m,[39m[[35m26
3[39m[33m,[39m[35m
249[39m][33m,[39m[
[35m249[39m[33m,[39
m[35m255[39m][33m,
[39m[[35m255[39m[33
m,[39m[35m263[39m]
[33m,[39m[[35m466[3
9m[33m,[39m[35m467
[39m][33m,[39m[[35m
467[39m[33m,[39m[3
5m260[39m][33m,[39m
[[35m260[39m[33m,[
39m[35m466[39m][33m
,[39m[[35m75[39m[3
3m,[39m[35m60[39m]
[33m,[39m[[35m60[39
m[33m,[39m[35m166[
39m][33m,[39m[[35m1
66[39m[33m,[39m[35
m75[39m][33m,[39m[
[35m238[39m[33m,[39
m[35m239[39m][33m,
[39m[[35m239[39m[33
m,[39m[35m79[39m][
33m,[39m[[35m79[39m
[33m,[39m[35m238[3
9m][33m,[39m[[35m16
2[39m[33m,[39m[35m
127[39m][33m,[39m[
[35m127[39m[33m,[39
m[35m139[39m][33m,
[39m[[35m139[39m[33
m,[39m[35m162[39m]
[33m,[39m[[35m72[39
m[33m,[39m[35m11[3
9m][33m,[39m[[35m11
[39m[33m,[39m[35m3
7[39m][33m,[39m[[3
5m37[39m[33m,[39m[
35m72[39m][33m,[39m
[[35m121[39m[33m,[
39m[35m232[39m][33m
,[39m[[35m232[39m[
33m,[39m[35m120[39m
][33m,[39m[[35m120
[39m[33m,[39m[35m12
1[39m][33m,[39m[[3
5m73[39m[33m,[39m[
35m72[39m][33m,[39m
[[35m72[39m[33m,[3
9m[35m39[39m][33m,
[39m[[35m39[39m[33m
,[39m[35m73[39m][3
3m,[39m[[35m114[39m
[33m,[39m[35m128[3
9m][33m,[39m[[35m12
8[39m[33m,[39m[35m
47[39m][33m,[39m[[
35m47[39m[33m,[39m
[35m114[39m][33m,[3
9m[[35m233[39m[33m,
[39m[35m232[39m][3
3m,[39m[[35m232[39m
[33m,[39m[35m128[3
9m][33m,[39m[[35m12
8[39m[33m,[39m[35m
233[39m][33m,[39m[
[35m103[39m[33m,[39
m[35m104[39m][33m,
[39m[[35m104[39m[33
m,[39m[35m67[39m][
33m,[39m[[35m67[39m
[33m,[39m[35m103[3
9m][33m,[39m[[35m15
2[39m[33m,[39m[35m
175[39m][33m,[39m[
[35m175[39m[33m,[39
m[35m148[39m][33m,
[39m[[35m148[39m[33
m,[39m[35m152[39m]
[33m,[39m[[35m119[3
9m[33m,[39m[35m118
[39m][33m,[39m[[35m
118[39m[33m,[39m[3
5m101[39m][33m,[39m
[[35m101[39m[33m,[
39m[35m119[39m][33m
,[39m[[35m74[39m[3
3m,[39m[35m73[39m]
[33m,[39m[[35m73[39
m[33m,[39m[35m40[3
9m][33m,[39m[[35m40
[39m[33m,[39m[35m7
4[39m][33m,[39m[[3
5m107[39m[33m,[39m
[35m9[39m][33m,[39m
[[35m9[39m[33m,[39
m[35m108[39m][33m,
[39m[[35m108[39m[33
m,[39m[35m107[39m]
[33m,[39m[[35m49[39
m[33m,[39m[35m48[3
9m][33m,[39m[[35m48
[39m[33m,[39m[35m1
31[39m][33m,[39m[[
35m131[39m[33m,[39m
[35m49[39m][33m,[3
9m[[35m32[39m[33m,
[39m[35m194[39m][33
m,[39m[[35m194[39m
[33m,[39m[35m211[39
m][33m,[39m[[35m211
[39m[33m,[39m[35m3
2[39m][33m,[39m[[3
5m184[39m[33m,[39m
[35m74[39m][33m,[39
m[[35m74[39m[33m,[
39m[35m185[39m][33m
,[39m[[35m185[39m[
33m,[39m[35m184[39m
][33m,[39m[[35m191
[39m[33m,[39m[35m80
[39m][33m,[39m[[35
m80[39m[33m,[39m[3
5m183[39m][33m,[39m
[[35m183[39m[33m,[
39m[35m191[39m][33m
,[39m[[35m185[39m[
33m,[39m[35m40[39m]
[33m,[39m[[35m40[3
9m[33m,[39m[35m186
[39m][33m,[39m[[35m
186[39m[33m,[39m[3
5m185[39m][33m,[39m
[[35m119[39m[33m,[
39m[35m230[39m][33m
,[39m[[35m230[39m[
33m,[39m[35m118[39m
][33m,[39m[[35m118
[39m[33m,[39m[35m11
9[39m][33m,[39m[[3
5m210[39m[33m,[39m
[35m202[39m][33m,[3
9m[[35m202[39m[33m,
[39m[35m214[39m][3
3m,[39m[[35m214[39m
[33m,[39m[35m210[3
9m][33m,[39m[[35m84
[39m[33m,[39m[35m8
3[39m][33m,[39m[[3
5m83[39m[33m,[39m[
35m17[39m][33m,[39m
[[35m17[39m[33m,[3
9m[35m84[39m][33m,
[39m[[35m77[39m[33m
,[39m[35m76[39m][3
3m,[39m[[35m76[39m
[33m,[39m[35m146[39
m][33m,[39m[[35m146
[39m[33m,[39m[35m7
7[39m][33m,[39m[[3
5m161[39m[33m,[39m
[35m160[39m][33m,[3
9m[[35m160[39m[33m,
[39m[35m30[39m][33
m,[39m[[35m30[39m[
33m,[39m[35m161[39m
][33m,[39m[[35m190
[39m[33m,[39m[35m56
[39m][33m,[39m[[35
m56[39m[33m,[39m[3
5m173[39m][33m,[39m
[[35m173[39m[33m,[
39m[35m190[39m][33m
,[39m[[35m182[39m[
33m,[39m[35m106[39m
][33m,[39m[[35m106
[39m[33m,[39m[35m19
4[39m][33m,[39m[[3
5m194[39m[33m,[39m
[35m182[39m][33m,[3
9m[[35m138[39m[33m,
[39m[35m135[39m][3
3m,[39m[[35m135[39m
[33m,[39m[35m192[3
9m][33m,[39m[[35m19
2[39m[33m,[39m[35m
138[39m][33m,[39m[
[35m129[39m[33m,[39
m[35m203[39m][33m,
[39m[[35m203[39m[33
m,[39m[35m98[39m][
33m,[39m[[35m98[39m
[33m,[39m[35m129[3
9m][33m,[39m[[35m54
[39m[33m,[39m[35m2
1[39m][33m,[39m[[3
5m21[39m[33m,[39m[
35m68[39m][33m,[39m
[[35m68[39m[33m,[3
9m[35m54[39m][33m,
[39m[[35m5[39m[33m,
[39m[35m51[39m][33
m,[39m[[35m51[39m[
33m,[39m[35m4[39m]
[33m,[39m[[35m4[39m
[33m,[39m[35m5[39m
][33m,[39m[[35m145
[39m[33m,[39m[35m14
4[39m][33m,[39m[[3
5m144[39m[33m,[39m
[35m23[39m][33m,[39
m[[35m23[39m[33m,[
39m[35m145[39m][33m
,[39m[[35m90[39m[3
3m,[39m[35m77[39m]
[33m,[39m[[35m77[39
m[33m,[39m[35m91[3
9m][33m,[39m[[35m91
[39m[33m,[39m[35m9
0[39m][33m,[39m[[3
5m207[39m[33m,[39m
[35m205[39m][33m,[3
9m[[35m205[39m[33m,
[39m[35m187[39m][3
3m,[39m[[35m187[39m
[33m,[39m[35m207[3
9m][33m,[39m[[35m83
[39m[33m,[39m[35m2
01[39m][33m,[39m[[
35m201[39m[33m,[39m
[35m18[39m][33m,[3
9m[[35m18[39m[33m,
[39m[35m83[39m][33m
,[39m[[35m181[39m[
33m,[39m[35m91[39m]
[33m,[39m[[35m91[3
9m[33m,[39m[35m182
[39m][33m,[39m[[35m
182[39m[33m,[39m[3
5m181[39m][33m,[39m
[[35m180[39m[33m,[
39m[35m90[39m][33m,
[39m[[35m90[39m[33
m,[39m[35m181[39m]
[33m,[39m[[35m181[3
9m[33m,[39m[35m180
[39m][33m,[39m[[35m
16[39m[33m,[39m[35
m85[39m][33m,[39m[
[35m85[39m[33m,[39m
[35m17[39m][33m,[3
9m[[35m17[39m[33m,
[39m[35m16[39m][33m
,[39m[[35m205[39m[
33m,[39m[35m206[39m
][33m,[39m[[35m206
[39m[33m,[39m[35m36
[39m][33m,[39m[[35
m36[39m[33m,[39m[3
5m205[39m][33m,[39m
[[35m176[39m[33m,[
39m[35m148[39m][33m
,[39m[[35m148[39m[
33m,[39m[35m140[39m
][33m,[39m[[35m140
[39m[33m,[39m[35m17
6[39m][33m,[39m[[3
5m165[39m[33m,[39m
[35m92[39m][33m,[39
m[[35m92[39m[33m,[
39m[35m39[39m][33m,
[39m[[35m39[39m[33
m,[39m[35m165[39m]
[33m,[39m[[35m245[3
9m[33m,[39m[35m193
[39m][33m,[39m[[35m
193[39m[33m,[39m[3
5m244[39m][33m,[39m
[[35m244[39m[33m,[
39m[35m245[39m][33m
,[39m[[35m27[39m[3
3m,[39m[35m159[39m]
[33m,[39m[[35m159[
39m[33m,[39m[35m28
[39m][33m,[39m[[35m
28[39m[33m,[39m[35
m27[39m][33m,[39m[
[35m30[39m[33m,[39m
[35m247[39m][33m,[
39m[[35m247[39m[33m
,[39m[35m161[39m][
33m,[39m[[35m161[39
m[33m,[39m[35m30[3
9m][33m,[39m[[35m17
4[39m[33m,[39m[35m
236[39m][33m,[39m[
[35m236[39m[33m,[39
m[35m196[39m][33m,
[39m[[35m196[39m[33
m,[39m[35m174[39m]
[33m,[39m[[35m103[3
9m[33m,[39m[35m54[
39m][33m,[39m[[35m5
4[39m[33m,[39m[35m
104[39m][33m,[39m[
[35m104[39m[33m,[39
m[35m103[39m][33m,
[39m[[35m55[39m[33m
,[39m[35m193[39m][
33m,[39m[[35m193[39
m[33m,[39m[35m8[39
m][33m,[39m[[35m8[
39m[33m,[39m[35m55
[39m][33m,[39m[[35m
111[39m[33m,[39m[3
5m117[39m][33m,[39m
[[35m117[39m[33m,[
39m[35m31[39m][33m,
[39m[[35m31[39m[33
m,[39m[35m111[39m]
[33m,[39m[[35m221[3
9m[33m,[39m[35m189
[39m][33m,[39m[[35m
189[39m[33m,[39m[3
5m55[39m][33m,[39m[
[35m55[39m[33m,[39
m[35m221[39m][33m,
[39m[[35m240[39m[33
m,[39m[35m98[39m][
33m,[39m[[35m98[39m
[33m,[39m[35m99[39
m][33m,[39m[[35m99
[39m[33m,[39m[35m24
0[39m][33m,[39m[[3
5m142[39m[33m,[39m
[35m126[39m][33m,[3
9m[[35m126[39m[33m,
[39m[35m100[39m][3
3m,[39m[[35m100[39m
[33m,[39m[35m142[3
9m][33m,[39m[[35m21
9[39m[33m,[39m[35m
166[39m][33m,[39m[
[35m166[39m[33m,[39
m[35m218[39m][33m,
[39m[[35m218[39m[33
m,[39m[35m219[39m]
[33m,[39m[[35m112[3
9m[33m,[39m[35m155
[39m][33m,[39m[[35m
155[39m[33m,[39m[3
5m26[39m][33m,[39m[
[35m26[39m[33m,[39
m[35m112[39m][33m,
[39m[[35m198[39m[33
m,[39m[35m209[39m]
[33m,[39m[[35m209[3
9m[33m,[39m[35m131
[39m][33m,[39m[[35m
131[39m[33m,[39m[3
5m198[39m][33m,[39m
[[35m169[39m[33m,[
39m[35m135[39m][33m
,[39m[[35m135[39m[
33m,[39m[35m150[39m
][33m,[39m[[35m150
[39m[33m,[39m[35m16
9[39m][33m,[39m[[3
5m114[39m[33m,[39m
[35m47[39m][33m,[39
m[[35m47[39m[33m,[
39m[35m217[39m][33m
,[39m[[35m217[39m[
33m,[39m[35m114[39m
][33m,[39m[[35m224
[39m[33m,[39m[35m22
3[39m][33m,[39m[[3
5m223[39m[33m,[39m
[35m53[39m][33m,[39
m[[35m53[39m[33m,[
39m[35m224[39m][33m
,[39m[[35m220[39m[
33m,[39m[35m45[39m]
[33m,[39m[[35m45[3
9m[33m,[39m[35m134
[39m][33m,[39m[[35m
134[39m[33m,[39m[3
5m220[39m][33m,[39m
[[35m32[39m[33m,[3
9m[35m211[39m][33m,
[39m[[35m211[39m[3
3m,[39m[35m140[39m]
[33m,[39m[[35m140[
39m[33m,[39m[35m32
[39m][33m,[39m[[35m
109[39m[33m,[39m[3
5m67[39m][33m,[39m[
[35m67[39m[33m,[39
m[35m108[39m][33m,
[39m[[35m108[39m[33
m,[39m[35m109[39m]
[33m,[39m[[35m146[3
9m[33m,[39m[35m43[
39m][33m,[39m[[35m4
3[39m[33m,[39m[35m
91[39m][33m,[39m[[
35m91[39m[33m,[39m
[35m146[39m][33m,[3
9m[[35m231[39m[33m,
[39m[35m230[39m][3
3m,[39m[[35m230[39m
[33m,[39m[35m120[3
9m][33m,[39m[[35m12
0[39m[33m,[39m[35m
231[39m][33m,[39m[
[35m113[39m[33m,[39
m[35m226[39m][33m,
[39m[[35m226[39m[33
m,[39m[35m247[39m]
[33m,[39m[[35m247[3
9m[33m,[39m[35m113
[39m][33m,[39m[[35m
105[39m[33m,[39m[3
5m63[39m][33m,[39m[
[35m63[39m[33m,[39
m[35m52[39m][33m,[
39m[[35m52[39m[33m,
[39m[35m105[39m][3
3m,[39m[[35m241[39m
[33m,[39m[35m238[3
9m][33m,[39m[[35m23
8[39m[33m,[39m[35m
242[39m][33m,[39m[
[35m242[39m[33m,[39
m[35m241[39m][33m,
[39m[[35m124[39m[33
m,[39m[35m46[39m][
33m,[39m[[35m46[39m
[33m,[39m[35m156[3
9m][33m,[39m[[35m15
6[39m[33m,[39m[35m
124[39m][33m,[39m[
[35m95[39m[33m,[39m
[35m78[39m][33m,[3
9m[[35m78[39m[33m,
[39m[35m96[39m][33m
,[39m[[35m96[39m[3
3m,[39m[35m95[39m]
[33m,[39m[[35m70[39
m[33m,[39m[35m46[3
9m][33m,[39m[[35m46
[39m[33m,[39m[35m6
3[39m][33m,[39m[[3
5m63[39m[33m,[39m[
35m70[39m][33m,[39m
[[35m116[39m[33m,[
39m[35m143[39m][33m
,[39m[[35m143[39m[
33m,[39m[35m227[39m
][33m,[39m[[35m227
[39m[33m,[39m[35m11
6[39m][33m,[39m[[3
5m116[39m[33m,[39m
[35m123[39m][33m,[3
9m[[35m123[39m[33m,
[39m[35m111[39m][3
3m,[39m[[35m111[39m
[33m,[39m[35m116[3
9m][33m,[39m[[35m1
[39m[33m,[39m[35m44
[39m][33m,[39m[[35
m44[39m[33m,[39m[3
5m19[39m][33m,[39m[
[35m19[39m[33m,[39
m[35m1[39m][33m,[3
9m[[35m3[39m[33m,[
39m[35m236[39m][33m
,[39m[[35m236[39m[
33m,[39m[35m51[39m]
[33m,[39m[[35m51[3
9m[33m,[39m[35m3[3
9m][33m,[39m[[35m20
7[39m[33m,[39m[35m
216[39m][33m,[39m[
[35m216[39m[33m,[39
m[35m205[39m][33m,
[39m[[35m205[39m[33
m,[39m[35m207[39m]
[33m,[39m[[35m26[39
m[33m,[39m[35m154[
39m][33m,[39m[[35m1
54[39m[33m,[39m[35
m22[39m][33m,[39m[
[35m22[39m[33m,[39m
[35m26[39m][33m,[3
9m[[35m165[39m[33m,
[39m[35m39[39m][33
m,[39m[[35m39[39m[
33m,[39m[35m167[39m
][33m,[39m[[35m167
[39m[33m,[39m[35m16
5[39m][33m,[39m[[3
5m199[39m[33m,[39m
[35m200[39m][33m,[3
9m[[35m200[39m[33m,
[39m[35m208[39m][3
3m,[39m[[35m208[39m
[33m,[39m[35m199[3
9m][33m,[39m[[35m10
1[39m[33m,[39m[35m
36[39m][33m,[39m[[
35m36[39m[33m,[39m
[35m100[39m][33m,[3
9m[[35m100[39m[33m,
[39m[35m101[39m][3
3m,[39m[[35m43[39m
[33m,[39m[35m57[39m
][33m,[39m[[35m57[
39m[33m,[39m[35m202
[39m][33m,[39m[[35
m202[39m[33m,[39m[
35m43[39m][33m,[39m
[[35m242[39m[33m,[
39m[35m20[39m][33m,
[39m[[35m20[39m[33
m,[39m[35m99[39m][
33m,[39m[[35m99[39m
[33m,[39m[35m242[3
9m][33m,[39m[[35m56
[39m[33m,[39m[35m2
8[39m][33m,[39m[[3
5m28[39m[33m,[39m[
35m157[39m][33m,[39
m[[35m157[39m[33m,
[39m[35m56[39m][33m
,[39m[[35m124[39m[
33m,[39m[35m35[39m]
[33m,[39m[[35m35[3
9m[33m,[39m[35m113
[39m][33m,[39m[[35m
113[39m[33m,[39m[3
5m124[39m][33m,[39m
[[35m29[39m[33m,[3
9m[35m160[39m][33m,
[39m[[35m160[39m[3
3m,[39m[35m27[39m]
[33m,[39m[[35m27[39
m[33m,[39m[35m29[3
9m][33m,[39m[[35m21
1[39m[33m,[39m[35m
204[39m][33m,[39m[
[35m204[39m[33m,[39
m[35m210[39m][33m,
[39m[[35m210[39m[33
m,[39m[35m211[39m]
[33m,[39m[[35m124[3
9m[33m,[39m[35m113
[39m][33m,[39m[[35m
113[39m[33m,[39m[3
5m46[39m][33m,[39m[
[35m46[39m[33m,[39
m[35m124[39m][33m,
[39m[[35m106[39m[33
m,[39m[35m43[39m][
33m,[39m[[35m43[39m
[33m,[39m[35m204[3
9m][33m,[39m[[35m20
4[39m[33m,[39m[35m
106[39m][33m,[39m[
[35m96[39m[33m,[39m
[35m62[39m][33m,[3
9m[[35m62[39m[33m,
[39m[35m77[39m][33m
,[39m[[35m77[39m[3
3m,[39m[35m96[39m]
[33m,[39m[[35m227[3
9m[33m,[39m[35m137
[39m][33m,[39m[[35m
137[39m[33m,[39m[3
5m116[39m][33m,[39m
[[35m116[39m[33m,[
39m[35m227[39m][33m
,[39m[[35m73[39m[3
3m,[39m[35m41[39m]
[33m,[39m[[35m41[39
m[33m,[39m[35m72[3
9m][33m,[39m[[35m72
[39m[33m,[39m[35m7
3[39m][33m,[39m[[3
5m36[39m[33m,[39m[
35m203[39m][33m,[39
m[[35m203[39m[33m,
[39m[35m142[39m][33
m,[39m[[35m142[39m
[33m,[39m[35m36[39m
][33m,[39m[[35m235
[39m[33m,[39m[35m64
[39m][33m,[39m[[35
m64[39m[33m,[39m[3
5m240[39m][33m,[39m
[[35m240[39m[33m,[
39m[35m235[39m][33m
,[39m[[35m48[39m[3
3m,[39m[35m49[39m]
[33m,[39m[[35m49[39
m[33m,[39m[35m64[3
9m][33m,[39m[[35m64
[39m[33m,[39m[35m4
8[39m][33m,[39m[[3
5m42[39m[33m,[39m[
35m41[39m][33m,[39m
[[35m41[39m[33m,[3
9m[35m74[39m][33m,
[39m[[35m74[39m[33m
,[39m[35m42[39m][3
3m,[39m[[35m214[39m
[33m,[39m[35m212[3
9m][33m,[39m[[35m21
2[39m[33m,[39m[35m
207[39m][33m,[39m[
[35m207[39m[33m,[39
m[35m214[39m][33m,
[39m[[35m183[39m[33
m,[39m[35m42[39m][
33m,[39m[[35m42[39m
[33m,[39m[35m184[3
9m][33m,[39m[[35m18
4[39m[33m,[39m[35m
183[39m][33m,[39m[
[35m210[39m[33m,[39
m[35m169[39m][33m,
[39m[[35m169[39m[33
m,[39m[35m211[39m]
[33m,[39m[[35m211[3
9m[33m,[39m[35m210
[39m][33m,[39m[[35m
140[39m[33m,[39m[3
5m170[39m][33m,[39m
[[35m170[39m[33m,[
39m[35m176[39m][33m
,[39m[[35m176[39m[
33m,[39m[35m140[39m
][33m,[39m[[35m104
[39m[33m,[39m[35m10
5[39m][33m,[39m[[3
5m105[39m[33m,[39m
[35m69[39m][33m,[39
m[[35m69[39m[33m,[
39m[35m104[39m][33m
,[39m[[35m193[39m[
33m,[39m[35m122[39m
][33m,[39m[[35m122
[39m[33m,[39m[35m16
8[39m][33m,[39m[[3
5m168[39m[33m,[39m
[35m193[39m][33m,[3
9m[[35m50[39m[33m,
[39m[35m123[39m][33
m,[39m[[35m123[39m
[33m,[39m[35m187[39
m][33m,[39m[[35m187
[39m[33m,[39m[35m5
0[39m][33m,[39m[[3
5m89[39m[33m,[39m[
35m96[39m][33m,[39m
[[35m96[39m[33m,[3
9m[35m90[39m][33m,
[39m[[35m90[39m[33m
,[39m[35m89[39m][3
3m,[39m[[35m66[39m
[33m,[39m[35m65[39m
][33m,[39m[[35m65[
39m[33m,[39m[35m107
[39m][33m,[39m[[35
m107[39m[33m,[39m[
35m66[39m][33m,[39m
[[35m179[39m[33m,[
39m[35m89[39m][33m,
[39m[[35m89[39m[33
m,[39m[35m180[39m]
[33m,[39m[[35m180[3
9m[33m,[39m[35m179
[39m][33m,[39m[[35m
119[39m[33m,[39m[3
5m101[39m][33m,[39m
[[35m101[39m[33m,[
39m[35m120[39m][33m
,[39m[[35m120[39m[
33m,[39m[35m119[39m
][33m,[39m[[35m68[
39m[33m,[39m[35m63
[39m][33m,[39m[[35m
63[39m[33m,[39m[35
m104[39m][33m,[39m[
[35m104[39m[33m,[3
9m[35m68[39m][33m,
[39m[[35m234[39m[33
m,[39m[35m93[39m][
33m,[39m[[35m93[39m
[33m,[39m[35m227[3
9m][33m,[39m[[35m22
7[39m[33m,[39m[35m
234[39m][33m,[39m[
[35m16[39m[33m,[39m
[35m15[39m][33m,[3
9m[[35m15[39m[33m,
[39m[35m85[39m][33m
,[39m[[35m85[39m[3
3m,[39m[35m16[39m]
[33m,[39m[[35m209[3
9m[33m,[39m[35m129
[39m][33m,[39m[[35m
129[39m[33m,[39m[3
5m49[39m][33m,[39m[
[35m49[39m[33m,[39
m[35m209[39m][33m,
[39m[[35m15[39m[33m
,[39m[35m14[39m][3
3m,[39m[[35m14[39m
[33m,[39m[35m86[39m
][33m,[39m[[35m86[
39m[33m,[39m[35m15
[39m][33m,[39m[[35m
107[39m[33m,[39m[3
5m55[39m][33m,[39m[
[35m55[39m[33m,[39
m[35m9[39m][33m,[3
9m[[35m9[39m[33m,[
39m[35m107[39m][33m
,[39m[[35m120[39m[
33m,[39m[35m100[39m
][33m,[39m[[35m100
[39m[33m,[39m[35m12
1[39m][33m,[39m[[3
5m121[39m[33m,[39m
[35m120[39m][33m,[3
9m[[35m153[39m[33m,
[39m[35m145[39m][3
3m,[39m[[35m145[39m
[33m,[39m[35m22[39
m][33m,[39m[[35m22
[39m[33m,[39m[35m15
3[39m][33m,[39m[[3
5m178[39m[33m,[39m
[35m88[39m][33m,[39
m[[35m88[39m[33m,[
39m[35m179[39m][33m
,[39m[[35m179[39m[
33m,[39m[35m178[39m
][33m,[39m[[35m197
[39m[33m,[39m[35m6
[39m][33m,[39m[[35m
6[39m[33m,[39m[35m
196[39m][33m,[39m[
[35m196[39m[33m,[39
m[35m197[39m][33m,
[39m[[35m89[39m[33m
,[39m[35m88[39m][3
3m,[39m[[35m88[39m
[33m,[39m[35m96[39m
][33m,[39m[[35m96[
39m[33m,[39m[35m89
[39m][33m,[39m[[35m
135[39m[33m,[39m[3
5m138[39m][33m,[39m
[[35m138[39m[33m,[
39m[35m136[39m][33m
,[39m[[35m136[39m[
33m,[39m[35m135[39m
][33m,[39m[[35m138
[39m[33m,[39m[35m21
5[39m][33m,[39m[[3
5m215[39m[33m,[39m
[35m172[39m][33m,[3
9m[[35m172[39m[33m,
[39m[35m138[39m][3
3m,[39m[[35m218[39m
[33m,[39m[35m115[3
9m][33m,[39m[[35m11
5[39m[33m,[39m[35m
219[39m][33m,[39m[
[35m219[39m[33m,[39
m[35m218[39m][33m,
[39m[[35m41[39m[33m
,[39m[35m42[39m][3
3m,[39m[[35m42[39m
[33m,[39m[35m81[39m
][33m,[39m[[35m81[
39m[33m,[39m[35m41
[39m][33m,[39m[[35m
5[39m[33m,[39m[35m
195[39m][33m,[39m[
[35m195[39m[33m,[39
m[35m51[39m][33m,[
39m[[35m51[39m[33m,
[39m[35m5[39m][33m
,[39m[[35m57[39m[3
3m,[39m[35m43[39m]
[33m,[39m[[35m43[39
m[33m,[39m[35m61[3
9m][33m,[39m[[35m61
[39m[33m,[39m[35m5
7[39m][33m,[39m[[3
5m208[39m[33m,[39m
[35m171[39m][33m,[3
9m[[35m171[39m[33m,
[39m[35m199[39m][3
3m,[39m[[35m199[39m
[33m,[39m[35m208[3
9m][33m,[39m[[35m41
[39m[33m,[39m[35m8
1[39m][33m,[39m[[3
5m81[39m[33m,[39m[
35m38[39m][33m,[39m
[[35m38[39m[33m,[3
9m[35m41[39m][33m,
[39m[[35m224[39m[33
m,[39m[35m53[39m][
33m,[39m[[35m53[39m
[33m,[39m[35m225[3
9m][33m,[39m[[35m22
5[39m[33m,[39m[35m
224[39m][33m,[39m[
[35m24[39m[33m,[39m
[35m144[39m][33m,[
39m[[35m144[39m[33m
,[39m[35m110[39m][
33m,[39m[[35m110[39
m[33m,[39m[35m24[3
9m][33m,[39m[[35m10
5[39m[33m,[39m[35m
52[39m][33m,[39m[[
35m52[39m[33m,[39m
[35m66[39m][33m,[39
m[[35m66[39m[33m,[
39m[35m105[39m][33m
,[39m[[35m118[39m[
33m,[39m[35m229[39m
][33m,[39m[[35m229
[39m[33m,[39m[35m11
7[39m][33m,[39m[[3
5m117[39m[33m,[39m
[35m118[39m][33m,[3
9m[[35m227[39m[33m,
[39m[35m34[39m][33
m,[39m[[35m34[39m[
33m,[39m[35m234[39m
][33m,[39m[[35m234
[39m[33m,[39m[35m22
7[39m][33m,[39m[[3
5m66[39m[33m,[39m[
35m107[39m][33m,[39
m[[35m107[39m[33m,
[39m[35m69[39m][33m
,[39m[[35m69[39m[3
3m,[39m[35m66[39m]
[33m,[39m[[35m10[39
m[33m,[39m[35m109[
39m][33m,[39m[[35m1
09[39m[33m,[39m[35
m151[39m][33m,[39m[
[35m151[39m[33m,[3
9m[35m10[39m][33m,
[39m[[35m219[39m[33
m,[39m[35m48[39m][
33m,[39m[[35m48[39m
[33m,[39m[35m235[3
9m][33m,[39m[[35m23
5[39m[33m,[39m[35m
219[39m][33m,[39m[
[35m183[39m[33m,[39
m[35m62[39m][33m,[
39m[[35m62[39m[33m,
[39m[35m191[39m][3
3m,[39m[[35m191[39m
[33m,[39m[35m183[3
9m][33m,[39m[[35m14
2[39m[33m,[39m[35m
129[39m][33m,[39m[
[35m129[39m[33m,[39
m[35m126[39m][33m,
[39m[[35m126[39m[33
m,[39m[35m142[39m]
[33m,[39m[[35m116[3
9m[33m,[39m[35m111
[39m][33m,[39m[[35m
111[39m[33m,[39m[3
5m143[39m][33m,[39m
[[35m143[39m[33m,[
39m[35m116[39m][33m
,[39m[[35m118[39m[
33m,[39m[35m117[39m
][33m,[39m[[35m117
[39m[33m,[39m[35m50
[39m][33m,[39m[[35
m50[39m[33m,[39m[3
5m118[39m][33m,[39m
[[35m223[39m[33m,[
39m[35m222[39m][33m
,[39m[[35m222[39m[
33m,[39m[35m52[39m]
[33m,[39m[[35m52[3
9m[33m,[39m[35m223
[39m][33m,[39m[[35m
94[39m[33m,[39m[35
m19[39m][33m,[39m[
[35m19[39m[33m,[39m
[35m141[39m][33m,[
39m[[35m141[39m[33m
,[39m[35m94[39m][3
3m,[39m[[35m222[39m
[33m,[39m[35m221[3
9m][33m,[39m[[35m22
1[39m[33m,[39m[35m
65[39m][33m,[39m[[
35m65[39m[33m,[39m
[35m222[39m][33m,[3
9m[[35m196[39m[33m,
[39m[35m3[39m][33m
,[39m[[35m3[39m[33
m,[39m[35m197[39m]
[33m,[39m[[35m197[3
9m[33m,[39m[35m196
[39m][33m,[39m[[35m
45[39m[33m,[39m[35
m220[39m][33m,[39m[
[35m220[39m[33m,[3
9m[35m44[39m][33m,
[39m[[35m44[39m[33m
,[39m[35m45[39m][3
3m,[39m[[35m156[39m
[33m,[39m[35m70[39
m][33m,[39m[[35m70
[39m[33m,[39m[35m13
9[39m][33m,[39m[[3
5m139[39m[33m,[39m
[35m156[39m][33m,[3
9m[[35m188[39m[33m,
[39m[35m122[39m][3
3m,[39m[[35m122[39m
[33m,[39m[35m245[3
9m][33m,[39m[[35m24
5[39m[33m,[39m[35m
188[39m][33m,[39m[
[35m139[39m[33m,[39
m[35m71[39m][33m,[
39m[[35m71[39m[33m,
[39m[35m162[39m][3
3m,[39m[[35m162[39m
[33m,[39m[35m139[3
9m][33m,[39m[[35m14
9[39m[33m,[39m[35m
170[39m][33m,[39m[
[35m170[39m[33m,[39
m[35m150[39m][33m,
[39m[[35m150[39m[33
m,[39m[35m149[39m]
[33m,[39m[[35m122[3
9m[33m,[39m[35m188
[39m][33m,[39m[[35m
188[39m[33m,[39m[3
5m196[39m][33m,[39m
[[35m196[39m[33m,[
39m[35m122[39m][33m
,[39m[[35m206[39m[
33m,[39m[35m216[39m
][33m,[39m[[35m216
[39m[33m,[39m[35m92
[39m][33m,[39m[[35
m92[39m[33m,[39m[3
5m206[39m][33m,[39m
[[35m164[39m[33m,[
39m[35m2[39m][33m,
[39m[[35m2[39m[33m,
[39m[35m167[39m][3
3m,[39m[[35m167[39m
[33m,[39m[35m164[3
9m][33m,[39m[[35m24
2[39m[33m,[39m[35m
141[39m][33m,[39m[
[35m141[39m[33m,[39
m[35m241[39m][33m,
[39m[[35m241[39m[33
m,[39m[35m242[39m]
[33m,[39m[[35m0[39m
[33m,[39m[35m164[3
9m][33m,[39m[[35m16
4[39m[33m,[39m[35m
37[39m][33m,[39m[[
35m37[39m[33m,[39m
[35m0[39m][33m,[39m
[[35m11[39m[33m,[3
9m[35m72[39m][33m,
[39m[[35m72[39m[33m
,[39m[35m12[39m][3
3m,[39m[[35m12[39m
[33m,[39m[35m11[39m
][33m,[39m[[35m12[
39m[33m,[39m[35m38
[39m][33m,[39m[[35m
38[39m[33m,[39m[35
m13[39m][33m,[39m[
[35m13[39m[33m,[39m
[35m12[39m][33m,[3
9m[[35m70[39m[33m,
[39m[35m63[39m][33m
,[39m[[35m63[39m[3
3m,[39m[35m71[39m]
[33m,[39m[[35m71[39
m[33m,[39m[35m70[3
9m][33m,[39m[[35m31
[39m[33m,[39m[35m2
26[39m][33m,[39m[[
35m226[39m[33m,[39m
[35m111[39m][33m,[
39m[[35m111[39m[33m
,[39m[35m31[39m][3
3m,[39m[[35m36[39m
[33m,[39m[35m101[39
m][33m,[39m[[35m101
[39m[33m,[39m[35m2
05[39m][33m,[39m[[
35m205[39m[33m,[39m
[35m36[39m][33m,[3
9m[[35m203[39m[33m,
[39m[35m206[39m][3
3m,[39m[[35m206[39m
[33m,[39m[35m165[3
9m][33m,[39m[[35m16
5[39m[33m,[39m[35m
203[39m][33m,[39m[
[35m126[39m[33m,[39
m[35m209[39m][33m,
[39m[[35m209[39m[33
m,[39m[35m217[39m]
[33m,[39m[[35m217[3
9m[33m,[39m[35m126
[39m][33m,[39m[[35m
98[39m[33m,[39m[35
m165[39m][33m,[39m[
[35m165[39m[33m,[3
9m[35m97[39m][33m,
[39m[[35m97[39m[33m
,[39m[35m98[39m][3
3m,[39m[[35m237[39m
[33m,[39m[35m220[3
9m][33m,[39m[[35m22
0[39m[33m,[39m[35m
218[39m][33m,[39m[
[35m218[39m[33m,[39
m[35m237[39m][33m,
[39m[[35m237[39m[33
m,[39m[35m239[39m]
[33m,[39m[[35m239[3
9m[33m,[39m[35m241
[39m][33m,[39m[[35m
241[39m[33m,[39m[3
5m237[39m][33m,[39m
[[35m210[39m[33m,[
39m[35m214[39m][33m
,[39m[[35m214[39m[
33m,[39m[35m169[39m
][33m,[39m[[35m169
[39m[33m,[39m[35m21
0[39m][33m,[39m[[3
5m140[39m[33m,[39m
[35m171[39m][33m,[3
9m[[35m171[39m[33m,
[39m[35m32[39m][33
m,[39m[[35m32[39m[
33m,[39m[35m140[39m
][33m,[39m[[35m241
[39m[33m,[39m[35m12
5[39m][33m,[39m[[3
5m125[39m[33m,[39m
[35m237[39m][33m,[3
9m[[35m237[39m[33m,
[39m[35m241[39m][3
3m,[39m[[35m179[39m
[33m,[39m[35m86[39
m][33m,[39m[[35m86
[39m[33m,[39m[35m17
8[39m][33m,[39m[[3
5m178[39m[33m,[39m
[35m179[39m][33m,[3
9m[[35m180[39m[33m,
[39m[35m85[39m][33
m,[39m[[35m85[39m[
33m,[39m[35m179[39m
][33m,[39m[[35m179
[39m[33m,[39m[35m18
0[39m][33m,[39m[[3
5m181[39m[33m,[39m
[35m84[39m][33m,[39
m[[35m84[39m[33m,[
39m[35m180[39m][33m
,[39m[[35m180[39m[
33m,[39m[35m181[39m
][33m,[39m[[35m182
[39m[33m,[39m[35m83
[39m][33m,[39m[[35
m83[39m[33m,[39m[3
5m181[39m][33m,[39m
[[35m181[39m[33m,[
39m[35m182[39m][33m
,[39m[[35m194[39m[
33m,[39m[35m201[39m
][33m,[39m[[35m201
[39m[33m,[39m[35m18
2[39m][33m,[39m[[3
5m182[39m[33m,[39m
[35m194[39m][33m,[3
9m[[35m177[39m[33m,
[39m[35m137[39m][3
3m,[39m[[35m137[39m
[33m,[39m[35m132[3
9m][33m,[39m[[35m13
2[39m[33m,[39m[35m
177[39m][33m,[39m[
[35m184[39m[33m,[39
m[35m76[39m][33m,[
39m[[35m76[39m[33m,
[39m[35m183[39m][3
3m,[39m[[35m183[39m
[33m,[39m[35m184[3
9m][33m,[39m[[35m18
5[39m[33m,[39m[35m
61[39m][33m,[39m[[
35m61[39m[33m,[39m
[35m184[39m][33m,[3
9m[[35m184[39m[33m,
[39m[35m185[39m][3
3m,[39m[[35m186[39m
[33m,[39m[35m57[39
m][33m,[39m[[35m57
[39m[33m,[39m[35m18
5[39m][33m,[39m[[3
5m185[39m[33m,[39m
[35m186[39m][33m,[3
9m[[35m216[39m[33m,
[39m[35m212[39m][3
3m,[39m[[35m212[39m
[33m,[39m[35m186[3
9m][33m,[39m[[35m18
6[39m[33m,[39m[35m
216[39m][33m,[39m[
[35m192[39m[33m,[39
m[35m214[39m][33m,
[39m[[35m214[39m[33
m,[39m[35m187[39m]
[33m,[39m[[35m187[3
9m[33m,[39m[35m192
[39m][33m,[39m[[35m
139[39m[33m,[39m[3
5m34[39m][33m,[39m[
[35m34[39m[33m,[39
m[35m156[39m][33m,
[39m[[35m156[39m[33
m,[39m[35m139[39m]
[33m,[39m[[35m218[3
9m[33m,[39m[35m79[
39m][33m,[39m[[35m7
9[39m[33m,[39m[35m
237[39m][33m,[39m[
[35m237[39m[33m,[39
m[35m218[39m][33m,
[39m[[35m147[39m[33
m,[39m[35m123[39m]
[33m,[39m[[35m123[3
9m[33m,[39m[35m177
[39m][33m,[39m[[35m
177[39m[33m,[39m[3
5m147[39m][33m,[39m
[[35m45[39m[33m,[3
9m[35m44[39m][33m,
[39m[[35m44[39m[33m
,[39m[35m4[39m][33
m,[39m[[35m4[39m[3
3m,[39m[35m45[39m]
[33m,[39m[[35m208[3
9m[33m,[39m[35m201
[39m][33m,[39m[[35m
201[39m[33m,[39m[3
5m32[39m][33m,[39m[
[35m32[39m[33m,[39
m[35m208[39m][33m,
[39m[[35m98[39m[33m
,[39m[35m64[39m][3
3m,[39m[[35m64[39m
[33m,[39m[35m129[39
m][33m,[39m[[35m129
[39m[33m,[39m[35m9
8[39m][33m,[39m[[3
5m192[39m[33m,[39m
[35m213[39m][33m,[3
9m[[35m213[39m[33m,
[39m[35m138[39m][3
3m,[39m[[35m138[39m
[33m,[39m[35m192[3
9m][33m,[39m[[35m23
5[39m[33m,[39m[35m
59[39m][33m,[39m[[
35m59[39m[33m,[39m
[35m219[39m][33m,[3
9m[[35m219[39m[33m,
[39m[35m235[39m][3
3m,[39m[[35m141[39m
[33m,[39m[35m242[3
9m][33m,[39m[[35m24
2[39m[33m,[39m[35m
97[39m][33m,[39m[[
35m97[39m[33m,[39m
[35m141[39m][33m,[3
9m[[35m97[39m[33m,
[39m[35m2[39m][33m,
[39m[[35m2[39m[33m
,[39m[35m141[39m][
33m,[39m[[35m141[39
m[33m,[39m[35m97[3
9m][33m,[39m[[35m24
0[39m[33m,[39m[35m
75[39m][33m,[39m[[
35m75[39m[33m,[39m
[35m235[39m][33m,[3
9m[[35m235[39m[33m,
[39m[35m240[39m][3
3m,[39m[[35m229[39m
[33m,[39m[35m24[39
m][33m,[39m[[35m24
[39m[33m,[39m[35m22
8[39m][33m,[39m[[3
5m228[39m[33m,[39m
[35m229[39m][33m,[3
9m[[35m31[39m[33m,
[39m[35m25[39m][33m
,[39m[[35m25[39m[3
3m,[39m[35m226[39m]
[33m,[39m[[35m226[
39m[33m,[39m[35m31
[39m][33m,[39m[[35m
230[39m[33m,[39m[3
5m23[39m][33m,[39m[
[35m23[39m[33m,[39
m[35m229[39m][33m,
[39m[[35m229[39m[33
m,[39m[35m230[39m]
[33m,[39m[[35m231[3
9m[33m,[39m[35m22[
39m][33m,[39m[[35m2
2[39m[33m,[39m[35m
230[39m][33m,[39m[
[35m230[39m[33m,[39
m[35m231[39m][33m,
[39m[[35m232[39m[33
m,[39m[35m26[39m][
33m,[39m[[35m26[39m
[33m,[39m[35m231[3
9m][33m,[39m[[35m23
1[39m[33m,[39m[35m
232[39m][33m,[39m[
[35m233[39m[33m,[39
m[35m112[39m][33m,
[39m[[35m112[39m[33
m,[39m[35m232[39m]
[33m,[39m[[35m232[3
9m[33m,[39m[35m233
[39m][33m,[39m[[35m
244[39m[33m,[39m[3
5m189[39m][33m,[39m
[[35m189[39m[33m,[
39m[35m243[39m][33m
,[39m[[35m243[39m[
33m,[39m[35m244[39m
][33m,[39m[[35m189
[39m[33m,[39m[35m22
1[39m][33m,[39m[[3
5m221[39m[33m,[39m
[35m190[39m][33m,[3
9m[[35m190[39m[33m,
[39m[35m189[39m][3
3m,[39m[[35m222[39m
[33m,[39m[35m28[39
m][33m,[39m[[35m28
[39m[33m,[39m[35m22
1[39m][33m,[39m[[3
5m221[39m[33m,[39m
[35m222[39m][33m,[3
9m[[35m223[39m[33m,
[39m[35m27[39m][33
m,[39m[[35m27[39m[
33m,[39m[35m222[39m
][33m,[39m[[35m222
[39m[33m,[39m[35m22
3[39m][33m,[39m[[3
5m224[39m[33m,[39m
[35m29[39m][33m,[39
m[[35m29[39m[33m,[
39m[35m223[39m][33m
,[39m[[35m223[39m[
33m,[39m[35m224[39m
][33m,[39m[[35m225
[39m[33m,[39m[35m30
[39m][33m,[39m[[35
m30[39m[33m,[39m[3
5m224[39m][33m,[39m
[[35m224[39m[33m,[
39m[35m225[39m][33m
,[39m[[35m113[39m[
33m,[39m[35m247[39m
][33m,[39m[[35m247
[39m[33m,[39m[35m22
5[39m][33m,[39m[[3
5m225[39m[33m,[39m
[35m113[39m][33m,[3
9m[[35m99[39m[33m,
[39m[35m60[39m][33m
,[39m[[35m60[39m[3
3m,[39m[35m240[39m]
[33m,[39m[[35m240[
39m[33m,[39m[35m99
[39m][33m,[39m[[35m
213[39m[33m,[39m[3
5m147[39m][33m,[39m
[[35m147[39m[33m,[
39m[35m215[39m][33m
,[39m[[35m215[39m[
33m,[39m[35m213[39m
][33m,[39m[[35m60[
39m[33m,[39m[35m20
[39m][33m,[39m[[35m
20[39m[33m,[39m[35
m166[39m][33m,[39m[
[35m166[39m[33m,[3
9m[35m60[39m][33m,
[39m[[35m192[39m[33
m,[39m[35m187[39m]
[33m,[39m[[35m187[3
9m[33m,[39m[35m213
[39m][33m,[39m[[35m
213[39m[33m,[39m[3
5m192[39m][33m,[39m
[[35m243[39m[33m,[
39m[35m112[39m][33m
,[39m[[35m112[39m[
33m,[39m[35m244[39m
][33m,[39m[[35m244
[39m[33m,[39m[35m24
3[39m][33m,[39m[[3
5m244[39m[33m,[39m
[35m233[39m][33m,[3
9m[[35m233[39m[33m,
[39m[35m245[39m][3
3m,[39m[[35m245[39m
[33m,[39m[35m244[3
9m][33m,[39m[[35m24
5[39m[33m,[39m[35m
128[39m][33m,[39m[
[35m128[39m[33m,[39
m[35m188[39m][33m,
[39m[[35m188[39m[33
m,[39m[35m245[39m]
[33m,[39m[[35m188[3
9m[33m,[39m[35m114
[39m][33m,[39m[[35m
114[39m[33m,[39m[3
5m174[39m][33m,[39m
[[35m174[39m[33m,[
39m[35m188[39m][33m
,[39m[[35m134[39m[
33m,[39m[35m131[39m
][33m,[39m[[35m131
[39m[33m,[39m[35m22
0[39m][33m,[39m[[3
5m220[39m[33m,[39m
[35m134[39m][33m,[3
9m[[35m174[39m[33m,
[39m[35m217[39m][3
3m,[39m[[35m217[39m
[33m,[39m[35m236[3
9m][33m,[39m[[35m23
6[39m[33m,[39m[35m
174[39m][33m,[39m[
[35m236[39m[33m,[39
m[35m198[39m][33m,
[39m[[35m198[39m[33
m,[39m[35m134[39m]
[33m,[39m[[35m134[3
9m[33m,[39m[35m236
[39m][33m,[39m[[35m
215[39m[33m,[39m[3
5m177[39m][33m,[39m
[[35m177[39m[33m,[
39m[35m58[39m][33m,
[39m[[35m58[39m[33
m,[39m[35m215[39m]
[33m,[39m[[35m156[3
9m[33m,[39m[35m143
[39m][33m,[39m[[35m
143[39m[33m,[39m[3
5m124[39m][33m,[39m
[[35m124[39m[33m,[
39m[35m156[39m][33m
,[39m[[35m25[39m[3
3m,[39m[35m110[39m]
[33m,[39m[[35m110[
39m[33m,[39m[35m7[
39m][33m,[39m[[35m7
[39m[33m,[39m[35m2
5[39m][33m,[39m[[3
5m31[39m[33m,[39m[
35m228[39m][33m,[39
m[[35m228[39m[33m,
[39m[35m25[39m][33m
,[39m[[35m25[39m[3
3m,[39m[35m31[39m]
[33m,[39m[[35m264[3
9m[33m,[39m[35m356
[39m][33m,[39m[[35m
356[39m[33m,[39m[3
5m368[39m][33m,[39m
[[35m368[39m[33m,[
39m[35m264[39m][33m
,[39m[[35m0[39m[33
m,[39m[35m11[39m][
33m,[39m[[35m11[39m
[33m,[39m[35m267[3
9m][33m,[39m[[35m26
7[39m[33m,[39m[35m
0[39m][33m,[39m[[3
5m451[39m[33m,[39m
[35m452[39m][33m,[3
9m[[35m452[39m[33m,
[39m[35m349[39m][3
3m,[39m[[35m349[39m
[33m,[39m[35m451[3
9m][33m,[39m[[35m26
7[39m[33m,[39m[35m
302[39m][33m,[39m[
[35m302[39m[33m,[39
m[35m269[39m][33m,
[39m[[35m269[39m[33
m,[39m[35m267[39m]
[33m,[39m[[35m350[3
9m[33m,[39m[35m357
[39m][33m,[39m[[35m
357[39m[33m,[39m[3
5m277[39m][33m,[39m
[[35m277[39m[33m,[
39m[35m350[39m][33m
,[39m[[35m350[39m[
33m,[39m[35m452[39m
][33m,[39m[[35m452
[39m[33m,[39m[35m35
7[39m][33m,[39m[[3
5m357[39m[33m,[39m
[35m350[39m][33m,[3
9m[[35m299[39m[33m,
[39m[35m333[39m][3
3m,[39m[[35m333[39m
[33m,[39m[35m297[3
9m][33m,[39m[[35m29
7[39m[33m,[39m[35m
299[39m][33m,[39m[
[35m396[39m[33m,[39
m[35m175[39m][33m,
[39m[[35m175[39m[33
m,[39m[35m377[39m]
[33m,[39m[[35m377[3
9m[33m,[39m[35m396
[39m][33m,[39m[[35m
280[39m[33m,[39m[3
5m347[39m][33m,[39m
[[35m347[39m[33m,[
39m[35m330[39m][33m
,[39m[[35m330[39m[
33m,[39m[35m280[39m
][33m,[39m[[35m269
[39m[33m,[39m[35m30
3[39m][33m,[39m[[3
5m303[39m[33m,[39m
[35m270[39m][33m,[3
9m[[35m270[39m[33m,
[39m[35m269[39m][3
3m,[39m[[35m151[39m
[33m,[39m[35m9[39m
][33m,[39m[[35m9[3
9m[33m,[39m[35m337
[39m][33m,[39m[[35m
337[39m[33m,[39m[3
5m151[39m][33m,[39m
[[35m344[39m[33m,[
39m[35m278[39m][33m
,[39m[[35m278[39m[
33m,[39m[35m360[39m
][33m,[39m[[35m360
[39m[33m,[39m[35m34
4[39m][33m,[39m[[3
5m424[39m[33m,[39m
[35m418[39m][33m,[3
9m[[35m418[39m[33m,
[39m[35m431[39m][3
3m,[39m[[35m431[39m
[33m,[39m[35m424[3
9m][33m,[39m[[35m27
0[39m[33m,[39m[35m
304[39m][33m,[39m[
[35m304[39m[33m,[39
m[35m409[39m][33m,
[39m[[35m409[39m[33
m,[39m[35m270[39m]
[33m,[39m[[35m272[3
9m[33m,[39m[35m310
[39m][33m,[39m[[35m
310[39m[33m,[39m[3
5m407[39m][33m,[39m
[[35m407[39m[33m,[
39m[35m272[39m][33m
,[39m[[35m322[39m[
33m,[39m[35m270[39m
][33m,[39m[[35m270
[39m[33m,[39m[35m41
0[39m][33m,[39m[[3
5m410[39m[33m,[39m
[35m322[39m][33m,[3
9m[[35m449[39m[33m,
[39m[35m450[39m][3
3m,[39m[[35m450[39m
[33m,[39m[35m347[3
9m][33m,[39m[[35m34
7[39m[33m,[39m[35m
449[39m][33m,[39m[
[35m432[39m[33m,[39
m[35m422[39m][33m,
[39m[[35m422[39m[33
m,[39m[35m434[39m]
[33m,[39m[[35m434[3
9m[33m,[39m[35m432
[39m][33m,[39m[[35m
18[39m[33m,[39m[35
m313[39m][33m,[39m[
[35m313[39m[33m,[3
9m[35m17[39m][33m,
[39m[[35m17[39m[33m
,[39m[35m18[39m][3
3m,[39m[[35m291[39m
[33m,[39m[35m306[3
9m][33m,[39m[[35m30
6[39m[33m,[39m[35m
375[39m][33m,[39m[
[35m375[39m[33m,[39
m[35m291[39m][33m,
[39m[[35m259[39m[33
m,[39m[35m387[39m]
[33m,[39m[[35m387[3
9m[33m,[39m[35m260
[39m][33m,[39m[[35m
260[39m[33m,[39m[3
5m259[39m][33m,[39m
[[35m424[39m[33m,[
39m[35m335[39m][33m
,[39m[[35m335[39m[
33m,[39m[35m418[39m
][33m,[39m[[35m418
[39m[33m,[39m[35m42
4[39m][33m,[39m[[3
5m434[39m[33m,[39m
[35m364[39m][33m,[3
9m[[35m364[39m[33m,
[39m[35m416[39m][3
3m,[39m[[35m416[39m
[33m,[39m[35m434[3
9m][33m,[39m[[35m39
1[39m[33m,[39m[35m
423[39m][33m,[39m[
[35m423[39m[33m,[39
m[35m327[39m][33m,
[39m[[35m327[39m[33
m,[39m[35m391[39m]
[33m,[39m[[35m301[3
9m[33m,[39m[35m251
[39m][33m,[39m[[35m
251[39m[33m,[39m[3
5m298[39m][33m,[39m
[[35m298[39m[33m,[
39m[35m301[39m][33m
,[39m[[35m275[39m[
33m,[39m[35m281[39m
][33m,[39m[[35m281
[39m[33m,[39m[35m4
[39m][33m,[39m[[35m
4[39m[33m,[39m[35m
275[39m][33m,[39m[
[35m254[39m[33m,[39
m[35m373[39m][33m,
[39m[[35m373[39m[33
m,[39m[35m253[39m]
[33m,[39m[[35m253[3
9m[33m,[39m[35m254
[39m][33m,[39m[[35m
375[39m[33m,[39m[3
5m307[39m][33m,[39m
[[35m307[39m[33m,[
39m[35m321[39m][33m
,[39m[[35m321[39m[
33m,[39m[35m375[39m
][33m,[39m[[35m280
[39m[33m,[39m[35m42
5[39m][33m,[39m[[3
5m425[39m[33m,[39m
[35m411[39m][33m,[3
9m[[35m411[39m[33m,
[39m[35m280[39m][3
3m,[39m[[35m200[39m
[33m,[39m[35m421[3
9m][33m,[39m[[35m42
1[39m[33m,[39m[35m
18[39m][33m,[39m[[
35m18[39m[33m,[39m
[35m200[39m][33m,[3
9m[[35m335[39m[33m,
[39m[35m321[39m][3
3m,[39m[[35m321[39m
[33m,[39m[35m406[3
9m][33m,[39m[[35m40
6[39m[33m,[39m[35m
335[39m][33m,[39m[
[35m321[39m[33m,[39
m[35m320[39m][33m,
[39m[[35m320[39m[33
m,[39m[35m405[39m]
[33m,[39m[[35m405[3
9m[33m,[39m[35m321
[39m][33m,[39m[[35m
314[39m[33m,[39m[3
5m315[39m][33m,[39m
[[35m315[39m[33m,[
39m[35m17[39m][33m,
[39m[[35m17[39m[33
m,[39m[35m314[39m]
[33m,[39m[[35m423[3
9m[33m,[39m[35m426
[39m][33m,[39m[[35m
426[39m[33m,[39m[3
5m266[39m][33m,[39m
[[35m266[39m[33m,[
39m[35m423[39m][33m
,[39m[[35m396[39m[
33m,[39m[35m377[39m
][33m,[39m[[35m377
[39m[33m,[39m[35m36
9[39m][33m,[39m[[3
5m369[39m[33m,[39m
[35m396[39m][33m,[3
9m[[35m270[39m[33m,
[39m[35m322[39m][3
3m,[39m[[35m322[39m
[33m,[39m[35m269[3
9m][33m,[39m[[35m26
9[39m[33m,[39m[35m
270[39m][33m,[39m[
[35m413[39m[33m,[39
m[35m417[39m][33m,
[39m[[35m417[39m[33
m,[39m[35m464[39m]
[33m,[39m[[35m464[3
9m[33m,[39m[35m413
[39m][33m,[39m[[35m
385[39m[33m,[39m[3
5m386[39m][33m,[39m
[[35m386[39m[33m,[
39m[35m258[39m][33m
,[39m[[35m258[39m[
33m,[39m[35m385[39m
][33m,[39m[[35m248
[39m[33m,[39m[35m45
6[39m][33m,[39m[[3
5m456[39m[33m,[39m
[35m419[39m][33m,[3
9m[[35m419[39m[33m,
[39m[35m248[39m][3
3m,[39m[[35m298[39m
[33m,[39m[35m284[3
9m][33m,[39m[[35m28
4[39m[33m,[39m[35m
333[39m][33m,[39m[
[35m333[39m[33m,[39
m[35m298[39m][33m,
[39m[[35m168[39m[33
m,[39m[35m417[39m]
[33m,[39m[[35m417[3
9m[33m,[39m[35m8[3
9m][33m,[39m[[35m8
[39m[33m,[39m[35m16
8[39m][33m,[39m[[3
5m448[39m[33m,[39m
[35m346[39m][33m,[3
9m[[35m346[39m[33m,
[39m[35m261[39m][3
3m,[39m[[35m261[39m
[33m,[39m[35m448[3
9m][33m,[39m[[35m41
7[39m[33m,[39m[35m
413[39m][33m,[39m[
[35m413[39m[33m,[39
m[35m285[39m][33m,
[39m[[35m285[39m[33
m,[39m[35m417[39m]
[33m,[39m[[35m326[3
9m[33m,[39m[35m327
[39m][33m,[39m[[35m
327[39m[33m,[39m[3
5m328[39m][33m,[39m
[[35m328[39m[33m,[
39m[35m326[39m][33m
,[39m[[35m277[39m[
33m,[39m[35m355[39m
][33m,[39m[[35m355
[39m[33m,[39m[35m32
9[39m][33m,[39m[[3
5m329[39m[33m,[39m
[35m277[39m][33m,[3
9m[[35m309[39m[33m,
[39m[35m392[39m][3
3m,[39m[[35m392[39m
[33m,[39m[35m438[3
9m][33m,[39m[[35m43
8[39m[33m,[39m[35m
309[39m][33m,[39m[
[35m381[39m[33m,[39
m[35m382[39m][33m,
[39m[[35m382[39m[33
m,[39m[35m256[39m]
[33m,[39m[[35m256[3
9m[33m,[39m[35m381
[39m][33m,[39m[[35m
279[39m[33m,[39m[3
5m429[39m][33m,[39m
[[35m429[39m[33m,[
39m[35m360[39m][33m
,[39m[[35m360[39m[
33m,[39m[35m279[39m
][33m,[39m[[35m365
[39m[33m,[39m[35m36
4[39m][33m,[39m[[3
5m364[39m[33m,[39m
[35m379[39m][33m,[3
9m[[35m379[39m[33m,
[39m[35m365[39m][3
3m,[39m[[35m355[39m
[33m,[39m[35m277[3
9m][33m,[39m[[35m27
7[39m[33m,[39m[35m
437[39m][33m,[39m[
[35m437[39m[33m,[39
m[35m355[39m][33m,
[39m[[35m282[39m[33
m,[39m[35m443[39m]
[33m,[39m[[35m443[3
9m[33m,[39m[35m283
[39m][33m,[39m[[35m
283[39m[33m,[39m[3
5m282[39m][33m,[39m
[[35m281[39m[33m,[
39m[35m275[39m][33m
,[39m[[35m275[39m[
33m,[39m[35m363[39m
][33m,[39m[[35m363
[39m[33m,[39m[35m28
1[39m][33m,[39m[[3
5m395[39m[33m,[39m
[35m431[39m][33m,[3
9m[[35m431[39m[33m,
[39m[35m369[39m][3
3m,[39m[[35m369[39m
[33m,[39m[35m395[3
9m][33m,[39m[[35m29
9[39m[33m,[39m[35m
297[39m][33m,[39m[
[35m297[39m[33m,[39
m[35m337[39m][33m,
[39m[[35m337[39m[33
m,[39m[35m299[39m]
[33m,[39m[[35m335[3
9m[33m,[39m[35m273
[39m][33m,[39m[[35m
273[39m[33m,[39m[3
5m321[39m][33m,[39m
[[35m321[39m[33m,[
39m[35m335[39m][33m
,[39m[[35m348[39m[
33m,[39m[35m450[39m
][33m,[39m[[35m450
[39m[33m,[39m[35m34
9[39m][33m,[39m[[3
5m349[39m[33m,[39m
[35m348[39m][33m,[3
9m[[35m359[39m[33m,
[39m[35m446[39m][3
3m,[39m[[35m446[39m
[33m,[39m[35m467[3
9m][33m,[39m[[35m46
7[39m[33m,[39m[35m
359[39m][33m,[39m[
[35m283[39m[33m,[39
m[35m293[39m][33m,
[39m[[35m293[39m[33
m,[39m[35m282[39m]
[33m,[39m[[35m282[3
9m[33m,[39m[35m283
[39m][33m,[39m[[35m
250[39m[33m,[39m[3
5m458[39m][33m,[39m
[[35m458[39m[33m,[
39m[35m462[39m][33m
,[39m[[35m462[39m[
33m,[39m[35m250[39m
][33m,[39m[[35m300
[39m[33m,[39m[35m27
6[39m][33m,[39m[[3
5m276[39m[33m,[39m
[35m383[39m][33m,[3
9m[[35m383[39m[33m,
[39m[35m300[39m][3
3m,[39m[[35m292[39m
[33m,[39m[35m308[3
9m][33m,[39m[[35m30
8[39m[33m,[39m[35m
325[39m][33m,[39m[
[35m325[39m[33m,[39
m[35m292[39m][33m,
[39m[[35m283[39m[33
m,[39m[35m276[39m]
[33m,[39m[[35m276[3
9m[33m,[39m[35m293
[39m][33m,[39m[[35m
293[39m[33m,[39m[3
5m283[39m][33m,[39m
[[35m264[39m[33m,[
39m[35m372[39m][33m
,[39m[[35m372[39m[
33m,[39m[35m447[39m
][33m,[39m[[35m447
[39m[33m,[39m[35m26
4[39m][33m,[39m[[3
5m346[39m[33m,[39m
[35m352[39m][33m,[3
9m[[35m352[39m[33m,
[39m[35m340[39m][3
3m,[39m[[35m340[39m
[33m,[39m[35m346[3
9m][33m,[39m[[35m35
4[39m[33m,[39m[35m
274[39m][33m,[39m[
[35m274[39m[33m,[39
m[35m19[39m][33m,[
39m[[35m19[39m[33m,
[39m[35m354[39m][3
3m,[39m[[35m363[39m
[33m,[39m[35m456[3
9m][33m,[39m[[35m45
6[39m[33m,[39m[35m
281[39m][33m,[39m[
[35m281[39m[33m,[39
m[35m363[39m][33m,
[39m[[35m426[39m[33
m,[39m[35m436[39m]
[33m,[39m[[35m436[3
9m[33m,[39m[35m425
[39m][33m,[39m[[35m
425[39m[33m,[39m[3
5m426[39m][33m,[39m
[[35m380[39m[33m,[
39m[35m381[39m][33m
,[39m[[35m381[39m[
33m,[39m[35m252[39m
][33m,[39m[[35m252
[39m[33m,[39m[35m38
0[39m][33m,[39m[[3
5m267[39m[33m,[39m
[35m269[39m][33m,[3
9m[[35m269[39m[33m,
[39m[35m393[39m][3
3m,[39m[[35m393[39m
[33m,[39m[35m267[3
9m][33m,[39m[[35m42
1[39m[33m,[39m[35m
200[39m][33m,[39m[
[35m200[39m[33m,[39
m[35m428[39m][33m,
[39m[[35m428[39m[33
m,[39m[35m421[39m]
[33m,[39m[[35m371[3
9m[33m,[39m[35m266
[39m][33m,[39m[[35m
266[39m[33m,[39m[3
5m329[39m][33m,[39m
[[35m329[39m[33m,[
39m[35m371[39m][33m
,[39m[[35m432[39m[
33m,[39m[35m287[39m
][33m,[39m[[35m287
[39m[33m,[39m[35m42
2[39m][33m,[39m[[3
5m422[39m[33m,[39m
[35m432[39m][33m,[3
9m[[35m290[39m[33m,
[39m[35m250[39m][3
3m,[39m[[35m250[39m
[33m,[39m[35m328[3
9m][33m,[39m[[35m32
8[39m[33m,[39m[35m
290[39m][33m,[39m[
[35m385[39m[33m,[39
m[35m258[39m][33m,
[39m[[35m258[39m[33
m,[39m[35m384[39m]
[33m,[39m[[35m384[3
9m[33m,[39m[35m385
[39m][33m,[39m[[35m
446[39m[33m,[39m[3
5m265[39m][33m,[39m
[[35m265[39m[33m,[
39m[35m342[39m][33m
,[39m[[35m342[39m[
33m,[39m[35m446[39m
][33m,[39m[[35m386
[39m[33m,[39m[35m38
7[39m][33m,[39m[[3
5m387[39m[33m,[39m
[35m257[39m][33m,[3
9m[[35m257[39m[33m,
[39m[35m386[39m][3
3m,[39m[[35m422[39m
[33m,[39m[35m424[3
9m][33m,[39m[[35m42
4[39m[33m,[39m[35m
430[39m][33m,[39m[
[35m430[39m[33m,[39
m[35m422[39m][33m,
[39m[[35m445[39m[33
m,[39m[35m342[39m]
[33m,[39m[[35m342[3
9m[33m,[39m[35m276
[39m][33m,[39m[[35m
276[39m[33m,[39m[3
5m445[39m][33m,[39m
[[35m422[39m[33m,[
39m[35m273[39m][33m
,[39m[[35m273[39m[
33m,[39m[35m424[39m
][33m,[39m[[35m424
[39m[33m,[39m[35m42
2[39m][33m,[39m[[3
5m306[39m[33m,[39m
[35m292[39m][33m,[3
9m[[35m292[39m[33m,
[39m[35m307[39m][3
3m,[39m[[35m307[39m
[33m,[39m[35m306[3
9m][33m,[39m[[35m35
2[39m[33m,[39m[35m
366[39m][33m,[39m[
[35m366[39m[33m,[39
m[35m345[39m][33m,
[39m[[35m345[39m[33
m,[39m[35m352[39m]
[33m,[39m[[35m268[3
9m[33m,[39m[35m271
[39m][33m,[39m[[35m
271[39m[33m,[39m[3
5m302[39m][33m,[39m
[[35m302[39m[33m,[
39m[35m268[39m][33m
,[39m[[35m358[39m[
33m,[39m[35m423[39m
][33m,[39m[[35m423
[39m[33m,[39m[35m37
1[39m][33m,[39m[[3
5m371[39m[33m,[39m
[35m358[39m][33m,[3
9m[[35m327[39m[33m,
[39m[35m294[39m][3
3m,[39m[[35m294[39m
[33m,[39m[35m460[3
9m][33m,[39m[[35m46
0[39m[33m,[39m[35m
327[39m][33m,[39m[
[35m331[39m[33m,[39
m[35m279[39m][33m,
[39m[[35m279[39m[33
m,[39m[35m294[39m]
[33m,[39m[[35m294[3
9m[33m,[39m[35m331
[39m][33m,[39m[[35m
303[39m[33m,[39m[3
5m271[39m][33m,[39m
[[35m271[39m[33m,[
39m[35m304[39m][33m
,[39m[[35m304[39m[
33m,[39m[35m303[39m
][33m,[39m[[35m436
[39m[33m,[39m[35m43
2[39m][33m,[39m[[3
5m432[39m[33m,[39m
[35m427[39m][33m,[3
9m[[35m427[39m[33m,
[39m[35m436[39m][3
3m,[39m[[35m304[39m
[33m,[39m[35m272[3
9m][33m,[39m[[35m27
2[39m[33m,[39m[35m
408[39m][33m,[39m[
[35m408[39m[33m,[39
m[35m304[39m][33m,
[39m[[35m395[39m[33
m,[39m[35m394[39m]
[33m,[39m[[35m394[3
9m[33m,[39m[35m431
[39m][33m,[39m[[35m
431[39m[33m,[39m[3
5m395[39m][33m,[39m
[[35m378[39m[33m,[
39m[35m395[39m][33m
,[39m[[35m395[39m[
33m,[39m[35m400[39m
][33m,[39m[[35m400
[39m[33m,[39m[35m37
8[39m][33m,[39m[[3
5m296[39m[33m,[39m
[35m334[39m][33m,[3
9m[[35m334[39m[33m,
[39m[35m299[39m][3
3m,[39m[[35m299[39m
[33m,[39m[35m296[3
9m][33m,[39m[[35m6
[39m[33m,[39m[35m35
1[39m][33m,[39m[[3
5m351[39m[33m,[39m
[35m168[39m][33m,[3
9m[[35m168[39m[33m,
[39m[35m6[39m][33m
,[39m[[35m376[39m[
33m,[39m[35m352[39m
][33m,[39m[[35m352
[39m[33m,[39m[35m41
1[39m][33m,[39m[[3
5m411[39m[33m,[39m
[35m376[39m][33m,[3
9m[[35m307[39m[33m,
[39m[35m325[39m][3
3m,[39m[[35m325[39m
[33m,[39m[35m320[3
9m][33m,[39m[[35m32
0[39m[33m,[39m[35m
307[39m][33m,[39m[
[35m285[39m[33m,[39
m[35m295[39m][33m,
[39m[[35m295[39m[33
m,[39m[35m336[39m]
[33m,[39m[[35m336[3
9m[33m,[39m[35m285
[39m][33m,[39m[[35m
320[39m[33m,[39m[3
5m319[39m][33m,[39m
[[35m319[39m[33m,[
39m[35m404[39m][33m
,[39m[[35m404[39m[
33m,[39m[35m320[39m
][33m,[39m[[35m329
[39m[33m,[39m[35m33
0[39m][33m,[39m[[3
5m330[39m[33m,[39m
[35m349[39m][33m,[3
9m[[35m349[39m[33m,
[39m[35m329[39m][3
3m,[39m[[35m334[39m
[33m,[39m[35m293[3
9m][33m,[39m[[35m29
3[39m[33m,[39m[35m
333[39m][33m,[39m[
[35m333[39m[33m,[39
m[35m334[39m][33m,
[39m[[35m366[39m[33
m,[39m[35m323[39m]
[33m,[39m[[35m323[3
9m[33m,[39m[35m447
[39m][33m,[39m[[35m
447[39m[33m,[39m[3
5m366[39m][33m,[39m
[[35m316[39m[33m,[
39m[35m15[39m][33m,
[39m[[35m15[39m[33
m,[39m[35m315[39m]
[33m,[39m[[35m315[3
9m[33m,[39m[35m316
[39m][33m,[39m[[35m
331[39m[33m,[39m[3
5m358[39m][33m,[39m
[[35m358[39m[33m,[
39m[35m279[39m][33m
,[39m[[35m279[39m[
33m,[39m[35m331[39m
][33m,[39m[[35m317
[39m[33m,[39m[35m14
[39m][33m,[39m[[35
m14[39m[33m,[39m[3
5m316[39m][33m,[39m
[[35m316[39m[33m,[
39m[35m317[39m][33m
,[39m[[35m8[39m[33
m,[39m[35m285[39m]
[33m,[39m[[35m285[3
9m[33m,[39m[35m9[3
9m][33m,[39m[[35m9
[39m[33m,[39m[35m8
[39m][33m,[39m[[35m
277[39m[33m,[39m[3
5m329[39m][33m,[39m
[[35m329[39m[33m,[
39m[35m350[39m][33m
,[39m[[35m350[39m[
33m,[39m[35m277[39m
][33m,[39m[[35m253
[39m[33m,[39m[35m37
4[39m][33m,[39m[[3
5m374[39m[33m,[39m
[35m252[39m][33m,[3
9m[[35m252[39m[33m,
[39m[35m253[39m][3
3m,[39m[[35m319[39m
[33m,[39m[35m318[3
9m][33m,[39m[[35m31
8[39m[33m,[39m[35m
403[39m][33m,[39m[
[35m403[39m[33m,[39
m[35m319[39m][33m,
[39m[[35m351[39m[33
m,[39m[35m6[39m][3
3m,[39m[[35m6[39m[
33m,[39m[35m419[39m
][33m,[39m[[35m419
[39m[33m,[39m[35m35
1[39m][33m,[39m[[3
5m324[39m[33m,[39m
[35m318[39m][33m,[3
9m[[35m318[39m[33m,
[39m[35m325[39m][3
3m,[39m[[35m325[39m
[33m,[39m[35m324[3
9m][33m,[39m[[35m39
7[39m[33m,[39m[35m
367[39m][33m,[39m[
[35m367[39m[33m,[39
m[35m365[39m][33m,
[39m[[35m365[39m[33
m,[39m[35m397[39m]
[33m,[39m[[35m288[3
9m[33m,[39m[35m435
[39m][33m,[39m[[35m
435[39m[33m,[39m[3
5m397[39m][33m,[39m
[[35m397[39m[33m,[
39m[35m288[39m][33m
,[39m[[35m278[39m[
33m,[39m[35m344[39m
][33m,[39m[[35m344
[39m[33m,[39m[35m43
9[39m][33m,[39m[[3
5m439[39m[33m,[39m
[35m278[39m][33m,[3
9m[[35m310[39m[33m,
[39m[35m272[39m][3
3m,[39m[[35m272[39m
[33m,[39m[35m311[3
9m][33m,[39m[[35m31
1[39m[33m,[39m[35m
310[39m][33m,[39m[
[35m248[39m[33m,[39
m[35m195[39m][33m,
[39m[[35m195[39m[33
m,[39m[35m281[39m]
[33m,[39m[[35m281[3
9m[33m,[39m[35m248
[39m][33m,[39m[[35m
375[39m[33m,[39m[3
5m273[39m][33m,[39m
[[35m273[39m[33m,[
39m[35m291[39m][33m
,[39m[[35m291[39m[
33m,[39m[35m375[39m
][33m,[39m[[35m175
[39m[33m,[39m[35m39
6[39m][33m,[39m[[3
5m396[39m[33m,[39m
[35m199[39m][33m,[3
9m[[35m199[39m[33m,
[39m[35m175[39m][3
3m,[39m[[35m312[39m
[33m,[39m[35m311[3
9m][33m,[39m[[35m31
1[39m[33m,[39m[35m
268[39m][33m,[39m[
[35m268[39m[33m,[39
m[35m312[39m][33m,
[39m[[35m276[39m[33
m,[39m[35m283[39m]
[33m,[39m[[35m283[3
9m[33m,[39m[35m445
[39m][33m,[39m[[35m
445[39m[33m,[39m[3
5m276[39m][33m,[39m
[[35m390[39m[33m,[
39m[35m373[39m][33m
,[39m[[35m373[39m[
33m,[39m[35m339[39m
][33m,[39m[[35m339
[39m[33m,[39m[35m39
0[39m][33m,[39m[[3
5m295[39m[33m,[39m
[35m282[39m][33m,[3
9m[[35m282[39m[33m,
[39m[35m296[39m][3
3m,[39m[[35m296[39m
[33m,[39m[35m295[3
9m][33m,[39m[[35m44
8[39m[33m,[39m[35m
449[39m][33m,[39m[
[35m449[39m[33m,[39
m[35m346[39m][33m,
[39m[[35m346[39m[33
m,[39m[35m448[39m]
[33m,[39m[[35m356[3
9m[33m,[39m[35m264
[39m][33m,[39m[[35m
264[39m[33m,[39m[3
5m454[39m][33m,[39m
[[35m454[39m[33m,[
39m[35m356[39m][33m
,[39m[[35m337[39m[
33m,[39m[35m336[39m
][33m,[39m[[35m336
[39m[33m,[39m[35m29
9[39m][33m,[39m[[3
5m299[39m[33m,[39m
[35m337[39m][33m,[3
9m[[35m337[39m[33m,
[39m[35m338[39m][3
3m,[39m[[35m338[39m
[33m,[39m[35m151[3
9m][33m,[39m[[35m15
1[39m[33m,[39m[35m
337[39m][33m,[39m[
[35m294[39m[33m,[39
m[35m278[39m][33m,
[39m[[35m278[39m[33
m,[39m[35m455[39m]
[33m,[39m[[35m455[3
9m[33m,[39m[35m294
[39m][33m,[39m[[35m
308[39m[33m,[39m[3
5m292[39m][33m,[39m
[[35m292[39m[33m,[
39m[35m415[39m][33m
,[39m[[35m415[39m[
33m,[39m[35m308[39m
][33m,[39m[[35m429
[39m[33m,[39m[35m35
8[39m][33m,[39m[[3
5m358[39m[33m,[39m
[35m355[39m][33m,[3
9m[[35m355[39m[33m,
[39m[35m429[39m][3
3m,[39m[[35m265[39m
[33m,[39m[35m340[3
9m][33m,[39m[[35m34
0[39m[33m,[39m[35m
372[39m][33m,[39m[
[35m372[39m[33m,[39
m[35m265[39m][33m,
[39m[[35m352[39m[33
m,[39m[35m346[39m]
[33m,[39m[[35m346[3
9m[33m,[39m[35m280
[39m][33m,[39m[[35m
280[39m[33m,[39m[3
5m352[39m][33m,[39m
[[35m295[39m[33m,[
39m[35m442[39m][33m
,[39m[[35m442[39m[
33m,[39m[35m282[39m
][33m,[39m[[35m282
[39m[33m,[39m[35m29
5[39m][33m,[39m[[3
5m354[39m[33m,[39m
[35m19[39m][33m,[39
m[[35m19[39m[33m,[
39m[35m370[39m][33m
,[39m[[35m370[39m[
33m,[39m[35m354[39m
][33m,[39m[[35m285
[39m[33m,[39m[35m44
1[39m][33m,[39m[[3
5m441[39m[33m,[39m
[35m295[39m][33m,[3
9m[[35m295[39m[33m,
[39m[35m285[39m][3
3m,[39m[[35m195[39m
[33m,[39m[35m248[3
9m][33m,[39m[[35m24
8[39m[33m,[39m[35m
197[39m][33m,[39m[
[35m197[39m[33m,[39
m[35m195[39m][33m,
[39m[[35m457[39m[33
m,[39m[35m440[39m]
[33m,[39m[[35m440[3
9m[33m,[39m[35m274
[39m][33m,[39m[[35m
274[39m[33m,[39m[3
5m457[39m][33m,[39m
[[35m301[39m[33m,[
39m[35m300[39m][33m
,[39m[[35m300[39m[
33m,[39m[35m368[39m
][33m,[39m[[35m368
[39m[33m,[39m[35m30
1[39m][33m,[39m[[3
5m417[39m[33m,[39m
[35m351[39m][33m,[3
9m[[35m351[39m[33m,
[39m[35m465[39m][3
3m,[39m[[35m465[39m
[33m,[39m[35m417[3
9m][33m,[39m[[35m25
1[39m[33m,[39m[35m
301[39m][33m,[39m[
[35m301[39m[33m,[39
m[35m389[39m][33m,
[39m[[35m389[39m[33
m,[39m[35m251[39m]
[33m,[39m[[35m394[3
9m[33m,[39m[35m395
[39m][33m,[39m[[35m
395[39m[33m,[39m[3
5m379[39m][33m,[39m
[[35m379[39m[33m,[
39m[35m394[39m][33m
,[39m[[35m399[39m[
33m,[39m[35m412[39m
][33m,[39m[[35m412
[39m[33m,[39m[35m41
9[39m][33m,[39m[[3
5m419[39m[33m,[39m
[35m399[39m][33m,[3
9m[[35m410[39m[33m,
[39m[35m436[39m][3
3m,[39m[[35m436[39m
[33m,[39m[35m322[3
9m][33m,[39m[[35m32
2[39m[33m,[39m[35m
410[39m][33m,[39m[
[35m326[39m[33m,[39
m[35m2[39m][33m,[3
9m[[35m2[39m[33m,[
39m[35m393[39m][33m
,[39m[[35m393[39m[
33m,[39m[35m326[39m
][33m,[39m[[35m354
[39m[33m,[39m[35m37
0[39m][33m,[39m[[3
5m370[39m[33m,[39m
[35m461[39m][33m,[3
9m[[35m461[39m[33m,
[39m[35m354[39m][3
3m,[39m[[35m393[39m
[33m,[39m[35m164[3
9m][33m,[39m[[35m16
4[39m[33m,[39m[35m
267[39m][33m,[39m[
[35m267[39m[33m,[39
m[35m393[39m][33m,
[39m[[35m268[39m[33
m,[39m[35m302[39m]
[33m,[39m[[35m302[3
9m[33m,[39m[35m12[
39m][33m,[39m[[35m1
2[39m[33m,[39m[35m
268[39m][33m,[39m[
[35m312[39m[33m,[39
m[35m268[39m][33m,
[39m[[35m268[39m[33
m,[39m[35m13[39m][
33m,[39m[[35m13[39m
[33m,[39m[35m312[3
9m][33m,[39m[[35m29
8[39m[33m,[39m[35m
293[39m][33m,[39m[
[35m293[39m[33m,[39
m[35m301[39m][33m,
[39m[[35m301[39m[33
m,[39m[35m298[39m]
[33m,[39m[[35m265[3
9m[33m,[39m[35m446
[39m][33m,[39m[[35m
446[39m[33m,[39m[3
5m340[39m][33m,[39m
[[35m340[39m[33m,[
39m[35m265[39m][33m
,[39m[[35m280[39m[
33m,[39m[35m330[39m
][33m,[39m[[35m330
[39m[33m,[39m[35m42
5[39m][33m,[39m[[3
5m425[39m[33m,[39m
[35m280[39m][33m,[3
9m[[35m322[39m[33m,
[39m[35m426[39m][3
3m,[39m[[35m426[39m
[33m,[39m[35m391[3
9m][33m,[39m[[35m39
1[39m[33m,[39m[35m
322[39m][33m,[39m[
[35m420[39m[33m,[39
m[35m429[39m][33m,
[39m[[35m429[39m[33
m,[39m[35m437[39m]
[33m,[39m[[35m437[3
9m[33m,[39m[35m420
[39m][33m,[39m[[35m
393[39m[33m,[39m[3
5m391[39m][33m,[39m
[[35m391[39m[33m,[
39m[35m326[39m][33m
,[39m[[35m326[39m[
33m,[39m[35m393[39m
][33m,[39m[[35m344
[39m[33m,[39m[35m44
0[39m][33m,[39m[[3
5m440[39m[33m,[39m
[35m438[39m][33m,[3
9m[[35m438[39m[33m,
[39m[35m344[39m][3
3m,[39m[[35m458[39m
[33m,[39m[35m459[3
9m][33m,[39m[[35m45
9[39m[33m,[39m[35m
461[39m][33m,[39m[
[35m461[39m[33m,[39
m[35m458[39m][33m,
[39m[[35m364[39m[33
m,[39m[35m434[39m]
[33m,[39m[[35m434[3
9m[33m,[39m[35m394
[39m][33m,[39m[[35m
394[39m[33m,[39m[3
5m364[39m][33m,[39m
[[35m428[39m[33m,[
39m[35m396[39m][33m
,[39m[[35m396[39m[
33m,[39m[35m262[39m
][33m,[39m[[35m262
[39m[33m,[39m[35m42
8[39m][33m,[39m[[3
5m274[39m[33m,[39m
[35m354[39m][33m,[3
9m[[35m354[39m[33m,
[39m[35m457[39m][3
3m,[39m[[35m457[39m
[33m,[39m[35m274[3
9m][33m,[39m[[35m31
7[39m[33m,[39m[35m
316[39m][33m,[39m[
[35m316[39m[33m,[39
m[35m402[39m][33m,
[39m[[35m402[39m[33
m,[39m[35m317[39m]
[33m,[39m[[35m316[3
9m[33m,[39m[35m315
[39m][33m,[39m[[35m
315[39m[33m,[39m[3
5m403[39m][33m,[39m
[[35m403[39m[33m,[
39m[35m316[39m][33m
,[39m[[35m315[39m[
33m,[39m[35m314[39m
][33m,[39m[[35m314
[39m[33m,[39m[35m40
4[39m][33m,[39m[[3
5m404[39m[33m,[39m
[35m315[39m][33m,[3
9m[[35m314[39m[33m,
[39m[35m313[39m][3
3m,[39m[[35m313[39m
[33m,[39m[35m405[3
9m][33m,[39m[[35m40
5[39m[33m,[39m[35m
314[39m][33m,[39m[
[35m313[39m[33m,[39
m[35m421[39m][33m,
[39m[[35m421[39m[33
m,[39m[35m406[39m]
[33m,[39m[[35m406[3
9m[33m,[39m[35m313
[39m][33m,[39m[[35m
323[39m[33m,[39m[3
5m366[39m][33m,[39m
[[35m366[39m[33m,[
39m[35m361[39m][33m
,[39m[[35m361[39m[
33m,[39m[35m323[39m
][33m,[39m[[35m292
[39m[33m,[39m[35m30
6[39m][33m,[39m[[3
5m306[39m[33m,[39m
[35m407[39m][33m,[3
9m[[35m407[39m[33m,
[39m[35m292[39m][3
3m,[39m[[35m306[39m
[33m,[39m[35m291[3
9m][33m,[39m[[35m29
1[39m[33m,[39m[35m
408[39m][33m,[39m[
[35m408[39m[33m,[39
m[35m306[39m][33m,
[39m[[35m291[39m[33
m,[39m[35m287[39m]
[33m,[39m[[35m287[3
9m[33m,[39m[35m409
[39m][33m,[39m[[35m
409[39m[33m,[39m[3
5m291[39m][33m,[39m
[[35m287[39m[33m,[
39m[35m432[39m][33m
,[39m[[35m432[39m[
33m,[39m[35m410[39m
][33m,[39m[[35m410
[39m[33m,[39m[35m28
7[39m][33m,[39m[[3
5m427[39m[33m,[39m
[35m434[39m][33m,[3
9m[[35m434[39m[33m,
[39m[35m411[39m][3
3m,[39m[[35m411[39m
[33m,[39m[35m427[3
9m][33m,[39m[[35m37
2[39m[33m,[39m[35m
264[39m][33m,[39m[
[35m264[39m[33m,[39
m[35m383[39m][33m,
[39m[[35m383[39m[33
m,[39m[35m372[39m]
[33m,[39m[[35m459[3
9m[33m,[39m[35m309
[39m][33m,[39m[[35m
309[39m[33m,[39m[3
5m457[39m][33m,[39m
[[35m457[39m[33m,[
39m[35m459[39m][33m
,[39m[[35m366[39m[
33m,[39m[35m352[39m
][33m,[39m[[35m352
[39m[33m,[39m[35m40
1[39m][33m,[39m[[3
5m401[39m[33m,[39m
[35m366[39m][33m,[3
9m[[35m1[39m[33m,[
39m[35m274[39m][33m
,[39m[[35m274[39m[
33m,[39m[35m4[39m]
[33m,[39m[[35m4[39m
[33m,[39m[35m1[39m
][33m,[39m[[35m418
[39m[33m,[39m[35m42
1[39m][33m,[39m[[3
5m421[39m[33m,[39m
[35m262[39m][33m,[3
9m[[35m262[39m[33m,
[39m[35m418[39m][3
3m,[39m[[35m331[39m
[33m,[39m[35m294[3
9m][33m,[39m[[35m29
4[39m[33m,[39m[35m
358[39m][33m,[39m[
[35m358[39m[33m,[39
m[35m331[39m][33m,
[39m[[35m435[39m[33
m,[39m[35m433[39m]
[33m,[39m[[35m433[3
9m[33m,[39m[35m367
[39m][33m,[39m[[35m
367[39m[33m,[39m[3
5m435[39m][33m,[39m
[[35m392[39m[33m,[
39m[35m289[39m][33m
,[39m[[35m289[39m[
33m,[39m[35m439[39m
][33m,[39m[[35m439
[39m[33m,[39m[35m39
2[39m][33m,[39m[[3
5m328[39m[33m,[39m
[35m462[39m][33m,[3
9m[[35m462[39m[33m,
[39m[35m326[39m][3
3m,[39m[[35m326[39m
[33m,[39m[35m328[3
9m][33m,[39m[[35m94
[39m[33m,[39m[35m2
[39m][33m,[39m[[35
m2[39m[33m,[39m[35
m370[39m][33m,[39m[
[35m370[39m[33m,[3
9m[35m94[39m][33m,
[39m[[35m289[39m[33
m,[39m[35m305[39m]
[33m,[39m[[35m305[3
9m[33m,[39m[35m455
[39m][33m,[39m[[35m
455[39m[33m,[39m[3
5m289[39m][33m,[39m
[[35m339[39m[33m,[
39m[35m254[39m][33m
,[39m[[35m254[39m[
33m,[39m[35m448[39m
][33m,[39m[[35m448
[39m[33m,[39m[35m33
9[39m][33m,[39m[[3
5m359[39m[33m,[39m
[35m255[39m][33m,[3
9m[[35m255[39m[33m,
[39m[35m446[39m][3
3m,[39m[[35m446[39m
[33m,[39m[35m359[3
9m][33m,[39m[[35m25
4[39m[33m,[39m[35m
253[39m][33m,[39m[
[35m253[39m[33m,[39
m[35m449[39m][33m,
[39m[[35m449[39m[33
m,[39m[35m254[39m]
[33m,[39m[[35m253[3
9m[33m,[39m[35m252
[39m][33m,[39m[[35m
252[39m[33m,[39m[3
5m450[39m][33m,[39m
[[35m450[39m[33m,[
39m[35m253[39m][33m
,[39m[[35m252[39m[
33m,[39m[35m256[39m
][33m,[39m[[35m256
[39m[33m,[39m[35m45
1[39m][33m,[39m[[3
5m451[39m[33m,[39m
[35m252[39m][33m,[3
9m[[35m256[39m[33m,
[39m[35m341[39m][3
3m,[39m[[35m341[39m
[33m,[39m[35m452[3
9m][33m,[39m[[35m45
2[39m[33m,[39m[35m
256[39m][33m,[39m[
[35m414[39m[33m,[39
m[35m413[39m][33m,
[39m[[35m413[39m[33
m,[39m[35m463[39m]
[33m,[39m[[35m463[3
9m[33m,[39m[35m414
[39m][33m,[39m[[35m
286[39m[33m,[39m[3
5m441[39m][33m,[39m
[[35m441[39m[33m,[
39m[35m414[39m][33m
,[39m[[35m414[39m[
33m,[39m[35m286[39m
][33m,[39m[[35m286
[39m[33m,[39m[35m25
8[39m][33m,[39m[[3
5m258[39m[33m,[39m
[35m441[39m][33m,[3
9m[[35m441[39m[33m,
[39m[35m286[39m][3
3m,[39m[[35m258[39m
[33m,[39m[35m257[3
9m][33m,[39m[[35m25
7[39m[33m,[39m[35m
442[39m][33m,[39m[
[35m442[39m[33m,[39
m[35m258[39m][33m,
[39m[[35m257[39m[33
m,[39m[35m259[39m]
[33m,[39m[[35m259[3
9m[33m,[39m[35m443
[39m][33m,[39m[[35m
443[39m[33m,[39m[3
5m257[39m][33m,[39m
[[35m259[39m[33m,[
39m[35m260[39m][33m
,[39m[[35m260[39m[
33m,[39m[35m444[39m
][33m,[39m[[35m444
[39m[33m,[39m[35m25
9[39m][33m,[39m[[3
5m260[39m[33m,[39m
[35m467[39m][33m,[3
9m[[35m467[39m[33m,
[39m[35m445[39m][3
3m,[39m[[35m445[39m
[33m,[39m[35m260[3
9m][33m,[39m[[35m30
9[39m[33m,[39m[35m
459[39m][33m,[39m[
[35m459[39m[33m,[39
m[35m250[39m][33m,
[39m[[35m250[39m[33
m,[39m[35m309[39m]
[33m,[39m[[35m305[3
9m[33m,[39m[35m289
[39m][33m,[39m[[35m
289[39m[33m,[39m[3
5m290[39m][33m,[39m
[[35m290[39m[33m,[
39m[35m305[39m][33m
,[39m[[35m305[39m[
33m,[39m[35m290[39m
][33m,[39m[[35m290
[39m[33m,[39m[35m46
0[39m][33m,[39m[[3
5m460[39m[33m,[39m
[35m305[39m][33m,[3
9m[[35m401[39m[33m,
[39m[35m376[39m][3
3m,[39m[[35m376[39m
[33m,[39m[35m435[3
9m][33m,[39m[[35m43
5[39m[33m,[39m[35m
401[39m][33m,[39m[
[35m309[39m[33m,[39
m[35m250[39m][33m,
[39m[[35m250[39m[33
m,[39m[35m392[39m]
[33m,[39m[[35m392[3
9m[33m,[39m[35m309
[39m][33m,[39m[[35m
376[39m[33m,[39m[3
5m411[39m][33m,[39m
[[35m411[39m[33m,[
39m[35m433[39m][33m
,[39m[[35m433[39m[
33m,[39m[35m376[39m
][33m,[39m[[35m453
[39m[33m,[39m[35m34
1[39m][33m,[39m[[3
5m341[39m[33m,[39m
[35m464[39m][33m,[3
9m[[35m464[39m[33m,
[39m[35m453[39m][3
3m,[39m[[35m357[39m
[33m,[39m[35m453[3
9m][33m,[39m[[35m45
3[39m[33m,[39m[35m
465[39m][33m,[39m[
[35m465[39m[33m,[39
m[35m357[39m][33m,
[39m[[35m343[39m[33
m,[39m[35m357[39m]
[33m,[39m[[35m357[3
9m[33m,[39m[35m412
[39m][33m,[39m[[35m
412[39m[33m,[39m[3
5m343[39m][33m,[39m
[[35m437[39m[33m,[
39m[35m343[39m][33m
,[39m[[35m343[39m[
33m,[39m[35m399[39m
][33m,[39m[[35m399
[39m[33m,[39m[35m43
7[39m][33m,[39m[[3
5m344[39m[33m,[39m
[35m360[39m][33m,[3
9m[[35m360[39m[33m,
[39m[35m440[39m][3
3m,[39m[[35m440[39m
[33m,[39m[35m344[3
9m][33m,[39m[[35m42
0[39m[33m,[39m[35m
437[39m][33m,[39m[
[35m437[39m[33m,[39
m[35m456[39m][33m,
[39m[[35m456[39m[33
m,[39m[35m420[39m]
[33m,[39m[[35m360[3
9m[33m,[39m[35m420
[39m][33m,[39m[[35m
420[39m[33m,[39m[3
5m363[39m][33m,[39m
[[35m363[39m[33m,[
39m[35m360[39m][33m
,[39m[[35m361[39m[
33m,[39m[35m401[39m
][33m,[39m[[35m401
[39m[33m,[39m[35m28
8[39m][33m,[39m[[3
5m288[39m[33m,[39m
[35m361[39m][33m,[3
9m[[35m265[39m[33m,
[39m[35m372[39m][3
3m,[39m[[35m372[39m
[33m,[39m[35m353[3
9m][33m,[39m[[35m35
3[39m[33m,[39m[35m
265[39m][33m,[39m[
[35m390[39m[33m,[39
m[35m339[39m][33m,
[39m[[35m339[39m[33
m,[39m[35m249[39m]
[33m,[39m[[35m249[3
9m[33m,[39m[35m390
[39m][33m,[39m[[35m
339[39m[33m,[39m[3
5m448[39m][33m,[39m
[[35m448[39m[33m,[
39m[35m255[39m][33m
,[39m[[35m255[39m[
33m,[39m[35m339[39m
]][33m,[39mj[33m=[
39m[33mObject[39m[3
3m.[39mentries([33mO
[39m)[33m.[39mmap((
[36mfunction[39m(t){
[36mvar[39m e[33m=
[39mt[[35m0[39m][33
m;[39m[36mreturn[39
m t[[35m1[39m][33m.
[39mmap(([36mfunctio
n[39m(t){[36mreturn
[39m[t[33m,[39me]}))
}))[33m.[39mflat()[
33m,[39mk[33m=[39m
[36mnew[39m [33mMap
[39m(j)[33m;[39m[36
mfunction[39m [33mR
[39m(t){[36mfor[39m(
[36mvar[39m e[33m=
[39m{locationData[33m
:[39m{relativeKeypoin
ts[33m:[39m[]}}[33m
,[39mn[33m=[39m[33
mNumber[39m[33m.[39
m[33mMAX_SAFE_INTEGER
[39m[33m,[39mr[33m
=[39m[33mNumber[39m
[33m.[39m[33mMIN_SA
FE_INTEGER[39m[33m,
[39mi[33m=[39m[33mN
umber[39m[33m.[39m
[33mMAX_SAFE_INTEGER[
39m[33m,[39mo[33m=
[39m[33mNumber[39m[
33m.[39m[33mMIN_SAFE
_INTEGER[39m[33m,[3
9ma[33m=[39m[35m0[
39m[33m;[39ma[33m<
[39m[33mt[39m[33m.
[39mlength[33m;[39m
[33m++[39ma){[36mvar
[39m u[33m=[39mt[a]
[33m;[39mn[33m=[39
m[33mMath[39m[33m.
[39mmin(n[33m,[39mu
[33m.[39mx)[33m,[39
mr[33m=[39m[33mMath
[39m[33m.[39mmax(r
[33m,[39mu[33m.[39m
x)[33m,[39mi[33m=[
39m[33mMath[39m[33m
.[39mmin(i[33m,[39m
u[33m.[39my)[33m,[
39mo[33m=[39m[33mMa
th[39m[33m.[39mmax(
o[33m,[39mu[33m.[3
9my)[33m,[39me[33m.
[39mlocationData[33m
.[39mrelativeKeypoint
s[33m.[39mpush({x[3
3m:[39mu[33m.[39mx
[33m,[39my[33m:[39m
u[33m.[39my})}[36mr
eturn[39m e[33m.[39
mlocationData[33m.[3
9mrelativeBoundingBox
[33m=[39m{xMin[33m:
[39mn[33m,[39myMin[
33m:[39mi[33m,[39mx
Max[33m:[39mr[33m,
[39myMax[33m:[39mo[
33m,[39mwidth[33m:[
39mr[33m-[39mn[33m,
[39mheight[33m:[39m
o[33m-[39mi}[33m,[
39me}[36mvar[39m [3
3mI[39m[33m=[39m{ru
ntime[33m:[39m[32m"
mediapipe"[39m[33m,
[39mmaxFaces[33m:[39
m[35m1[39m[33m,[39
mrefineLandmarks[33m:
[39m[33m![39m[35m1
[39m}[33m;[39m[36m
var[39m [33mL[39m[
33m=[39m[36mfunction
[39m(){[36mfunction
[39m n(e){[36mvar[39
m n[33m=[39m[36mthi
s[39m[33m;[39m[36m
this[39m[33m.[39mwi
dth[33m=[39m[35m0[
39m[33m,[39m[36mthi
s[39m[33m.[39mheigh
t[33m=[39m[35m0[39
m[33m,[39m[36mthis
[39m[33m.[39mselfieM
ode[33m=[39m[33m![
39m[35m1[39m[33m,[
39m[36mthis[39m[33m
.[39mfaceMeshSolution
[33m=[39m[36mnew[3
9m t[33m.[39m[33mFa
ceMesh[39m({locateFil
e[33m:[39m[36mfunct
ion[39m(t[33m,[39mn
){[36mreturn[39m e[
33m.[39msolutionPath
[33m?[39me[33m.[39m
solutionPath[33m.[39
mreplace([35m/\/+$/[
39m[33m,[39m[32m""
[39m)[33m+[39m[32m"
/"[39m[33m+[39mt[3
3m:[39mn[33m+[39m[
32m"/"[39m[33m+[39m
t}})[33m,[39m[36mth
is[39m[33m.[39mface
MeshSolution[33m.[39
msetOptions({refineLan
dmarks[33m:[39me[33
m.[39mrefineLandmarks
[33m,[39mselfieMode
[33m:[39m[36mthis[3
9m[33m.[39mselfieMod
e[33m,[39mmaxNumFace
s[33m:[39me[33m.[3
9mmaxFaces})[33m,[39
m[36mthis[39m[33m.
[39mfaceMeshSolution[
33m.[39monResults(([
36mfunction[39m(t){[
36mif[39m(n[33m.[39
mheight[33m=[39mt[3
3m.[39mimage[33m.[3
9mheight[33m,[39mn[
33m.[39mwidth[33m=[
39mt[33m.[39mimage[
33m.[39mwidth[33m,[
39mn[33m.[39mfaces[
33m=[39m[][33m,[39m
[36mnull[39m[33m!==
[39mt[33m.[39mmulti
FaceLandmarks)[36mfor
[39m([36mvar[39m e
[33m=[39mt[33m.[39m
multiFaceLandmarks[33
m,[39mr[33m=[39m[3
5m0[39m[33m;[39mr[
33m<[39m[33me[39m[
33m.[39mlength[33m;
[39mr[33m++[39m){[3
6mvar[39m i[33m=[39
mn[33m.[39mtranslate
Output(e[r])[33m;[39
mn[33m.[39mfaces[33
m.[39mpush({keypoints
[33m:[39mi[33m,[39
mbox[33m:[39m[33mR
[39m(i)[33m.[39mloca
tionData[33m.[39mrel
ativeBoundingBox})}}))
}[36mreturn[39m n[3
3m.[39mprototype[33m
.[39mtranslateOutput
[33m=[39m[36mfunctio
n[39m(t){[36mvar[39
m e[33m=[39m[36mthi
s[39m[33m;[39m[36m
return[39m t[33m.[3
9mmap(([36mfunction[
39m(t[33m,[39mn){[3
6mvar[39m r[33m=[39
m{x[33m:[39mt[33m.
[39mx[33m*[39me[33m
.[39mwidth[33m,[39m
y[33m:[39mt[33m.[3
9my[33m*[39me[33m.
[39mheight[33m,[39mz
[33m:[39mt[33m.[39
mz[33m*[39me[33m.[
39mwidth}[33m,[39mi
[33m=[39mk[33m.[39m
[36mget[39m(n)[33m;
[39m[36mreturn[39m 
[36mnull[39m[33m!=
[39mi[33m&&[39m(r[3
3m.[39mname[33m=[39
mi)[33m,[39mr}))}[3
3m,[39mn[33m.[39mpr
ototype[33m.[39mesti
mateFaces[33m=[39m[
36mfunction[39m(t[33
m,[39mn){[36mreturn
[39m [33mS[39m([36m
this[39m[33m,[39m[
36mvoid[39m [35m0[3
9m[33m,[39m[36mvoid
[39m [35m0[39m[33m
,[39m([36mfunction[
39m(){[36mvar[39m r
[33m,[39mi[33m;[39m
[36mreturn[39m [33m
F[39m([36mthis[39m
[33m,[39m([36mfuncti
on[39m(o){[36mswitch
[39m(o[33m.[39mlabe
l){[36mcase[39m [35
m0[39m[33m:[39m[36
mreturn[39m n[33m&&
[39mn[33m.[39mflipHo
rizontal[33m&&[39mn
[33m.[39mflipHorizont
al[33m!==[39m[36mth
is[39m[33m.[39mself
ieMode[33m&&[39m([3
6mthis[39m[33m.[39m
selfieMode[33m=[39mn
[33m.[39mflipHorizon
tal[33m,[39m[36mthi
s[39m[33m.[39mfaceM
eshSolution[33m.[39m
setOptions({selfieMode
[33m:[39m[36mthis[
39m[33m.[39mselfieMo
de}))[33m,[39mt [36
minstanceof[39m e[33
m.[39m[33mTensor[39
m[33m?[39m(i[33m=[
39m[33mImageData[39m
[33m.[39mbind[33m,
[39m[[35m4[39m[33m,
[39me[33m.[39mbrows
er[33m.[39mtoPixels(
t)])[33m:[39m[[35m3
[39m[33m,[39m[35m2
[39m][33m;[39m[36m
case[39m [35m1[39m
[33m:[39m[36mreturn
[39m r[33m=[39m[36m
new[39m(i[33m.[39ma
pply([33mImageData[3
9m[33m,[39m[[36mvoi
d[39m [35m0[39m[33
m,[39mo[33m.[39msen
t()[33m,[39mt[33m.
[39mshape[[35m1[39m]
[33m,[39mt[33m.[39
mshape[[35m0[39m]]))
[33m,[39m[[35m3[39
m[33m,[39m[35m3[39
m][33m;[39m[36mcase
[39m [35m2[39m[33m
:[39mr[33m=[39mt[3
3m,[39mo[33m.[39mla
bel[33m=[39m[35m3[
39m[33m;[39m[36mcas
e[39m [35m3[39m[33
m:[39m[36mreturn[39
m t[33m=[39mr[33m,
[39m[[35m4[39m[33m,
[39m[36mthis[39m[3
3m.[39mfaceMeshSoluti
on[33m.[39msend({ima
ge[33m:[39mt})][33m
;[39m[36mcase[39m 
[35m4[39m[33m:[39m
[36mreturn[39m o[33m
.[39msent()[33m,[39
m[[35m2[39m[33m,[3
9m[36mthis[39m[33m.
[39mfaces]}}))}))}[3
3m,[39mn[33m.[39mpr
ototype[33m.[39mdisp
ose[33m=[39m[36mfun
ction[39m(){[36mthis
[39m[33m.[39mfaceMe
shSolution[33m.[39mc
lose()}[33m,[39mn[3
3m.[39mprototype[33m
.[39mreset[33m=[39m
[36mfunction[39m(){
[36mthis[39m[33m.[3
9mfaceMeshSolution[33
m.[39mreset()[33m,[
39m[36mthis[39m[33m
.[39mwidth[33m=[39m
[35m0[39m[33m,[39m
[36mthis[39m[33m.[
39mheight[33m=[39m[
35m0[39m[33m,[39m[
36mthis[39m[33m.[39
mfaces[33m=[39m[36m
null[39m[33m,[39m[
36mthis[39m[33m.[39
mselfieMode[33m=[39m
[33m![39m[35m1[39m
}[33m,[39mn[33m.[3
9mprototype[33m.[39m
initialize[33m=[39m
[36mfunction[39m(){[
36mreturn[39m [36mth
is[39m[33m.[39mface
MeshSolution[33m.[39
minitialize()}[33m,[
39mn}()[33m;[39m[36
mfunction[39m [33mB
[39m(t){[36mreturn[3
9m [33mS[39m([36mth
is[39m[33m,[39m[36
mvoid[39m [35m0[39m
[33m,[39m[36mvoid[
39m [35m0[39m[33m,
[39m([36mfunction[39
m(){[36mvar[39m e[3
3m,[39mn[33m;[39m[
36mreturn[39m [33mF
[39m([36mthis[39m[3
3m,[39m([36mfunction
[39m(r){[36mswitch[
39m(r[33m.[39mlabel)
{[36mcase[39m [35m0
[39m[33m:[39m[36mr
eturn[39m e[33m=[39
m[36mfunction[39m(t)
{[36mif[39m([36mnul
l[39m[33m==[39mt)[
36mreturn[39m [33mE
[39m({}[33m,[39m[33
mI[39m)[33m;[39m[3
6mvar[39m e[33m=[39
m[33mE[39m({}[33m,
[39mt)[33m;[39m[36m
return[39m e[33m.[3
9mruntime[33m=[39m[
32m"mediapipe"[39m[3
3m,[39m[36mnull[39m
[33m==[39me[33m.[3
9mmaxFaces[33m&&[39m
(e[33m.[39mmaxFaces
[33m=[39m[33mI[39m
[33m.[39mmaxFaces)[3
3m,[39m[36mnull[39m
[33m==[39me[33m.[3
9mrefineLandmarks[33m
&&[39m(e[33m.[39mre
fineLandmarks[33m=[3
9m[33mI[39m[33m.[3
9mrefineLandmarks)[33
m,[39me}(t)[33m,[39
m[[35m4[39m[33m,[3
9m(n[33m=[39m[36mne
w[39m [33mL[39m(e))
[33m.[39minitialize(
)][33m;[39m[36mcase
[39m [35m1[39m[33m
:[39m[36mreturn[39m
 r[33m.[39msent()[3
3m,[39m[[35m2[39m[
33m,[39mn]}}))}))}[3
6mvar[39m [33mD[39m
[33m=[39m[32m"undef
ined"[39m[33m!=[39m
[36mtypeof[39m globa
lThis[33m?[39mglobal
This[33m:[39m[32m"u
ndefined"[39m[33m!=
[39m[36mtypeof[39m w
indow[33m?[39mwindow
[33m:[39m[32m"undef
ined"[39m[33m!=[39m
[36mtypeof[39m globa
l[33m?[39mglobal[33
m:[39m[32m"undefined
"[39m[33m!=[39m[36
mtypeof[39m self[33m
?[39mself[33m:[39m{
}[33m,[39m[33mP[39
m[33m=[39m{}[33m;[
39m([36mfunction[39m
(){[36mvar[39m t[33
m;[39m[36mfunction[
39m e(t){[36mvar[39m
 e[33m=[39m[35m0[3
9m[33m;[39m[36mretu
rn[39m [36mfunction
[39m(){[36mreturn[39
m e[33m<[39m[33mt[
39m[33m.[39mlength[
33m?[39m{done[33m:[
39m[33m![39m[35m1[
39m[33m,[39mvalue[3
3m:[39mt[e[33m++[39
m]}[33m:[39m{done[3
3m:[39m[33m![39m[3
5m0[39m}}}[36mvar[3
9m n[33m=[39m[32m"f
unction"[39m[33m==[
39m[36mtypeof[39m [
33mObject[39m[33m.[
39mdefineProperties[3
3m?[39m[33mObject[3
9m[33m.[39mdefinePro
perty[33m:[39m[36mf
unction[39m(t[33m,[
39me[33m,[39mn){[36
mreturn[39m t[33m==
[39m[33mArray[39m[3
3m.[39mprototype[33m
||[39mt[33m==[39m[
33mObject[39m[33m.[
39mprototype[33m||[3
9m(t[e][33m=[39mn[3
3m.[39mvalue)[33m,[
39mt}[33m;[39m[36mv
ar[39m r[33m=[39m[
36mfunction[39m(t){t
[33m=[39m[[32m"objec
t"[39m[33m==[39m[3
6mtypeof[39m globalTh
is[33m&&[39mglobalTh
is[33m,[39mt[33m,[
39m[32m"object"[39m
[33m==[39m[36mtypeof
[39m window[33m&&[3
9mwindow[33m,[39m[3
2m"object"[39m[33m==
[39m[36mtypeof[39m 
self[33m&&[39mself[
33m,[39m[32m"object"
[39m[33m==[39m[36m
typeof[39m [33mD[39
m[33m&&[39m[33mD[3
9m][33m;[39m[36mfor
[39m([36mvar[39m e
[33m=[39m[35m0[39m
[33m;[39me[33m<[39m
[33mt[39m[33m.[39m
length[33m;[39m[33m
++[39me){[36mvar[39
m n[33m=[39mt[e][33
m;[39m[36mif[39m(n
[33m&&[39mn[33m.[39
m[33mMath[39m[33m==
[39m[33mMath[39m)[
36mreturn[39m n}[36m
throw[39m [33mError
[39m([32m"Cannot find
 global object"[39m)}
([36mthis[39m)[33m;
[39m[36mfunction[39
m i(t[33m,[39me){[3
6mif[39m(e)t[33m:[3
9m{[36mvar[39m i[33
m=[39mr[33m;[39mt[
33m=[39mt[33m.[39ms
plit([32m"."[39m)[3
3m;[39m[36mfor[39m(
[36mvar[39m o[33m=
[39m[35m0[39m[33m;
[39mo[33m<[39m[33mt
[39m[33m.[39mlength
[33m-[39m[35m1[39m
[33m;[39mo[33m++[3
9m){[36mvar[39m a[3
3m=[39mt[o][33m;[39
m[36mif[39m([33m![
39m(a [36min[39m i))
[36mbreak[39m t[33m
;[39mi[33m=[39mi[a]
}(e[33m=[39me(o[33m
=[39mi[t[33m=[39mt[
t[33m.[39mlength[33
m-[39m[35m1[39m]]))
[33m!=[39mo[33m&&[
39m[36mnull[39m[33m
!=[39me[33m&&[39mn(
i[33m,[39mt[33m,[3
9m{configurable[33m:
[39m[33m![39m[35m0
[39m[33m,[39mwritabl
e[33m:[39m[33m![39
m[35m0[39m[33m,[39
mvalue[33m:[39me})}}
[36mfunction[39m o(t
){[36mreturn[39m(t[
33m=[39m{next[33m:[
39mt})[[33mSymbol[39
m[33m.[39miterator]
[33m=[39m[36mfunctio
n[39m(){[36mreturn[
39m [36mthis[39m}[3
3m,[39mt}[36mfunctio
n[39m a(t){[36mvar[
39m n[33m=[39m[32m"
undefined"[39m[33m!=
[39m[36mtypeof[39m 
[33mSymbol[39m[33m&
&[39m[33mSymbol[39m
[33m.[39miterator[3
3m&&[39mt[[33mSymbol
[39m[33m.[39miterat
or][33m;[39m[36mret
urn[39m n[33m?[39mn
[33m.[39mcall(t)[33
m:[39m{next[33m:[39
me(t)}}[36mfunction[
39m u(t){[36mif[39m(
[33m![39m(t [36mins
tanceof[39m [33mArra
y[39m)){t[33m=[39ma
(t)[33m;[39m[36mfor
[39m([36mvar[39m e
[33m,[39mn[33m=[39m
[][33m;[39m[33m![3
9m(e[33m=[39mt[33m.
[39mnext())[33m.[39
mdone[33m;[39m)n[33
m.[39mpush(e[33m.[3
9mvalue)[33m;[39mt[
33m=[39mn}[36mreturn
[39m t}i([32m"Symbol
"[39m[33m,[39m([36
mfunction[39m(t){[36
mfunction[39m e(t[33
m,[39me){[36mthis[3
9m[33m.[39mg[33m=[
39mt[33m,[39mn([36m
this[39m[33m,[39m[
32m"description"[39m
[33m,[39m{configurabl
e[33m:[39m[33m![39
m[35m0[39m[33m,[39
mwritable[33m:[39m[
33m![39m[35m0[39m[
33m,[39mvalue[33m:[
39me})}[36mif[39m(t)
[36mreturn[39m t[33
m;[39me[33m.[39mpro
totype[33m.[39mtoStr
ing[33m=[39m[36mfun
ction[39m(){[36mretu
rn[39m [36mthis[39m
[33m.[39mg}[33m;[3
9m[36mvar[39m r[33m
=[39m[32m"jscomp_sym
bol_"[39m[33m+[39m(
[35m1e9[39m[33m*[3
9m[33mMath[39m[33m.
[39mrandom()[33m>>>
[39m[35m0[39m)[33m+
[39m[32m"_"[39m[33
m,[39mi[33m=[39m[3
5m0[39m[33m;[39m[3
6mreturn[39m [36mfun
ction[39m t(n){[36mi
f[39m([36mthis[39m 
[36minstanceof[39m t
)[36mthrow[39m [36m
new[39m [33mTypeErro
r[39m([32m"Symbol is
 not a constructor"[3
9m)[33m;[39m[36mret
urn[39m [36mnew[39m
 e(r[33m+[39m(n[33m
||[39m[32m""[39m)[
33m+[39m[32m"_"[39m
[33m+[39mi[33m++[3
9m[33m,[39mn)}}))[3
3m,[39mi([32m"Symbol
.iterator"[39m[33m,
[39m([36mfunction[39
m(t){[36mif[39m(t)[
36mreturn[39m t[33m;
[39mt[33m=[39m[33m
Symbol[39m([32m"Symb
ol.iterator"[39m)[33
m;[39m[36mfor[39m(
[36mvar[39m i[33m=[
39m[32m"Array Int8Arr
ay Uint8Array Uint8Cla
mpedArray Int16Array U
int16Array Int32Array 
Uint32Array Float32Arr
ay Float64Array"[39m
[33m.[39msplit([32m"
 "[39m)[33m,[39ma[
33m=[39m[35m0[39m[
33m;[39ma[33m<[39m
[33mi[39m[33m.[39ml
ength[33m;[39ma[33m
++[39m){[36mvar[39m
 u[33m=[39mr[i[a]][
33m;[39m[32m"functio
n"[39m[33m==[39m[3
6mtypeof[39m u[33m&&
[39m[32m"function"[
39m[33m!=[39m[36mty
peof[39m u[33m.[39m
prototype[t][33m&&[3
9mn(u[33m.[39mprotot
ype[33m,[39mt[33m,
[39m{configurable[33m
:[39m[33m![39m[35m
0[39m[33m,[39mwrita
ble[33m:[39m[33m![
39m[35m0[39m[33m,[
39mvalue[33m:[39m[3
6mfunction[39m(){[36
mreturn[39m o(e([36m
this[39m))}})}[36mre
turn[39m t}))[33m;[
39m[36mvar[39m s[33
m,[39mc[33m=[39m[3
2m"function"[39m[33m
==[39m[36mtypeof[39
m [33mObject[39m[33
m.[39mcreate[33m?[3
9m[33mObject[39m[33
m.[39mcreate[33m:[3
9m[36mfunction[39m(t
){[36mfunction[39m e
(){}[36mreturn[39m e
[33m.[39mprototype[
33m=[39mt[33m,[39m
[36mnew[39m e}[33m;
[39m[36mif[39m([32m
"function"[39m[33m==
[39m[36mtypeof[39m 
[33mObject[39m[33m.
[39msetPrototypeOf)s
[33m=[39m[33mObject
[39m[33m.[39msetProt
otypeOf[33m;[39m[36
melse[39m{[36mvar[3
9m h[33m;[39mt[33m:
[39m{[36mvar[39m l
[33m=[39m{}[33m;[39
m[36mtry[39m{l[33m.
[39m__proto__[33m=[
39m{a[33m:[39m[33m!
[39m[35m0[39m}[33m
,[39mh[33m=[39ml[3
3m.[39ma[33m;[39m[
36mbreak[39m t}[36mc
atch[39m(t){}h[33m=
[39m[33m![39m[35m1
[39m}s[33m=[39mh[33
m?[39m[36mfunction[
39m(t[33m,[39me){[3
6mif[39m(t[33m.[39m
__proto__[33m=[39me
[33m,[39mt[33m.[39m
__proto__[33m!==[39m
e)[36mthrow[39m [36
mnew[39m [33mTypeErr
or[39m(t[33m+[39m[
32m" is not extensible
"[39m)[33m;[39m[36
mreturn[39m t}[33m:
[39m[36mnull[39m}[3
6mvar[39m f[33m=[39
ms[33m;[39m[36mfunc
tion[39m d(t[33m,[3
9me){[36mif[39m(t[3
3m.[39mprototype[33m
=[39mc(e[33m.[39mpr
ototype)[33m,[39mt[
33m.[39mprototype[33
m.[39mconstructor[33
m=[39mt[33m,[39mf)f
(t[33m,[39me)[33m;
[39m[36melse[39m [3
6mfor[39m([36mvar[3
9m n [36min[39m e)[
36mif[39m([32m"proto
type"[39m[33m!=[39m
n)[36mif[39m([33mOb
ject[39m[33m.[39mde
fineProperties){[36mv
ar[39m r[33m=[39m[
33mObject[39m[33m.[
39mgetOwnPropertyDescr
iptor(e[33m,[39mn)[
33m;[39mr[33m&&[39m
[33mObject[39m[33m.
[39mdefineProperty(t
[33m,[39mn[33m,[39m
r)}[36melse[39m t[n]
[33m=[39me[n][33m;
[39mt[33m.[39mna[33
m=[39me[33m.[39mpro
totype}[36mfunction[
39m p(){[36mthis[39m
[33m.[39ml[33m=[39
m[33m![39m[35m1[39
m[33m,[39m[36mthis
[39m[33m.[39mi[33m=
[39m[36mnull[39m[3
3m,[39m[36mthis[39m
[33m.[39mh[33m=[39
m[36mvoid[39m [35m0
[39m[33m,[39m[36mt
his[39m[33m.[39mg[
33m=[39m[35m1[39m[
33m,[39m[36mthis[39
m[33m.[39mu[33m=[3
9m[36mthis[39m[33m.
[39mo[33m=[39m[35m
0[39m[33m,[39m[36m
this[39m[33m.[39mj
[33m=[39m[36mnull[3
9m}[36mfunction[39m 
g(t){[36mif[39m(t[3
3m.[39ml)[36mthrow[
39m [36mnew[39m [33
mTypeError[39m([32m"
Generator is already r
unning"[39m)[33m;[3
9mt[33m.[39ml[33m=
[39m[33m![39m[35m0
[39m}[36mfunction[39
m v(t[33m,[39me){t[
33m.[39mj[33m=[39m{
da[33m:[39me[33m,[
39mea[33m:[39m[33m!
[39m[35m0[39m}[33m
,[39mt[33m.[39mg[3
3m=[39mt[33m.[39mo
[33m||[39mt[33m.[39
mu}[36mfunction[39m 
m(t[33m,[39me[33m,
[39mn){[36mreturn[39
m t[33m.[39mg[33m=
[39mn[33m,[39m{value
[33m:[39me}}[36mfun
ction[39m y(t){[36mt
his[39m[33m.[39mg[
33m=[39m[36mnew[39m
 p[33m,[39m[36mthis
[39m[33m.[39mh[33m
=[39mt}[36mfunction
[39m w(t[33m,[39me[
33m,[39mn[33m,[39mr
){[36mtry[39m{[36mv
ar[39m i[33m=[39me
[33m.[39mcall(t[33m.
[39mg[33m.[39mi[33
m,[39mn)[33m;[39m[
36mif[39m([33m![39m
(i [36minstanceof[39
m [33mObject[39m))[
36mthrow[39m [36mnew
[39m [33mTypeError[
39m([32m"Iterator res
ult "[39m[33m+[39mi
[33m+[39m[32m" is n
ot an object"[39m)[3
3m;[39m[36mif[39m(
[33m![39mi[33m.[39m
done)[36mreturn[39m 
t[33m.[39mg[33m.[3
9ml[33m=[39m[33m![
39m[35m1[39m[33m,[
39mi[33m;[39m[36mva
r[39m o[33m=[39mi[
33m.[39mvalue}[36mca
tch[39m(e){[36mretur
n[39m t[33m.[39mg[
33m.[39mi[33m=[39m
[36mnull[39m[33m,[3
9mv(t[33m.[39mg[33m
,[39me)[33m,[39mb(t
)}[36mreturn[39m t[
33m.[39mg[33m.[39mi
[33m=[39m[36mnull[
39m[33m,[39mr[33m.
[39mcall(t[33m.[39mg
[33m,[39mo)[33m,[3
9mb(t)}[36mfunction[
39m b(t){[36mfor[39m
([33m;[39mt[33m.[3
9mg[33m.[39mg[33m;
[39m)[36mtry[39m{[3
6mvar[39m e[33m=[39
mt[33m.[39mh(t[33m.
[39mg)[33m;[39m[36
mif[39m(e)[36mreturn
[39m t[33m.[39mg[3
3m.[39ml[33m=[39m[
33m![39m[35m1[39m[
33m,[39m{value[33m:
[39me[33m.[39mvalue
[33m,[39mdone[33m:[
39m[33m![39m[35m1[
39m}}[36mcatch[39m(e
){t[33m.[39mg[33m.
[39mh[33m=[39m[36mv
oid[39m [35m0[39m[
33m,[39mv(t[33m.[39
mg[33m,[39me)}[36mi
f[39m(t[33m.[39mg[
33m.[39ml[33m=[39m
[33m![39m[35m1[39m
[33m,[39mt[33m.[39m
g[33m.[39mj){[36mif
[39m(e[33m=[39mt[3
3m.[39mg[33m.[39mj
[33m,[39mt[33m.[39m
g[33m.[39mj[33m=[3
9m[36mnull[39m[33m,
[39me[33m.[39mea)[
36mthrow[39m e[33m.
[39mda[33m;[39m[36m
return[39m{value[33m
:[39me[33m.[39m[36
mreturn[39m[33m,[39
mdone[33m:[39m[33m!
[39m[35m0[39m}}[36
mreturn[39m{value[33
m:[39m[36mvoid[39m 
[35m0[39m[33m,[39m
done[33m:[39m[33m!
[39m[35m0[39m}}[36m
function[39m x(t){[3
6mthis[39m[33m.[39m
next[33m=[39m[36mfu
nction[39m(e){[36mre
turn[39m g(t[33m.[3
9mg)[33m,[39mt[33m.
[39mg[33m.[39mi[33
m?[39me[33m=[39mw(t
[33m,[39mt[33m.[39
mg[33m.[39mi[33m.[
39mnext[33m,[39me[3
3m,[39mt[33m.[39mg
[33m.[39ms)[33m:[39
m(t[33m.[39mg[33m.
[39ms(e)[33m,[39me[
33m=[39mb(t))[33m,[
39me}[33m,[39m[36mt
his[39m[33m.[39m[3
6mthrow[39m[33m=[39
m[36mfunction[39m(e)
{[36mreturn[39m g(t
[33m.[39mg)[33m,[39
mt[33m.[39mg[33m.[
39mi[33m?[39me[33m=
[39mw(t[33m,[39mt[
33m.[39mg[33m.[39mi
[33m.[39m[36mthrow
[39m[33m,[39me[33m,
[39mt[33m.[39mg[33
m.[39ms)[33m:[39m(v
(t[33m.[39mg[33m,[
39me)[33m,[39me[33m
=[39mb(t))[33m,[39m
e}[33m,[39m[36mthis
[39m[33m.[39m[36mr
eturn[39m[33m=[39m
[36mfunction[39m(e){
[36mreturn[39m [36mf
unction[39m(t[33m,[
39me){g(t[33m.[39mg)
[33m;[39m[36mvar[3
9m n[33m=[39mt[33m.
[39mg[33m.[39mi[33
m;[39m[36mreturn[39
m n[33m?[39mw(t[33m
,[39m[32m"return"[3
9m[36min[39m n[33m?
[39mn[33m.[39m[36m
return[39m[33m:[39m
[36mfunction[39m(t){
[36mreturn[39m{value
[33m:[39mt[33m,[39
mdone[33m:[39m[33m!
[39m[35m0[39m}}[33
m,[39me[33m,[39mt[
33m.[39mg[33m.[39m
[36mreturn[39m)[33m:
[39m(t[33m.[39mg[3
3m.[39m[36mreturn[3
9m(e)[33m,[39mb(t))}
(t[33m,[39me)}[33m,
[39m[36mthis[39m[[
33mSymbol[39m[33m.[
39miterator][33m=[39
m[36mfunction[39m(){
[36mreturn[39m [36m
this[39m}}[36mfuncti
on[39m [33mM[39m(t)
{[36mreturn[39m [36
mfunction[39m(t){[36
mfunction[39m e(e){[
36mreturn[39m t[33m.
[39mnext(e)}[36mfunc
tion[39m n(e){[36mre
turn[39m t[33m.[39m
[36mthrow[39m(e)}[3
6mreturn[39m [36mnew
[39m [33mPromise[39
m(([36mfunction[39m(
r[33m,[39mi){[33m!
[39m[36mfunction[39m
 t(o){o[33m.[39mdone
[33m?[39mr(o[33m.[
39mvalue)[33m:[39m[
33mPromise[39m[33m.
[39mresolve(o[33m.[3
9mvalue)[33m.[39mthe
n(e[33m,[39mn)[33m.
[39mthen(t[33m,[39m
i)}(t[33m.[39mnext()
)}))}([36mnew[39m x(
[36mnew[39m y(t)))}p
[33m.[39mprototype[
33m.[39ms[33m=[39m
[36mfunction[39m(t){
[36mthis[39m[33m.[3
9mh[33m=[39mt}[33m,
[39mp[33m.[39mproto
type[33m.[39m[36mre
turn[39m[33m=[39m[
36mfunction[39m(t){[
36mthis[39m[33m.[39
mj[33m=[39m{[36mret
urn[39m[33m:[39mt}
[33m,[39m[36mthis[3
9m[33m.[39mg[33m=[
39m[36mthis[39m[33m
.[39mu}[33m,[39mi(
[32m"Promise"[39m[33
m,[39m([36mfunction
[39m(t){[36mfunction
[39m e(t){[36mthis[3
9m[33m.[39mh[33m=[
39m[35m0[39m[33m,[
39m[36mthis[39m[33m
.[39mi[33m=[39m[36
mvoid[39m [35m0[39m
[33m,[39m[36mthis[
39m[33m.[39mg[33m=
[39m[][33m,[39m[36m
this[39m[33m.[39ms
[33m=[39m[33m![39m
[35m1[39m[33m;[39m
[36mvar[39m e[33m=[
39m[36mthis[39m[33m
.[39mj()[33m;[39m[
36mtry[39m{t(e[33m.
[39mresolve[33m,[39m
e[33m.[39mreject)}[
36mcatch[39m(t){e[33
m.[39mreject(t)}}[36
mfunction[39m n(){[3
6mthis[39m[33m.[39m
g[33m=[39m[36mnull
[39m}[36mfunction[39
m i(t){[36mreturn[39
m t [36minstanceof[3
9m e[33m?[39mt[33m:
[39m[36mnew[39m e((
[36mfunction[39m(e){
e(t)}))}[36mif[39m(t
)[36mreturn[39m t[3
3m;[39mn[33m.[39mpr
ototype[33m.[39mh[3
3m=[39m[36mfunction
[39m(t){[36mif[39m(
[36mnull[39m[33m==[
39m[36mthis[39m[33m
.[39mg){[36mthis[39
m[33m.[39mg[33m=[3
9m[][33m;[39m[36mva
r[39m e[33m=[39m[3
6mthis[39m[33m;[39m
[36mthis[39m[33m.[
39mi(([36mfunction[3
9m(){e[33m.[39ml()})
)}[36mthis[39m[33m.
[39mg[33m.[39mpush(
t)}[33m;[39m[36mvar
[39m o[33m=[39mr[3
3m.[39msetTimeout[33
m;[39mn[33m.[39mpro
totype[33m.[39mi[33
m=[39m[36mfunction[
39m(t){o(t[33m,[39m
[35m0[39m)}[33m,[39
mn[33m.[39mprototype
[33m.[39ml[33m=[39
m[36mfunction[39m(){
[36mfor[39m([33m;[
39m[36mthis[39m[33m
.[39mg[33m&&[39m[3
6mthis[39m[33m.[39m
g[33m.[39mlength[33
m;[39m){[36mvar[39m
 t[33m=[39m[36mthis
[39m[33m.[39mg[33m
;[39m[36mthis[39m[
33m.[39mg[33m=[39m[
][33m;[39m[36mfor[
39m([36mvar[39m e[3
3m=[39m[35m0[39m[3
3m;[39me[33m<[39m[
33mt[39m[33m.[39mle
ngth[33m;[39m[33m++
[39me){[36mvar[39m 
n[33m=[39mt[e][33m;
[39mt[e][33m=[39m[
36mnull[39m[33m;[39
m[36mtry[39m{n()}[3
6mcatch[39m(t){[36mt
his[39m[33m.[39mj(t
)}}}[36mthis[39m[33
m.[39mg[33m=[39m[3
6mnull[39m}[33m,[39
mn[33m.[39mprototype
[33m.[39mj[33m=[39
m[36mfunction[39m(t)
{[36mthis[39m[33m.
[39mi(([36mfunction[
39m(){[36mthrow[39m 
t}))}[33m,[39me[33m
.[39mprototype[33m.
[39mj[33m=[39m[36mf
unction[39m(){[36mfu
nction[39m t(t){[36m
return[39m [36mfunct
ion[39m(r){n[33m||[
39m(n[33m=[39m[33m!
[39m[35m0[39m[33m,
[39mt[33m.[39mcall(
e[33m,[39mr))}}[36m
var[39m e[33m=[39m
[36mthis[39m[33m,[3
9mn[33m=[39m[33m![
39m[35m1[39m[33m;[
39m[36mreturn[39m{re
solve[33m:[39mt([36
mthis[39m[33m.[39m
[33mD[39m)[33m,[39m
reject[33m:[39mt([3
6mthis[39m[33m.[39m
l)}}[33m,[39me[33m.
[39mprototype[33m.[
39m[33mD[39m[33m=[
39m[36mfunction[39m(
t){[36mif[39m(t[33m
===[39m[36mthis[39m
)[36mthis[39m[33m.
[39ml([36mnew[39m [
33mTypeError[39m([32
m"A Promise cannot res
olve to itself"[39m))
[33m;[39m[36melse[
39m [36mif[39m(t [3
6minstanceof[39m e)[
36mthis[39m[33m.[39
m[33mH[39m(t)[33m;
[39m[36melse[39m{t[
33m:[39m[36mswitch[
39m([36mtypeof[39m t
){[36mcase[39m[32m"
object"[39m[33m:[39
m[36mvar[39m n[33m=
[39m[36mnull[39m[3
3m!=[39mt[33m;[39m
[36mbreak[39m t[33m;
[39m[36mcase[39m[3
2m"function"[39m[33m
:[39mn[33m=[39m[33
m![39m[35m0[39m[33
m;[39m[36mbreak[39m
 t[33m;[39m[36mdefa
ult[39m[33m:[39mn[
33m=[39m[33m![39m[
35m1[39m}n[33m?[39m
[36mthis[39m[33m.[
39m[33mA[39m(t)[33m
:[39m[36mthis[39m[
33m.[39mo(t)}}[33m,
[39me[33m.[39mprotot
ype[33m.[39m[33mA[
39m[33m=[39m[36mfun
ction[39m(t){[36mvar
[39m e[33m=[39m[36
mvoid[39m [35m0[39m
[33m;[39m[36mtry[3
9m{e[33m=[39mt[33m.
[39mthen}[36mcatch[
39m(t){[36mreturn[39
m [36mvoid[39m [36m
this[39m[33m.[39ml(
t)}[32m"function"[39
m[33m==[39m[36mtype
of[39m e[33m?[39m[
36mthis[39m[33m.[39
m[33mI[39m(e[33m,[
39mt)[33m:[39m[36mt
his[39m[33m.[39mo(t
)}[33m,[39me[33m.[
39mprototype[33m.[39
ml[33m=[39m[36mfunc
tion[39m(t){[36mthis
[39m[33m.[39mu([35
m2[39m[33m,[39mt)}
[33m,[39me[33m.[39m
prototype[33m.[39mo
[33m=[39m[36mfunctio
n[39m(t){[36mthis[3
9m[33m.[39mu([35m1
[39m[33m,[39mt)}[33
m,[39me[33m.[39mpro
totype[33m.[39mu[33
m=[39m[36mfunction[
39m(t[33m,[39me){[3
6mif[39m([35m0[39m
[33m!=[39m[36mthis[
39m[33m.[39mh)[36mt
hrow[39m [33mError[
39m([32m"Cannot settl
e("[39m[33m+[39mt[
33m+[39m[32m", "[39
m[33m+[39me[33m+[3
9m[32m"): Promise alr
eady settled in state"
[39m[33m+[39m[36mt
his[39m[33m.[39mh)
[33m;[39m[36mthis[3
9m[33m.[39mh[33m=[
39mt[33m,[39m[36mth
is[39m[33m.[39mi[3
3m=[39me[33m,[39m[
35m2[39m[33m===[39m
[36mthis[39m[33m.[
39mh[33m&&[39m[36mt
his[39m[33m.[39m[3
3mG[39m()[33m,[39m
[36mthis[39m[33m.[3
9m[33mB[39m()}[33m,
[39me[33m.[39mproto
type[33m.[39m[33mG
[39m[33m=[39m[36mfu
nction[39m(){[36mvar
[39m t[33m=[39m[36
mthis[39m[33m;[39mo
(([36mfunction[39m()
{[36mif[39m(t[33m.
[39m[33mC[39m()){[3
6mvar[39m e[33m=[39
mr[33m.[39mconsole[
33m;[39m[36mvoid[39
m [35m0[39m[33m!==
[39me[33m&&[39me[33
m.[39merror(t[33m.[
39mi)}})[33m,[39m[3
5m1[39m)}[33m,[39me
[33m.[39mprototype[
33m.[39m[33mC[39m[
33m=[39m[36mfunction
[39m(){[36mif[39m(
[36mthis[39m[33m.[3
9ms)[36mreturn[39m[
33m![39m[35m1[39m[
33m;[39m[36mvar[39m
 t[33m=[39mr[33m.[
39m[33mCustomEvent[3
9m[33m,[39me[33m=[
39mr[33m.[39m[33mEv
ent[39m[33m,[39mn[
33m=[39mr[33m.[39md
ispatchEvent[33m;[39
m[36mreturn[39m [36
mvoid[39m [35m0[39m
[33m===[39mn[33m||
[39m([32m"function"[
39m[33m==[39m[36mty
peof[39m t[33m?[39m
t[33m=[39m[36mnew[
39m t([32m"unhandledr
ejection"[39m[33m,[
39m{cancelable[33m:[
39m[33m![39m[35m0[
39m})[33m:[39m[32m"
function"[39m[33m==
[39m[36mtypeof[39m e
[33m?[39mt[33m=[39
m[36mnew[39m e([32m
"unhandledrejection"[
39m[33m,[39m{cancela
ble[33m:[39m[33m![
39m[35m0[39m})[33m:
[39m(t[33m=[39mr[3
3m.[39mdocument[33m.
[39mcreateEvent([32m
"CustomEvent"[39m))[
33m.[39minitCustomEve
nt([32m"unhandledreje
ction"[39m[33m,[39m
[33m![39m[35m1[39m
[33m,[39m[33m![39m
[35m0[39m[33m,[39m
t)[33m,[39mt[33m.[
39mpromise[33m=[39m
[36mthis[39m[33m,[3
9mt[33m.[39mreason[
33m=[39m[36mthis[39
m[33m.[39mi[33m,[3
9mn(t))}[33m,[39me[
33m.[39mprototype[33
m.[39m[33mB[39m[33
m=[39m[36mfunction[
39m(){[36mif[39m([3
6mnull[39m[33m!=[39
m[36mthis[39m[33m.
[39mg){[36mfor[39m(
[36mvar[39m t[33m=[
39m[35m0[39m[33m;[
39mt[33m<[39m[36mth
is[39m[33m.[39mg[3
3m.[39mlength[33m;[
39m[33m++[39mt)u[33
m.[39mh([36mthis[39
m[33m.[39mg[t])[33m
;[39m[36mthis[39m[
33m.[39mg[33m=[39m
[36mnull[39m}}[33m;
[39m[36mvar[39m u[3
3m=[39m[36mnew[39m 
n[33m;[39m[36mretur
n[39m e[33m.[39mpro
totype[33m.[39m[33m
H[39m[33m=[39m[36m
function[39m(t){[36m
var[39m e[33m=[39m
[36mthis[39m[33m.[3
9mj()[33m;[39mt[33m
.[39m[33mM[39m(e[3
3m.[39mresolve[33m,
[39me[33m.[39mreject
)}[33m,[39me[33m.[
39mprototype[33m.[39
m[33mI[39m[33m=[39
m[36mfunction[39m(t
[33m,[39me){[36mvar
[39m n[33m=[39m[36m
this[39m[33m.[39mj(
)[33m;[39m[36mtry[
39m{t[33m.[39mcall(e
[33m,[39mn[33m.[39
mresolve[33m,[39mn[
33m.[39mreject)}[36m
catch[39m(t){n[33m.
[39mreject(t)}}[33m,
[39me[33m.[39mprotot
ype[33m.[39mthen[33
m=[39m[36mfunction[
39m(t[33m,[39mn){[3
6mfunction[39m r(t[3
3m,[39me){[36mreturn
[39m[32m"function"[
39m[33m==[39m[36mty
peof[39m t[33m?[39m
[36mfunction[39m(e){
[36mtry[39m{i(t(e))}
[36mcatch[39m(t){o(t
)}}[33m:[39me}[36mv
ar[39m i[33m,[39mo
[33m,[39ma[33m=[39m
[36mnew[39m e(([36m
function[39m(t[33m,
[39me){i[33m=[39mt[
33m,[39mo[33m=[39me
}))[33m;[39m[36mret
urn[39m [36mthis[39
m[33m.[39m[33mM[39
m(r(t[33m,[39mi)[33
m,[39mr(n[33m,[39mo
))[33m,[39ma}[33m,
[39me[33m.[39mprotot
ype[33m.[39m[36mcat
ch[39m[33m=[39m[36
mfunction[39m(t){[36
mreturn[39m [36mthis
[39m[33m.[39mthen(
[36mvoid[39m [35m0[
39m[33m,[39mt)}[33m
,[39me[33m.[39mprot
otype[33m.[39m[33mM
[39m[33m=[39m[36mf
unction[39m(t[33m,[
39me){[36mfunction[3
9m n(){[36mswitch[39
m(r[33m.[39mh){[36m
case[39m [35m1[39m
[33m:[39mt(r[33m.[3
9mi)[33m;[39m[36mbr
eak[39m[33m;[39m[3
6mcase[39m [35m2[39
m[33m:[39me(r[33m.
[39mi)[33m;[39m[36m
break[39m[33m;[39m
[36mdefault[39m[33m:
[39m[36mthrow[39m 
[33mError[39m([32m"U
nexpected state: "[39
m[33m+[39mr[33m.[3
9mh)}}[36mvar[39m r
[33m=[39m[36mthis[3
9m[33m;[39m[36mnull
[39m[33m==[39m[36m
this[39m[33m.[39mg
[33m?[39mu[33m.[39m
h(n)[33m:[39m[36mth
is[39m[33m.[39mg[3
3m.[39mpush(n)[33m,
[39m[36mthis[39m[33
m.[39ms[33m=[39m[3
3m![39m[35m0[39m}[
33m,[39me[33m.[39mr
esolve[33m=[39mi[33
m,[39me[33m.[39mrej
ect[33m=[39m[36mfun
ction[39m(t){[36mret
urn[39m [36mnew[39m
 e(([36mfunction[39m
(e[33m,[39mn){n(t)})
)}[33m,[39me[33m.[
39mrace[33m=[39m[36
mfunction[39m(t){[36
mreturn[39m [36mnew
[39m e(([36mfunction
[39m(e[33m,[39mn){[
36mfor[39m([36mvar[
39m r[33m=[39ma(t)[
33m,[39mo[33m=[39mr
[33m.[39mnext()[33m
;[39m[33m![39mo[33
m.[39mdone[33m;[39m
o[33m=[39mr[33m.[3
9mnext())i(o[33m.[39
mvalue)[33m.[39m[33
mM[39m(e[33m,[39mn)
}))}[33m,[39me[33m.
[39mall[33m=[39m[3
6mfunction[39m(t){[3
6mvar[39m n[33m=[39
ma(t)[33m,[39mr[33m
=[39mn[33m.[39mnext
()[33m;[39m[36mretu
rn[39m r[33m.[39mdo
ne[33m?[39mi([])[33
m:[39m[36mnew[39m e
(([36mfunction[39m(t
[33m,[39me){[36mfun
ction[39m o(e){[36mr
eturn[39m [36mfuncti
on[39m(n){a[e][33m=
[39mn[33m,[39m[35m0
[39m[33m==[39m[33m
--[39mu[33m&&[39mt(
a)}}[36mvar[39m a[3
3m=[39m[][33m,[39mu
[33m=[39m[35m0[39m
[33m;[39m[36mdo[39
m{a[33m.[39mpush([3
6mvoid[39m [35m0[39
m)[33m,[39mu[33m++
[39m[33m,[39mi(r[33
m.[39mvalue)[33m.[3
9m[33mM[39m(o(a[33m
.[39mlength[33m-[39
m[35m1[39m)[33m,[3
9me)[33m,[39mr[33m=
[39mn[33m.[39mnext(
)}[36mwhile[39m([33
m![39mr[33m.[39mdon
e)}))}[33m,[39me}))
[33m;[39m[36mvar[39
m [33mA[39m[33m=[3
9m[32m"function"[39m
[33m==[39m[36mtypeo
f[39m [33mObject[39
m[33m.[39massign[33
m?[39m[33mObject[39
m[33m.[39massign[33
m:[39m[36mfunction[
39m(t[33m,[39me){[3
6mfor[39m([36mvar[3
9m n[33m=[39m[35m1
[39m[33m;[39mn[33m<
[39m[33marguments[3
9m[33m.[39mlength[3
3m;[39mn[33m++[39m)
{[36mvar[39m r[33m=
[39marguments[n][33m
;[39m[36mif[39m(r)
[36mfor[39m([36mvar
[39m i [36min[39m r)
[33mObject[39m[33m.
[39mprototype[33m.[
39mhasOwnProperty[33m
.[39mcall(r[33m,[39
mi)[33m&&[39m(t[i][
33m=[39mr[i])}[36mre
turn[39m t}[33m;[39
mi([32m"Object.assign
"[39m[33m,[39m([36
mfunction[39m(t){[36
mreturn[39m t[33m||
[39m[33mA[39m}))[33
m,[39mi([32m"Object.
is"[39m[33m,[39m([
36mfunction[39m(t){[
36mreturn[39m t[33m|
|[39m[36mfunction[3
9m(t[33m,[39me){[36
mreturn[39m t[33m===
[39me[33m?[39m[35m
0[39m[33m!==[39mt[
33m||[39m[35m1[39m
[33m/[39mt[33m==[39
m[35m1[39m[33m/[39
me[33m:[39mt[33m!=
[39mt[33m&&[39me[33
m!=[39me}}))[33m,[3
9mi([32m"Array.protot
ype.includes"[39m[33
m,[39m([36mfunction
[39m(t){[36mreturn[3
9m t[33m||[39m[36mf
unction[39m(t[33m,[
39me){[36mvar[39m n
[33m=[39m[36mthis[3
9m[33m;[39mn [36min
stanceof[39m [33mStr
ing[39m[33m&&[39m(n
[33m=[39m[33mString
[39m(n))[33m;[39m[
36mvar[39m r[33m=[3
9mn[33m.[39mlength[
33m;[39m[36mfor[39m
([35m0[39m[33m>[39
m(e[33m=[39me[33m||
[39m[35m0[39m)[33m
&&[39m(e[33m=[39m[
33mMath[39m[33m.[39
mmax(e[33m+[39mr[33
m,[39m[35m0[39m))[
33m;[39me[33m<[39m
[33mr[39m[33m;[39me
[33m++[39m){[36mvar
[39m i[33m=[39mn[e]
[33m;[39m[36mif[39
m(i[33m===[39mt[33m
||[39m[33mObject[39
m[33m.[39mis(i[33m,
[39mt))[36mreturn[3
9m[33m![39m[35m0[3
9m}[36mreturn[39m[3
3m![39m[35m1[39m}})
)[33m,[39mi([32m"St
ring.prototype.include
s"[39m[33m,[39m([3
6mfunction[39m(t){[3
6mreturn[39m t[33m||
[39m[36mfunction[39
m(t[33m,[39me){[36m
if[39m([36mnull[39m
[33m==[39m[36mthis
[39m)[36mthrow[39m 
[36mnew[39m [33mType
Error[39m([32m"The '
this' value for String
.prototype.includes mu
st not be null or unde
fined"[39m)[33m;[39
m[36mif[39m(t [36mi
nstanceof[39m [33mRe
gExp[39m)[36mthrow[
39m [36mnew[39m [33
mTypeError[39m([32m"
First argument to Stri
ng.prototype.includes 
must not be a regular 
expression"[39m)[33m
;[39m[36mreturn[39m
[33m-[39m[35m1[39m
[33m!==[39m[36mthis
[39m[33m.[39mindexO
f(t[33m,[39me[33m||
[39m[35m0[39m)}}))
[33m,[39mi([32m"Arra
y.prototype.keys"[39m
[33m,[39m([36mfunct
ion[39m(t){[36mretur
n[39m t[33m||[39m[
36mfunction[39m(){[3
6mreturn[39m [36mfun
ction[39m(t[33m,[39
me){t [36minstanceof
[39m [33mString[39m
[33m&&[39m(t[33m+=[
39m[32m""[39m)[33m;
[39m[36mvar[39m n[
33m=[39m[35m0[39m[
33m,[39mr[33m=[39m
[33m![39m[35m1[39m
[33m,[39mi[33m=[39m
{next[33m:[39m[36mf
unction[39m(){[36mif
[39m([33m![39mr[33
m&&[39mn[33m<[39m[
33mt[39m[33m.[39mle
ngth){[36mvar[39m i
[33m=[39mn[33m++[39
m[33m;[39m[36mretur
n[39m{value[33m:[39
me(i[33m,[39mt[i])[
33m,[39mdone[33m:[3
9m[33m![39m[35m1[3
9m}}[36mreturn[39m r
[33m=[39m[33m![39m
[35m0[39m[33m,[39m
{done[33m:[39m[33m!
[39m[35m0[39m[33m,
[39mvalue[33m:[39m
[36mvoid[39m [35m0[
39m}}}[33m;[39m[36m
return[39m i[[33mSym
bol[39m[33m.[39mite
rator][33m=[39m[36m
function[39m(){[36mr
eturn[39m i}[33m,[3
9mi}([36mthis[39m[3
3m,[39m([36mfunction
[39m(t){[36mreturn[
39m t}))}}))[33m;[39
m[36mvar[39m [33mT
[39m[33m=[39m[36mth
is[39m[33m||[39msel
f[33m;[39m[36mfunct
ion[39m [33mE[39m(t
[33m,[39me){t[33m=
[39mt[33m.[39msplit(
[32m"."[39m)[33m;[
39m[36mvar[39m n[33
m,[39mr[33m=[39m[3
3mT[39m[33m;[39mt[
[35m0[39m][36min[39
m r[33m||[39m[36mvo
id[39m [35m0[39m[3
3m===[39mr[33m.[39m
execScript[33m||[39m
r[33m.[39mexecScript
([32m"var "[39m[33m
+[39mt[[35m0[39m])
[33m;[39m[36mfor[39
m([33m;[39mt[33m.[
39mlength[33m&&[39m(
n[33m=[39mt[33m.[3
9mshift())[33m;[39m)
t[33m.[39mlength[33
m||[39m[36mvoid[39m
 [35m0[39m[33m===[
39me[33m?[39mr[33m=
[39mr[n][33m&&[39mr
[n][33m!==[39m[33mO
bject[39m[33m.[39mp
rototype[n][33m?[39m
r[n][33m:[39mr[n][3
3m=[39m{}[33m:[39mr
[n][33m=[39me}[36mf
unction[39m [33mS[3
9m(){[36mthrow[39m 
[33mError[39m([32m"I
nvalid UTF8"[39m)}[3
6mfunction[39m [33mF
[39m(t[33m,[39me){
[36mreturn[39m e[33m
=[39m[33mString[39m
[33m.[39mfromCharCod
e[33m.[39mapply([36
mnull[39m[33m,[39me
)[33m,[39m[36mnull
[39m[33m==[39mt[33m
?[39me[33m:[39mt[3
3m+[39me}[36mvar[39
m [33mC[39m[33m,[3
9m[33mO[39m[33m,[3
9m_[33m=[39m[32m"un
defined"[39m[33m!=[
39m[36mtypeof[39m [
33mTextDecoder[39m[3
3m,[39mj[33m=[39m[
32m"undefined"[39m[3
3m!=[39m[36mtypeof[
39m [33mTextEncoder[
39m[33m,[39mk[33m=
[39m{}[33m,[39m[33m
R[39m[33m=[39m[36m
null[39m[33m;[39m[
36mfunction[39m [33m
I[39m(t){[36mvar[39
m e[33m;[39m[36mvoi
d[39m [35m0[39m[33
m===[39me[33m&&[39m
(e[33m=[39m[35m0[3
9m)[33m,[39m[33mB[
39m()[33m,[39me[33m
=[39mk[e][33m;[39m
[36mfor[39m([36mvar
[39m n[33m=[39m[33m
Array[39m([33mMath[
39m[33m.[39mfloor(t
[33m.[39mlength[33m/
[39m[35m3[39m))[33
m,[39mr[33m=[39me[
[35m64[39m][33m||[3
9m[32m""[39m[33m,[
39mi[33m=[39m[35m0
[39m[33m,[39mo[33m=
[39m[35m0[39m[33m;
[39mi[33m<[39m[33m
t[39m[33m.[39mlengt
h[33m-[39m[35m2[39
m[33m;[39mi[33m+=[
39m[35m3[39m){[36mv
ar[39m a[33m=[39mt[
i][33m,[39mu[33m=[
39mt[i[33m+[39m[35m
1[39m][33m,[39ms[3
3m=[39mt[i[33m+[39m
[35m2[39m][33m,[39
mc[33m=[39me[a[33m>
>[39m[35m2[39m][33
m;[39ma[33m=[39me[(
[35m3[39m[33m&[39m
a)[33m<<[39m[35m4[
39m[33m|[39mu[33m>>
[39m[35m4[39m][33m
,[39mu[33m=[39me[(
[35m15[39m[33m&[39m
u)[33m<<[39m[35m2[
39m[33m|[39ms[33m>>
[39m[35m6[39m][33m
,[39ms[33m=[39me[[
35m63[39m[33m&[39ms
][33m,[39mn[o[33m++
[39m][33m=[39mc[33
m+[39ma[33m+[39mu[
33m+[39ms}[36mswitch
[39m(c[33m=[39m[35
m0[39m[33m,[39ms[3
3m=[39mr[33m,[39mt
[33m.[39mlength[33m-
[39mi){[36mcase[39m
 [35m2[39m[33m:[39
ms[33m=[39me[([35m1
5[39m[33m&[39m(c[3
3m=[39mt[i[33m+[39m
[35m1[39m]))[33m<<
[39m[35m2[39m][33m|
|[39mr[33m;[39m[36
mcase[39m [35m1[39m
[33m:[39mt[33m=[39
mt[i][33m,[39mn[o][
33m=[39me[t[33m>>[3
9m[35m2[39m][33m+[
39me[([35m3[39m[33m
&[39mt)[33m<<[39m[
35m4[39m[33m|[39mc
[33m>>[39m[35m4[39m
][33m+[39ms[33m+[3
9mr}[36mreturn[39m n
[33m.[39mjoin([32m"
"[39m)}[36mfunction
[39m [33mL[39m(t){[
36mvar[39m e[33m=[3
9mt[33m.[39mlength[
33m,[39mn[33m=[39m
[35m3[39m[33m*[39me
[35m/4;n%3?n=Math.flo
or(n):-1!="=.".indexOf
(t[e-1])&&(n=-1!="=.".
indexOf(t[e-2])?n-2:n-
1);var r=new Uint8Arra
y(n),i=0;return functi
on(t,e){function n(e){
for(;r<t.length;){var 
n=t.charAt(r++),i=R[n]
;if(null!=i)return i;i
f(!/[39m[33m^[39m[
[37m[41m[1m\[22m[4
9m[39ms[37m[41m[1m
\[22m[49m[39mxa0][
33m*[39m$[35m/.test(
n))throw Error("Unknow
n base64 encoding at c
har: "+n)}return e}B()
;for(var r=0;;){var i=
n(-1),o=n(0),a=n(64),u
=n(64);if(64===u&&-1==
=i)break;e(i<<2|o>>4),
64!=a&&(e(o<<4&240|a>>
2),64!=u&&e(a<<6&192|u
))}}(t,(function(t){r[
i++]=t})),i!==n?r.suba
rray(0,i):r}function B
(){if(!R){R={};for(var
 t="ABCDEFGHIJKLMNOPQR
STUVWXYZabcdefghijklmn
opqrstuvwxyz0123456789
".split(""),e=["+/[39
m[33m=[39m[32m","[
39m[33m+[39m[33m/[
39m[32m","[39m[33m-
[39m_[33m=[39m[32m
","[39m[33m-[39m_[
33m.[39m[32m","[39m
[33m-[39m_[32m"],n=
0;5>n;n++){var r=t.con
cat(e[n].split("[39m
[32m"));k[n]=r;for(var
 i=0;i<r.length;i++){v
ar o=r[i];void 0===R[o
]&&(R[o]=i)}}}}var P,z
="[39m[36mfunction[
39m[32m"==typeof Uint
8Array;function U(t){r
eturn z&&null!=t&&t in
stanceof Uint8Array}fu
nction N(t){if(this.L=
t,null!==t&&0===t.leng
th)throw Error("[39m
[33mByteString[39m sh
ould be constructed [
36mwith[39m non[33m-
[39mempty values[32m
")}var V="[39m[36mfu
nction[39m[32m"==typ
eof Uint8Array.prototy
pe.slice,H=0;function 
K(t,e){return Error("
[39m[33mInvalid[39m 
wire type[33m:[39m 
[32m"+t+"[39m (at pos
ition [32m"+e+"[39m)
[32m")}function W(){r
eturn Error("[39m[33
mFailed[39m to read v
arint[33m,[39m encod
ing is invalid[33m.[
39m[32m")}function G(
t,e){e=void 0!==(e=voi
d 0===e?{}:e).v&&e.v,t
his.h=null,this.g=this
.i=this.j=0,this.v=e,t
&&X(this,t)}function X
(t,e){t.h=function(t,e
){if(t.constructor===U
int8Array)return t;if(
t.constructor===ArrayB
uffer)return new Uint8
Array(t);if(t.construc
tor===Array)return new
 Uint8Array(t);if(t.co
nstructor===String)ret
urn L(t);if(t.construc
tor===N)return!e&&(e=t
.L)&&e.constructor===U
int8Array?e:(e=null==(
e=t.L)||U(e)?e:"[39ms
tring[32m"==typeof e?
L(e):null,(t=t.L=e)?ne
w Uint8Array(t):P||(P=
new Uint8Array(0)));if
(t instanceof Uint8Arr
ay)return new Uint8Arr
ay(t.buffer,t.byteOffs
et,t.byteLength);throw
 Error("[39m[33mType
[39m not convertible 
to a [33mUint8Array[
39m[33m,[39m expecte
d a [33mUint8Array[3
9m[33m,[39m an [33m
ArrayBuffer[39m[33m,
[39m a base64 encoded
 string[33m,[39m or 
[33mArray[39m [36mo
f[39m numbers[32m")}
(e,t.v),t.j=0,t.i=t.h.
length,t.g=t.j}functio
n Y(t){if(t.g>t.i)thro
w Error("[39m[33mTri
ed[39m to read past t
he end [36mof[39m th
e data [32m"+t.g+"[3
9m [33m>[39m [32m"+
t.i)}function J(t){var
 e=t.h,n=e[t.g],r=127&
n;if(128>n)return t.g+
=1,Y(t),r;if(r|=(127&(
n=e[t.g+1]))<<7,128>n)
return t.g+=2,Y(t),r;i
f(r|=(127&(n=e[t.g+2])
)<<14,128>n)return t.g
+=3,Y(t),r;if(r|=(127&
(n=e[t.g+3]))<<21,128>
n)return t.g+=4,Y(t),r
;if(n=e[t.g+4],t.g+=5,
r|=(15&n)<<28,128>n)re
turn Y(t),r;if(128<=e[
t.g++]&&128<=e[t.g++]&
&128<=e[t.g++]&&128<=e
[t.g++]&&128<=e[t.g++]
)throw W();return Y(t)
,r}G.prototype.reset=f
unction(){this.g=this.
j};var q=[];function $
(){this.g=[]}function 
Z(t,e){for(;127<e;)t.g
.push(127&e|128),e>>>=
7;t.g.push(e)}function
 Q(t){var e={},n=void 
0!==e.W&&e.W;this.l={v
:void 0!==e.v&&e.v},th
is.W=n,e=this.l,q.leng
th?(n=q.pop(),e&&(n.v=
e.v),t&&X(n,t),t=n):t=
new G(t,e),this.g=t,th
is.j=this.g.g,this.h=t
his.i=-1}function tt(t
){var e=t.g;if(e.g==e.
i)return!1;t.j=t.g.g;v
ar n=J(t.g)>>>0;if(e=n
>>>3,!(0<=(n&=7)&&5>=n
))throw K(n,t.j);if(1>
e)throw Error("[39m[
33mInvalid[39m field 
number[33m:[39m [32
m"+e+"[39m (at positi
on [32m"+t.j+"[39m)
[32m");return t.i=e,t.
h=n,!0}function et(t){
switch(t.h){case 0:if(
0!=t.h)et(t);else t:{f
or(var e=(t=t.g).g,n=e
+10;e<n;)if(0==(128&t.
h[e++])){t.g=e,Y(t);br
eak t}throw W()}break;
case 1:(t=t.g).g+=8,Y(
t);break;case 2:2!=t.h
?et(t):(e=J(t.g)>>>0,(
t=t.g).g+=e,Y(t));brea
k;case 5:(t=t.g).g+=4,
Y(t);break;case 3:for(
e=t.i;;){if(!tt(t))thr
ow Error("[39m[33mUn
matched[39m start[33
m-[39mgroup tag[33m:
[39m stream [33mEOF
[39m[32m");if(4==t.h)
{if(t.i!=e)throw Error
("[39m[33mUnmatched
[39m end[33m-[39mgro
up tag[32m");break}et
(t)}break;default:thro
w K(t.h,t.j)}}$.protot
ype.length=function(){
return this.g.length},
$.prototype.end=functi
on(){var t=this.g;retu
rn this.g=[],t},Q.prot
otype.reset=function()
{this.g.reset(),this.j
=this.g.g,this.h=this.
i=-1};var nt=[];functi
on rt(){this.i=[],this
.h=0,this.g=new $}func
tion it(t,e){0!==e.len
gth&&(t.i.push(e),t.h+
=e.length)}var ot="[3
9m[36mfunction[39m[
32m"==typeof Symbol&&"
[39msymbol[32m"==typ
eof Symbol()?Symbol(vo
id 0):void 0;function 
at(t,e){Object.isFroze
n(t)||(ot?t[ot]|=e:voi
d 0!==t.N?t.N|=e:Objec
t.defineProperties(t,{
N:{value:e,configurabl
e:!0,writable:!0,enume
rable:!1}}))}function 
ut(t){var e;return nul
l==(e=ot?t[ot]:t.N)?0:
e}function st(t){retur
n at(t,1),t}function c
t(t){return!!Array.isA
rray(t)&&!!(2&ut(t))}f
unction ht(t){if(!Arra
y.isArray(t))throw Err
or("[39mcannot mark n
on[33m-[39marray [3
6mas[39m immutable[3
2m");at(t,2)}function 
lt(t){return null!==t&
&"[39mobject[32m"==t
ypeof t&&!Array.isArra
y(t)&&t.constructor===
Object}var ft=Object.f
reeze(st([]));function
 dt(t){if(ct(t.m))thro
w Error("[39m[33mCan
not[39m mutate an imm
utable [33mMessage[3
9m[32m")}var pt,gt="
[39mundefined[32m"!=t
ypeof Symbol&&void 0!=
=Symbol.hasInstance;fu
nction vt(t){return{va
lue:t,configurable:!1,
writable:!1,enumerable
:!1}}function mt(t,e,n
){return-1===e?null:e>
=t.i?t.g?t.g[e]:void 0
:void 0!==n&&n&&t.g&&n
ull!=(n=t.g[e])?n:t.m[
e+t.h]}function yt(t,e
,n,r){r=void 0!==r&&r,
dt(t),e<t.i&&!r?t.m[e+
t.h]=n:(t.g||(t.g=t.m[
t.i+t.h]={}))[e]=n}fun
ction wt(t,e,n,r){n=vo
id 0===n||n;var i=mt(t
,e,r=void 0!==r&&r);re
turn null==i&&(i=ft),c
t(t.m)?n&&(ht(i),Objec
t.freeze(i)):(i===ft||
ct(i))&&yt(t,e,i=st(i.
slice()),r),i}function
 bt(t,e,n){return null
==(t=null==(t=mt(t,e))
?t:+t)?void 0===n?0:n:
t}function xt(t,e,n,r)
{t.j||(t.j={});var i=c
t(t.m),o=t.j[n];if(!o)
{r=wt(t,n,!0,void 0!==
r&&r),o=[],i=i||ct(r);
for(var a=0;a<r.length
;a++)o[a]=new e(r[a]),
i&&ht(o[a].m);i&&(ht(o
),Object.freeze(o)),t.
j[n]=o}return o}functi
on Mt(t,e,n,r,i){var o
=void 0!==o&&o;return 
dt(t),o=xt(t,n,e,o),n=
r||new n,t=wt(t,e),nul
l!=i?(o.splice(i,0,n),
t.splice(i,0,n.m)):(o.
push(n),t.push(n.m)),n
}function At(t,e){retu
rn null==(t=mt(t,e))?0
:t}function Tt(t,e){re
turn null==(t=mt(t,e))
?"[39m[32m":t}functi
on Et(t){var e=Ct;retu
rn Ft(t,e=void 0===e?O
t:e)}function St(t,e){
if(null!=t){if(Array.i
sArray(t))t=Ft(t,e);el
se if(lt(t)){var n,r={
};for(n in t)r[n]=St(t
[n],e);t=r}else t=e(t)
;return t}}function Ft
(t,e){for(var n=t.slic
e(),r=0;r<n.length;r++
)n[r]=St(n[r],e);retur
n Array.isArray(t)&&1&
ut(t)&&st(n),n}functio
n Ct(t){return t&&"[3
9mobject[32m"==typeof
 t&&t.toJSON?t.toJSON(
):(t=function(t){switc
h(typeof t){case"[39m
number[32m":return is
Finite(t)?t:String(t);
case"[39mobject[32m"
:if(t&&!Array.isArray(
t)){if(U(t))return I(t
);if(t instanceof N){v
ar e=t.L;return e=null
==e||"[39mstring[32m
"==typeof e?e:z&&e ins
tanceof Uint8Array?I(e
):null,(t.L=e)||"[39m
[32m"}}}return t}(t),
Array.isArray(t)?Et(t)
:t)}function Ot(t){ret
urn U(t)?new Uint8Arra
y(t):t}function _t(t,e
,n){t||(t=pt),pt=null;
var r=this.constructor
.h;if(t||(t=r?[r]:[]),
this.h=(r?0:-1)-(this.
constructor.g||0),this
.j=void 0,this.m=t,t=(
r=this.m.length)-1,r&&
lt(r=this.m[t])?(this.
i=t-this.h,this.g=r):v
oid 0!==e&&-1<e?(this.
i=Math.max(e,t+1-this.
h),this.g=void 0):this
.i=Number.MAX_VALUE,n)
for(e=0;e<n.length;e++
)if((t=n[e])<this.i)t+
=this.h,(r=this.m[t])?
Array.isArray(r)&&st(r
):this.m[t]=ft;else{va
r i=(r=this.g||(this.g
=this.m[this.i+this.h]
={}))[t];i?Array.isArr
ay(i)&&st(i):r[t]=ft}}
function jt(){_t.apply
(this,arguments)}if(_t
.prototype.toJSON=func
tion(){return Et(this.
m)},_t.prototype.toStr
ing=function(){return 
this.m.toString()},d(j
t,_t),gt){var kt={};Ob
ject.defineProperties(
jt,(kt[Symbol.hasInsta
nce]=vt((function(){th
row Error("[39m[33mC
annot[39m perform [3
6minstanceof[39m chec
ks [36mfor[39m [33m
MutableMessage[39m[3
2m")})),kt))}function 
Rt(t,e,n){if(n){var r,
i={};for(r in n){var o
=n[r],a=o.ha;a||(i.F=o
.la||o.fa.P,o.aa?(i.U=
Ut(o.aa),a=function(t)
{return function(e,n,r
){return t.F(e,n,r,t.U
)}}(i)):o.ca?(i.T=Nt(o
.X.g,o.ca),a=function(
t){return function(e,n
,r){return t.F(e,n,r,t
.T)}}(i)):a=i.F,o.ha=a
),a(e,t,o.X),i={F:i.F,
U:i.U,T:i.T}}}!functio
n(t,e){if(e=e.ba){it(t
,t.g.end());for(var n=
0;n<e.length;n++)it(t,
e[n])}}(e,t)}var It=Sy
mbol();function Lt(t,e
,n){return t[It]||(t[I
t]=function(t,r){retur
n e(t,r,n)})}function 
Bt(t){var e=t[It];if(!
e){var n=Qt(t);e=funct
ion(t,e){return te(t,e
,n)},t[It]=e}return e}
function Dt(t){var e=f
unction(t){var e=t.aa;
return e?Bt(e):(e=t.ka
)?Lt(t.X.g,e,t.ca):voi
d 0}(t),n=t.X,r=t.fa.O
;return e?function(t,i
){return r(t,i,n,e)}:f
unction(t,e){return r(
t,e,n)}}function Pt(t,
e,n,r,i,o){var a=0;for
((t=t()).length&&"[39
mnumber[32m"!=typeof 
t[0]&&(n(e,t[0]),a++);
a<t.length;){n=t[a++];
for(var u=a+1;u<t.leng
th&&"[39mnumber[32m"
!=typeof t[u];)u++;var
 s=t[a++];switch(u-=a)
{case 0:r(e,n,s);break
;case 1:r(e,n,s,t[a++]
);break;case 2:i(e,n,s
,t[a++],t[a++]);break;
case 3:u=t[a++];var c=
t[a++],h=t[a++];Array.
isArray(h)?i(e,n,s,u,c
,h):o(e,n,s,u,c,h);bre
ak;case 4:o(e,n,s,t[a+
+],t[a++],t[a++],t[a++
]);break;default:throw
 Error("[39munexpecte
d number [36mof[39m 
binary field arguments
[33m:[39m [32m"+u)}
}return e}var zt=Symbo
l();function Ut(t){var
 e=t[zt];if(!e){var n=
Xt(t);e=function(t,e){
return ne(t,e,n)},t[zt
]=e}return e}function 
Nt(t,e){var n=t[zt];re
turn n||(n=function(t,
n){return Rt(t,n,e)},t
[zt]=n),n}var Vt=Symbo
l();function Ht(t,e){t
.push(e)}function Kt(t
,e,n){t.push(e,n.P)}fu
nction Wt(t,e,n,r,i){v
ar o=Ut(i),a=n.P;t.pus
h(e,(function(t,e,n){r
eturn a(t,e,n,r,o)}))}
function Gt(t,e,n,r,i,
o){var a=Nt(r,o),u=n.P
;t.push(e,(function(t,
e,n){return u(t,e,n,r,
a)}))}function Xt(t){v
ar e=t[Vt];return e||P
t(t,t[Vt]=[],Ht,Kt,Wt,
Gt)}var Yt=Symbol();fu
nction Jt(t,e){t[0]=e}
function qt(t,e,n,r){v
ar i=n.O;t[e]=r?functi
on(t,e,n){return i(t,e
,n,r)}:i}function $t(t
,e,n,r,i,o){var a=n.O,
u=Bt(i);t[e]=function(
t,e,n){return a(t,e,n,
r,u,o)}}function Zt(t,
e,n,r,i,o,a){var u=n.O
,s=Lt(r,i,o);t[e]=func
tion(t,e,n){return u(t
,e,n,r,s,a)}}function 
Qt(t){var e=t[Yt];retu
rn e||Pt(t,t[Yt]={},Jt
,qt,$t,Zt)}function te
(t,e,n){for(;tt(e)&&4!
=e.h;){var r=e.i,i=n[r
];if(!i){var o=n[0];o&
&(o=o[r])&&(i=n[r]=Dt(
o))}if(!(i&&i(e,t,r)||
(i=e,r=t,o=i.j,et(i),i
.W))){var a=i.g.h;i=o=
==(i=i.g.g)?P||(P=new 
Uint8Array(0)):V?a.sli
ce(o,i):new Uint8Array
(a.subarray(o,i)),(o=r
.ba)?o.push(i):r.ba=[i
]}}return t}function e
e(t,e,n){if(nt.length)
{var r=nt.pop();t&&(X(
r.g,t),r.i=-1,r.h=-1),
t=r}else t=new Q(t);tr
y{return te(new e,t,Qt
(n))}finally{(e=t.g).h
=null,e.j=0,e.i=0,e.g=
0,e.v=!1,t.i=-1,t.h=-1
,100>nt.length&&nt.pus
h(t)}}function ne(t,e,
n){for(var r=n.length,
i=1==r%2,o=i?1:0;o<r;o
+=2)(0,n[o+1])(e,t,n[o
]);Rt(t,e,i?n[0]:void 
0)}function re(t,e){va
r n=new rt;ne(t,n,Xt(e
)),it(n,n.g.end()),t=n
ew Uint8Array(n.h);for
(var r=(e=n.i).length,
i=0,o=0;o<r;o++){var a
=e[o];t.set(a,i),i+=a.
length}return n.i=[t],
t}function ie(t,e){ret
urn{O:t,P:e}}var oe=ie
((function(t,e,n){if(5
!==t.h)return!1;var r=
(t=t.g).h[t.g],i=t.h[t
.g+1],o=t.h[t.g+2],a=t
.h[t.g+3];return t.g+=
4,Y(t),t=2*((i=(r<<0|i
<<8|o<<16|a<<24)>>>0)>
>31)+1,r=i>>>23&255,i&
=8388607,yt(e,n,255==r
?i?NaN:1/0*t:0==r?t*Ma
th.pow(2,-149)*i:t*Mat
h.pow(2,r-150)*(i+Math
.pow(2,23))),!0}),(fun
ction(t,e,n){if(null!=
(e=mt(e,n))){Z(t.g,8*n
+5),t=t.g;var r=e;0===
(r=(n=0>r?1:0)?-r:r)?0
<1/r?H=0:(0,H=21474836
48):isNaN(r)?(0,H=2147
483647):34028234663852
886e22<r?(0,H=(n<<31|2
139095040)>>>0):117549
43508222875e-54>r?(r=M
ath.round(r/Math.pow(2
,-149)),0,H=(n<<31|r)>
>>0):(e=Math.floor(Mat
h.log(r)/Math.LN2),r*=
Math.pow(2,-e),1677721
6<=(r=Math.round(83886
08*r))&&++e,0,H=(n<<31
|e+127<<23|8388607&r)>
>>0),n=H,t.g.push(n>>>
0&255),t.g.push(n>>>8&
255),t.g.push(n>>>16&2
55),t.g.push(n>>>24&25
5)}})),ae=ie((function
(t,e,n){if(0!==t.h)ret
urn!1;for(var r=t.g,i=
128,o=0,a=t=0;4>a&&128
<=i;a++)i=r.h[r.g++],Y
(r),o|=(127&i)<<7*a;if
(128<=i&&(i=r.h[r.g++]
,Y(r),o|=(127&i)<<28,t
|=(127&i)>>4),128<=i)f
or(a=0;5>a&&128<=i;a++
)i=r.h[r.g++],Y(r),t|=
(127&i)<<7*a+3;if(!(12
8>i))throw W();return 
r=o>>>0,(t=2147483648&
(i=t>>>0))&&(i=~i>>>0,
0==(r=1+~r>>>0)&&(i=i+
1>>>0)),r=4294967296*i
+(r>>>0),yt(e,n,t?-r:r
),!0}),(function(t,e,n
){if(null!=(e=mt(e,n))
&&null!=e){Z(t.g,8*n),
t=t.g;var r=e;for(n=0>
r,e=(r=Math.abs(r))>>>
0,r=Math.floor((r-e)/4
294967296),r>>>=0,n&&(
r=~r>>>0,4294967295<(e
=1+(~e>>>0))&&(e=0,429
4967295<++r&&(r=0))),n
=H=e,e=r;0<e||127<n;)t
.g.push(127&n|128),n=(
n>>>7|e<<25)>>>0,e>>>=
7;t.g.push(n)}})),ue=i
e((function(t,e,n){ret
urn 0===t.h&&(yt(e,n,J
(t.g)),!0)}),(function
(t,e,n){if(null!=(e=mt
(e,n))&&null!=e)if(Z(t
.g,8*n),t=t.g,0<=(n=e)
)Z(t,n);else{for(e=0;9
>e;e++)t.g.push(127&n|
128),n>>=7;t.g.push(1)
}})),se=ie((function(t
,e,n){if(2!==t.h)retur
n!1;var r,i=J(t.g)>>>0
,o=(t=t.g).g;if(t.g+=i
,Y(t),t=t.h,_)(r=C)||(
r=C=new TextDecoder("
[39mutf[33m-[39m[35
m8[39m[32m",{fatal:!
0})),r=r.decode(t.suba
rray(o,o+i));else{i=o+
i;for(var a,u,s,c=[],h
=null;o<i;)128>(a=t[o+
+])?c.push(a):224>a?o>
=i?S():(u=t[o++],194>a
||128!=(192&u)?(o--,S(
)):c.push((31&a)<<6|63
&u)):240>a?o>=i-1?S():
128!=(192&(u=t[o++]))|
|224===a&&160>u||237==
=a&&160<=u||128!=(192&
(r=t[o++]))?(o--,S()):
c.push((15&a)<<12|(63&
u)<<6|63&r):244>=a?o>=
i-2?S():128!=(192&(u=t
[o++]))||0!=u-144+(a<<
28)>>30||128!=(192&(r=
t[o++]))||128!=(192&(s
=t[o++]))?(o--,S()):(a
=(7&a)<<18|(63&u)<<12|
(63&r)<<6|63&s,a-=6553
6,c.push(55296+(a>>10&
1023),56320+(1023&a)))
:S(),8192<=c.length&&(
h=F(h,c),c.length=0);r
=F(h,c)}return yt(e,n,
r),!0}),(function(t,e,
n){if(null!=(e=mt(e,n)
)){var r=!1;if(r=void 
0!==r&&r,j){if(r&&/(?:
[^\uD800-\uDBFF]|^)[\u
DC00-\uDFFF]|[\uD800-\
uDBFF](?![\uDC00-\uDFF
F])/.test(e))throw Err
or("[39m[33mFound[3
9m an unpaired surroga
te[32m");e=(O||(O=new
 TextEncoder)).encode(
e)}else{for(var i=0,o=
new Uint8Array(3*e.len
gth),a=0;a<e.length;a+
+){var u=e.charCodeAt(
a);if(128>u)o[i++]=u;e
lse{if(2048>u)o[i++]=u
>>6|192;else{if(55296<
=u&&57343>=u){if(56319
>=u&&a<e.length){var s
=e.charCodeAt(++a);if(
56320<=s&&57343>=s){u=
1024*(u-55296)+s-56320
+65536,o[i++]=u>>18|24
0,o[i++]=u>>12&63|128,
o[i++]=u>>6&63|128,o[i
++]=63&u|128;continue}
a--}if(r)throw Error("
[39m[33mFound[39m a
n unpaired surrogate[
32m");u=65533}o[i++]=u
>>12|224,o[i++]=u>>6&6
3|128}o[i++]=63&u|128}
}e=o.subarray(0,i)}Z(t
.g,8*n+2),Z(t.g,e.leng
th),it(t,t.g.end()),it
(t,e)}})),ce=ie((funct
ion(t,e,n,r,i){if(2!==
t.h)return!1;e=Mt(e,n,
r),n=t.g.i,r=J(t.g)>>>
0;var o=t.g.g+r,a=o-n;
if(0>=a&&(t.g.i=o,i(e,
t),a=o-t.g.g),a)throw 
Error("[39m[33mMessa
ge[39m parsing ended 
unexpectedly[33m.[39
m [33mExpected[39m t
o read [32m"+r+"[39m
 bytes[33m,[39m inst
ead read [32m"+(r-a)+
"[39m bytes[33m,[39
m either the data ende
d unexpectedly or the 
message misreported it
s own length[32m");re
turn t.g.g=o,t.g.i=n,!
0}),(function(t,e,n,r,
i){if(null!=(e=xt(e,r,
n)))for(r=0;r<e.length
;r++){var o=t;Z(o.g,8*
n+2);var a=o.g.end();i
t(o,a),a.push(o.h),o=a
,i(e[r],t),a=t;var u=o
.pop();for(u=a.h+a.g.l
ength()-u;127<u;)o.pus
h(127&u|128),u>>>=7,a.
h++;o.push(u),a.h++}})
);function he(){jt.app
ly(this,arguments)}if(
d(he,jt),gt){var le={}
;Object.defineProperti
es(he,(le[Symbol.hasIn
stance]=vt(Object[Symb
ol.hasInstance]),le))}
function fe(t){he.call
(this,t)}function de()
{return[1,ue,2,oe,3,se
,4,se]}function pe(t){
he.call(this,t,-1,ve)}
function ge(){return[1
,ce,fe,de]}d(fe,he),d(
pe,he),pe.prototype.ad
dClassification=functi
on(t,e){return Mt(this
,1,fe,t,e),this};var v
e=[1];function me(t){h
e.call(this,t)}functio
n ye(){return[1,oe,2,o
e,3,oe,4,oe,5,oe]}func
tion we(t){he.call(thi
s,t,-1,xe)}function be
(){return[1,ce,me,ye]}
d(me,he),d(we,he);var 
xe=[1];function Me(t){
he.call(this,t)}functi
on Ae(){return[1,oe,2,
oe,3,oe,4,oe,5,oe,6,ae
]}d(Me,he);var Te=[[61
,146],[146,91],[91,181
],[181,84],[84,17],[17
,314],[314,405],[405,3
21],[321,375],[375,291
],[61,185],[185,40],[4
0,39],[39,37],[37,0],[
0,267],[267,269],[269,
270],[270,409],[409,29
1],[78,95],[95,88],[88
,178],[178,87],[87,14]
,[14,317],[317,402],[4
02,318],[318,324],[324
,308],[78,191],[191,80
],[80,81],[81,82],[82,
13],[13,312],[312,311]
,[311,310],[310,415],[
415,308]],Ee=[[263,249
],[249,390],[390,373],
[373,374],[374,380],[3
80,381],[381,382],[382
,362],[263,466],[466,3
88],[388,387],[387,386
],[386,385],[385,384],
[384,398],[398,362]],S
e=[[276,283],[283,282]
,[282,295],[295,285],[
300,293],[293,334],[33
4,296],[296,336]],Fe=[
[33,7],[7,163],[163,14
4],[144,145],[145,153]
,[153,154],[154,155],[
155,133],[33,246],[246
,161],[161,160],[160,1
59],[159,158],[158,157
],[157,173],[173,133]]
,Ce=[[46,53],[53,52],[
52,65],[65,55],[70,63]
,[63,105],[105,66],[66
,107]],Oe=[[10,338],[3
38,297],[297,332],[332
,284],[284,251],[251,3
89],[389,356],[356,454
],[454,323],[323,361],
[361,288],[288,397],[3
97,365],[365,379],[379
,378],[378,400],[400,3
77],[377,152],[152,148
],[148,176],[176,149],
[149,150],[150,136],[1
36,172],[172,58],[58,1
32],[132,93],[93,234],
[234,127],[127,162],[1
62,21],[21,54],[54,103
],[103,67],[67,109],[1
09,10]],_e=[].concat(u
(Te),u(Ee),u(Se),u(Fe)
,u(Ce),u(Oe));function
 je(t,e,n){if(n=t.crea
teShader(0===n?t.VERTE
X_SHADER:t.FRAGMENT_SH
ADER),t.shaderSource(n
,e),t.compileShader(n)
,!t.getShaderParameter
(n,t.COMPILE_STATUS))t
hrow Error("[39m[33m
Could[39m not compile
 [33mWebGL[39m shade
r[33m.[39m[37m[41m
[1m\[22m[49m[39mn
[37m[41m[1m\[22m[4
9m[39mn[32m"+t.getSh
aderInfoLog(n));return
 n}function ke(t){retu
rn xt(t,fe,1).map((fun
ction(t){return{index:
At(t,1),ga:bt(t,2),lab
el:null!=mt(t,3)?Tt(t,
3):void 0,displayName:
null!=mt(t,4)?Tt(t,4):
void 0}}))}function Re
(t){return{x:bt(t,1),y
:bt(t,2),z:bt(t,3),vis
ibility:null!=mt(t,4)?
bt(t,4):void 0}}functi
on Ie(t,e){this.h=t,th
is.g=e,this.l=0}functi
on Le(t,e,n){return fu
nction(t,e){var n=t.g;
if(void 0===t.o){var r
=je(n,"[39m[37m[41m
[1m\[22m[49m[39mn 
 attribute vec2 aVerte
x[33m;[39m[37m[41m
[1m\[22m[49m[39mn 
 attribute vec2 aTex[
33m;[39m[37m[41m[1
m\[22m[49m[39mn  va
rying vec2 vTex[33m;
[39m[37m[41m[1m\[2
2m[49m[39mn  [36mvo
id[39m main([36mvoid
[39m) {[37m[41m[1m
\[22m[49m[39mn    g
l_Position [33m=[39m
 vec4(aVertex[33m,[3
9m [35m0.0[39m[33m,
[39m [35m1.0[39m)[
33m;[39m[37m[41m[1
m\[22m[49m[39mn    
vTex [33m=[39m aTex
[33m;[39m[37m[41m[
1m\[22m[49m[39mn  }
[32m",0),i=je(n,"[39
m[37m[41m[1m\[22m
[49m[39mn  precision 
mediump float[33m;[3
9m[37m[41m[1m\[22m
[49m[39mn  varying v
ec2 vTex[33m;[39m[3
7m[41m[1m\[22m[49m
[39mn  uniform sample
r2D sampler0[33m;[39
m[37m[41m[1m\[22m
[49m[39mn  [36mvoid
[39m main(){[37m[41m
[1m\[22m[49m[39mn 
   gl_FragColor [33m=
[39m texture2D(sample
r0[33m,[39m vTex)[3
3m;[39m[37m[41m[1m
\[22m[49m[39mn  }[
32m",1),o=n.createProg
ram();if(n.attachShade
r(o,r),n.attachShader(
o,i),n.linkProgram(o),
!n.getProgramParameter
(o,n.LINK_STATUS))thro
w Error("[39m[33mCou
ld[39m not compile [
33mWebGL[39m program
[33m.[39m[37m[41m[
1m\[22m[49m[39mn[3
7m[41m[1m\[22m[49m
[39mn[32m"+n.getProg
ramInfoLog(o));r=t.o=o
,n.useProgram(r),i=n.g
etUniformLocation(r,"
[39msampler0[32m"),t.
j={K:n.getAttribLocati
on(r,"[39maVertex[32
m"),J:n.getAttribLocat
ion(r,"[39maTex[32m"
),ma:i},t.u=n.createBu
ffer(),n.bindBuffer(n.
ARRAY_BUFFER,t.u),n.en
ableVertexAttribArray(
t.j.K),n.vertexAttribP
ointer(t.j.K,2,n.FLOAT
,!1,0,0),n.bufferData(
n.ARRAY_BUFFER,new Flo
at32Array([-1,-1,-1,1,
1,1,1,-1]),n.STATIC_DR
AW),n.bindBuffer(n.ARR
AY_BUFFER,null),t.s=n.
createBuffer(),n.bindB
uffer(n.ARRAY_BUFFER,t
.s),n.enableVertexAttr
ibArray(t.j.J),n.verte
xAttribPointer(t.j.J,2
,n.FLOAT,!1,0,0),n.buf
ferData(n.ARRAY_BUFFER
,new Float32Array([0,1
,0,0,1,0,1,1]),n.STATI
C_DRAW),n.bindBuffer(n
.ARRAY_BUFFER,null),n.
uniform1i(i,0)}r=t.j,n
.useProgram(t.o),n.can
vas.width=e.width,n.ca
nvas.height=e.height,n
.viewport(0,0,e.width,
e.height),n.activeText
ure(n.TEXTURE0),t.h.bi
ndTexture2d(e.glName),
n.enableVertexAttribAr
ray(r.K),n.bindBuffer(
n.ARRAY_BUFFER,t.u),n.
vertexAttribPointer(r.
K,2,n.FLOAT,!1,0,0),n.
enableVertexAttribArra
y(r.J),n.bindBuffer(n.
ARRAY_BUFFER,t.s),n.ve
rtexAttribPointer(r.J,
2,n.FLOAT,!1,0,0),n.bi
ndFramebuffer(n.DRAW_F
RAMEBUFFER?n.DRAW_FRAM
EBUFFER:n.FRAMEBUFFER,
null),n.clearColor(0,0
,0,0),n.clear(n.COLOR_
BUFFER_BIT),n.colorMas
k(!0,!0,!0,!0),n.drawA
rrays(n.TRIANGLE_FAN,0
,4),n.disableVertexAtt
ribArray(r.K),n.disabl
eVertexAttribArray(r.J
),n.bindBuffer(n.ARRAY
_BUFFER,null),t.h.bind
Texture2d(0)}(t,e),"[
39m[36mfunction[39m
[32m"==typeof t.g.canv
as.transferToImageBitm
ap?Promise.resolve(t.g
.canvas.transferToImag
eBitmap()):n?Promise.r
esolve(t.g.canvas):"[
39m[36mfunction[39m
[32m"==typeof createIm
ageBitmap?createImageB
itmap(t.g.canvas):(voi
d 0===t.i&&(t.i=docume
nt.createElement("[39
mcanvas[32m")),new Pr
omise((function(e){t.i
.height=t.g.canvas.hei
ght,t.i.width=t.g.canv
as.width,t.i.getContex
t("[39m[35m2[39md[
32m",{}).drawImage(t.g
.canvas,0,0,t.g.canvas
.width,t.g.canvas.heig
ht),e(t.i)})))}functio
n Be(t){this.g=t}var D
e=new Uint8Array([0,97
,115,109,1,0,0,0,1,4,1
,96,0,0,3,2,1,0,10,9,1
,7,0,65,0,253,15,26,11
]);function Pe(t,e){re
turn e+t}function ze(t
,e){window[t]=e}functi
on Ue(t){if(this.g=t,t
his.listeners={},this.
j={},this.H={},this.o=
{},this.u={},this.I=th
is.s=this.Z=!0,this.D=
Promise.resolve(),this
.Y="[39m[32m",this.C
={},this.locateFile=t&
&t.locateFile||Pe,"[3
9mobject[32m"==typeof
 window)var e=window.l
ocation.pathname.toStr
ing().substring(0,wind
ow.location.pathname.t
oString().lastIndexOf(
"[39m[33m/[39m[32m
"))+"[39m[33m/[39m
[32m";else{if("[39mun
defined[32m"==typeof 
location)throw Error("
[39msolutions can onl
y be loaded on a web p
age or [36min[39m a 
web worker[32m");e=lo
cation.pathname.toStri
ng().substring(0,locat
ion.pathname.toString(
).lastIndexOf("[39m[
33m/[39m[32m"))+"[3
9m[33m/[39m[32m"}if
(this.$=e,t.options)fo
r(var n=(e=a(Object.ke
ys(t.options))).next()
;!n.done;n=e.next()){n
=n.value;var r=t.optio
ns[n].default;void 0!=
=r&&(this.j[n]="[39m
[36mfunction[39m[32m
"==typeof r?r():r)}}fu
nction Ne(t){var e,n,r
,i,o,a,s,c,h,l,f;retur
n M((function(d){switc
h(d.g){case 1:return t
.Z?(e=void 0===t.g.fil
es?[]:"[39m[36mfunct
ion[39m[32m"==typeof
 t.g.files?t.g.files(t
.j):t.g.files,m(d,M((f
unction(t){switch(t.g)
{case 1:return t.o=2,m
(t,WebAssembly.instant
iate(De),4);case 4:t.g
=3,t.o=0;break;case 2:
return t.o=0,t.j=null,
t.return(!1);case 3:re
turn t.return(!0)}})),
2)):d.return();case 2:
if(n=d.h,"[39mobject
[32m"==typeof window)r
eturn ze("[39mcreateM
ediapipeSolutionsWasm
[32m",{locateFile:t.lo
cateFile}),ze("[39mcr
eateMediapipeSolutions
PackedAssets[32m",{lo
cateFile:t.locateFile}
),a=e.filter((function
(t){return void 0!==t.
data})),s=e.filter((fu
nction(t){return void 
0===t.data})),c=Promis
e.all(a.map((function(
e){var n=Ve(t,e.url);i
f(void 0!==e.path){var
 r=e.path;n=n.then((fu
nction(e){return t.ove
rrideFile(r,e),Promise
.resolve(e)}))}return 
n}))),h=Promise.all(s.
map((function(e){retur
n void 0===e.simd||e.s
imd&&n||!e.simd&&!n?fu
nction(t){var e=docume
nt.createElement("[39
mscript[32m");return 
e.setAttribute("[39ms
rc[32m",t),e.setAttri
bute("[39mcrossorigin
[32m","[39manonymous
[32m"),new Promise((f
unction(t){e.addEventL
istener("[39mload[32
m",(function(){t()}),!
1),e.addEventListener(
"[39merror[32m",(fun
ction(){t()}),!1),docu
ment.body.appendChild(
e)}))}(t.locateFile(e.
url,t.$)):Promise.reso
lve()}))).then((functi
on(){var e,n,r;return 
M((function(i){if(1==i
.g)return e=window.cre
ateMediapipeSolutionsW
asm,n=window.createMed
iapipeSolutionsPackedA
ssets,r=t,m(i,e(n),2);
r.h=i.h,i.g=0}))})),l=
M((function(e){return 
t.g.graph&&t.g.graph.u
rl?e=m(e,Ve(t,t.g.grap
h.url),0):(e.g=0,e=voi
d 0),e})),m(d,Promise.
all([h,c,l]),7);if("[
39m[36mfunction[39m
[32m"!=typeof importSc
ripts)throw Error("[3
9msolutions can only b
e loaded on a web page
 or [36min[39m a web
 worker[32m");return 
r=e.filter((function(t
){return void 0===t.si
md||t.simd&&n||!t.simd
&&!n})).map((function(
e){return t.locateFile
(e.url,t.$)})),importS
cripts.apply(null,u(r)
),i=t,m(d,createMediap
ipeSolutionsWasm(Modul
e),6);case 6:i.h=d.h,t
.l=new OffscreenCanvas
(1,1),t.h.canvas=t.l,o
=t.h.GL.createContext(
t.l,{antialias:!1,alph
a:!1,ja:"[39mundefine
d[32m"!=typeof WebGL2
RenderingContext?2:1})
,t.h.GL.makeContextCur
rent(o),d.g=4;break;ca
se 7:if(t.l=document.c
reateElement("[39mcan
vas[32m"),!(f=t.l.get
Context("[39mwebgl2[
32m",{}))&&!(f=t.l.get
Context("[39mwebgl[3
2m",{})))return alert(
"[39m[33mFailed[39m
 to create [33mWebGL
[39m canvas context wh
en passing video frame
[33m.[39m[32m"),d.r
eturn();t.G=f,t.h.canv
as=t.l,t.h.createConte
xt(t.l,!0,!0,{});case 
4:t.i=new t.h.Solution
Wasm,t.Z=!1,d.g=0}}))}
function Ve(t,e){var n
,r;return M((function(
i){return e in t.H?i.r
eturn(t.H[e]):(n=t.loc
ateFile(e,"[39m[32m"
),r=fetch(n).then((fun
ction(t){return t.arra
yBuffer()})),t.H[e]=r,
i.return(r))}))}functi
on He(t,e,n){var r,i,o
,u,s,c,h,l,f,d,p,g,v,y
;return M((function(w)
{switch(w.g){case 1:if
(!n)return w.return(e)
;for(r={},i=0,o=a(Obje
ct.keys(n)),u=o.next()
;!u.done;u=o.next())s=
u.value,"[39mstring[
32m"!=typeof(c=n[s])&&
"[39mtexture[32m"===
c.type&&void 0!==e[c.s
tream]&&++i;1<i&&(t.I=
!1),h=a(Object.keys(n)
),u=h.next();case 2:if
(u.done){w.g=4;break}i
f(l=u.value,"[39mstri
ng[32m"==typeof(f=n[l
]))return v=r,y=l,m(w,
function(t,e,n){var r;
return M((function(i){
return"[39mnumber[32
m"==typeof n||n instan
ceof Uint8Array||n ins
tanceof t.h.Uint8BlobL
ist?i.return(n):n inst
anceof t.h.Texture2dDa
taOut?((r=t.u[e])||(r=
new Ie(t.h,t.G),t.u[e]
=r),i.return(Le(r,n,t.
I))):i.return(void 0)}
))}(t,l,e[f]),14);if(d
=e[f.stream],"[39mdet
ection_list[32m"===f.
type){if(d){for(var b=
d.getRectList(),x=d.ge
tLandmarksList(),A=d.g
etClassificationsList(
),T=[],E=0;E<b.size();
++E){var S=ee(b.get(E)
,Me,Ae);S={boundingBox
:{xCenter:bt(S,1),yCen
ter:bt(S,2),height:bt(
S,3),width:bt(S,4),rot
ation:bt(S,5,0),rectId
:At(S,6)},landmarks:xt
(ee(x.get(E),we,be),me
,1).map(Re),V:ke(ee(A.
get(E),pe,ge))},T.push
(S)}b=T}else b=[];r[l]
=b,w.g=7;break}if("[3
9mproto_list[32m"===f
.type){if(d){for(b=Arr
ay(d.size()),x=0;x<d.s
ize();x++)b[x]=d.get(x
);d.delete()}else b=[]
;r[l]=b,w.g=7;break}if
(void 0===d){w.g=3;bre
ak}if("[39mfloat_list
[32m"===f.type){r[l]=
d,w.g=7;break}if("[39
mproto[32m"===f.type)
{r[l]=d,w.g=7;break}if
("[39mtexture[32m"!=
=f.type)throw Error("
[39m[33mUnknown[39m 
output config type[33
m:[39m [32m'"+f.type
+"'[39m[32m");return
(p=t.u[l])||(p=new Ie(
t.h,t.G),t.u[l]=p),m(w
,Le(p,d,t.I),13);case 
13:g=w.h,r[l]=g;case 7
:f.transform&&r[l]&&(r
[l]=f.transform(r[l]))
,w.g=3;break;case 14:v
[y]=w.h;case 3:u=h.nex
t(),w.g=2;break;case 4
:return w.return(r)}})
)}function Ke(t,e){for
(var n=e.name||"[39m$
[32m",r=[].concat(u(e
.wants)),i=new t.h.Str
ingList,o=a(e.wants),s
=o.next();!s.done;s=o.
next())i.push_back(s.v
alue);o=t.h.PacketList
ener.implement({onResu
lts:function(i){for(va
r o={},a=0;a<e.wants.l
ength;++a)o[r[a]]=i.ge
t(a);var u=t.listeners
[n];u&&(t.D=He(t,o,e.o
uts).then((function(n)
{n=u(n);for(var i=0;i<
e.wants.length;++i){va
r a=o[r[i]];"[39mobje
ct[32m"==typeof a&&a.
hasOwnProperty&&a.hasO
wnProperty("[39m[36m
delete[39m[32m")&&a.
delete()}n&&(t.D=n)}))
)}}),t.i.attachMultiLi
stener(i,o),i.delete()
}function We(t){var e=
this;t=t||{};var n={ur
l:"[39mface_detection
_short[33m.[39mbinar
ypb[32m"},r={type:1,g
raphOptionXref:{calcul
atorType:"[39m[33mTe
nsorsToDetectionsCalcu
lator[39m[32m",calcu
latorName:"[39mfacede
tectionshortrangegpu__
facedetectionshortrang
ecommon__TensorsToDete
ctionsCalculator[32m"
,fieldName:"[39mmin_s
core_thresh[32m"}};th
is.g=new Ue({locateFil
e:t.locateFile,files:[
{data:!0,url:"[39mfac
e_detection_short[33m
.[39mbinarypb[32m"},
{data:!0,url:"[39mfac
e_detection_short_rang
e[33m.[39mtflite[32
m"},{simd:!0,url:"[39
mface_detection_soluti
on_simd_wasm_bin[33m.
[39mjs[32m"},{simd:!
1,url:"[39mface_detec
tion_solution_wasm_bin
[33m.[39mjs[32m"}],
graph:n,listeners:[{wa
nts:["[39mdetections
[32m","[39mimage_tran
sformed[32m"],outs:{i
mage:"[39mimage_trans
formed[32m",detection
s:{type:"[39mdetectio
n_list[32m",stream:"
[39mdetections[32m"}}
}],inputs:{image:{type
:"[39mvideo[32m",str
eam:"[39minput_frames
_gpu[32m"}},options:{
useCpuInference:{type:
0,graphOptionXref:{cal
culatorType:"[39m[33
mInferenceCalculator[
39m[32m",fieldName:"
[39muse_cpu_inference
[32m"},default:"[39mo
bject[32m"==typeof wi
ndow&&void 0!==window.
navigator&&("[39miPad
 [33mSimulator[39m[
33m;[39miPhone [33mS
imulator[39m[33m;[3
9miPod [33mSimulator
[39m[33m;[39miPad[3
3m;[39miPhone[33m;[
39miPod[32m".split("
[39m[33m;[39m[32m")
.includes(navigator.pl
atform)||navigator.use
rAgent.includes("[39m
[33mMac[39m[32m")&&
"[39montouchend[32m"
in document)},selfieMo
de:{type:0,graphOption
Xref:{calculatorType:"
[39m[33mGlScalerCalc
ulator[39m[32m",calc
ulatorIndex:1,fieldNam
e:"[39mflip_horizonta
l[32m"}},model:{type:
0,onChange:function(t)
{var i,o,u,s,c;return 
M((function(h){switch(
h.g){case 1:i=a("[39m
short[32m"===t?["[39
mface_detection_short_
range[33m.[39mtflite
[32m"]:["[39mface_de
tection_full_range_spa
rse[33m.[39mtflite[
32m"]),o=i.next();case
 2:if(o.done){h.g=4;br
eak}return u=o.value,s
="[39mthird_party[33
m/[39mmediapipe[33m/
[39mmodules[33m/[39
mface_detection[33m/
[39m[32m"+u,m(h,Ve(e.
g,u),5);case 5:c=h.h,e
.g.overrideFile(s,c),o
=i.next(),h.g=2;break;
case 4:return n.url="
[39mshort[32m"===t?"
[39mface_detection_sho
rt[33m.[39mbinarypb
[32m":"[39mface_detec
tion_full[33m.[39mbi
narypb[32m",r.graphOp
tionXref.calculatorNam
e="[39mshort[32m"===
t?"[39mfacedetections
hortrangegpu__facedete
ctionshortrangecommon_
_TensorsToDetectionsCa
lculator[32m":"[39mf
acedetectionfullrangeg
pu__facedetectionfullr
angecommon__TensorsToD
etectionsCalculator[3
2m",h.return(!0)}}))}}
,minDetectionConfidenc
e:r}})}(t=Ue.prototype
).close=function(){ret
urn this.i&&this.i.del
ete(),Promise.resolve(
)},t.reset=function(){
var t=this;return M((f
unction(e){t.i&&(t.i.r
eset(),t.o={},t.u={}),
e.g=0}))},t.setOptions
=function(t,e){var n=t
his;if(e=e||this.g.opt
ions){for(var r=[],i=[
],o={},u=a(Object.keys
(t)),s=u.next();!s.don
e;o={R:o.R,S:o.S},s=u.
next()){var c=s.value;
c in this.j&&this.j[c]
===t[c]||(this.j[c]=t[
c],void 0!==(s=e[c])&&
(s.onChange&&(o.R=s.on
Change,o.S=t[c],r.push
(function(t){return fu
nction(){return M((fun
ction(e){if(1==e.g)ret
urn m(e,t.R(t.S),2);!0
===e.h&&(n.s=!0),e.g=0
}))}}(o))),s.graphOpti
onXref&&(c={valueNumbe
r:1===s.type?t[c]:0,va
lueBoolean:0===s.type&
&t[c],valueString:2===
s.type?t[c]:"[39m[32
m"},s=Object.assign(Ob
ject.assign(Object.ass
ign({},{calculatorName
:"[39m[32m",calculat
orIndex:0}),s.graphOpt
ionXref),c),i.push(s))
))}0===r.length&&0===i
.length||(this.s=!0,th
is.B=(void 0===this.B?
[]:this.B).concat(i),t
his.A=(void 0===this.A
?[]:this.A).concat(r))
}},t.initialize=functi
on(){var t=this;return
 M((function(e){return
 1==e.g?m(e,Ne(t),2):3
!=e.g?m(e,function(t){
var e,n,r,i,o,u,s,c;re
turn M((function(h){if
(1==h.g)return t.g.gra
ph&&t.g.graph.url&&t.Y
===t.g.graph.url?h.ret
urn():(t.s=!0,t.g.grap
h&&t.g.graph.url?(t.Y=
t.g.graph.url,m(h,Ve(t
,t.g.graph.url),3)):vo
id(h.g=2));for(2!=h.g&
&(e=h.h,t.i.loadGraph(
e)),n=a(Object.keys(t.
C)),r=n.next();!r.done
;r=n.next())i=r.value,
t.i.overrideFile(i,t.C
[i]);if(t.C={},t.g.lis
teners)for(o=a(t.g.lis
teners),u=o.next();!u.
done;u=o.next())s=u.va
lue,Ke(t,s);c=t.j,t.j=
{},t.setOptions(c),h.g
=0}))}(t),3):m(e,funct
ion(t){var e,n,r,i,o,u
;return M((function(s)
{switch(s.g){case 1:if
(!t.s)return s.return(
);if(!t.A){s.g=2;break
}e=a(t.A),n=e.next();c
ase 3:if(n.done){s.g=5
;break}return m(s,(0,n
.value)(),4);case 4:n=
e.next(),s.g=3;break;c
ase 5:t.A=void 0;case 
2:if(t.B){for(r=new t.
h.GraphOptionChangeReq
uestList,i=a(t.B),o=i.
next();!o.done;o=i.nex
t())u=o.value,r.push_b
ack(u);t.i.changeOptio
ns(r),r.delete(),t.B=v
oid 0}t.s=!1,s.g=0}}))
}(t),0)}))},t.override
File=function(t,e){thi
s.i?this.i.overrideFil
e(t,e):this.C[t]=e},t.
clearOverriddenFiles=f
unction(){this.C={},th
is.i&&this.i.clearOver
riddenFiles()},t.send=
function(t,e){var n,r,
i,o,u,s,c,h,l,f=this;r
eturn M((function(d){s
witch(d.g){case 1:retu
rn f.g.inputs?(n=1e3*(
null==e?performance.no
w():e),m(d,f.D,2)):d.r
eturn();case 2:return 
m(d,f.initialize(),3);
case 3:for(r=new f.h.P
acketDataList,i=a(Obje
ct.keys(t)),o=i.next()
;!o.done;o=i.next())if
(u=o.value,s=f.g.input
s[u]){t:{var p=t[u];sw
itch(s.type){case"[39
mvideo[32m":var g=f.o
[s.stream];if(g||(g=ne
w Ie(f.h,f.G),f.o[s.st
ream]=g),0===g.l&&(g.l
=g.h.createTexture()),
"[39mundefined[32m"!
=typeof HTMLVideoEleme
nt&&p instanceof HTMLV
ideoElement)var v=p.vi
deoWidth,y=p.videoHeig
ht;else"[39mundefined
[32m"!=typeof HTMLIma
geElement&&p instanceo
f HTMLImageElement?(v=
p.naturalWidth,y=p.nat
uralHeight):(v=p.width
,y=p.height);y={glName
:g.l,width:v,height:y}
,(v=g.g).canvas.width=
y.width,v.canvas.heigh
t=y.height,v.activeTex
ture(v.TEXTURE0),g.h.b
indTexture2d(g.l),v.te
xImage2D(v.TEXTURE_2D,
0,v.RGBA,v.RGBA,v.UNSI
GNED_BYTE,p),g.h.bindT
exture2d(0),g=y;break 
t;case"[39mdetections
[32m":for((g=f.o[s.st
ream])||(g=new Be(f.h)
,f.o[s.stream]=g),g.da
ta||(g.data=new g.g.De
tectionListData),g.dat
a.reset(p.length),y=0;
y<p.length;++y){v=p[y]
;var w=g.data,b=w.setB
oundingBox,x=y,M=v.bou
ndingBox,A=new Me;if(y
t(A,1,M.xCenter),yt(A,
2,M.yCenter),yt(A,3,M.
height),yt(A,4,M.width
),yt(A,5,M.rotation),y
t(A,6,M.rectId),M=re(A
,Ae),b.call(w,x,M),v.l
andmarks)for(w=0;w<v.l
andmarks.length;++w){v
ar T=!!(A=v.landmarks[
w]).visibility;x=(b=g.
data).addNormalizedLan
dmark,M=y,A=Object.ass
ign(Object.assign({},A
),{visibility:T?A.visi
bility:0}),yt(T=new me
,1,A.x),yt(T,2,A.y),yt
(T,3,A.z),A.visibility
&&yt(T,4,A.visibility)
,A=re(T,ye),x.call(b,M
,A)}if(v.V)for(w=0;w<v
.V.length;++w)x=(b=g.d
ata).addClassification
,M=y,A=v.V[w],yt(T=new
 fe,2,A.ga),A.index&&y
t(T,1,A.index),A.label
&&yt(T,3,A.label),A.di
splayName&&yt(T,4,A.di
splayName),A=re(T,de),
x.call(b,M,A)}g=g.data
;break t;default:g={}}
}switch(c=g,h=s.stream
,s.type){case"[39mvid
eo[32m":r.pushTexture
2d(Object.assign(Objec
t.assign({},c),{stream
:h,timestamp:n}));brea
k;case"[39mdetections
[32m":(l=c).stream=h,
l.timestamp=n,r.pushDe
tectionList(l);break;d
efault:throw Error("[
39m[33mUnknown[39m i
nput config type[33m:
[39m [32m'"+s.type+"
'[39m[32m")}}return 
f.i.send(r),m(d,f.D,4)
;case 4:r.delete(),d.g
=0}}))},t.onResults=fu
nction(t,e){this.liste
ners[e||"[39m$[32m"]
=t},E("[39m[33mSolut
ion[39m[32m",Ue),E("
[39m[33mOptionType[
39m[32m",{BOOL:0,NUMB
ER:1,ia:2,0:"[39m[33
mBOOL[39m[32m",1:"[
39m[33mNUMBER[39m[3
2m",2:"[39m[33mSTRIN
G[39m[32m"}),(t=We.p
rototype).close=functi
on(){return this.g.clo
se(),Promise.resolve()
},t.onResults=function
(t){this.g.onResults(t
)},t.initialize=functi
on(){var t=this;return
 M((function(e){return
 m(e,t.g.initialize(),
0)}))},t.reset=functio
n(){this.g.reset()},t.
send=function(t){var e
=this;return M((functi
on(n){return m(n,e.g.s
end(t),0)}))},t.setOpt
ions=function(t){this.
g.setOptions(t)},E("[
39m[33mFaceDetection
[39m[32m",We),E("[39
m[33mFACEDETECTION_LI
PS[39m[32m",Te),E("
[39m[33mFACEDETECTION
_LEFT_EYE[39m[32m",E
e),E("[39m[33mFACEDE
TECTION_LEFT_EYEBROW[
39m[32m",Se),E("[39m
[33mFACEDETECTION_RIG
HT_EYE[39m[32m",Fe),
E("[39m[33mFACEDETEC
TION_RIGHT_EYEBROW[39
m[32m",Ce),E("[39m[
33mFACEDETECTION_FACE_
OVAL[39m[32m",Oe),E(
"[39m[33mFACEDETECTI
ON_CONTOURS[39m[32m"
,_e),E("[39m[33mFACE
DETECTION_TESSELATION
[39m[32m",[[127,34],[
34,139],[139,127],[11,
0],[0,37],[37,11],[232
,231],[231,120],[120,2
32],[72,37],[37,39],[3
9,72],[128,121],[121,4
7],[47,128],[232,121],
[121,128],[128,232],[1
04,69],[69,67],[67,104
],[175,171],[171,148],
[148,175],[118,50],[50
,101],[101,118],[73,39
],[39,40],[40,73],[9,1
51],[151,108],[108,9],
[48,115],[115,131],[13
1,48],[194,204],[204,2
11],[211,194],[74,40],
[40,185],[185,74],[80,
42],[42,183],[183,80],
[40,92],[92,186],[186,
40],[230,229],[229,118
],[118,230],[202,212],
[212,214],[214,202],[8
3,18],[18,17],[17,83],
[76,61],[61,146],[146,
76],[160,29],[29,30],[
30,160],[56,157],[157,
173],[173,56],[106,204
],[204,194],[194,106],
[135,214],[214,192],[1
92,135],[203,165],[165
,98],[98,203],[21,71],
[71,68],[68,21],[51,45
],[45,4],[4,51],[144,2
4],[24,23],[23,144],[7
7,146],[146,91],[91,77
],[205,50],[50,187],[1
87,205],[201,200],[200
,18],[18,201],[91,106]
,[106,182],[182,91],[9
0,91],[91,181],[181,90
],[85,84],[84,17],[17,
85],[206,203],[203,36]
,[36,206],[148,171],[1
71,140],[140,148],[92,
40],[40,39],[39,92],[1
93,189],[189,244],[244
,193],[159,158],[158,2
8],[28,159],[247,246],
[246,161],[161,247],[2
36,3],[3,196],[196,236
],[54,68],[68,104],[10
4,54],[193,168],[168,8
],[8,193],[117,228],[2
28,31],[31,117],[189,1
93],[193,55],[55,189],
[98,97],[97,99],[99,98
],[126,47],[47,100],[1
00,126],[166,79],[79,2
18],[218,166],[155,154
],[154,26],[26,155],[2
09,49],[49,131],[131,2
09],[135,136],[136,150
],[150,135],[47,126],[
126,217],[217,47],[223
,52],[52,53],[53,223],
[45,51],[51,134],[134,
45],[211,170],[170,140
],[140,211],[67,69],[6
9,108],[108,67],[43,10
6],[106,91],[91,43],[2
30,119],[119,120],[120
,230],[226,130],[130,2
47],[247,226],[63,53],
[53,52],[52,63],[238,2
0],[20,242],[242,238],
[46,70],[70,156],[156,
46],[78,62],[62,96],[9
6,78],[46,53],[53,63],
[63,46],[143,34],[34,2
27],[227,143],[123,117
],[117,111],[111,123],
[44,125],[125,19],[19,
44],[236,134],[134,51]
,[51,236],[216,206],[2
06,205],[205,216],[154
,153],[153,22],[22,154
],[39,37],[37,167],[16
7,39],[200,201],[201,2
08],[208,200],[36,142]
,[142,100],[100,36],[5
7,212],[212,202],[202,
57],[20,60],[60,99],[9
9,20],[28,158],[158,15
7],[157,28],[35,226],[
226,113],[113,35],[160
,159],[159,27],[27,160
],[204,202],[202,210],
[210,204],[113,225],[2
25,46],[46,113],[43,20
2],[202,204],[204,43],
[62,76],[76,77],[77,62
],[137,123],[123,116],
[116,137],[41,38],[38,
72],[72,41],[203,129],
[129,142],[142,203],[6
4,98],[98,240],[240,64
],[49,102],[102,64],[6
4,49],[41,73],[73,74],
[74,41],[212,216],[216
,207],[207,212],[42,74
],[74,184],[184,42],[1
69,170],[170,211],[211
,169],[170,149],[149,1
76],[176,170],[105,66]
,[66,69],[69,105],[122
,6],[6,168],[168,122],
[123,147],[147,187],[1
87,123],[96,77],[77,90
],[90,96],[65,55],[55,
107],[107,65],[89,90],
[90,180],[180,89],[101
,100],[100,120],[120,1
01],[63,105],[105,104]
,[104,63],[93,137],[13
7,227],[227,93],[15,86
],[86,85],[85,15],[129
,102],[102,49],[49,129
],[14,87],[87,86],[86,
14],[55,8],[8,9],[9,55
],[100,47],[47,121],[1
21,100],[145,23],[23,2
2],[22,145],[88,89],[8
9,179],[179,88],[6,122
],[122,196],[196,6],[8
8,95],[95,96],[96,88],
[138,172],[172,136],[1
36,138],[215,58],[58,1
72],[172,215],[115,48]
,[48,219],[219,115],[4
2,80],[80,81],[81,42],
[195,3],[3,51],[51,195
],[43,146],[146,61],[6
1,43],[171,175],[175,1
99],[199,171],[81,82],
[82,38],[38,81],[53,46
],[46,225],[225,53],[1
44,163],[163,110],[110
,144],[52,65],[65,66],
[66,52],[229,228],[228
,117],[117,229],[34,12
7],[127,234],[234,34],
[107,108],[108,69],[69
,107],[109,108],[108,1
51],[151,109],[48,64],
[64,235],[235,48],[62,
78],[78,191],[191,62],
[129,209],[209,126],[1
26,129],[111,35],[35,1
43],[143,111],[117,123
],[123,50],[50,117],[2
22,65],[65,52],[52,222
],[19,125],[125,141],[
141,19],[221,55],[55,6
5],[65,221],[3,195],[1
95,197],[197,3],[25,7]
,[7,33],[33,25],[220,2
37],[237,44],[44,220],
[70,71],[71,139],[139,
70],[122,193],[193,245
],[245,122],[247,130],
[130,33],[33,247],[71,
21],[21,162],[162,71],
[170,169],[169,150],[1
50,170],[188,174],[174
,196],[196,188],[216,1
86],[186,92],[92,216],
[2,97],[97,167],[167,2
],[141,125],[125,241],
[241,141],[164,167],[1
67,37],[37,164],[72,38
],[38,12],[12,72],[38,
82],[82,13],[13,38],[6
3,68],[68,71],[71,63],
[226,35],[35,111],[111
,226],[101,50],[50,205
],[205,101],[206,92],[
92,165],[165,206],[209
,198],[198,217],[217,2
09],[165,167],[167,97]
,[97,165],[220,115],[1
15,218],[218,220],[133
,112],[112,243],[243,1
33],[239,238],[238,241
],[241,239],[214,135],
[135,169],[169,214],[1
90,173],[173,133],[133
,190],[171,208],[208,3
2],[32,171],[125,44],[
44,237],[237,125],[86,
87],[87,178],[178,86],
[85,86],[86,179],[179,
85],[84,85],[85,180],[
180,84],[83,84],[84,18
1],[181,83],[201,83],[
83,182],[182,201],[137
,93],[93,132],[132,137
],[76,62],[62,183],[18
3,76],[61,76],[76,184]
,[184,61],[57,61],[61,
185],[185,57],[212,57]
,[57,186],[186,212],[2
14,207],[207,187],[187
,214],[34,143],[143,15
6],[156,34],[79,239],[
239,237],[237,79],[123
,137],[137,177],[177,1
23],[44,1],[1,4],[4,44
],[201,194],[194,32],[
32,201],[64,102],[102,
129],[129,64],[213,215
],[215,138],[138,213],
[59,166],[166,219],[21
9,59],[242,99],[99,97]
,[97,242],[2,94],[94,1
41],[141,2],[75,59],[5
9,235],[235,75],[24,11
0],[110,228],[228,24],
[25,130],[130,226],[22
6,25],[23,24],[24,229]
,[229,23],[22,23],[23,
230],[230,22],[26,22],
[22,231],[231,26],[112
,26],[26,232],[232,112
],[189,190],[190,243],
[243,189],[221,56],[56
,190],[190,221],[28,56
],[56,221],[221,28],[2
7,28],[28,222],[222,27
],[29,27],[27,223],[22
3,29],[30,29],[29,224]
,[224,30],[247,30],[30
,225],[225,247],[238,7
9],[79,20],[20,238],[1
66,59],[59,75],[75,166
],[60,75],[75,240],[24
0,60],[147,177],[177,2
15],[215,147],[20,79],
[79,166],[166,20],[187
,147],[147,213],[213,1
87],[112,233],[233,244
],[244,112],[233,128],
[128,245],[245,233],[1
28,114],[114,188],[188
,128],[114,217],[217,1
74],[174,114],[131,115
],[115,220],[220,131],
[217,198],[198,236],[2
36,217],[198,131],[131
,134],[134,198],[177,1
32],[132,58],[58,177],
[143,35],[35,124],[124
,143],[110,163],[163,7
],[7,110],[228,110],[1
10,25],[25,228],[356,3
89],[389,368],[368,356
],[11,302],[302,267],[
267,11],[452,350],[350
,349],[349,452],[302,3
03],[303,269],[269,302
],[357,343],[343,277],
[277,357],[452,453],[4
53,357],[357,452],[333
,332],[332,297],[297,3
33],[175,152],[152,377
],[377,175],[347,348],
[348,330],[330,347],[3
03,304],[304,270],[270
,303],[9,336],[336,337
],[337,9],[278,279],[2
79,360],[360,278],[418
,262],[262,431],[431,4
18],[304,408],[408,409
],[409,304],[310,415],
[415,407],[407,310],[2
70,409],[409,410],[410
,270],[450,348],[348,3
47],[347,450],[422,430
],[430,434],[434,422],
[313,314],[314,17],[17
,313],[306,307],[307,3
75],[375,306],[387,388
],[388,260],[260,387],
[286,414],[414,398],[3
98,286],[335,406],[406
,418],[418,335],[364,3
67],[367,416],[416,364
],[423,358],[358,327],
[327,423],[251,284],[2
84,298],[298,251],[281
,5],[5,4],[4,281],[373
,374],[374,253],[253,3
73],[307,320],[320,321
],[321,307],[425,427],
[427,411],[411,425],[4
21,313],[313,18],[18,4
21],[321,405],[405,406
],[406,321],[320,404],
[404,405],[405,320],[3
15,16],[16,17],[17,315
],[426,425],[425,266],
[266,426],[377,400],[4
00,369],[369,377],[322
,391],[391,269],[269,3
22],[417,465],[465,464
],[464,417],[386,257],
[257,258],[258,386],[4
66,260],[260,388],[388
,466],[456,399],[399,4
19],[419,456],[284,332
],[332,333],[333,284],
[417,285],[285,8],[8,4
17],[346,340],[340,261
],[261,346],[413,441],
[441,285],[285,413],[3
27,460],[460,328],[328
,327],[355,371],[371,3
29],[329,355],[392,439
],[439,438],[438,392],
[382,341],[341,256],[2
56,382],[429,420],[420
,360],[360,429],[364,3
94],[394,379],[379,364
],[277,343],[343,437],
[437,277],[443,444],[4
44,283],[283,443],[275
,440],[440,363],[363,2
75],[431,262],[262,369
],[369,431],[297,338],
[338,337],[337,297],[2
73,375],[375,321],[321
,273],[450,451],[451,3
49],[349,450],[446,342
],[342,467],[467,446],
[293,334],[334,282],[2
82,293],[458,461],[461
,462],[462,458],[276,3
53],[353,383],[383,276
],[308,324],[324,325],
[325,308],[276,300],[3
00,293],[293,276],[372
,345],[345,447],[447,3
72],[352,345],[345,340
],[340,352],[274,1],[1
,19],[19,274],[456,248
],[248,281],[281,456],
[436,427],[427,425],[4
25,436],[381,256],[256
,252],[252,381],[269,3
91],[391,393],[393,269
],[200,199],[199,428],
[428,200],[266,330],[3
30,329],[329,266],[287
,273],[273,422],[422,2
87],[250,462],[462,328
],[328,250],[258,286],
[286,384],[384,258],[2
65,353],[353,342],[342
,265],[387,259],[259,2
57],[257,387],[424,431
],[431,430],[430,424],
[342,353],[353,276],[2
76,342],[273,335],[335
,424],[424,273],[292,3
25],[325,307],[307,292
],[366,447],[447,345],
[345,366],[271,303],[3
03,302],[302,271],[423
,266],[266,371],[371,4
23],[294,455],[455,460
],[460,294],[279,278],
[278,294],[294,279],[2
71,272],[272,304],[304
,271],[432,434],[434,4
27],[427,432],[272,407
],[407,408],[408,272],
[394,430],[430,431],[4
31,394],[395,369],[369
,400],[400,395],[334,3
33],[333,299],[299,334
],[351,417],[417,168],
[168,351],[352,280],[2
80,411],[411,352],[325
,319],[319,320],[320,3
25],[295,296],[296,336
],[336,295],[319,403],
[403,404],[404,319],[3
30,348],[348,349],[349
,330],[293,298],[298,3
33],[333,293],[323,454
],[454,447],[447,323],
[15,16],[16,315],[315,
15],[358,429],[429,279
],[279,358],[14,15],[1
5,316],[316,14],[285,3
36],[336,9],[9,285],[3
29,349],[349,350],[350
,329],[374,380],[380,2
52],[252,374],[318,402
],[402,403],[403,318],
[6,197],[197,419],[419
,6],[318,319],[319,325
],[325,318],[367,364],
[364,365],[365,367],[4
35,367],[367,397],[397
,435],[344,438],[438,4
39],[439,344],[272,271
],[271,311],[311,272],
[195,5],[5,281],[281,1
95],[273,287],[287,291
],[291,273],[396,428],
[428,199],[199,396],[3
11,271],[271,268],[268
,311],[283,444],[444,4
45],[445,283],[373,254
],[254,339],[339,373],
[282,334],[334,296],[2
96,282],[449,347],[347
,346],[346,449],[264,4
47],[447,454],[454,264
],[336,296],[296,299],
[299,336],[338,10],[10
,151],[151,338],[278,4
39],[439,455],[455,278
],[292,407],[407,415],
[415,292],[358,371],[3
71,355],[355,358],[340
,345],[345,372],[372,3
40],[346,347],[347,280
],[280,346],[442,443],
[443,282],[282,442],[1
9,94],[94,370],[370,19
],[441,442],[442,295],
[295,441],[248,419],[4
19,197],[197,248],[263
,255],[255,359],[359,2
63],[440,275],[275,274
],[274,440],[300,383],
[383,368],[368,300],[3
51,412],[412,465],[465
,351],[263,467],[467,4
66],[466,263],[301,368
],[368,389],[389,301],
[395,378],[378,379],[3
79,395],[412,351],[351
,419],[419,412],[436,4
26],[426,322],[322,436
],[2,164],[164,393],[3
93,2],[370,462],[462,4
61],[461,370],[164,0],
[0,267],[267,164],[302
,11],[11,12],[12,302],
[268,12],[12,13],[13,2
68],[293,300],[300,301
],[301,293],[446,261],
[261,340],[340,446],[3
30,266],[266,425],[425
,330],[426,423],[423,3
91],[391,426],[429,355
],[355,437],[437,429],
[391,327],[327,326],[3
26,391],[440,457],[457
,438],[438,440],[341,3
82],[382,362],[362,341
],[459,457],[457,461],
[461,459],[434,430],[4
30,394],[394,434],[414
,463],[463,362],[362,4
14],[396,369],[369,262
],[262,396],[354,461],
[461,457],[457,354],[3
16,403],[403,402],[402
,316],[315,404],[404,4
03],[403,315],[314,405
],[405,404],[404,314],
[313,406],[406,405],[4
05,313],[421,418],[418
,406],[406,421],[366,4
01],[401,361],[361,366
],[306,408],[408,407],
[407,306],[291,409],[4
09,408],[408,291],[287
,410],[410,409],[409,2
87],[432,436],[436,410
],[410,432],[434,416],
[416,411],[411,434],[2
64,368],[368,383],[383
,264],[309,438],[438,4
57],[457,309],[352,376
],[376,401],[401,352],
[274,275],[275,4],[4,2
74],[421,428],[428,262
],[262,421],[294,327],
[327,358],[358,294],[4
33,416],[416,367],[367
,433],[289,455],[455,4
39],[439,289],[462,370
],[370,326],[326,462],
[2,326],[326,370],[370
,2],[305,460],[460,455
],[455,305],[254,449],
[449,448],[448,254],[2
55,261],[261,446],[446
,255],[253,450],[450,4
49],[449,253],[252,451
],[451,450],[450,252],
[256,452],[452,451],[4
51,256],[341,453],[453
,452],[452,341],[413,4
64],[464,463],[463,413
],[441,413],[413,414],
[414,441],[258,442],[4
42,441],[441,258],[257
,443],[443,442],[442,2
57],[259,444],[444,443
],[443,259],[260,445],
[445,444],[444,260],[4
67,342],[342,445],[445
,467],[459,458],[458,2
50],[250,459],[289,392
],[392,290],[290,289],
[290,328],[328,460],[4
60,290],[376,433],[433
,435],[435,376],[250,2
90],[290,392],[392,250
],[411,416],[416,433],
[433,411],[341,463],[4
63,464],[464,341],[453
,464],[464,465],[465,4
53],[357,465],[465,412
],[412,357],[343,412],
[412,399],[399,343],[3
60,363],[363,440],[440
,360],[437,399],[399,4
56],[456,437],[420,456
],[456,363],[363,420],
[401,435],[435,288],[2
88,401],[372,383],[383
,353],[353,372],[339,2
55],[255,249],[249,339
],[448,261],[261,255],
[255,448],[133,243],[2
43,190],[190,133],[133
,155],[155,112],[112,1
33],[33,246],[246,247]
,[247,33],[33,130],[13
0,25],[25,33],[398,384
],[384,286],[286,398],
[362,398],[398,414],[4
14,362],[362,463],[463
,341],[341,362],[263,3
59],[359,467],[467,263
],[263,249],[249,255],
[255,263],[466,467],[4
67,260],[260,466],[75,
60],[60,166],[166,75],
[238,239],[239,79],[79
,238],[162,127],[127,1
39],[139,162],[72,11],
[11,37],[37,72],[121,2
32],[232,120],[120,121
],[73,72],[72,39],[39,
73],[114,128],[128,47]
,[47,114],[233,232],[2
32,128],[128,233],[103
,104],[104,67],[67,103
],[152,175],[175,148],
[148,152],[119,118],[1
18,101],[101,119],[74,
73],[73,40],[40,74],[1
07,9],[9,108],[108,107
],[49,48],[48,131],[13
1,49],[32,194],[194,21
1],[211,32],[184,74],[
74,185],[185,184],[191
,80],[80,183],[183,191
],[185,40],[40,186],[1
86,185],[119,230],[230
,118],[118,119],[210,2
02],[202,214],[214,210
],[84,83],[83,17],[17,
84],[77,76],[76,146],[
146,77],[161,160],[160
,30],[30,161],[190,56]
,[56,173],[173,190],[1
82,106],[106,194],[194
,182],[138,135],[135,1
92],[192,138],[129,203
],[203,98],[98,129],[5
4,21],[21,68],[68,54],
[5,51],[51,4],[4,5],[1
45,144],[144,23],[23,1
45],[90,77],[77,91],[9
1,90],[207,205],[205,1
87],[187,207],[83,201]
,[201,18],[18,83],[181
,91],[91,182],[182,181
],[180,90],[90,181],[1
81,180],[16,85],[85,17
],[17,16],[205,206],[2
06,36],[36,205],[176,1
48],[148,140],[140,176
],[165,92],[92,39],[39
,165],[245,193],[193,2
44],[244,245],[27,159]
,[159,28],[28,27],[30,
247],[247,161],[161,30
],[174,236],[236,196],
[196,174],[103,54],[54
,104],[104,103],[55,19
3],[193,8],[8,55],[111
,117],[117,31],[31,111
],[221,189],[189,55],[
55,221],[240,98],[98,9
9],[99,240],[142,126],
[126,100],[100,142],[2
19,166],[166,218],[218
,219],[112,155],[155,2
6],[26,112],[198,209],
[209,131],[131,198],[1
69,135],[135,150],[150
,169],[114,47],[47,217
],[217,114],[224,223],
[223,53],[53,224],[220
,45],[45,134],[134,220
],[32,211],[211,140],[
140,32],[109,67],[67,1
08],[108,109],[146,43]
,[43,91],[91,146],[231
,230],[230,120],[120,2
31],[113,226],[226,247
],[247,113],[105,63],[
63,52],[52,105],[241,2
38],[238,242],[242,241
],[124,46],[46,156],[1
56,124],[95,78],[78,96
],[96,95],[70,46],[46,
63],[63,70],[116,143],
[143,227],[227,116],[1
16,123],[123,111],[111
,116],[1,44],[44,19],[
19,1],[3,236],[236,51]
,[51,3],[207,216],[216
,205],[205,207],[26,15
4],[154,22],[22,26],[1
65,39],[39,167],[167,1
65],[199,200],[200,208
],[208,199],[101,36],[
36,100],[100,101],[43,
57],[57,202],[202,43],
[242,20],[20,99],[99,2
42],[56,28],[28,157],[
157,56],[124,35],[35,1
13],[113,124],[29,160]
,[160,27],[27,29],[211
,204],[204,210],[210,2
11],[124,113],[113,46]
,[46,124],[106,43],[43
,204],[204,106],[96,62
],[62,77],[77,96],[227
,137],[137,116],[116,2
27],[73,41],[41,72],[7
2,73],[36,203],[203,14
2],[142,36],[235,64],[
64,240],[240,235],[48,
49],[49,64],[64,48],[4
2,41],[41,74],[74,42],
[214,212],[212,207],[2
07,214],[183,42],[42,1
84],[184,183],[210,169
],[169,211],[211,210],
[140,170],[170,176],[1
76,140],[104,105],[105
,69],[69,104],[193,122
],[122,168],[168,193],
[50,123],[123,187],[18
7,50],[89,96],[96,90],
[90,89],[66,65],[65,10
7],[107,66],[179,89],[
89,180],[180,179],[119
,101],[101,120],[120,1
19],[68,63],[63,104],[
104,68],[234,93],[93,2
27],[227,234],[16,15],
[15,85],[85,16],[209,1
29],[129,49],[49,209],
[15,14],[14,86],[86,15
],[107,55],[55,9],[9,1
07],[120,100],[100,121
],[121,120],[153,145],
[145,22],[22,153],[178
,88],[88,179],[179,178
],[197,6],[6,196],[196
,197],[89,88],[88,96],
[96,89],[135,138],[138
,136],[136,135],[138,2
15],[215,172],[172,138
],[218,115],[115,219],
[219,218],[41,42],[42,
81],[81,41],[5,195],[1
95,51],[51,5],[57,43],
[43,61],[61,57],[208,1
71],[171,199],[199,208
],[41,81],[81,38],[38,
41],[224,53],[53,225],
[225,224],[24,144],[14
4,110],[110,24],[105,5
2],[52,66],[66,105],[1
18,229],[229,117],[117
,118],[227,34],[34,234
],[234,227],[66,107],[
107,69],[69,66],[10,10
9],[109,151],[151,10],
[219,48],[48,235],[235
,219],[183,62],[62,191
],[191,183],[142,129],
[129,126],[126,142],[1
16,111],[111,143],[143
,116],[118,117],[117,5
0],[50,118],[223,222],
[222,52],[52,223],[94,
19],[19,141],[141,94],
[222,221],[221,65],[65
,222],[196,3],[3,197],
[197,196],[45,220],[22
0,44],[44,45],[156,70]
,[70,139],[139,156],[1
88,122],[122,245],[245
,188],[139,71],[71,162
],[162,139],[149,170],
[170,150],[150,149],[1
22,188],[188,196],[196
,122],[206,216],[216,9
2],[92,206],[164,2],[2
,167],[167,164],[242,1
41],[141,241],[241,242
],[0,164],[164,37],[37
,0],[11,72],[72,12],[1
2,11],[12,38],[38,13],
[13,12],[70,63],[63,71
],[71,70],[31,226],[22
6,111],[111,31],[36,10
1],[101,205],[205,36],
[203,206],[206,165],[1
65,203],[126,209],[209
,217],[217,126],[98,16
5],[165,97],[97,98],[2
37,220],[220,218],[218
,237],[237,239],[239,2
41],[241,237],[210,214
],[214,169],[169,210],
[140,171],[171,32],[32
,140],[241,125],[125,2
37],[237,241],[179,86]
,[86,178],[178,179],[1
80,85],[85,179],[179,1
80],[181,84],[84,180],
[180,181],[182,83],[83
,181],[181,182],[194,2
01],[201,182],[182,194
],[177,137],[137,132],
[132,177],[184,76],[76
,183],[183,184],[185,6
1],[61,184],[184,185],
[186,57],[57,185],[185
,186],[216,212],[212,1
86],[186,216],[192,214
],[214,187],[187,192],
[139,34],[34,156],[156
,139],[218,79],[79,237
],[237,218],[147,123],
[123,177],[177,147],[4
5,44],[44,4],[4,45],[2
08,201],[201,32],[32,2
08],[98,64],[64,129],[
129,98],[192,213],[213
,138],[138,192],[235,5
9],[59,219],[219,235],
[141,242],[242,97],[97
,141],[97,2],[2,141],[
141,97],[240,75],[75,2
35],[235,240],[229,24]
,[24,228],[228,229],[3
1,25],[25,226],[226,31
],[230,23],[23,229],[2
29,230],[231,22],[22,2
30],[230,231],[232,26]
,[26,231],[231,232],[2
33,112],[112,232],[232
,233],[244,189],[189,2
43],[243,244],[189,221
],[221,190],[190,189],
[222,28],[28,221],[221
,222],[223,27],[27,222
],[222,223],[224,29],[
29,223],[223,224],[225
,30],[30,224],[224,225
],[113,247],[247,225],
[225,113],[99,60],[60,
240],[240,99],[213,147
],[147,215],[215,213],
[60,20],[20,166],[166,
60],[192,187],[187,213
],[213,192],[243,112],
[112,244],[244,243],[2
44,233],[233,245],[245
,244],[245,128],[128,1
88],[188,245],[188,114
],[114,174],[174,188],
[134,131],[131,220],[2
20,134],[174,217],[217
,236],[236,174],[236,1
98],[198,134],[134,236
],[215,177],[177,58],[
58,215],[156,143],[143
,124],[124,156],[25,11
0],[110,7],[7,25],[31,
228],[228,25],[25,31],
[264,356],[356,368],[3
68,264],[0,11],[11,267
],[267,0],[451,452],[4
52,349],[349,451],[267
,302],[302,269],[269,2
67],[350,357],[357,277
],[277,350],[350,452],
[452,357],[357,350],[2
99,333],[333,297],[297
,299],[396,175],[175,3
77],[377,396],[280,347
],[347,330],[330,280],
[269,303],[303,270],[2
70,269],[151,9],[9,337
],[337,151],[344,278],
[278,360],[360,344],[4
24,418],[418,431],[431
,424],[270,304],[304,4
09],[409,270],[272,310
],[310,407],[407,272],
[322,270],[270,410],[4
10,322],[449,450],[450
,347],[347,449],[432,4
22],[422,434],[434,432
],[18,313],[313,17],[1
7,18],[291,306],[306,3
75],[375,291],[259,387
],[387,260],[260,259],
[424,335],[335,418],[4
18,424],[434,364],[364
,416],[416,434],[391,4
23],[423,327],[327,391
],[301,251],[251,298],
[298,301],[275,281],[2
81,4],[4,275],[254,373
],[373,253],[253,254],
[375,307],[307,321],[3
21,375],[280,425],[425
,411],[411,280],[200,4
21],[421,18],[18,200],
[335,321],[321,406],[4
06,335],[321,320],[320
,405],[405,321],[314,3
15],[315,17],[17,314],
[423,426],[426,266],[2
66,423],[396,377],[377
,369],[369,396],[270,3
22],[322,269],[269,270
],[413,417],[417,464],
[464,413],[385,386],[3
86,258],[258,385],[248
,456],[456,419],[419,2
48],[298,284],[284,333
],[333,298],[168,417],
[417,8],[8,168],[448,3
46],[346,261],[261,448
],[417,413],[413,285],
[285,417],[326,327],[3
27,328],[328,326],[277
,355],[355,329],[329,2
77],[309,392],[392,438
],[438,309],[381,382],
[382,256],[256,381],[2
79,429],[429,360],[360
,279],[365,364],[364,3
79],[379,365],[355,277
],[277,437],[437,355],
[282,443],[443,283],[2
83,282],[281,275],[275
,363],[363,281],[395,4
31],[431,369],[369,395
],[299,297],[297,337],
[337,299],[335,273],[2
73,321],[321,335],[348
,450],[450,349],[349,3
48],[359,446],[446,467
],[467,359],[283,293],
[293,282],[282,283],[2
50,458],[458,462],[462
,250],[300,276],[276,3
83],[383,300],[292,308
],[308,325],[325,292],
[283,276],[276,293],[2
93,283],[264,372],[372
,447],[447,264],[346,3
52],[352,340],[340,346
],[354,274],[274,19],[
19,354],[363,456],[456
,281],[281,363],[426,4
36],[436,425],[425,426
],[380,381],[381,252],
[252,380],[267,269],[2
69,393],[393,267],[421
,200],[200,428],[428,4
21],[371,266],[266,329
],[329,371],[432,287],
[287,422],[422,432],[2
90,250],[250,328],[328
,290],[385,258],[258,3
84],[384,385],[446,265
],[265,342],[342,446],
[386,387],[387,257],[2
57,386],[422,424],[424
,430],[430,422],[445,3
42],[342,276],[276,445
],[422,273],[273,424],
[424,422],[306,292],[2
92,307],[307,306],[352
,366],[366,345],[345,3
52],[268,271],[271,302
],[302,268],[358,423],
[423,371],[371,358],[3
27,294],[294,460],[460
,327],[331,279],[279,2
94],[294,331],[303,271
],[271,304],[304,303],
[436,432],[432,427],[4
27,436],[304,272],[272
,408],[408,304],[395,3
94],[394,431],[431,395
],[378,395],[395,400],
[400,378],[296,334],[3
34,299],[299,296],[6,3
51],[351,168],[168,6],
[376,352],[352,411],[4
11,376],[307,325],[325
,320],[320,307],[285,2
95],[295,336],[336,285
],[320,319],[319,404],
[404,320],[329,330],[3
30,349],[349,329],[334
,293],[293,333],[333,3
34],[366,323],[323,447
],[447,366],[316,15],[
15,315],[315,316],[331
,358],[358,279],[279,3
31],[317,14],[14,316],
[316,317],[8,285],[285
,9],[9,8],[277,329],[3
29,350],[350,277],[253
,374],[374,252],[252,2
53],[319,318],[318,403
],[403,319],[351,6],[6
,419],[419,351],[324,3
18],[318,325],[325,324
],[397,367],[367,365],
[365,397],[288,435],[4
35,397],[397,288],[278
,344],[344,439],[439,2
78],[310,272],[272,311
],[311,310],[248,195],
[195,281],[281,248],[3
75,273],[273,291],[291
,375],[175,396],[396,1
99],[199,175],[312,311
],[311,268],[268,312],
[276,283],[283,445],[4
45,276],[390,373],[373
,339],[339,390],[295,2
82],[282,296],[296,295
],[448,449],[449,346],
[346,448],[356,264],[2
64,454],[454,356],[337
,336],[336,299],[299,3
37],[337,338],[338,151
],[151,337],[294,278],
[278,455],[455,294],[3
08,292],[292,415],[415
,308],[429,358],[358,3
55],[355,429],[265,340
],[340,372],[372,265],
[352,346],[346,280],[2
80,352],[295,442],[442
,282],[282,295],[354,1
9],[19,370],[370,354],
[285,441],[441,295],[2
95,285],[195,248],[248
,197],[197,195],[457,4
40],[440,274],[274,457
],[301,300],[300,368],
[368,301],[417,351],[3
51,465],[465,417],[251
,301],[301,389],[389,2
51],[394,395],[395,379
],[379,394],[399,412],
[412,419],[419,399],[4
10,436],[436,322],[322
,410],[326,2],[2,393],
[393,326],[354,370],[3
70,461],[461,354],[393
,164],[164,267],[267,3
93],[268,302],[302,12]
,[12,268],[312,268],[2
68,13],[13,312],[298,2
93],[293,301],[301,298
],[265,446],[446,340],
[340,265],[280,330],[3
30,425],[425,280],[322
,426],[426,391],[391,3
22],[420,429],[429,437
],[437,420],[393,391],
[391,326],[326,393],[3
44,440],[440,438],[438
,344],[458,459],[459,4
61],[461,458],[364,434
],[434,394],[394,364],
[428,396],[396,262],[2
62,428],[274,354],[354
,457],[457,274],[317,3
16],[316,402],[402,317
],[316,315],[315,403],
[403,316],[315,314],[3
14,404],[404,315],[314
,313],[313,405],[405,3
14],[313,421],[421,406
],[406,313],[323,366],
[366,361],[361,323],[2
92,306],[306,407],[407
,292],[306,291],[291,4
08],[408,306],[291,287
],[287,409],[409,291],
[287,432],[432,410],[4
10,287],[427,434],[434
,411],[411,427],[372,2
64],[264,383],[383,372
],[459,309],[309,457],
[457,459],[366,352],[3
52,401],[401,366],[1,2
74],[274,4],[4,1],[418
,421],[421,262],[262,4
18],[331,294],[294,358
],[358,331],[435,433],
[433,367],[367,435],[3
92,289],[289,439],[439
,392],[328,462],[462,3
26],[326,328],[94,2],[
2,370],[370,94],[289,3
05],[305,455],[455,289
],[339,254],[254,448],
[448,339],[359,255],[2
55,446],[446,359],[254
,253],[253,449],[449,2
54],[253,252],[252,450
],[450,253],[252,256],
[256,451],[451,252],[2
56,341],[341,452],[452
,256],[414,413],[413,4
63],[463,414],[286,441
],[441,414],[414,286],
[286,258],[258,441],[4
41,286],[258,257],[257
,442],[442,258],[257,2
59],[259,443],[443,257
],[259,260],[260,444],
[444,259],[260,467],[4
67,445],[445,260],[309
,459],[459,250],[250,3
09],[305,289],[289,290
],[290,305],[305,290],
[290,460],[460,305],[4
01,376],[376,435],[435
,401],[309,250],[250,3
92],[392,309],[376,411
],[411,433],[433,376],
[453,341],[341,464],[4
64,453],[357,453],[453
,465],[465,357],[343,3
57],[357,412],[412,343
],[437,343],[343,399],
[399,437],[344,360],[3
60,440],[440,344],[420
,437],[437,456],[456,4
20],[360,420],[420,363
],[363,360],[361,401],
[401,288],[288,361],[2
65,372],[372,353],[353
,265],[390,339],[339,2
49],[249,390],[339,448
],[448,255],[255,339]]
),E("[39m[33mVERSION
[39m[32m","[39m[35
m0.4[39m[35m.1646425
229[39m[32m")}).call
(D);var z=function(){r
eturn z=Object.assign|
|function(t){for(var e
,n=1,r=arguments.lengt
h;n<r;n++)for(var i in
 e=arguments[n])Object
.prototype.hasOwnPrope
rty.call(e,i)&&(t[i]=e
[i]);return t},z.apply
(this,arguments)};func
tion U(t,e,n,r){return
 new(n||(n=Promise))((
function(i,o){function
 a(t){try{s(r.next(t))
}catch(t){o(t)}}functi
on u(t){try{s(r.throw(
t))}catch(t){o(t)}}fun
ction s(t){var e;t.don
e?i(t.value):(e=t.valu
e,e instanceof n?e:new
 n((function(t){t(e)})
)).then(a,u)}s((r=r.ap
ply(t,e||[])).next())}
))}function N(t,e){var
 n,r,i,o,a={label:0,se
nt:function(){if(1&i[0
])throw i[1];return i[
1]},trys:[],ops:[]};re
turn o={next:u(0),thro
w:u(1),return:u(2)},"
[39m[36mfunction[39m
[32m"==typeof Symbol&
&(o[Symbol.iterator]=f
unction(){return this}
),o;function u(o){retu
rn function(u){return 
function(o){if(n)throw
 new TypeError("[39m
[33mGenerator[39m is 
already executing[33m
.[39m[32m");for(;a;)
try{if(n=1,r&&(i=2&o[0
]?r.return:o[0]?r.thro
w||((i=r.return)&&i.ca
ll(r),0):r.next)&&!(i=
i.call(r,o[1])).done)r
eturn i;switch(r=0,i&&
(o=[2&o[0],i.value]),o
[0]){case 0:case 1:i=o
;break;case 4:return a
.label++,{value:o[1],d
one:!1};case 5:a.label
++,r=o[1],o=[0];contin
ue;case 7:o=a.ops.pop(
),a.trys.pop();continu
e;default:if(!((i=(i=a
.trys).length>0&&i[i.l
ength-1])||6!==o[0]&&2
!==o[0])){a=0;continue
}if(3===o[0]&&(!i||o[1
]>i[0]&&o[1]<i[3])){a.
label=o[1];break}if(6=
==o[0]&&a.label<i[1]){
a.label=i[1],i=o;break
}if(i&&a.label<i[2]){a
.label=i[2],a.ops.push
(o);break}i[2]&&a.ops.
pop(),a.trys.pop();con
tinue}o=e.call(t,a)}ca
tch(t){o=[6,t],r=0}fin
ally{n=i=0}if(5&o[0])t
hrow o[1];return{value
:o[0]?o[1]:void 0,done
:!0}}([o,u])}}}var V=[
"[39mrightEye[32m","
[39mleftEye[32m","[
39mnoseTip[32m","[39
mmouthCenter[32m","[
39mrightEarTragion[32
m","[39mleftEarTragio
n[32m"],H={modelType:
"[39mshort[32m",runt
ime:"[39mmediapipe[3
2m",maxFaces:1},K=func
tion(){function t(t){v
ar e=this;this.width=0
,this.height=0,this.se
lfieMode=!1,this.faceD
etectorSolution=new P.
FaceDetection({locateF
ile:function(e,n){if(t
.solutionPath){var r=t
.solutionPath.replace(
/\/+$/,"[39m[32m");r
eturn"[39m[32m".conc
at(r,"[39m[33m/[39m
[32m").concat(e)}retu
rn"[39m[32m".concat(
n,"[39m[33m/[39m[3
2m").concat(e)}}),this
.faceDetectorSolution.
setOptions({selfieMode
:this.selfieMode,model
:t.modelType}),this.fa
ceDetectorSolution.onR
esults((function(t){if
(e.height=t.image.heig
ht,e.width=t.image.wid
th,e.faces=[],null!==t
.detections)for(var n=
0,r=t.detections;n<r.l
ength;n++){var i=r[n];
e.faces.push(e.normali
zedToAbsolute(i.landma
rks,(void 0,void 0,voi
d 0,{xMin:a=(o=i.bound
ingBox).xCenter-o.widt
h/2,xMax:a+o.width,yMi
n:u=o.yCenter-o.height
/2,yMax:u+o.height,wid
th:o.width,height:o.he
ight})))}var o,a,u}))}
return t.prototype.nor
malizedToAbsolute=func
tion(t,e){var n=this;r
eturn{keypoints:t.map(
(function(t,e){return{
x:t.x*n.width,y:t.y*n.
height,name:V[e]}})),b
ox:{xMin:e.xMin*this.w
idth,yMin:e.yMin*this.
height,xMax:e.xMax*thi
s.width,yMax:e.yMax*th
is.height,width:e.widt
h*this.width,height:e.
height*this.height}}},
t.prototype.estimateFa
ces=function(t,e){retu
rn U(this,void 0,void 
0,(function(){var i,o;
return N(this,(functio
n(a){switch(a.label){c
ase 0:return e&&e.flip
Horizontal&&e.flipHori
zontal!==this.selfieMo
de&&(this.selfieMode=e
.flipHorizontal,this.f
aceDetectorSolution.se
tOptions({selfieMode:t
his.selfieMode})),t in
stanceof n?(o=ImageDat
a.bind,[4,r.toPixels(t
)]):[3,2];case 1:retur
n i=new(o.apply(ImageD
ata,[void 0,a.sent(),t
.shape[1],t.shape[0]])
),[3,3];case 2:i=t,a.l
abel=3;case 3:return t
=i,[4,this.faceDetecto
rSolution.send({image:
t})];case 4:return a.s
ent(),[2,this.faces]}}
))}))},t.prototype.dis
pose=function(){this.f
aceDetectorSolution.cl
ose()},t.prototype.res
et=function(){this.fac
eDetectorSolution.rese
t(),this.width=0,this.
height=0,this.faces=nu
ll,this.selfieMode=!1}
,t.prototype.initializ
e=function(){return th
is.faceDetectorSolutio
n.initialize()},t}();f
unction W(t){return U(
this,void 0,void 0,(fu
nction(){var e,n;retur
n N(this,(function(r){
switch(r.label){case 0
:return e=function(t){
if(null==t)return z({}
,H);var e=z({},t);retu
rn e.runtime="[39mmed
iapipe[32m",null==e.m
odelType&&(e.modelType
=H.modelType),null==e.
maxFaces&&(e.maxFaces=
H.maxFaces),e}(t),[4,(
n=new K(e)).initialize
()];case 1:return r.se
nt(),[2,n]}}))}))}func
tion G(t){return t ins
tanceof n?{height:t.sh
ape[0],width:t.shape[1
]}:{height:t.height,wi
dth:t.width}}function 
X(t){return t instance
of n?t:r.fromPixels(t)
}function Y(t,e){M.ass
ert(0!==t.width,(funct
ion(){return"[39m[32
m".concat(e,"[39m wid
th cannot be [35m0.[
39m[32m")})),M.assert
(0!==t.height,(functio
n(){return"[39m[32m"
.concat(e,"[39m heigh
t cannot be [35m0.[3
9m[32m")}))}function 
J(t,e,n){var r=e.outpu
tTensorSize,i=e.keepAs
pectRatio,o=e.borderMo
de,h=e.outputTensorFlo
atRange,f=G(t),g=funct
ion(t,e){return e?{xCe
nter:e.xCenter*t.width
,yCenter:e.yCenter*t.h
eight,width:e.width*t.
width,height:e.height*
t.height,rotation:e.ro
tation}:{xCenter:.5*t.
width,yCenter:.5*t.hei
ght,width:t.width,heig
ht:t.height,rotation:0
}}(f,n),v=function(t,e
,n){if(void 0===n&&(n=
!1),!n)return{top:0,le
ft:0,right:0,bottom:0}
;var r=e.height,i=e.wi
dth;Y(e,"[39mtargetSi
ze[32m"),Y(t,"[39mro
i[32m");var o,a,u=r/i
,s=t.height/t.width,c=
0,h=0;return u>s?(o=t.
width,a=t.width*u,h=(1
-s/u)/2):(o=t.height/u
,a=t.height,c=(1-u/s)/
2),t.width=o,t.height=
a,{top:h,left:c,right:
c,bottom:h}}(g,r,i),m=
function(t,e,n,r){var 
i=t.width,o=t.height,a
=r?-1:1,u=Math.cos(t.r
otation),s=Math.sin(t.
rotation),c=t.xCenter,
h=t.yCenter,l=1/e,f=1/
n,d=new Array(16);retu
rn d[0]=i*u*a*l,d[1]=-
o*s*l,d[2]=0,d[3]=(-.5
*i*u*a+.5*o*s+c)*l,d[4
]=i*s*a*f,d[5]=o*u*f,d
[6]=0,d[7]=(-.5*o*u-.5
*i*s*a+h)*f,d[8]=0,d[9
]=0,d[10]=i*l,d[11]=0,
d[12]=0,d[13]=0,d[14]=
0,d[15]=1,function(t){
if(16!==t.length)throw
 new Error("[39m[33m
Array[39m length must
 be [35m16[39m but g
ot [32m".concat(t.len
gth));return[[t[0],t[1
],t[2],t[3]],[t[4],t[5
],t[6],t[7]],[t[8],t[9
],t[10],t[11]],[t[12],
t[13],t[14],t[15]]]}(d
)}(g,f.width,f.height,
!1),y=s((function(){va
r e=X(t),n=a(function(
t,e,n){return Y(n,"[3
9minputResolution[32m
"),[1/n.width*t[0][0]*
e.width,1/n.height*t[0
][1]*e.width,t[0][3]*e
.width,1/n.width*t[1][
0]*e.height,1/n.height
*t[1][1]*e.height,t[1]
[3]*e.height,0,0]}(m,f
,r),[1,8]),i="[39mzer
o[32m"===o?"[39mcons
tant[32m":"[39mneare
st[32m",g=u.transform
(l(c(e,"[39mfloat32[
32m")),n,"[39mbilinea
r[32m",i,0,[r.height,
r.width]);return null!
=h?function(t,e){var n
=function(t,e,n,r){var
 i=(r-n)/255;return{sc
ale:i,offset:n-0*i}}(0
,0,e[0],e[1]);return s
((function(){return d(
p(t,n.scale),n.offset)
}))}(g,h):g}));return{
imageTensor:y,padding:
v,transformationMatrix
:m}}function q(t){null
==t.reduceBoxesInLowes
tLayer&&(t.reduceBoxes
InLowestLayer=!1),null
==t.interpolatedScaleA
spectRatio&&(t.interpo
latedScaleAspectRatio=
1),null==t.fixedAnchor
Size&&(t.fixedAnchorSi
ze=!1);for(var e=[],n=
0;n<t.numLayers;){for(
var r=[],i=[],o=[],a=[
],u=n;u<t.strides.leng
th&&t.strides[u]===t.s
trides[n];){var s=$(t.
minScale,t.maxScale,u,
t.strides.length);if(0
===u&&t.reduceBoxesInL
owestLayer)o.push(1),o
.push(2),o.push(.5),a.
push(.1),a.push(s),a.p
ush(s);else{for(var c=
0;c<t.aspectRatios.len
gth;++c)o.push(t.aspec
tRatios[c]),a.push(s);
if(t.interpolatedScale
AspectRatio>0){var h=u
===t.strides.length-1?
1:$(t.minScale,t.maxSc
ale,u+1,t.strides.leng
th);a.push(Math.sqrt(s
*h)),o.push(t.interpol
atedScaleAspectRatio)}
}u++}for(var l=0;l<o.l
ength;++l){var f=Math.
sqrt(o[l]);r.push(a[l]
/f),i.push(a[l]*f)}var
 d=0,p=0;if(t.featureM
apHeight.length>0)d=t.
featureMapHeight[n],p=
t.featureMapWidth[n];e
lse{var g=t.strides[n]
;d=Math.ceil(t.inputSi
zeHeight/g),p=Math.cei
l(t.inputSizeWidth/g)}
for(var v=0;v<d;++v)fo
r(var m=0;m<p;++m)for(
var y=0;y<r.length;++y
){var w={xCenter:(m+t.
anchorOffsetX)/p,yCent
er:(v+t.anchorOffsetY)
/d,width:0,height:0};t
.fixedAnchorSize?(w.wi
dth=1,w.height=1):(w.w
idth=i[y],w.height=r[y
]),e.push(w)}n=u}retur
n e}function $(t,e,n,r
){return 1===r?.5*(t+e
):t+(e-t)*n/(r-1)}func
tion Z(t,e){var n=e[0]
,r=e[1];return[n*t[0]+
r*t[1]+t[3],n*t[4]+r*t
[5]+t[7]]}function Q(t
,e,n,r){return U(this,
void 0,void 0,(functio
n(){var r,s,c,h,l;retu
rn N(this,(function(f)
{switch(f.label){case 
0:return t.sort((funct
ion(t,e){return Math.m
ax.apply(Math,e.score)
-Math.max.apply(Math,t
.score)})),r=a(t.map((
function(t){return[t.l
ocationData.relativeBo
undingBox.yMin,t.locat
ionData.relativeBoundi
ngBox.xMin,t.locationD
ata.relativeBoundingBo
x.yMax,t.locationData.
relativeBoundingBox.xM
ax]}))),s=i(t.map((fun
ction(t){return t.scor
e[0]}))),[4,u.nonMaxSu
ppressionAsync(r,s,e,n
)];case 1:return[4,(c=
f.sent()).array()];cas
e 2:return h=f.sent(),
l=t.filter((function(t
,e){return h.indexOf(e
)>-1})),o([r,s,c]),[2,
l]}}))}))}function tt(
t,e,n){return U(this,v
oid 0,void 0,(function
(){var r,i,a,u,c;retur
n N(this,(function(l){
switch(l.label){case 0
:return r=t[0],i=t[1],
a=function(t,e,n){retu
rn s((function(){var r
,i,o,a;n.reverseOutput
Order?(i=h(f(t,[0,n.bo
xCoordOffset+0],[-1,1]
)),r=h(f(t,[0,n.boxCoo
rdOffset+1],[-1,1])),a
=h(f(t,[0,n.boxCoordOf
fset+2],[-1,1])),o=h(f
(t,[0,n.boxCoordOffset
+3],[-1,1]))):(r=h(f(t
,[0,n.boxCoordOffset+0
],[-1,1])),i=h(f(t,[0,
n.boxCoordOffset+1],[-
1,1])),o=h(f(t,[0,n.bo
xCoordOffset+2],[-1,1]
)),a=h(f(t,[0,n.boxCoo
rdOffset+3],[-1,1]))),
i=d(p(g(i,n.xScale),e.
w),e.x),r=d(p(g(r,n.yS
cale),e.h),e.y),n.appl
yExponentialOnBoxSize?
(o=p(v(g(o,n.hScale)),
e.h),a=p(v(g(a,n.wScal
e)),e.w)):(o=p(g(o,n.h
Scale),e.h),a=p(g(a,n.
wScale),e.h));var u=m(
r,g(o,2)),s=m(i,g(a,2)
),c=d(r,g(o,2)),l=d(i,
g(a,2)),b=y([w(u,[n.nu
mBoxes,1]),w(s,[n.numB
oxes,1]),w(c,[n.numBox
es,1]),w(l,[n.numBoxes
,1])],1);if(n.numKeypo
ints)for(var x=0;x<n.n
umKeypoints;++x){var M
=n.keypointCoordOffset
+x*n.numValuesPerKeypo
int,A=void 0,T=void 0;
n.reverseOutputOrder?(
A=h(f(t,[0,M],[-1,1]))
,T=h(f(t,[0,M+1],[-1,1
]))):(T=h(f(t,[0,M],[-
1,1])),A=h(f(t,[0,M+1]
,[-1,1])));var E=d(p(g
(A,n.xScale),e.w),e.x)
,S=d(p(g(T,n.yScale),e
.h),e.y);b=y([b,w(E,[n
.numBoxes,1]),w(S,[n.n
umBoxes,1])],1)}return
 b}))}(i,e,n),u=s((fun
ction(){var t=r;return
 n.sigmoidScore?(null!
=n.scoreClippingThresh
&&(t=b(r,-n.scoreClipp
ingThresh,n.scoreClipp
ingThresh)),t=x(t)):t}
)),[4,et(a,u,n)];case 
1:return c=l.sent(),o(
[a,u]),[2,c]}}))}))}fu
nction et(t,e,n){retur
n U(this,void 0,void 0
,(function(){var r,i,o
,a,u,s,c,h,l,f,d,p;ret
urn N(this,(function(g
){switch(g.label){case
 0:return r=[],[4,t.da
ta()];case 1:return i=
g.sent(),[4,e.data()];
case 2:for(o=g.sent(),
a=0;a<n.numBoxes;++a)i
f(!(null!=n.minScoreTh
resh&&o[a]<n.minScoreT
hresh||(u=a*n.numCoord
s,s=nt(i[u+0],i[u+1],i
[u+2],i[u+3],o[a],n.fl
ipVertically,a),(c=s.l
ocationData.relativeBo
undingBox).width<0||c.
height<0))){if(n.numKe
ypoints>0)for((h=s.loc
ationData).relativeKey
points=[],l=n.numKeypo
ints*n.numValuesPerKey
point,f=0;f<l;f+=n.num
ValuesPerKeypoint)d=u+
n.keypointCoordOffset+
f,p={x:i[d+0],y:n.flip
Vertically?1-i[d+1]:i[
d+1]},h.relativeKeypoi
nts.push(p);r.push(s)}
return[2,r]}}))}))}fun
ction nt(t,e,n,r,i,o,a
){return{score:[i],ind
:a,locationData:{relat
iveBoundingBox:{xMin:e
,yMin:o?1-n:t,xMax:r,y
Max:o?1-t:n,width:r-e,
height:n-t}}}}var rt,i
t={reduceBoxesInLowest
Layer:!1,interpolatedS
caleAspectRatio:1,feat
ureMapHeight:[],featur
eMapWidth:[],numLayers
:4,minScale:.1484375,m
axScale:.75,inputSizeH
eight:128,inputSizeWid
th:128,anchorOffsetX:.
5,anchorOffsetY:.5,str
ides:[8,16,16,16],aspe
ctRatios:[1],fixedAnch
orSize:!0},ot={reduceB
oxesInLowestLayer:!1,i
nterpolatedScaleAspect
Ratio:0,featureMapHeig
ht:[],featureMapWidth:
[],numLayers:1,minScal
e:.1484375,maxScale:.7
5,inputSizeHeight:192,
inputSizeWidth:192,anc
horOffsetX:.5,anchorOf
fsetY:.5,strides:[4],a
spectRatios:[1],fixedA
nchorSize:!0},at={runt
ime:"[39mtfjs[32m",m
odelType:"[39mshort[
32m",maxFaces:1,detect
orModelUrl:"[39mhttps
[33m:[39m[90m//tfhu
b.dev/mediapipe/tfjs-m
odel/face_detection/sh
ort/1"},ut={applyExpon
entialOnBoxSize:!1,fli
pVertically:!1,ignoreC
lasses:[],numClasses:1
,numBoxes:896,numCoord
s:16,boxCoordOffset:0,
keypointCoordOffset:4,
numKeypoints:6,numValu
esPerKeypoint:2,sigmoi
dScore:!0,scoreClippin
gThresh:100,reverseOut
putOrder:!0,xScale:128
,yScale:128,hScale:128
,wScale:128,minScoreTh
resh:.5},st={applyExpo
nentialOnBoxSize:!1,fl
ipVertically:!1,ignore
Classes:[],numClasses:
1,numBoxes:2304,numCoo
rds:16,boxCoordOffset:
0,keypointCoordOffset:
4,numKeypoints:6,numVa
luesPerKeypoint:2,sigm
oidScore:!0,scoreClipp
ingThresh:100,reverseO
utputOrder:!0,xScale:1
92,yScale:192,hScale:1
92,wScale:192,minScore
Thresh:.6},ct={outputT
ensorSize:{width:128,h
eight:128},keepAspectR
atio:!0,outputTensorFl
oatRange:[-1,1],border
Mode:"zero"},ht={outpu
tTensorSize:{width:192
,height:192},keepAspec
tRatio:!0,outputTensor
FloatRange:[-1,1],bord
erMode:"zero"},lt=func
tion(){function t(t,e,
n){this.detectorModel=
e,this.maxFaces=n,"ful
l"===t?(this.imageToTe
nsorConfig=ht,this.ten
sorsToDetectionConfig=
st,this.anchors=q(ot))
:(this.imageToTensorCo
nfig=ct,this.tensorsTo
DetectionConfig=ut,thi
s.anchors=q(it));var r
=i(this.anchors.map((f
unction(t){return t.wi
dth}))),o=i(this.ancho
rs.map((function(t){re
turn t.height}))),a=i(
this.anchors.map((func
tion(t){return t.xCent
er}))),u=i(this.anchor
s.map((function(t){ret
urn t.yCenter})));this
.anchorTensor={x:a,y:u
,w:r,h:o}}return t.pro
totype.dispose=functio
n(){this.detectorModel
.dispose(),o([this.anc
horTensor.x,this.ancho
rTensor.y,this.anchorT
ensor.w,this.anchorTen
sor.h])},t.prototype.r
eset=function(){},t.pr
ototype.detectFaces=fu
nction(t,e){return voi
d 0===e&&(e=!1),U(this
,void 0,void 0,(functi
on(){var n,r,i,a,d,p,g
,v,m,y,w;return N(this
,(function(b){switch(b
.label){case 0:return 
null==t?(this.reset(),
[2,[]]):(n=s((function
(){var n=c(X(t),"float
32");return e&&(n=h(u.
flipLeftRight(l(n,0)),
[0])),n})),r=J(n,this.
imageToTensorConfig),i
=r.imageTensor,a=r.tra
nsformationMatrix,d=th
is.detectorModel.execu
te(i,"Identity:0"),p=f
unction(t){return s((f
unction(){var e=functi
on(t){return s((functi
on(){return[f(t,[0,0,0
],[1,-1,1]),f(t,[0,0,1
],[1,-1,-1])]}))}(t),n
=e[0],r=e[1];return{bo
xes:h(r),logits:h(n)}}
))}(d),g=p.boxes,[4,tt
([v=p.logits,g],this.a
nchorTensor,this.tenso
rsToDetectionConfig)])
;case 1:return 0===(m=
b.sent()).length?(o([n
,i,d,v,g]),[2,m]):[4,Q
(m,this.maxFaces,.3)];
case 2:return y=b.sent
(),w=function(t,e){voi
d 0===t&&(t=[]);var n,
r=(n=e,[].concat.apply
([],n));return t.forEa
ch((function(t){var e=
t.locationData;e.relat
iveKeypoints.forEach((
function(t){var e=Z(r,
[t.x,t.y]),n=e[0],i=e[
1];t.x=n,t.y=i}));var 
n=e.relativeBoundingBo
x,i=Number.MAX_VALUE,o
=Number.MAX_VALUE,a=Nu
mber.MIN_VALUE,u=Numbe
r.MIN_VALUE;[[n.xMin,n
.yMin],[n.xMin+n.width
,n.yMin],[n.xMin+n.wid
th,n.yMin+n.height],[n
.xMin,n.yMin+n.height]
].forEach((function(t)
{var e=Z(r,t),n=e[0],s
=e[1];i=Math.min(i,n),
a=Math.max(a,n),o=Math
.min(o,s),u=Math.max(u
,s)})),e.relativeBound
ingBox={xMin:i,xMax:a,
yMin:o,yMax:u,width:a-
i,height:u-o}})),t}(y,
a),o([n,i,d,v,g]),[2,w
]}}))}))},t.prototype.
estimateFaces=function
(t,e){return U(this,vo
id 0,void 0,(function(
){var n,r;return N(thi
s,(function(i){return 
n=G(t),r=!!e&&e.flipHo
rizontal,[2,this.detec
tFaces(t,r).then((func
tion(t){return t.map((
function(t){for(var e=
t.locationData.relativ
eKeypoints.map((functi
on(t,e){return z(z({},
t),{x:t.x*n.width,y:t.
y*n.height,name:V[e]})
})),r=t.locationData.r
elativeBoundingBox,i=0
,o=["width","xMax","xM
in"];i<o.length;i++)r[
o[i]]*=n.width;for(var
 a=0,u=["height","yMax
","yMin"];a<u.length;a
++)r[u[a]]*=n.height;r
eturn{keypoints:e,box:
r}}))}))]}))}))},t}();
function ft(t){return 
U(this,void 0,void 0,(
function(){var e,n,r;r
eturn N(this,(function
(i){switch(i.label){ca
se 0:return e=function
(t){if(null==t)return 
z({},at);var e=z({},t)
;return null==e.modelT
ype&&(e.modelType=at.m
odelType),null==e.maxF
aces&&(e.maxFaces=at.m
axFaces),null==e.detec
torModelUrl&&("full"==
=e.modelType?e.detecto
rModelUrl="https://tfh
ub.dev/mediapipe/tfjs-
model/face_detection/f
ull/1":e.detectorModel
Url="https://tfhub.dev
/mediapipe/tfjs-model/
face_detection/short/1
"),e}(t),n="string"==t
ypeof e.detectorModelU
rl&&e.detectorModelUrl
.indexOf("https://tfhu
b.dev")>-1,[4,T(e.dete
ctorModelUrl,{fromTFHu
b:n})];case 1:return r
=i.sent(),[2,new lt(e.
modelType,r,e.maxFaces
)]}}))}))}function dt(
t,e){return U(this,voi
d 0,void 0,(function()
{var n,r;return N(this
,(function(i){if(t===r
t.MediaPipeFaceDetecto
r){if(r=void 0,null!=(
n=e)){if("tfjs"===n.ru
ntime)return[2,ft(n)];
if("mediapipe"===n.run
time)return[2,W(n)];r=
n.runtime}throw new Er
ror("Expect modelConfi
g.runtime to be either
 'tfjs' "+"or 'mediapi
pe', but got ".concat(
r))}throw new Error(""
.concat(t," is not a s
upported model name.")
)}))}))}function pt(t)
{return t.width*t.heig
ht}function gt(t){var 
e=t.xCenter-t.width/2,
n=e+t.width,r=t.yCente
r-t.height/2;return{xM
in:e,xMax:n,yMin:r,yMa
x:r+t.height,width:t.w
idth,height:t.height}}
function vt(t,e){var n
=gt(t),r=gt(e);if(!fun
ction(t,e){return!(t.x
Max<e.xMin||e.xMax<t.x
Min||t.yMax<e.yMin||e.
yMax<t.yMin)}(n,r))ret
urn 0;var i=pt(functio
n(t,e){var n=Math.max(
t.xMin,e.xMin),r=Math.
min(t.xMax,e.xMax),i=M
ath.max(t.yMin,e.yMin)
,o=Math.min(t.yMax,e.y
Max);return{xMin:n,xMa
x:r,yMin:i,yMax:o,widt
h:Math.max(r-n,0),heig
ht:Math.max(o-i,0)}}(n
,r)),o=pt(n)+pt(r)-i;r
eturn o>0?i/o:0}functi
on mt(t,e,n,r){var i=t
.width,o=t.height,a=r?
-1:1,u=Math.cos(t.rota
tion),s=Math.sin(t.rot
ation),c=t.xCenter,h=t
.yCenter,l=1/e,f=1/n,d
=new Array(16);return 
d[0]=i*u*a*l,d[1]=-o*s
*l,d[2]=0,d[3]=(-.5*i*
u*a+.5*o*s+c)*l,d[4]=i
*s*a*f,d[5]=o*u*f,d[6]
=0,d[7]=(-.5*o*u-.5*i*
s*a+h)*f,d[8]=0,d[9]=0
,d[10]=i*l,d[11]=0,d[1
2]=0,d[13]=0,d[14]=0,d
[15]=1,function(t){if(
16!==t.length)throw ne
w Error("Array length 
must be 16 but got "+t
.length);return[[t[0],
t[1],t[2],t[3]],[t[4],
t[5],t[6],t[7]],[t[8],
t[9],t[10],t[11]],[t[1
2],t[13],t[14],t[15]]]
}(d)}function yt(t){re
turn t instanceof e.Te
nsor?{height:t.shape[0
],width:t.shape[1]}:{h
eight:t.height,width:t
.width}}function wt(t)
{return t-2*Math.PI*Ma
th.floor((t+Math.PI)/(
2*Math.PI))}function b
t(t){return t instance
of e.Tensor?t:e.browse
r.fromPixels(t)}functi
on xt(t,n){e.util.asse
rt(0!==t.width,(functi
on(){return n+" width 
cannot be 0."})),e.uti
l.assert(0!==t.height,
(function(){return n+"
 height cannot be 0."}
))}function Mt(t,n){va
r r=function(t,e,n,r){
var i=e-t,o=r-n;if(0==
=i)throw new Error("Or
iginal min and max are
 both "+t+", range can
not be 0.");var a=o/i;
return{scale:a,offset:
n-t*a}}(0,255,n[0],n[1
]);return e.tidy((func
tion(){return e.add(e.
mul(t,r.scale),r.offse
t)}))}function At(t,n,
r){var i=n.outputTenso
rSize,o=n.keepAspectRa
tio,a=n.borderMode,u=n
.outputTensorFloatRang
e,s=yt(t),c=function(t
,e){return e?{xCenter:
e.xCenter*t.width,yCen
ter:e.yCenter*t.height
,width:e.width*t.width
,height:e.height*t.hei
ght,rotation:e.rotatio
n}:{xCenter:.5*t.width
,yCenter:.5*t.height,w
idth:t.width,height:t.
height,rotation:0}}(s,
r),h=function(t,e,n){i
f(void 0===n&&(n=!1),!
n)return{top:0,left:0,
right:0,bottom:0};var 
r=e.height,i=e.width;x
t(e,"targetSize"),xt(t
,"roi");var o,a,u=r/i,
s=t.height/t.width,c=0
,h=0;return u>s?(o=t.w
idth,a=t.width*u,h=(1-
s/u)/2):(o=t.height/u,
a=t.height,c=(1-u/s)/2
),t.width=o,t.height=a
,{top:h,left:c,right:c
,bottom:h}}(c,i,o),l=m
t(c,s.width,s.height,!
1),f=e.tidy((function(
){var n=bt(t),r=e.tens
or2d(function(t,e,n){r
eturn xt(n,"inputResol
ution"),[1/n.width*t[0
][0]*e.width,1/n.heigh
t*t[0][1]*e.width,t[0]
[3]*e.width,1/n.width*
t[1][0]*e.height,1/n.h
eight*t[1][1]*e.height
,t[1][3]*e.height,0,0]
}(l,s,i),[1,8]),o="zer
o"===a?"constant":"nea
rest",c=e.image.transf
orm(e.expandDims(e.cas
t(n,"float32")),r,"bil
inear",o,0,[i.height,i
.width]);return null!=
u?Mt(c,u):c}));return{
imageTensor:f,padding:
h,transformationMatrix
:l}}function Tt(t){ret
urn{xCenter:t.xMin+t.w
idth/2,yCenter:t.yMin+
t.height/2,width:t.wid
th,height:t.height}}fu
nction Et(t){var e=t.r
elativeKeypoints;if(e.
length<=1)throw new Er
ror("2 or more keypoin
ts required to calcula
te a rect.");var n=Num
ber.MAX_VALUE,r=Number
.MAX_VALUE,i=Number.MI
N_VALUE,o=Number.MIN_V
ALUE;return e.forEach(
(function(t){n=Math.mi
n(n,t.x),i=Math.max(i,
t.x),r=Math.min(r,t.y)
,o=Math.max(o,t.y)})),
{xCenter:(n+i)/2,yCent
er:(r+o)/2,width:i-n,h
eight:o-r}}function St
(t,e,n,r,i){var o="rec
t"===n?function(t,e,n)
{var r,i=t.locationDat
a;if("boundingbox"===e
)r=Tt(i.boundingBox);e
lse{r=Et(i);var o=n.wi
dth,a=n.height;r.xCent
er=Math.round(r.xCente
r*o),r.yCenter=Math.ro
und(r.yCenter*a),r.wid
th=Math.round(r.width*
o),r.height=Math.round
(r.height*a)}return r}
(t,e,r):function(t,e){
var n=t.locationData;r
eturn"boundingbox"===e
?Tt(n.relativeBounding
Box):Et(n)}(t,e);retur
n i&&(o.rotation=funct
ion(t,e,n){var r,i=t.l
ocationData,o=n.rotati
onVectorStartKeypointI
ndex,a=n.rotationVecto
rEndKeypointIndex;r=n.
rotationVectorTargetAn
gle?n.rotationVectorTa
rgetAngle:Math.PI*n.ro
tationVectorTargetAngl
eDegree/180;var u=i.re
lativeKeypoints[o].x*e
.width,s=i.relativeKey
points[o].y*e.height,c
=i.relativeKeypoints[a
].x*e.width,h=i.relati
veKeypoints[a].y*e.hei
ght;return wt(r-Math.a
tan2(-(h-s),c-u))}(t,r
,i)),o}function Ft(t,e
,n){for(var r=0;r<e.le
ngth;++r){var i=e[r],o
=n[t[r]];o.x=i.x,o.y=i
.y}}function Ct(t,e,n,
r){if("string"==typeof
 e){if("copy"===e)for(
var i=0;i<n.length;++i
)r[t[i]].z=n[i].z}else
{var o=function(t,e){f
or(var n=0,r=0;r<e.len
gth;++r)n+=t[e[r]].z;r
eturn n/e.length}(r,e)
;for(i=0;i<t.length;++
i)r[t[i]].z=o}}functio
n Ot(t,e){for(var n=fu
nction(t){var e=[].con
cat.apply([],t.map((fu
nction(t){return t.ind
exesMapping})));if(0==
=e.length)throw new Er
ror("There should be a
t least one landmark i
n indexes mapping");va
r n=e[0],r=e[0],i=new 
Set(e);i.forEach((func
tion(t){n=Math.min(n,t
),r=Math.max(r,t)}));v
ar o=i.size;if(0!==n)t
hrow new Error("Indexe
s are expected to star
t with 0 instead of "+
n);if(r+1!==o)throw ne
w Error("Indexes shoul
d have no gaps but "+(
r-o+1)+" indexes are m
issing");return o}(e),
r=new Array(n).fill(nu
ll).map(Object),i=0;i<
t.length;++i){var o=t[
i],a=e[i];if(o.length!
==a.indexesMapping.len
gth)throw new Error("T
here are "+o.length+" 
refinement landmarks w
hile mapping has "+a.i
ndexesMapping.length);
Ft(a.indexesMapping,o,
r),Ct(a.indexesMapping
,a.zRefinement,o,r)}re
turn r}function _t(t,e
){return t.map((functi
on(t){var n=E(E({},t),
{x:t.x*e.width,y:t.y*e
.height});return null!
=t.z&&(n.z=t.z*e.width
),n}))}function jt(t,e
){return"none"===t?e:f
unction(t){return 1/(1
+Math.exp(-t))}(e)}fun
ction kt(t,e,n,r){retu
rn S(this,void 0,void 
0,(function(){var i,o,
a,u,s,c,h,l;return F(t
his,(function(f){switc
h(f.label){case 0:retu
rn n=n||e.flipHorizont
ally||!1,r=r||e.flipVe
rtically||!1,i=t.size,
o=i/e.numLandmarks,[4,
t.data()];case 1:for(a
=f.sent(),u=[],s=0;s<e
.numLandmarks;++s)c=s*
o,(l={x:0,y:0}).x=n?e.
inputImageWidth-a[c]:a
[c],o>1&&(l.y=r?e.inpu
tImageHeight-a[c+1]:a[
c+1]),o>2&&(l.z=a[c+2]
),o>3&&(l.score=jt(e.v
isibilityActivation,a[
c+3])),u.push(l);for(h
=0;h<u.length;++h)(l=u
[h]).x=l.x/e.inputImag
eWidth,l.y=l.y/e.input
ImageHeight,l.z=l.z/e.
inputImageWidth/(e.nor
malizeZ||1);return[2,u
]}}))}))}function Rt(t
,e,n){var r=t.width,i=
t.height,o=t.rotation;
if(null==n.rotation&&n
ull==n.rotationDegree|
|(o=function(t,e){null
!=e.rotation?t+=e.rota
tion:null!=e.rotationD
egree&&(t+=Math.PI*e.r
otationDegree/180);ret
urn wt(t)}(o,n)),0===o
)t.xCenter=t.xCenter+r
*n.shiftX,t.yCenter=t.
yCenter+i*n.shiftY;els
e{var a=(e.width*r*n.s
hiftX*Math.cos(o)-e.he
ight*i*n.shiftY*Math.s
in(o))/e.width,u=(e.wi
dth*r*n.shiftX*Math.si
n(o)+e.height*i*n.shif
tY*Math.cos(o))/e.heig
ht;t.xCenter=t.xCenter
+a,t.yCenter=t.yCenter
+u}if(n.squareLong){va
r s=Math.max(r*e.width
,i*e.height);r=s/e.wid
th,i=s/e.height}else i
f(n.squareShort){var c
=Math.min(r*e.width,i*
e.height);r=c/e.width,
i=c/e.height}return t.
width=r*n.scaleX,t.hei
ght=i*n.scaleY,t}(rt||
(rt={})).MediaPipeFace
Detector="MediaPipeFac
eDetector";var It={run
time:"tfjs",maxFaces:1
,refineLandmarks:!1,la
ndmarkModelUrl:"https:
//tfhub.dev/mediapipe/
tfjs-model/face_landma
rks_detection/face_mes
h/1"},Lt={flipHorizont
al:!1,staticImageMode:
!1},Bt={shiftX:0,shift
Y:0,scaleX:1.5,scaleY:
1.5,squareLong:!0},Dt=
{outputTensorSize:{wid
th:192,height:192},out
putTensorFloatRange:[0
,1],borderMode:"replic
ate"},Pt={numLandmarks
:468,inputImageWidth:1
92,inputImageHeight:19
2,visibilityActivation
:"none",flipHorizontal
ly:!1,flipVertically:!
1},zt={numLandmarks:80
,inputImageWidth:192,i
nputImageHeight:192,vi
sibilityActivation:"no
ne",flipHorizontally:!
1,flipVertically:!1},U
t={numLandmarks:71,inp
utImageWidth:192,input
ImageHeight:192,visibi
lityActivation:"none",
flipHorizontally:!1,fl
ipVertically:!1},Nt={n
umLandmarks:5,inputIma
geWidth:192,inputImage
Height:192,visibilityA
ctivation:"none",flipH
orizontally:!1,flipVer
tically:!1},Vt={indexe
sMapping:Array.from(Ar
ray(468).keys()),zRefi
nement:"copy"},Ht={ind
exesMapping:[61,146,91
,181,84,17,314,405,321
,375,291,185,40,39,37,
0,267,269,270,409,78,9
5,88,178,87,14,317,402
,318,324,308,191,80,81
,82,13,312,311,310,415
,76,77,90,180,85,16,31
5,404,320,307,306,184,
74,73,72,11,302,303,30
4,408,62,96,89,179,86,
15,316,403,319,325,292
,183,42,41,38,12,268,2
71,272,407],zRefinemen
t:"none"},Kt={indexesM
apping:[33,7,163,144,1
45,153,154,155,133,246
,161,160,159,158,157,1
73,130,25,110,24,23,22
,26,112,243,247,30,29,
27,28,56,190,226,31,22
8,229,230,231,232,233,
244,113,225,224,223,22
2,221,189,35,124,46,53
,52,65,143,111,117,118
,119,120,121,128,245,1
56,70,63,105,66,107,55
,193],zRefinement:"non
e"},Wt={indexesMapping
:[263,249,390,373,374,
380,381,382,362,466,38
8,387,386,385,384,398,
359,255,339,254,253,25
2,256,341,463,467,260,
259,257,258,286,414,44
6,261,448,449,450,451,
452,453,464,342,445,44
4,443,442,441,413,265,
353,276,283,282,295,37
2,340,346,347,348,349,
350,357,465,383,300,29
3,334,296,336,285,417]
,zRefinement:"none"},G
t={indexesMapping:[468
,469,470,471,472],zRef
inement:[33,7,163,144,
145,153,154,155,133,24
6,161,160,159,158,157,
173]},Xt={indexesMappi
ng:[473,474,475,476,47
7],zRefinement:[263,24
9,390,373,374,380,381,
382,362,466,388,387,38
6,385,384,398]};var Yt
,Jt=function(){functio
n t(t,e,n,r){this.dete
ctor=t,this.landmarkMo
del=e,this.maxFaces=n,
this.withAttention=r,t
his.prevFaceRectsFromL
andmarks=null}return t
.prototype.estimateFac
es=function(t,n){retur
n S(this,void 0,void 0
,(function(){var r,i,o
,a,u,s,c,h,l,f,d,p,g,v
=this;return F(this,(f
unction(m){switch(m.la
bel){case 0:return r=f
unction(t){if(null==t)
return E({},Lt);var e=
E({},t);return null==e
.flipHorizontal&&(e.fl
ipHorizontal=Lt.flipHo
rizontal),null==e.stat
icImageMode&&(e.static
ImageMode=Lt.staticIma
geMode),e}(n),null==t?
(this.reset(),[2,[]]):
(i=yt(t),o=e.tidy((fun
ction(){var n=e.cast(b
t(t),"float32");if(r.f
lipHorizontal){n=e.squ
eeze(e.image.flipLeftR
ight(e.expandDims(n,0)
),[0])}return n})),a=t
his.prevFaceRectsFromL
andmarks,r.staticImage
Mode||null==a||a.lengt
h<this.maxFaces?[4,thi
s.detector.detectFaces
(o,!1)]:[3,2]);case 1:
return 0===(s=m.sent()
).length?(this.reset()
,o.dispose(),[2,[]]):(
u=s.map((function(t){r
eturn v.faceDetectionF
rontDetectionToRoi(t,i
)})),[3,3]);case 2:u=[
],m.label=3;case 3:ret
urn y=.5,w=[],[u,a||[]
].forEach((function(t)
{return t.forEach((fun
ction(t){(w=w.filter((
function(e){return vt(
t,e)<=y}))).push(t)}))
})),c=w,[4,Promise.all
(c.map((function(t){re
turn v.faceLandmark(t,
o)})))];case 4:for(h=m
.sent(),l=[],this.prev
FaceRectsFromLandmarks
=[],f=0;f<h.length;++f
)null!=(d=h[f])&&(this
.prevFaceRectsFromLand
marks.push(this.faceLa
ndmarksToRoi(d,i)),nul
l!=(p=_t(d,i))&&p.forE
ach((function(t,e){var
 n=k.get(e);null!=n&&(
t.name=n)})),g=R(p),l.
push({keypoints:p,box:
g.locationData.relativ
eBoundingBox}));return
 o.dispose(),[2,l]}var
 y,w}))}))},t.prototyp
e.dispose=function(){t
his.detector.dispose()
,this.landmarkModel.di
spose()},t.prototype.r
eset=function(){this.d
etector.reset(),this.p
revFaceRectsFromLandma
rks=null},t.prototype.
faceDetectionFrontDete
ctionToRoi=function(t,
e){return Rt(St(t,"bou
ndingbox","normRect",e
,{rotationVectorStartK
eypointIndex:0,rotatio
nVectorEndKeypointInde
x:1,rotationVectorTarg
etAngleDegree:0}),e,Bt
)},t.prototype.faceLan
dmark=function(t,n){re
turn S(this,void 0,voi
d 0,(function(){var r,
i,o,a,u,s,c;return F(t
his,(function(h){switc
h(h.label){case 0:retu
rn r=At(n,Dt,t).imageT
ensor,i=["output_facef
lag"].concat(this.with
Attention?["output_mes
h_identity","output_li
ps","Identity_6:0","Id
entity_1:0","Identity_
2:0","Identity_5:0"]:[
"output_mesh"]),o=this
.landmarkModel.execute
(r,i),a=o[0],u=o.slice
(1),[4,a.data()];case 
1:return h.sent()[0]<.
5?(e.dispose(o),e.disp
ose(r),[2,null]):this.
withAttention?[4,this.
tensorsToFaceLandmarks
WithAttention(u)]:[3,3
];case 2:return s=h.se
nt(),[3,5];case 3:retu
rn[4,this.tensorsToFac
eLandmarks(u)];case 4:
s=h.sent(),h.label=5;c
ase 5:return c=functio
n(t,e,n){void 0===n&&(
n={ignoreRotation:!1})
;for(var r=[],i=0,o=t;
i<o.length;i++){var a=
o[i],u=a.x-.5,s=a.y-.5
,c=n.ignoreRotation?0:
e.rotation,h=Math.cos(
c)*u-Math.sin(c)*s,l=M
ath.sin(c)*u+Math.cos(
c)*s;h=h*e.width+e.xCe
nter,l=l*e.height+e.yC
enter;var f=a.z*e.widt
h,d=E({},a);d.x=h,d.y=
l,d.z=f,r.push(d)}retu
rn r}(s,t),e.dispose(o
),e.dispose(r),[2,c]}}
))}))},t.prototype.ten
sorsToFaceLandmarks=fu
nction(t){return S(thi
s,void 0,void 0,(funct
ion(){return F(this,(f
unction(e){return[2,kt
(t[0],Pt)]}))}))},t.pr
ototype.tensorsToFaceL
andmarksWithAttention=
function(t){return S(t
his,void 0,void 0,(fun
ction(){var e,n,r,i,o,
a;return F(this,(funct
ion(u){switch(u.label)
{case 0:return[4,kt(t[
0],Pt)];case 1:return 
e=u.sent(),[4,kt(t[1],
zt)];case 2:return n=u
.sent(),[4,kt(t[3],Ut)
];case 3:return r=u.se
nt(),[4,kt(t[5],Ut)];c
ase 4:return i=u.sent(
),[4,kt(t[4],Nt)];case
 5:return o=u.sent(),[
4,kt(t[2],Nt)];case 6:
return a=u.sent(),[2,O
t([e,n,r,i,o,a],[Vt,Ht
,Kt,Wt,Gt,Xt])]}}))}))
},t.prototype.faceLand
marksToRoi=function(t,
e){return Rt(St(R(t),"
boundingbox","normRect
",e,{rotationVectorSta
rtKeypointIndex:33,rot
ationVectorEndKeypoint
Index:263,rotationVect
orTargetAngleDegree:0}
),e,Bt)},t}();function
 qt(t){return S(this,v
oid 0,void 0,(function
(){var e,n,r,i;return 
F(this,(function(o){sw
itch(o.label){case 0:r
eturn e=function(t){if
(null==t)return E({},I
t);var e=E({},t);retur
n e.runtime="tfjs",nul
l==e.maxFaces&&(e.maxF
aces=It.maxFaces),null
==e.refineLandmarks&&(
e.refineLandmarks=It.r
efineLandmarks),null==
e.landmarkModelUrl&&(e
.landmarkModelUrl=e.re
fineLandmarks?"https:/
/tfhub.dev/mediapipe/t
fjs-model/face_landmar
ks_detection/attention
_mesh/1":"https://tfhu
b.dev/mediapipe/tfjs-m
odel/face_landmarks_de
tection/face_mesh/1"),
e}(t),n="string"==type
of e.landmarkModelUrl&
&e.landmarkModelUrl.in
dexOf("https://tfhub.d
ev")>-1,[4,A.loadGraph
Model(e.landmarkModelU
rl,{fromTFHub:n})];cas
e 1:return r=o.sent(),
[4,dt(rt.MediaPipeFace
Detector,{modelType:"s
hort",maxFaces:e.maxFa
ces,detectorModelUrl:e
.detectorModelUrl,runt
ime:e.runtime})];case 
2:return i=o.sent(),[2
,new Jt(i,r,e.maxFaces
,e.refineLandmarks)]}}
))}))}function $t(t,e)
{return S(this,void 0,
void 0,(function(){var
 n,r;return F(this,(fu
nction(i){if(t===Yt.Me
diaPipeFaceMesh){if(r=
void 0,null!=(n=e)){if
("tfjs"===n.runtime)re
turn[2,qt(n)];if("medi
apipe"===n.runtime)ret
urn[2,B(n)];r=n.runtim
e}throw new Error("Exp
ect modelConfig.runtim
e to be either 'tfjs' 
or 'mediapipe', but go
t "+r)}throw new Error
(t+" is not a supporte
d model name.")}))}))}
!function(t){t.MediaPi
peFaceMesh="MediaPipeF
aceMesh"}(Yt||(Yt={}))
;var Zt=Object.freeze(
{__proto__:null,getKey
pointIndexByContour:fu
nction(t){if(t===Yt.Me
diaPipeFaceMesh)return
 O;throw new Error("Mo
del "+t+" is not suppo
rted.")},getAdjacentPa
irs:function(t){if(t==
=Yt.MediaPipeFaceMesh)
return _;throw new Err
or("Model "+t+" is not
 supported.")}});expor
t{Yt as SupportedModel
s,$t as createDetector
,Zt as util};[39m
 [90m    |[39m [31m
[1m^[22m[39m[31m[
1m^[22m[39m[31m[1m
^[22m[39m[31m[1m^
[22m[39m[31m[1m^[2
2m[39m[31m[1m^[22m
[39m[31m[1m^[22m[
39m[31m[1m^[22m[39
m[31m[1m^[22m[39m
[31m[1m^[22m[39m[3
1m[1m^[22m[39m[31m
[1m^[22m[39m[31m[
1m^[22m[39m[31m[1m
^[22m[39m[31m[1m^
[22m[39m[31m[1m^[2
2m[39m[31m[1m^[22m
[39m[31m[1m^[22m[
39m[31m[1m^[22m[39
m[31m[1m^[22m[39m
[31m[1m^[22m[39m[3
1m[1m^[22m[39m[31m
[1m^[22m[39m[31m[
1m^[22m[39m[31m[1m
^[22m[39m[31m[1m^
[22m[39m[31m[1m^[2
2m[39m[31m[1m^[22m
[39m[31m[1m^[22m[
39m[31m[1m^[22m[39
m[31m[1m^[22m[39m
[31m[1m^[22m[39m[3
1m[1m^[22m[39m[31m
[1m^[22m[39m[31m[
1m^[22m[39m[31m[1m
^[22m[39m[31m[1m^
[22m[39m[31m[1m^[2
2m[39m[31m[1m^[22m
[39m
 [90m 18 |[39m[0m

The export FaceMesh wa
s not found in module 
[project]/node_modules
/@mediapipe/face_mesh/
face_mesh.js [app-ssr]
 (ecmascript).
The module has no expo
rts at all.
All exports of the mod
ule are statically kno
wn (It doesn't have dy
namic exports). So it'
s known statically tha
t the requested export
 doesn't exist.

Import traces:
  Client Component Bro
wser:
    ./node_modules/@te
nsorflow-models/face-l
andmarks-detection/dis
t/face-landmarks-detec
tion.esm.js [Client Co
mponent Browser]
    ./src/lib/face-det
ection.ts [Client Comp
onent Browser]
    ./src/hooks/useFoc
usLogic.ts [Client Com
ponent Browser]
    ./src/components/f
eedback/FocusHUD.tsx [
Client Component Brows
er]
    ./src/app/page.tsx
 [Client Component Bro
wser]
    ./src/app/page.tsx
 [Server Component]

  Client Component SSR
:
    ./node_modules/@te
nsorflow-models/face-l
andmarks-detection/dis
t/face-landmarks-detec
tion.esm.js [Client Co
mponent SSR]
    ./src/lib/face-det
ection.ts [Client Comp
onent SSR]
    ./src/hooks/useFoc
usLogic.ts [Client Com
ponent SSR]
    ./src/components/f
eedback/FocusHUD.tsx [
Client Component SSR]
    ./src/app/page.tsx
 [Client Component SSR
]
    ./src/app/page.tsx
 [Server Component]


    at ./node_modules/
 (tensorflow-models/fa
ce-landmarks-detection
/dist/face-landmarks-d
etection.esm.js:17:1)
    at ./node_modules/
 (tensorflow-models/fa
ce-landmarks-detection
/dist/face-landmarks-d
etection.esm.js:17:1)
